[DEBUG parseFuncDecl] nameToken=err_from_syscall, peek()==, type=168
PARSING CAST: token=CAST_UNCHECKED isUnchecked=1
PARSING CAST: token=CAST_UNCHECKED isUnchecked=1
[DEBUG parseFuncDecl] nameToken=errno_is_retriable, peek()==, type=168
[DEBUG parseFuncDecl] nameToken=errno_is_fatal, peek()==, type=168
[DEBUG parseFuncDecl] nameToken=err_str, peek()==, type=168
PARSING CAST: token=CAST_UNCHECKED isUnchecked=1
PARSING CAST: token=CAST_UNCHECKED isUnchecked=1
PARSING CAST: token=CAST_UNCHECKED isUnchecked=1
PARSING CAST: token=CAST_UNCHECKED isUnchecked=1
PARSING CAST: token=CAST_UNCHECKED isUnchecked=1
PARSING CAST: token=CAST_UNCHECKED isUnchecked=1
PARSING CAST: token=CAST_UNCHECKED isUnchecked=1
PARSING CAST: token=CAST_UNCHECKED isUnchecked=1
PARSING CAST: token=CAST_UNCHECKED isUnchecked=1
PARSING CAST: token=CAST_UNCHECKED isUnchecked=1
PARSING CAST: token=CAST_UNCHECKED isUnchecked=1
PARSING CAST: token=CAST_UNCHECKED isUnchecked=1
PARSING CAST: token=CAST_UNCHECKED isUnchecked=1
PARSING CAST: token=CAST_UNCHECKED isUnchecked=1
PARSING CAST: token=CAST_UNCHECKED isUnchecked=1
PARSING CAST: token=CAST_UNCHECKED isUnchecked=1
PARSING CAST: token=CAST_UNCHECKED isUnchecked=1
PARSING CAST: token=CAST_UNCHECKED isUnchecked=1
PARSING CAST: token=CAST_UNCHECKED isUnchecked=1
PARSING CAST: token=CAST_UNCHECKED isUnchecked=1
PARSING CAST: token=CAST_UNCHECKED isUnchecked=1
PARSING CAST: token=CAST_UNCHECKED isUnchecked=1
PARSING CAST: token=CAST_UNCHECKED isUnchecked=1
PARSING CAST: token=CAST_UNCHECKED isUnchecked=1
PARSING CAST: token=CAST_UNCHECKED isUnchecked=1
PARSING CAST: token=CAST_UNCHECKED isUnchecked=1
PARSING CAST: token=CAST_UNCHECKED isUnchecked=1
PARSING CAST: token=CAST_UNCHECKED isUnchecked=1
PARSING CAST: token=CAST_UNCHECKED isUnchecked=1
PARSING CAST: token=CAST_UNCHECKED isUnchecked=1
PARSING CAST: token=CAST_UNCHECKED isUnchecked=1
PARSING CAST: token=CAST_UNCHECKED isUnchecked=1
PARSING CAST: token=CAST_UNCHECKED isUnchecked=1
PARSING CAST: token=CAST_UNCHECKED isUnchecked=1
PARSING CAST: token=CAST_UNCHECKED isUnchecked=1
PARSING CAST: token=CAST_UNCHECKED isUnchecked=1
PARSING CAST: token=CAST_UNCHECKED isUnchecked=1
PARSING CAST: token=CAST_UNCHECKED isUnchecked=1
PARSING CAST: token=CAST_UNCHECKED isUnchecked=1
PARSING CAST: token=CAST_UNCHECKED isUnchecked=1
PARSING CAST: token=CAST_UNCHECKED isUnchecked=1
PARSING CAST: token=CAST_UNCHECKED isUnchecked=1
PARSING CAST: token=CAST_UNCHECKED isUnchecked=1
PARSING CAST: token=CAST_UNCHECKED isUnchecked=1
PARSING CAST: token=CAST_UNCHECKED isUnchecked=1
PARSING CAST: token=CAST_UNCHECKED isUnchecked=1
PARSING CAST: token=CAST_UNCHECKED isUnchecked=1
PARSING CAST: token=CAST_UNCHECKED isUnchecked=1
PARSING CAST: token=CAST_UNCHECKED isUnchecked=1
PARSING CAST: token=CAST_UNCHECKED isUnchecked=1
PARSING CAST: token=CAST_UNCHECKED isUnchecked=1
PARSING CAST: token=CAST_UNCHECKED isUnchecked=1
PARSING CAST: token=CAST_UNCHECKED isUnchecked=1
PARSING CAST: token=CAST_UNCHECKED isUnchecked=1
PARSING CAST: token=CAST_UNCHECKED isUnchecked=1
PARSING CAST: token=CAST_UNCHECKED isUnchecked=1
PARSING CAST: token=CAST_UNCHECKED isUnchecked=1
PARSING CAST: token=CAST_UNCHECKED isUnchecked=1
PARSING CAST: token=CAST_UNCHECKED isUnchecked=1
PARSING CAST: token=CAST_UNCHECKED isUnchecked=1
PARSING CAST: token=CAST_UNCHECKED isUnchecked=1
PARSING CAST: token=CAST_UNCHECKED isUnchecked=1
PARSING CAST: token=CAST_UNCHECKED isUnchecked=1
PARSING CAST: token=CAST_UNCHECKED isUnchecked=1
PARSING CAST: token=CAST_UNCHECKED isUnchecked=1
PARSING CAST: token=CAST_UNCHECKED isUnchecked=1
PARSING CAST: token=CAST_UNCHECKED isUnchecked=1
PARSING CAST: token=CAST_UNCHECKED isUnchecked=1
PARSING CAST: token=CAST_UNCHECKED isUnchecked=1
PARSING CAST: token=CAST_UNCHECKED isUnchecked=1
PARSING CAST: token=CAST_UNCHECKED isUnchecked=1
PARSING CAST: token=CAST_UNCHECKED isUnchecked=1
PARSING CAST: token=CAST_UNCHECKED isUnchecked=1
PARSING CAST: token=CAST_UNCHECKED isUnchecked=1
PARSING CAST: token=CAST_UNCHECKED isUnchecked=1
PARSING CAST: token=CAST_UNCHECKED isUnchecked=1
PARSING CAST: token=CAST_UNCHECKED isUnchecked=1
PARSING CAST: token=CAST_UNCHECKED isUnchecked=1
PARSING CAST: token=CAST_UNCHECKED isUnchecked=1
PARSING CAST: token=CAST_UNCHECKED isUnchecked=1
PARSING CAST: token=CAST_UNCHECKED isUnchecked=1
PARSING CAST: token=CAST_UNCHECKED isUnchecked=1
PARSING CAST: token=CAST_UNCHECKED isUnchecked=1
PARSING CAST: token=CAST_UNCHECKED isUnchecked=1
PARSING CAST: token=CAST_UNCHECKED isUnchecked=1
PARSING CAST: token=CAST_UNCHECKED isUnchecked=1
PARSING CAST: token=CAST_UNCHECKED isUnchecked=1
PARSING CAST: token=CAST_UNCHECKED isUnchecked=1
PARSING CAST: token=CAST_UNCHECKED isUnchecked=1
PARSING CAST: token=CAST_UNCHECKED isUnchecked=1
PARSING CAST: token=CAST_UNCHECKED isUnchecked=1
[DEBUG parseFuncDecl] nameToken=libn_errno_set, peek()==, type=168
[DEBUG parseFuncDecl] nameToken=errno_set, peek()==, type=168
[DEBUG parseFuncDecl] nameToken=libn_errno_get, peek()==, type=168
[DEBUG parseFuncDecl] nameToken=void_result, peek()==, type=168
[DEBUG parseFuncDecl] nameToken=errno_clear, peek()==, type=168
[DEBUG parseFuncDecl] nameToken=sys_safe, peek()==, type=168
[DEBUG parseFuncDecl] nameToken=sys1, peek()==, type=168
[DEBUG parseFuncDecl] nameToken=sys2, peek()==, type=168
[DEBUG parseFuncDecl] nameToken=sys3, peek()==, type=168
[DEBUG parseFuncDecl] nameToken=sys4, peek()==, type=168
[DEBUG parseFuncDecl] nameToken=sys5, peek()==, type=168
[DEBUG parseFuncDecl] nameToken=sys_full, peek()==, type=168
[DEBUG parseFuncDecl] nameToken=sys_full1, peek()==, type=168
[DEBUG parseFuncDecl] nameToken=sys_full2, peek()==, type=168
[DEBUG parseFuncDecl] nameToken=sys_full3, peek()==, type=168
[DEBUG parseFuncDecl] nameToken=sys_full4, peek()==, type=168
[DEBUG parseFuncDecl] nameToken=sys_full5, peek()==, type=168
[DEBUG parseFuncDecl] nameToken=sys_raw, peek()==, type=168
[DEBUG parseFuncDecl] nameToken=libn_getpid, peek()==, type=168
[DEBUG parseFuncDecl] nameToken=libn_getppid, peek()==, type=168
[DEBUG parseFuncDecl] nameToken=libn_gettid, peek()==, type=168
[DEBUG parseFuncDecl] nameToken=libn_getuid, peek()==, type=168
[DEBUG parseFuncDecl] nameToken=libn_getgid, peek()==, type=168
[DEBUG parseFuncDecl] nameToken=libn_geteuid, peek()==, type=168
[DEBUG parseFuncDecl] nameToken=libn_getegid, peek()==, type=168
[DEBUG parseFuncDecl] nameToken=libn_open, peek()==, type=168
[DEBUG parseFuncDecl] nameToken=libn_openat, peek()==, type=168
[DEBUG parseFuncDecl] nameToken=libn_close, peek()==, type=168
[DEBUG parseFuncDecl] nameToken=libn_read, peek()==, type=168
[DEBUG parseFuncDecl] nameToken=libn_write, peek()==, type=168
[DEBUG parseFuncDecl] nameToken=libn_pread, peek()==, type=168
[DEBUG parseFuncDecl] nameToken=libn_pwrite, peek()==, type=168
[DEBUG parseFuncDecl] nameToken=libn_lseek, peek()==, type=168
[DEBUG parseFuncDecl] nameToken=libn_dup, peek()==, type=168
[DEBUG parseFuncDecl] nameToken=libn_dup2, peek()==, type=168
[DEBUG parseFuncDecl] nameToken=libn_dup3, peek()==, type=168
[DEBUG parseFuncDecl] nameToken=libn_fcntl, peek()==, type=168
[DEBUG parseFuncDecl] nameToken=libn_ioctl, peek()==, type=168
[DEBUG parseFuncDecl] nameToken=libn_pipe2, peek()==, type=168
[DEBUG parseFuncDecl] nameToken=libn_mmap, peek()==, type=168
[DEBUG parseFuncDecl] nameToken=libn_munmap, peek()==, type=168
[DEBUG parseFuncDecl] nameToken=libn_mprotect, peek()==, type=168
PARSING CAST: token=CAST_UNCHECKED isUnchecked=1
[DEBUG parseFuncDecl] nameToken=libn_mprotect_exec, peek()==, type=168
[DEBUG parseFuncDecl] nameToken=libn_mremap, peek()==, type=168
[DEBUG parseFuncDecl] nameToken=libn_madvise, peek()==, type=168
[DEBUG parseFuncDecl] nameToken=libn_msync, peek()==, type=168
[DEBUG parseFuncDecl] nameToken=libn_clock_gettime, peek()==, type=168
[DEBUG parseFuncDecl] nameToken=libn_clock_getres, peek()==, type=168
[DEBUG parseFuncDecl] nameToken=libn_nanosleep, peek()==, type=168
[DEBUG parseFuncDecl] nameToken=libn_sched_yield, peek()==, type=168
[DEBUG parseFuncDecl] nameToken=libn_futex_wait, peek()==, type=168
[DEBUG parseFuncDecl] nameToken=libn_futex_wake, peek()==, type=168
[DEBUG parseFuncDecl] nameToken=libn_exit_group, peek()==, type=168
[DEBUG parseFuncDecl] nameToken=libn_exit_thread, peek()==, type=168
[DEBUG parseFuncDecl] nameToken=libn_fork, peek()==, type=168
[DEBUG parseFuncDecl] nameToken=libn_kill, peek()==, type=168
[DEBUG parseFuncDecl] nameToken=libn_tgkill, peek()==, type=168
[DEBUG parseFuncDecl] nameToken=libn_statx, peek()==, type=168
[DEBUG parseFuncDecl] nameToken=libn_getrandom, peek()==, type=168
[DEBUG parseFuncDecl] nameToken=libn_getcwd, peek()==, type=168
[DEBUG parseFuncDecl] nameToken=libn_chdir, peek()==, type=168
[DEBUG parseFuncDecl] nameToken=libn_fchdir, peek()==, type=168
[DEBUG parseFuncDecl] nameToken=libn_getdents64, peek()==, type=168
[DEBUG parseFuncDecl] nameToken=libn_arch_prctl, peek()==, type=168
[DEBUG parseFuncDecl] nameToken=libn_set_tid_address, peek()==, type=168
[DEBUG parseFuncDecl] nameToken=libn_read_retry, peek()==, type=168
PARSING CAST: token=CAST_UNCHECKED isUnchecked=1
[DEBUG parseFuncDecl] nameToken=libn_write_all, peek()==, type=168
PARSING CAST: token=CAST_UNCHECKED isUnchecked=1
[DEBUG parseFuncDecl] nameToken=libn_nanosleep_retry, peek()==, type=168
CHECKING ERR RETURN int64
CHECKING ERR RETURN int64
CHECKING ERR RETURN int64
CHECKING ERR RETURN int64
CHECKING ERR RETURN int64
CHECKING ERR RETURN int64
CHECKING ERR RETURN int64
CHECKING ERR RETURN int64
CHECKING ERR RETURN int64
CHECKING ERR RETURN int64
CHECKING ERR RETURN int64
CHECKING ERR RETURN int64
CHECKING ERR RETURN int64
CHECKING ERR RETURN int64
CHECKING ERR RETURN int64
CHECKING ERR RETURN int64
CHECKING ERR RETURN int64
CHECKING ERR RETURN int64
CHECKING ERR RETURN int64
CHECKING ERR RETURN int64
CHECKING ERR RETURN int64
CHECKING ERR RETURN int64
CHECKING ERR RETURN int64
CHECKING ERR RETURN int64
CHECKING ERR RETURN int64
CHECKING ERR RETURN int64
CHECKING ERR RETURN int64
CHECKING ERR RETURN int64
CHECKING ERR RETURN int64
CHECKING ERR RETURN int64
CHECKING ERR RETURN int64
CHECKING ERR RETURN int64
CHECKING ERR RETURN int64
CHECKING ERR RETURN int64
CHECKING ERR RETURN int64
CHECKING ERR RETURN int64
CHECKING ERR RETURN int64
CHECKING ERR RETURN int64
CHECKING ERR RETURN int64
CHECKING ERR RETURN int64
CHECKING ERR RETURN int64
CHECKING ERR RETURN int64
CHECKING ERR RETURN int64
CHECKING ERR RETURN int64
CHECKING ERR RETURN int64
CHECKING ERR RETURN int64
CHECKING ERR RETURN int64
CHECKING ERR RETURN int64
CHECKING ERR RETURN int64
CHECKING ERR RETURN int64
CHECKING ERR RETURN int64
[DEBUG parseFuncDecl] nameToken=math_abs_i64, peek()==, type=168
[DEBUG parseFuncDecl] nameToken=math_min_i64, peek()==, type=168
[DEBUG parseFuncDecl] nameToken=math_max_i64, peek()==, type=168
[DEBUG parseFuncDecl] nameToken=math_min_u64, peek()==, type=168
[DEBUG parseFuncDecl] nameToken=math_max_u64, peek()==, type=168
[DEBUG parseFuncDecl] nameToken=math_clamp_i64, peek()==, type=168
[DEBUG parseFuncDecl] nameToken=math_sign_i64, peek()==, type=168
[DEBUG parseFuncDecl] nameToken=math_sat_add_i64, peek()==, type=168
[DEBUG parseFuncDecl] nameToken=math_sat_sub_i64, peek()==, type=168
[DEBUG parseFuncDecl] nameToken=math_sat_mul_i64, peek()==, type=168
[DEBUG parseFuncDecl] nameToken=math_sat_add_u64, peek()==, type=168
[DEBUG parseFuncDecl] nameToken=math_sat_sub_u64, peek()==, type=168
[DEBUG parseFuncDecl] nameToken=math_div_ceil_i64, peek()==, type=168
[DEBUG parseFuncDecl] nameToken=math_div_floor_i64, peek()==, type=168
[DEBUG parseFuncDecl] nameToken=math_div_round_i64, peek()==, type=168
[DEBUG parseFuncDecl] nameToken=math_mod_pos_i64, peek()==, type=168
[DEBUG parseFuncDecl] nameToken=math_align_up, peek()==, type=168
[DEBUG parseFuncDecl] nameToken=math_align_down, peek()==, type=168
[DEBUG parseFuncDecl] nameToken=math_is_aligned, peek()==, type=168
[DEBUG parseFuncDecl] nameToken=math_is_pow2, peek()==, type=168
[DEBUG parseFuncDecl] nameToken=math_next_pow2, peek()==, type=168
[DEBUG parseFuncDecl] nameToken=math_prev_pow2, peek()==, type=168
[DEBUG parseFuncDecl] nameToken=math_log2_floor, peek()==, type=168
[DEBUG parseFuncDecl] nameToken=math_log2_ceil, peek()==, type=168
[DEBUG parseFuncDecl] nameToken=math_popcount, peek()==, type=168
[DEBUG parseFuncDecl] nameToken=math_clz, peek()==, type=168
[DEBUG parseFuncDecl] nameToken=math_ctz, peek()==, type=168
[DEBUG parseFuncDecl] nameToken=math_parity, peek()==, type=168
[DEBUG parseFuncDecl] nameToken=math_reverse_bits, peek()==, type=168
[DEBUG parseFuncDecl] nameToken=math_rol, peek()==, type=168
[DEBUG parseFuncDecl] nameToken=math_ror, peek()==, type=168
[DEBUG parseFuncDecl] nameToken=math_isqrt, peek()==, type=168
[DEBUG parseFuncDecl] nameToken=math_isqrt_ceil, peek()==, type=168
[DEBUG parseFuncDecl] nameToken=math_gcd, peek()==, type=168
[DEBUG parseFuncDecl] nameToken=math_lcm, peek()==, type=168
[DEBUG parseFuncDecl] nameToken=page_align_up, peek()==, type=168
[DEBUG parseFuncDecl] nameToken=page_align_down, peek()==, type=168
[DEBUG parseFuncDecl] nameToken=is_page_aligned, peek()==, type=168
[DEBUG parseFuncDecl] nameToken=size_align_up, peek()==, type=168
[DEBUG parseFuncDecl] nameToken=mem_mmap_raw, peek()==, type=168
PARSING CAST: token=CAST_UNCHECKED isUnchecked=1
[DEBUG parseFuncDecl] nameToken=mem_munmap_raw, peek()==, type=168
PARSING CAST: token=CAST_UNCHECKED isUnchecked=1
[DEBUG parseFuncDecl] nameToken=mem_mprotect_raw, peek()==, type=168
PARSING CAST: token=CAST_UNCHECKED isUnchecked=1
[DEBUG parseFuncDecl] nameToken=mem_mremap_raw, peek()==, type=168
PARSING CAST: token=CAST_UNCHECKED isUnchecked=1
[DEBUG parseFuncDecl] nameToken=mem_madvise_raw, peek()==, type=168
[DEBUG parseFuncDecl] nameToken=mem_msync_raw, peek()==, type=168
[DEBUG parseFuncDecl] nameToken=mem_malloc, peek()==, type=168
PARSING CAST: token=CAST_UNCHECKED isUnchecked=1
PARSING CAST: token=CAST_UNCHECKED isUnchecked=1
[DEBUG parseFuncDecl] nameToken=mem_calloc, peek()==, type=168
PARSING CAST: token=CAST_UNCHECKED isUnchecked=1
PARSING CAST: token=CAST_UNCHECKED isUnchecked=1
[DEBUG parseFuncDecl] nameToken=mem_realloc, peek()==, type=168
PARSING CAST: token=CAST_UNCHECKED isUnchecked=1
PARSING CAST: token=CAST_UNCHECKED isUnchecked=1
PARSING CAST: token=CAST_UNCHECKED isUnchecked=1
PARSING CAST: token=CAST_UNCHECKED isUnchecked=1
[DEBUG parseFuncDecl] nameToken=mem_free, peek()==, type=168
PARSING CAST: token=CAST_UNCHECKED isUnchecked=1
PARSING CAST: token=CAST_UNCHECKED isUnchecked=1
[DEBUG parseFuncDecl] nameToken=mem_malloc_user_size, peek()==, type=168
PARSING CAST: token=CAST_UNCHECKED isUnchecked=1
PARSING CAST: token=CAST_UNCHECKED isUnchecked=1
[DEBUG parseFuncDecl] nameToken=mem_malloc_map_size, peek()==, type=168
PARSING CAST: token=CAST_UNCHECKED isUnchecked=1
PARSING CAST: token=CAST_UNCHECKED isUnchecked=1
[DEBUG parseFuncDecl] nameToken=mem_alloc_pages, peek()==, type=168
PARSING CAST: token=CAST_UNCHECKED isUnchecked=1
[DEBUG parseFuncDecl] nameToken=mem_free_pages, peek()==, type=168
PARSING CAST: token=CAST_UNCHECKED isUnchecked=1
[DEBUG parseFuncDecl] nameToken=mem_alloc_guard_pages, peek()==, type=168
PARSING CAST: token=CAST_UNCHECKED isUnchecked=1
[DEBUG parseFuncDecl] nameToken=mem_free_guard_pages, peek()==, type=168
PARSING CAST: token=CAST_UNCHECKED isUnchecked=1
CHECKING ERR RETURN int64
CHECKING ERR RETURN int64
CHECKING ERR RETURN int64
CHECKING ERR RETURN int64
CHECKING ERR RETURN int64
CHECKING ERR RETURN int64
CHECKING ERR RETURN int64
CHECKING ERR RETURN int64
CHECKING ERR RETURN int64
CHECKING ERR RETURN int64
CHECKING ERR RETURN int64
[DEBUG parseFuncDecl] nameToken=mem_memset, peek()==, type=168
PARSING CAST: token=CAST_UNCHECKED isUnchecked=1
PARSING CAST: token=CAST_UNCHECKED isUnchecked=1
PARSING CAST: token=CAST_UNCHECKED isUnchecked=1
PARSING CAST: token=CAST_UNCHECKED isUnchecked=1
PARSING CAST: token=CAST_UNCHECKED isUnchecked=1
PARSING CAST: token=CAST_UNCHECKED isUnchecked=1
[DEBUG parseFuncDecl] nameToken=mem_bzero, peek()==, type=168
[DEBUG parseFuncDecl] nameToken=mem_memset_explicit, peek()==, type=168
PARSING CAST: token=CAST_UNCHECKED isUnchecked=1
PARSING CAST: token=CAST_UNCHECKED isUnchecked=1
[DEBUG parseFuncDecl] nameToken=mem_bzero_explicit, peek()==, type=168
[DEBUG parseFuncDecl] nameToken=mem_memset_pattern4, peek()==, type=168
PARSING CAST: token=CAST_UNCHECKED isUnchecked=1
PARSING CAST: token=CAST_UNCHECKED isUnchecked=1
PARSING CAST: token=CAST_UNCHECKED isUnchecked=1
PARSING CAST: token=CAST_UNCHECKED isUnchecked=1
[DEBUG parseFuncDecl] nameToken=mem_poison, peek()==, type=168
[DEBUG parseFuncDecl] nameToken=__intrinsic_memcpy, peek()==, type=168
[DEBUG parseFuncDecl] nameToken=mem_memcpy, peek()==, type=168
PARSING CAST: token=CAST_UNCHECKED isUnchecked=1
PARSING CAST: token=CAST_UNCHECKED isUnchecked=1
PARSING CAST: token=CAST_UNCHECKED isUnchecked=1
PARSING CAST: token=CAST_UNCHECKED isUnchecked=1
PARSING CAST: token=CAST_UNCHECKED isUnchecked=1
PARSING CAST: token=CAST_UNCHECKED isUnchecked=1
PARSING CAST: token=CAST_UNCHECKED isUnchecked=1
PARSING CAST: token=CAST_UNCHECKED isUnchecked=1
PARSING CAST: token=CAST_UNCHECKED isUnchecked=1
PARSING CAST: token=CAST_UNCHECKED isUnchecked=1
PARSING CAST: token=CAST_UNCHECKED isUnchecked=1
PARSING CAST: token=CAST_UNCHECKED isUnchecked=1
PARSING CAST: token=CAST_UNCHECKED isUnchecked=1
PARSING CAST: token=CAST_UNCHECKED isUnchecked=1
[DEBUG parseFuncDecl] nameToken=mem_mempcpy, peek()==, type=168
[DEBUG parseFuncDecl] nameToken=mem_memmove, peek()==, type=168
PARSING CAST: token=CAST_UNCHECKED isUnchecked=1
PARSING CAST: token=CAST_UNCHECKED isUnchecked=1
PARSING CAST: token=CAST_UNCHECKED isUnchecked=1
PARSING CAST: token=CAST_UNCHECKED isUnchecked=1
PARSING CAST: token=CAST_UNCHECKED isUnchecked=1
PARSING CAST: token=CAST_UNCHECKED isUnchecked=1
PARSING CAST: token=CAST_UNCHECKED isUnchecked=1
PARSING CAST: token=CAST_UNCHECKED isUnchecked=1
PARSING CAST: token=CAST_UNCHECKED isUnchecked=1
PARSING CAST: token=CAST_UNCHECKED isUnchecked=1
PARSING CAST: token=CAST_UNCHECKED isUnchecked=1
PARSING CAST: token=CAST_UNCHECKED isUnchecked=1
PARSING CAST: token=CAST_UNCHECKED isUnchecked=1
PARSING CAST: token=CAST_UNCHECKED isUnchecked=1
PARSING CAST: token=CAST_UNCHECKED isUnchecked=1
PARSING CAST: token=CAST_UNCHECKED isUnchecked=1
PARSING CAST: token=CAST_UNCHECKED isUnchecked=1
PARSING CAST: token=CAST_UNCHECKED isUnchecked=1
PARSING CAST: token=CAST_UNCHECKED isUnchecked=1
PARSING CAST: token=CAST_UNCHECKED isUnchecked=1
PARSING CAST: token=CAST_UNCHECKED isUnchecked=1
PARSING CAST: token=CAST_UNCHECKED isUnchecked=1
PARSING CAST: token=CAST_UNCHECKED isUnchecked=1
[DEBUG parseFuncDecl] nameToken=mem_memdup, peek()==, type=168
PARSING CAST: token=CAST_UNCHECKED isUnchecked=1
[DEBUG parseFuncDecl] nameToken=has_zero_byte, peek()==, type=168
[DEBUG parseFuncDecl] nameToken=replicate_byte, peek()==, type=168
[DEBUG parseFuncDecl] nameToken=mem_memcmp, peek()==, type=168
PARSING CAST: token=CAST_UNCHECKED isUnchecked=1
PARSING CAST: token=CAST_UNCHECKED isUnchecked=1
PARSING CAST: token=CAST_UNCHECKED isUnchecked=1
PARSING CAST: token=CAST_UNCHECKED isUnchecked=1
PARSING CAST: token=CAST_UNCHECKED isUnchecked=1
PARSING CAST: token=CAST_UNCHECKED isUnchecked=1
PARSING CAST: token=CAST_UNCHECKED isUnchecked=1
PARSING CAST: token=CAST_UNCHECKED isUnchecked=1
[DEBUG parseFuncDecl] nameToken=mem_equal, peek()==, type=168
[DEBUG parseFuncDecl] nameToken=mem_memcmp_ct, peek()==, type=168
PARSING CAST: token=CAST_UNCHECKED isUnchecked=1
PARSING CAST: token=CAST_UNCHECKED isUnchecked=1
PARSING CAST: token=CAST_UNCHECKED isUnchecked=1
PARSING CAST: token=CAST_UNCHECKED isUnchecked=1
[DEBUG parseFuncDecl] nameToken=mem_memchr, peek()==, type=168
PARSING CAST: token=CAST_UNCHECKED isUnchecked=1
PARSING CAST: token=CAST_UNCHECKED isUnchecked=1
PARSING CAST: token=CAST_UNCHECKED isUnchecked=1
PARSING CAST: token=CAST_UNCHECKED isUnchecked=1
[DEBUG parseFuncDecl] nameToken=mem_memrchr, peek()==, type=168
PARSING CAST: token=CAST_UNCHECKED isUnchecked=1
PARSING CAST: token=CAST_UNCHECKED isUnchecked=1
[DEBUG parseFuncDecl] nameToken=mem_memmem, peek()==, type=168
PARSING CAST: token=CAST_UNCHECKED isUnchecked=1
PARSING CAST: token=CAST_UNCHECKED isUnchecked=1
PARSING CAST: token=CAST_UNCHECKED isUnchecked=1
[DEBUG parseFuncDecl] nameToken=mem_is_zero, peek()==, type=168
PARSING CAST: token=CAST_UNCHECKED isUnchecked=1
PARSING CAST: token=CAST_UNCHECKED isUnchecked=1
[DEBUG parseFuncDecl] nameToken=mem_swap, peek()==, type=168
PARSING CAST: token=CAST_UNCHECKED isUnchecked=1
PARSING CAST: token=CAST_UNCHECKED isUnchecked=1
PARSING CAST: token=CAST_UNCHECKED isUnchecked=1
PARSING CAST: token=CAST_UNCHECKED isUnchecked=1
[DEBUG parseFuncDecl] nameToken=mem_reverse, peek()==, type=168
PARSING CAST: token=CAST_UNCHECKED isUnchecked=1
[DEBUG parseFuncDecl] nameToken=mem_align_ptr, peek()==, type=168
[DEBUG parseFuncDecl] nameToken=mem_is_aligned, peek()==, type=168
[DEBUG parseFuncDecl] nameToken=slab_class_for_size, peek()==, type=168
[DEBUG parseFuncDecl] nameToken=slab_class_size, peek()==, type=168
[DEBUG parseFuncDecl] nameToken=slab_class_slots, peek()==, type=168
[DEBUG parseFuncDecl] nameToken=slab_freelist_get, peek()==, type=168
[DEBUG parseFuncDecl] nameToken=slab_freelist_set, peek()==, type=168
[DEBUG parseFuncDecl] nameToken=slab_refill, peek()==, type=168
PARSING CAST: token=CAST_UNCHECKED isUnchecked=1
PARSING CAST: token=CAST_UNCHECKED isUnchecked=1
PARSING CAST: token=CAST_UNCHECKED isUnchecked=1
PARSING CAST: token=CAST_UNCHECKED isUnchecked=1
PARSING CAST: token=CAST_UNCHECKED isUnchecked=1
[DEBUG parseFuncDecl] nameToken=slab_alloc, peek()==, type=168
PARSING CAST: token=CAST_UNCHECKED isUnchecked=1
PARSING CAST: token=CAST_UNCHECKED isUnchecked=1
PARSING CAST: token=CAST_UNCHECKED isUnchecked=1
[DEBUG parseFuncDecl] nameToken=slab_free, peek()==, type=168
PARSING CAST: token=CAST_UNCHECKED isUnchecked=1
PARSING CAST: token=CAST_UNCHECKED isUnchecked=1
PARSING CAST: token=CAST_UNCHECKED isUnchecked=1
[DEBUG parseFuncDecl] nameToken=slab_alloc_zero, peek()==, type=168
PARSING CAST: token=CAST_UNCHECKED isUnchecked=1
CHECKING ERR RETURN int64
CHECKING ERR RETURN int64
[DEBUG parseFuncDecl] nameToken=has_nul_byte, peek()==, type=168
[DEBUG parseFuncDecl] nameToken=str_strlen, peek()==, type=168
PARSING CAST: token=CAST_UNCHECKED isUnchecked=1
PARSING CAST: token=CAST_UNCHECKED isUnchecked=1
[DEBUG parseFuncDecl] nameToken=str_strnlen, peek()==, type=168
PARSING CAST: token=CAST_UNCHECKED isUnchecked=1
PARSING CAST: token=CAST_UNCHECKED isUnchecked=1
[DEBUG parseFuncDecl] nameToken=str_strlen_safe, peek()==, type=168
PARSING CAST: token=CAST_UNCHECKED isUnchecked=1
PARSING CAST: token=CAST_UNCHECKED isUnchecked=1
[DEBUG parseFuncDecl] nameToken=str_strchr, peek()==, type=168
PARSING CAST: token=CAST_UNCHECKED isUnchecked=1
PARSING CAST: token=CAST_UNCHECKED isUnchecked=1
PARSING CAST: token=CAST_UNCHECKED isUnchecked=1
PARSING CAST: token=CAST_UNCHECKED isUnchecked=1
[DEBUG parseFuncDecl] nameToken=str_strchrnul, peek()==, type=168
PARSING CAST: token=CAST_UNCHECKED isUnchecked=1
PARSING CAST: token=CAST_UNCHECKED isUnchecked=1
[DEBUG parseFuncDecl] nameToken=str_strrchr, peek()==, type=168
PARSING CAST: token=CAST_UNCHECKED isUnchecked=1
PARSING CAST: token=CAST_UNCHECKED isUnchecked=1
[DEBUG parseFuncDecl] nameToken=str_strstr, peek()==, type=168
PARSING CAST: token=CAST_UNCHECKED isUnchecked=1
PARSING CAST: token=CAST_UNCHECKED isUnchecked=1
[DEBUG parseFuncDecl] nameToken=str_strcasestr, peek()==, type=168
PARSING CAST: token=CAST_UNCHECKED isUnchecked=1
PARSING CAST: token=CAST_UNCHECKED isUnchecked=1
[DEBUG parseFuncDecl] nameToken=charset_build, peek()==, type=168
PARSING CAST: token=CAST_UNCHECKED isUnchecked=1
[DEBUG parseFuncDecl] nameToken=charset_test, peek()==, type=168
[DEBUG parseFuncDecl] nameToken=str_strpbrk, peek()==, type=168
PARSING CAST: token=CAST_UNCHECKED isUnchecked=1
[DEBUG parseFuncDecl] nameToken=str_strspn, peek()==, type=168
PARSING CAST: token=CAST_UNCHECKED isUnchecked=1
[DEBUG parseFuncDecl] nameToken=str_strcspn, peek()==, type=168
PARSING CAST: token=CAST_UNCHECKED isUnchecked=1
[DEBUG parseFuncDecl] nameToken=to_lower_ascii, peek()==, type=168
[DEBUG parseFuncDecl] nameToken=to_upper_ascii, peek()==, type=168
[DEBUG parseFuncDecl] nameToken=is_alpha_ascii, peek()==, type=168
[DEBUG parseFuncDecl] nameToken=strcmp_has_nul, peek()==, type=168
[DEBUG parseFuncDecl] nameToken=str_strcmp, peek()==, type=168
PARSING CAST: token=CAST_UNCHECKED isUnchecked=1
PARSING CAST: token=CAST_UNCHECKED isUnchecked=1
PARSING CAST: token=CAST_UNCHECKED isUnchecked=1
PARSING CAST: token=CAST_UNCHECKED isUnchecked=1
[DEBUG parseFuncDecl] nameToken=str_strncmp, peek()==, type=168
PARSING CAST: token=CAST_UNCHECKED isUnchecked=1
PARSING CAST: token=CAST_UNCHECKED isUnchecked=1
[DEBUG parseFuncDecl] nameToken=str_strcmp_prefix, peek()==, type=168
PARSING CAST: token=CAST_UNCHECKED isUnchecked=1
PARSING CAST: token=CAST_UNCHECKED isUnchecked=1
[DEBUG parseFuncDecl] nameToken=str_strcasecmp, peek()==, type=168
PARSING CAST: token=CAST_UNCHECKED isUnchecked=1
PARSING CAST: token=CAST_UNCHECKED isUnchecked=1
[DEBUG parseFuncDecl] nameToken=str_strncasecmp, peek()==, type=168
PARSING CAST: token=CAST_UNCHECKED isUnchecked=1
PARSING CAST: token=CAST_UNCHECKED isUnchecked=1
[DEBUG parseFuncDecl] nameToken=str_casecmp_prefix, peek()==, type=168
PARSING CAST: token=CAST_UNCHECKED isUnchecked=1
PARSING CAST: token=CAST_UNCHECKED isUnchecked=1
[DEBUG parseFuncDecl] nameToken=str_strcpy, peek()==, type=168
PARSING CAST: token=CAST_UNCHECKED isUnchecked=1
PARSING CAST: token=CAST_UNCHECKED isUnchecked=1
[DEBUG parseFuncDecl] nameToken=str_stpcpy, peek()==, type=168
PARSING CAST: token=CAST_UNCHECKED isUnchecked=1
PARSING CAST: token=CAST_UNCHECKED isUnchecked=1
[DEBUG parseFuncDecl] nameToken=str_strncpy, peek()==, type=168
PARSING CAST: token=CAST_UNCHECKED isUnchecked=1
PARSING CAST: token=CAST_UNCHECKED isUnchecked=1
[DEBUG parseFuncDecl] nameToken=str_stpncpy, peek()==, type=168
PARSING CAST: token=CAST_UNCHECKED isUnchecked=1
PARSING CAST: token=CAST_UNCHECKED isUnchecked=1
[DEBUG parseFuncDecl] nameToken=str_strdup, peek()==, type=168
PARSING CAST: token=CAST_UNCHECKED isUnchecked=1
[DEBUG parseFuncDecl] nameToken=str_strndup, peek()==, type=168
PARSING CAST: token=CAST_UNCHECKED isUnchecked=1
PARSING CAST: token=CAST_UNCHECKED isUnchecked=1
PARSING CAST: token=CAST_UNCHECKED isUnchecked=1
[DEBUG parseFuncDecl] nameToken=str_strlcpy, peek()==, type=168
PARSING CAST: token=CAST_UNCHECKED isUnchecked=1
[DEBUG parseFuncDecl] nameToken=str_strlcat, peek()==, type=168
PARSING CAST: token=CAST_UNCHECKED isUnchecked=1
[DEBUG parseFuncDecl] nameToken=str_strscpy, peek()==, type=168
PARSING CAST: token=CAST_UNCHECKED isUnchecked=1
PARSING CAST: token=CAST_UNCHECKED isUnchecked=1
[DEBUG parseFuncDecl] nameToken=str_strscpy_pad, peek()==, type=168
[DEBUG parseFuncDecl] nameToken=str_strlcpy_chk, peek()==, type=168
PARSING CAST: token=CAST_UNCHECKED isUnchecked=1
[DEBUG parseFuncDecl] nameToken=str_strtok_r, peek()==, type=168
PARSING CAST: token=CAST_UNCHECKED isUnchecked=1
PARSING CAST: token=CAST_UNCHECKED isUnchecked=1
PARSING CAST: token=CAST_UNCHECKED isUnchecked=1
PARSING CAST: token=CAST_UNCHECKED isUnchecked=1
PARSING CAST: token=CAST_UNCHECKED isUnchecked=1
PARSING CAST: token=CAST_UNCHECKED isUnchecked=1
PARSING CAST: token=CAST_UNCHECKED isUnchecked=1
[DEBUG parseFuncDecl] nameToken=str_strsep, peek()==, type=168
PARSING CAST: token=CAST_UNCHECKED isUnchecked=1
PARSING CAST: token=CAST_UNCHECKED isUnchecked=1
[DEBUG parseFuncDecl] nameToken=str_field_equals, peek()==, type=168
PARSING CAST: token=CAST_UNCHECKED isUnchecked=1
PARSING CAST: token=CAST_UNCHECKED isUnchecked=1
[DEBUG parseFuncDecl] nameToken=str_split_fields, peek()==, type=168
PARSING CAST: token=CAST_UNCHECKED isUnchecked=1
[DEBUG parseFuncDecl] nameToken=str_split_lines, peek()==, type=168
PARSING CAST: token=CAST_UNCHECKED isUnchecked=1
[DEBUG parseFuncDecl] nameToken=strview_of, peek()==, type=168
PARSING CAST: token=CAST_UNCHECKED isUnchecked=1
[DEBUG parseFuncDecl] nameToken=strview_of_bytes, peek()==, type=168
PARSING CAST: token=CAST_UNCHECKED isUnchecked=1
[DEBUG parseFuncDecl] nameToken=strview_of_strbuf, peek()==, type=168
PARSING CAST: token=CAST_UNCHECKED isUnchecked=1
PARSING CAST: token=CAST_UNCHECKED isUnchecked=1
[DEBUG parseFuncDecl] nameToken=strview_empty, peek()==, type=168
PARSING CAST: token=CAST_UNCHECKED isUnchecked=1
[DEBUG parseFuncDecl] nameToken=strview_substr, peek()==, type=168
PARSING CAST: token=CAST_UNCHECKED isUnchecked=1
PARSING CAST: token=CAST_UNCHECKED isUnchecked=1
[DEBUG parseFuncDecl] nameToken=strview_len, peek()==, type=168
PARSING CAST: token=CAST_UNCHECKED isUnchecked=1
[DEBUG parseFuncDecl] nameToken=strview_ptr, peek()==, type=168
PARSING CAST: token=CAST_UNCHECKED isUnchecked=1
[DEBUG parseFuncDecl] nameToken=strview_is_empty, peek()==, type=168
PARSING CAST: token=CAST_UNCHECKED isUnchecked=1
[DEBUG parseFuncDecl] nameToken=strview_byte_at, peek()==, type=168
PARSING CAST: token=CAST_UNCHECKED isUnchecked=1
PARSING CAST: token=CAST_UNCHECKED isUnchecked=1
PARSING CAST: token=CAST_UNCHECKED isUnchecked=1
[DEBUG parseFuncDecl] nameToken=strview_first, peek()==, type=168
[DEBUG parseFuncDecl] nameToken=strview_last, peek()==, type=168
PARSING CAST: token=CAST_UNCHECKED isUnchecked=1
PARSING CAST: token=CAST_UNCHECKED isUnchecked=1
PARSING CAST: token=CAST_UNCHECKED isUnchecked=1
[DEBUG parseFuncDecl] nameToken=strview_eq, peek()==, type=168
PARSING CAST: token=CAST_UNCHECKED isUnchecked=1
PARSING CAST: token=CAST_UNCHECKED isUnchecked=1
[DEBUG parseFuncDecl] nameToken=strview_eq_str, peek()==, type=168
PARSING CAST: token=CAST_UNCHECKED isUnchecked=1
[DEBUG parseFuncDecl] nameToken=strview_cmp, peek()==, type=168
PARSING CAST: token=CAST_UNCHECKED isUnchecked=1
PARSING CAST: token=CAST_UNCHECKED isUnchecked=1
[DEBUG parseFuncDecl] nameToken=strview_cmp_str, peek()==, type=168
PARSING CAST: token=CAST_UNCHECKED isUnchecked=1
PARSING CAST: token=CAST_UNCHECKED isUnchecked=1
PARSING CAST: token=CAST_UNCHECKED isUnchecked=1
[DEBUG parseFuncDecl] nameToken=strview_starts_with, peek()==, type=168
PARSING CAST: token=CAST_UNCHECKED isUnchecked=1
PARSING CAST: token=CAST_UNCHECKED isUnchecked=1
[DEBUG parseFuncDecl] nameToken=strview_starts_with_str, peek()==, type=168
PARSING CAST: token=CAST_UNCHECKED isUnchecked=1
[DEBUG parseFuncDecl] nameToken=strview_ends_with, peek()==, type=168
PARSING CAST: token=CAST_UNCHECKED isUnchecked=1
PARSING CAST: token=CAST_UNCHECKED isUnchecked=1
[DEBUG parseFuncDecl] nameToken=strview_ends_with_str, peek()==, type=168
PARSING CAST: token=CAST_UNCHECKED isUnchecked=1
[DEBUG parseFuncDecl] nameToken=strview_drop_prefix, peek()==, type=168
PARSING CAST: token=CAST_UNCHECKED isUnchecked=1
PARSING CAST: token=CAST_UNCHECKED isUnchecked=1
PARSING CAST: token=CAST_UNCHECKED isUnchecked=1
[DEBUG parseFuncDecl] nameToken=strview_strip_prefix_str, peek()==, type=168
PARSING CAST: token=CAST_UNCHECKED isUnchecked=1
PARSING CAST: token=CAST_UNCHECKED isUnchecked=1
[DEBUG parseFuncDecl] nameToken=strview_drop_suffix, peek()==, type=168
PARSING CAST: token=CAST_UNCHECKED isUnchecked=1
PARSING CAST: token=CAST_UNCHECKED isUnchecked=1
PARSING CAST: token=CAST_UNCHECKED isUnchecked=1
[DEBUG parseFuncDecl] nameToken=strview_strip_suffix_str, peek()==, type=168
PARSING CAST: token=CAST_UNCHECKED isUnchecked=1
PARSING CAST: token=CAST_UNCHECKED isUnchecked=1
[DEBUG parseFuncDecl] nameToken=strview_find_char, peek()==, type=168
PARSING CAST: token=CAST_UNCHECKED isUnchecked=1
PARSING CAST: token=CAST_UNCHECKED isUnchecked=1
[DEBUG parseFuncDecl] nameToken=strview_rfind_char, peek()==, type=168
PARSING CAST: token=CAST_UNCHECKED isUnchecked=1
PARSING CAST: token=CAST_UNCHECKED isUnchecked=1
[DEBUG parseFuncDecl] nameToken=strview_find_str, peek()==, type=168
PARSING CAST: token=CAST_UNCHECKED isUnchecked=1
[DEBUG parseFuncDecl] nameToken=strview_find, peek()==, type=168
PARSING CAST: token=CAST_UNCHECKED isUnchecked=1
PARSING CAST: token=CAST_UNCHECKED isUnchecked=1
[DEBUG parseFuncDecl] nameToken=strview_contains_char, peek()==, type=168
[DEBUG parseFuncDecl] nameToken=strview_contains_str, peek()==, type=168
[DEBUG parseFuncDecl] nameToken=strview_contains, peek()==, type=168
[DEBUG parseFuncDecl] nameToken=strview_slice, peek()==, type=168
PARSING CAST: token=CAST_UNCHECKED isUnchecked=1
PARSING CAST: token=CAST_UNCHECKED isUnchecked=1
[DEBUG parseFuncDecl] nameToken=strview_take, peek()==, type=168
PARSING CAST: token=CAST_UNCHECKED isUnchecked=1
PARSING CAST: token=CAST_UNCHECKED isUnchecked=1
[DEBUG parseFuncDecl] nameToken=strview_drop, peek()==, type=168
PARSING CAST: token=CAST_UNCHECKED isUnchecked=1
PARSING CAST: token=CAST_UNCHECKED isUnchecked=1
[DEBUG parseFuncDecl] nameToken=strview_trim_left, peek()==, type=168
PARSING CAST: token=CAST_UNCHECKED isUnchecked=1
PARSING CAST: token=CAST_UNCHECKED isUnchecked=1
PARSING CAST: token=CAST_UNCHECKED isUnchecked=1
[DEBUG parseFuncDecl] nameToken=strview_trim_right, peek()==, type=168
PARSING CAST: token=CAST_UNCHECKED isUnchecked=1
PARSING CAST: token=CAST_UNCHECKED isUnchecked=1
PARSING CAST: token=CAST_UNCHECKED isUnchecked=1
[DEBUG parseFuncDecl] nameToken=strview_trim, peek()==, type=168
PARSING CAST: token=CAST_UNCHECKED isUnchecked=1
PARSING CAST: token=CAST_UNCHECKED isUnchecked=1
[DEBUG parseFuncDecl] nameToken=strview_split_once_char, peek()==, type=168
PARSING CAST: token=CAST_UNCHECKED isUnchecked=1
PARSING CAST: token=CAST_UNCHECKED isUnchecked=1
PARSING CAST: token=CAST_UNCHECKED isUnchecked=1
[DEBUG parseFuncDecl] nameToken=strview_split_once, peek()==, type=168
PARSING CAST: token=CAST_UNCHECKED isUnchecked=1
PARSING CAST: token=CAST_UNCHECKED isUnchecked=1
PARSING CAST: token=CAST_UNCHECKED isUnchecked=1
PARSING CAST: token=CAST_UNCHECKED isUnchecked=1
[DEBUG parseFuncDecl] nameToken=strview_next_token, peek()==, type=168
PARSING CAST: token=CAST_UNCHECKED isUnchecked=1
PARSING CAST: token=CAST_UNCHECKED isUnchecked=1
PARSING CAST: token=CAST_UNCHECKED isUnchecked=1
PARSING CAST: token=CAST_UNCHECKED isUnchecked=1
[DEBUG parseFuncDecl] nameToken=strview_next_line, peek()==, type=168
PARSING CAST: token=CAST_UNCHECKED isUnchecked=1
PARSING CAST: token=CAST_UNCHECKED isUnchecked=1
PARSING CAST: token=CAST_UNCHECKED isUnchecked=1
[DEBUG parseFuncDecl] nameToken=strview_parse_i64, peek()==, type=168
PARSING CAST: token=CAST_UNCHECKED isUnchecked=1
PARSING CAST: token=CAST_UNCHECKED isUnchecked=1
PARSING CAST: token=CAST_UNCHECKED isUnchecked=1
PARSING CAST: token=CAST_UNCHECKED isUnchecked=1
PARSING CAST: token=CAST_UNCHECKED isUnchecked=1
PARSING CAST: token=CAST_UNCHECKED isUnchecked=1
PARSING CAST: token=CAST_UNCHECKED isUnchecked=1
[DEBUG parseFuncDecl] nameToken=strview_parse_u64, peek()==, type=168
PARSING CAST: token=CAST_UNCHECKED isUnchecked=1
PARSING CAST: token=CAST_UNCHECKED isUnchecked=1
PARSING CAST: token=CAST_UNCHECKED isUnchecked=1
PARSING CAST: token=CAST_UNCHECKED isUnchecked=1
PARSING CAST: token=CAST_UNCHECKED isUnchecked=1
PARSING CAST: token=CAST_UNCHECKED isUnchecked=1
PARSING CAST: token=CAST_UNCHECKED isUnchecked=1
[DEBUG parseFuncDecl] nameToken=strview_to_str, peek()==, type=168
PARSING CAST: token=CAST_UNCHECKED isUnchecked=1
PARSING CAST: token=CAST_UNCHECKED isUnchecked=1
[DEBUG parseFuncDecl] nameToken=strview_to_strbuf, peek()==, type=168
PARSING CAST: token=CAST_UNCHECKED isUnchecked=1
[DEBUG parseFuncDecl] nameToken=strview_copy_to, peek()==, type=168
PARSING CAST: token=CAST_UNCHECKED isUnchecked=1
[DEBUG parseFuncDecl] nameToken=strview_copy_to_z, peek()==, type=168
PARSING CAST: token=CAST_UNCHECKED isUnchecked=1
PARSING CAST: token=CAST_UNCHECKED isUnchecked=1
PARSING CAST: token=CAST_UNCHECKED isUnchecked=1
[DEBUG parseFuncDecl] nameToken=strview_write_to_fd, peek()==, type=168
PARSING CAST: token=CAST_UNCHECKED isUnchecked=1
[DEBUG parseFuncDecl] nameToken=strview_write_to_fp, peek()==, type=168
PARSING CAST: token=CAST_UNCHECKED isUnchecked=1
[DEBUG parseFuncDecl] nameToken=strviewiter_of, peek()==, type=168
PARSING CAST: token=CAST_UNCHECKED isUnchecked=1
PARSING CAST: token=CAST_UNCHECKED isUnchecked=1
[DEBUG parseFuncDecl] nameToken=strviewiter_of_str, peek()==, type=168
PARSING CAST: token=CAST_UNCHECKED isUnchecked=1
[DEBUG parseFuncDecl] nameToken=strviewiter_next_line, peek()==, type=168
[DEBUG parseFuncDecl] nameToken=strviewiter_next_token, peek()==, type=168
[DEBUG parseFuncDecl] nameToken=strviewiter_remaining, peek()==, type=168
PARSING CAST: token=CAST_UNCHECKED isUnchecked=1
[DEBUG parseFuncDecl] nameToken=is_whitespace, peek()==, type=168
[DEBUG parseFuncDecl] nameToken=is_digit, peek()==, type=168
[DEBUG parseFuncDecl] nameToken=is_hex_digit, peek()==, type=168
[DEBUG parseFuncDecl] nameToken=digit_val, peek()==, type=168
PARSING CAST: token=CAST_UNCHECKED isUnchecked=1
PARSING CAST: token=CAST_UNCHECKED isUnchecked=1
PARSING CAST: token=CAST_UNCHECKED isUnchecked=1
[DEBUG parseFuncDecl] nameToken=str_strtol, peek()==, type=168
PARSING CAST: token=CAST_UNCHECKED isUnchecked=1
PARSING CAST: token=CAST_UNCHECKED isUnchecked=1
PARSING CAST: token=CAST_UNCHECKED isUnchecked=1
PARSING CAST: token=CAST_UNCHECKED isUnchecked=1
PARSING CAST: token=CAST_UNCHECKED isUnchecked=1
[DEBUG parseFuncDecl] nameToken=str_strtoul, peek()==, type=168
PARSING CAST: token=CAST_UNCHECKED isUnchecked=1
PARSING CAST: token=CAST_UNCHECKED isUnchecked=1
PARSING CAST: token=CAST_UNCHECKED isUnchecked=1
PARSING CAST: token=CAST_UNCHECKED isUnchecked=1
PARSING CAST: token=CAST_UNCHECKED isUnchecked=1
[DEBUG parseFuncDecl] nameToken=str_atoi, peek()==, type=168
PARSING CAST: token=CAST_UNCHECKED isUnchecked=1
[DEBUG parseFuncDecl] nameToken=str_parse_i64, peek()==, type=168
PARSING CAST: token=CAST_UNCHECKED isUnchecked=1
PARSING CAST: token=CAST_UNCHECKED isUnchecked=1
PARSING CAST: token=CAST_UNCHECKED isUnchecked=1
PARSING CAST: token=CAST_UNCHECKED isUnchecked=1
PARSING CAST: token=CAST_UNCHECKED isUnchecked=1
[DEBUG parseFuncDecl] nameToken=str_parse_u64, peek()==, type=168
PARSING CAST: token=CAST_UNCHECKED isUnchecked=1
PARSING CAST: token=CAST_UNCHECKED isUnchecked=1
PARSING CAST: token=CAST_UNCHECKED isUnchecked=1
PARSING CAST: token=CAST_UNCHECKED isUnchecked=1
PARSING CAST: token=CAST_UNCHECKED isUnchecked=1
[DEBUG parseFuncDecl] nameToken=str_parse_i64_base, peek()==, type=168
PARSING CAST: token=CAST_UNCHECKED isUnchecked=1
PARSING CAST: token=CAST_UNCHECKED isUnchecked=1
PARSING CAST: token=CAST_UNCHECKED isUnchecked=1
PARSING CAST: token=CAST_UNCHECKED isUnchecked=1
PARSING CAST: token=CAST_UNCHECKED isUnchecked=1
PARSING CAST: token=CAST_UNCHECKED isUnchecked=1
[DEBUG parseFuncDecl] nameToken=str_itoa, peek()==, type=168
PARSING CAST: token=CAST_UNCHECKED isUnchecked=1
PARSING CAST: token=CAST_UNCHECKED isUnchecked=1
PARSING CAST: token=CAST_UNCHECKED isUnchecked=1
PARSING CAST: token=CAST_UNCHECKED isUnchecked=1
[DEBUG parseFuncDecl] nameToken=str_utoa, peek()==, type=168
PARSING CAST: token=CAST_UNCHECKED isUnchecked=1
PARSING CAST: token=CAST_UNCHECKED isUnchecked=1
PARSING CAST: token=CAST_UNCHECKED isUnchecked=1
[DEBUG parseFuncDecl] nameToken=str_itoa_hex, peek()==, type=168
PARSING CAST: token=CAST_UNCHECKED isUnchecked=1
PARSING CAST: token=CAST_UNCHECKED isUnchecked=1
PARSING CAST: token=CAST_UNCHECKED isUnchecked=1
[DEBUG parseFuncDecl] nameToken=strbuf_grow, peek()==, type=168
PARSING CAST: token=CAST_UNCHECKED isUnchecked=1
[DEBUG parseFuncDecl] nameToken=strbuf_new, peek()==, type=168
[DEBUG parseFuncDecl] nameToken=strbuf_new_cap, peek()==, type=168
PARSING CAST: token=CAST_UNCHECKED isUnchecked=1
PARSING CAST: token=CAST_UNCHECKED isUnchecked=1
[DEBUG parseFuncDecl] nameToken=strbuf_free, peek()==, type=168
PARSING CAST: token=CAST_UNCHECKED isUnchecked=1
[DEBUG parseFuncDecl] nameToken=strbuf_reset, peek()==, type=168
PARSING CAST: token=CAST_UNCHECKED isUnchecked=1
PARSING CAST: token=CAST_UNCHECKED isUnchecked=1
[DEBUG parseFuncDecl] nameToken=strbuf_finish, peek()==, type=168
PARSING CAST: token=CAST_UNCHECKED isUnchecked=1
[DEBUG parseFuncDecl] nameToken=strbuf_to_str, peek()==, type=168
PARSING CAST: token=CAST_UNCHECKED isUnchecked=1
[DEBUG parseFuncDecl] nameToken=strbuf_len, peek()==, type=168
PARSING CAST: token=CAST_UNCHECKED isUnchecked=1
[DEBUG parseFuncDecl] nameToken=strbuf_cap, peek()==, type=168
PARSING CAST: token=CAST_UNCHECKED isUnchecked=1
[DEBUG parseFuncDecl] nameToken=strbuf_ptr, peek()==, type=168
PARSING CAST: token=CAST_UNCHECKED isUnchecked=1
[DEBUG parseFuncDecl] nameToken=strbuf_is_empty, peek()==, type=168
PARSING CAST: token=CAST_UNCHECKED isUnchecked=1
[DEBUG parseFuncDecl] nameToken=strbuf_append_char, peek()==, type=168
PARSING CAST: token=CAST_UNCHECKED isUnchecked=1
PARSING CAST: token=CAST_UNCHECKED isUnchecked=1
[DEBUG parseFuncDecl] nameToken=strbuf_append_bytes, peek()==, type=168
PARSING CAST: token=CAST_UNCHECKED isUnchecked=1
PARSING CAST: token=CAST_UNCHECKED isUnchecked=1
[DEBUG parseFuncDecl] nameToken=strbuf_append_str, peek()==, type=168
[DEBUG parseFuncDecl] nameToken=strbuf_append_strbuf, peek()==, type=168
PARSING CAST: token=CAST_UNCHECKED isUnchecked=1
[DEBUG parseFuncDecl] nameToken=strbuf_append_repeat, peek()==, type=168
PARSING CAST: token=CAST_UNCHECKED isUnchecked=1
PARSING CAST: token=CAST_UNCHECKED isUnchecked=1
PARSING CAST: token=CAST_UNCHECKED isUnchecked=1
[DEBUG parseFuncDecl] nameToken=strbuf_appendf0, peek()==, type=168
PARSING CAST: token=CAST_UNCHECKED isUnchecked=1
[DEBUG parseFuncDecl] nameToken=strbuf_appendf1, peek()==, type=168
PARSING CAST: token=CAST_UNCHECKED isUnchecked=1
[DEBUG parseFuncDecl] nameToken=strbuf_appendf2, peek()==, type=168
PARSING CAST: token=CAST_UNCHECKED isUnchecked=1
[DEBUG parseFuncDecl] nameToken=strbuf_appendf3, peek()==, type=168
PARSING CAST: token=CAST_UNCHECKED isUnchecked=1
[DEBUG parseFuncDecl] nameToken=strbuf_appendf4, peek()==, type=168
PARSING CAST: token=CAST_UNCHECKED isUnchecked=1
[DEBUG parseFuncDecl] nameToken=strbuf_appendf5, peek()==, type=168
PARSING CAST: token=CAST_UNCHECKED isUnchecked=1
[DEBUG parseFuncDecl] nameToken=strbuf_appendf6, peek()==, type=168
PARSING CAST: token=CAST_UNCHECKED isUnchecked=1
[DEBUG parseFuncDecl] nameToken=strbuf_appendf7, peek()==, type=168
PARSING CAST: token=CAST_UNCHECKED isUnchecked=1
[DEBUG parseFuncDecl] nameToken=strbuf_appendf8, peek()==, type=168
PARSING CAST: token=CAST_UNCHECKED isUnchecked=1
[DEBUG parseFuncDecl] nameToken=strbuf_truncate, peek()==, type=168
PARSING CAST: token=CAST_UNCHECKED isUnchecked=1
PARSING CAST: token=CAST_UNCHECKED isUnchecked=1
[DEBUG parseFuncDecl] nameToken=strbuf_strip_trailing_newline, peek()==, type=168
PARSING CAST: token=CAST_UNCHECKED isUnchecked=1
PARSING CAST: token=CAST_UNCHECKED isUnchecked=1
[DEBUG parseFuncDecl] nameToken=strbuf_write_to_fd, peek()==, type=168
PARSING CAST: token=CAST_UNCHECKED isUnchecked=1
[DEBUG parseFuncDecl] nameToken=fmt_putc, peek()==, type=168
PARSING CAST: token=CAST_UNCHECKED isUnchecked=1
[DEBUG parseFuncDecl] nameToken=fmt_puts_n, peek()==, type=168
PARSING CAST: token=CAST_UNCHECKED isUnchecked=1
[DEBUG parseFuncDecl] nameToken=fmt_pad, peek()==, type=168
PARSING CAST: token=CAST_UNCHECKED isUnchecked=1
PARSING CAST: token=CAST_UNCHECKED isUnchecked=1
[DEBUG parseFuncDecl] nameToken=render_uint, peek()==, type=168
PARSING CAST: token=CAST_UNCHECKED isUnchecked=1
PARSING CAST: token=CAST_UNCHECKED isUnchecked=1
[DEBUG parseFuncDecl] nameToken=str_format_args, peek()==, type=168
PARSING CAST: token=CAST_UNCHECKED isUnchecked=1
PARSING CAST: token=CAST_UNCHECKED isUnchecked=1
PARSING CAST: token=CAST_UNCHECKED isUnchecked=1
PARSING CAST: token=CAST_UNCHECKED isUnchecked=1
PARSING CAST: token=CAST_UNCHECKED isUnchecked=1
PARSING CAST: token=CAST_UNCHECKED isUnchecked=1
PARSING CAST: token=CAST_UNCHECKED isUnchecked=1
PARSING CAST: token=CAST_UNCHECKED isUnchecked=1
PARSING CAST: token=CAST_UNCHECKED isUnchecked=1
PARSING CAST: token=CAST_UNCHECKED isUnchecked=1
PARSING CAST: token=CAST_UNCHECKED isUnchecked=1
PARSING CAST: token=CAST_UNCHECKED isUnchecked=1
PARSING CAST: token=CAST_UNCHECKED isUnchecked=1
[DEBUG parseFuncDecl] nameToken=str_snprintf0, peek()==, type=168
PARSING CAST: token=CAST_UNCHECKED isUnchecked=1
[DEBUG parseFuncDecl] nameToken=str_snprintf1, peek()==, type=168
[DEBUG parseFuncDecl] nameToken=str_snprintf2, peek()==, type=168
[DEBUG parseFuncDecl] nameToken=str_snprintf3, peek()==, type=168
[DEBUG parseFuncDecl] nameToken=str_snprintf4, peek()==, type=168
[DEBUG parseFuncDecl] nameToken=str_snprintf6, peek()==, type=168
[DEBUG parseFuncDecl] nameToken=str_snprintf8, peek()==, type=168
[DEBUG parseFuncDecl] nameToken=str_snprintf5, peek()==, type=168
[DEBUG parseFuncDecl] nameToken=str_snprintf7, peek()==, type=168
[DEBUG parseFuncDecl] nameToken=io_write_n, peek()==, type=168
PARSING CAST: token=CAST_UNCHECKED isUnchecked=1
PARSING CAST: token=CAST_UNCHECKED isUnchecked=1
PARSING CAST: token=CAST_UNCHECKED isUnchecked=1
[DEBUG parseFuncDecl] nameToken=io_write_nonblock, peek()==, type=168
PARSING CAST: token=CAST_UNCHECKED isUnchecked=1
[DEBUG parseFuncDecl] nameToken=io_write_str, peek()==, type=168
PARSING CAST: token=CAST_UNCHECKED isUnchecked=1
[DEBUG parseFuncDecl] nameToken=io_write_char, peek()==, type=168
PARSING CAST: token=CAST_UNCHECKED isUnchecked=1
[DEBUG parseFuncDecl] nameToken=io_write_cstr_n, peek()==, type=168
[DEBUG parseFuncDecl] nameToken=io_write_newline, peek()==, type=168
[DEBUG parseFuncDecl] nameToken=io_write_strln, peek()==, type=168
[DEBUG parseFuncDecl] nameToken=io_print, peek()==, type=168
[DEBUG parseFuncDecl] nameToken=io_println, peek()==, type=168
[DEBUG parseFuncDecl] nameToken=io_eprint, peek()==, type=168
[DEBUG parseFuncDecl] nameToken=io_eprintln, peek()==, type=168
[DEBUG parseFuncDecl] nameToken=bio_alloc_file, peek()==, type=168
PARSING CAST: token=CAST_UNCHECKED isUnchecked=1
[DEBUG parseFuncDecl] nameToken=bio_free_file, peek()==, type=168
[DEBUG parseFuncDecl] nameToken=bio_alloc_buf, peek()==, type=168
[DEBUG parseFuncDecl] nameToken=bio_free_buf, peek()==, type=168
[DEBUG parseFuncDecl] nameToken=bio_flush_write_buf, peek()==, type=168
PARSING CAST: token=CAST_UNCHECKED isUnchecked=1
PARSING CAST: token=CAST_UNCHECKED isUnchecked=1
PARSING CAST: token=CAST_UNCHECKED isUnchecked=1
[DEBUG parseFuncDecl] nameToken=bio_discard_read_buf, peek()==, type=168
PARSING CAST: token=CAST_UNCHECKED isUnchecked=1
[DEBUG parseFuncDecl] nameToken=bio_refill_read_buf, peek()==, type=168
PARSING CAST: token=CAST_UNCHECKED isUnchecked=1
PARSING CAST: token=CAST_UNCHECKED isUnchecked=1
PARSING CAST: token=CAST_UNCHECKED isUnchecked=1
[DEBUG parseFuncDecl] nameToken=bio_parse_mode, peek()==, type=168
PARSING CAST: token=CAST_UNCHECKED isUnchecked=1
PARSING CAST: token=CAST_UNCHECKED isUnchecked=1
PARSING CAST: token=CAST_UNCHECKED isUnchecked=1
[DEBUG parseFuncDecl] nameToken=fread, peek()==, type=168
PARSING CAST: token=CAST_UNCHECKED isUnchecked=1
PARSING CAST: token=CAST_UNCHECKED isUnchecked=1
PARSING CAST: token=CAST_UNCHECKED isUnchecked=1
PARSING CAST: token=CAST_UNCHECKED isUnchecked=1
[DEBUG parseFuncDecl] nameToken=fwrite, peek()==, type=168
PARSING CAST: token=CAST_UNCHECKED isUnchecked=1
PARSING CAST: token=CAST_UNCHECKED isUnchecked=1
PARSING CAST: token=CAST_UNCHECKED isUnchecked=1
PARSING CAST: token=CAST_UNCHECKED isUnchecked=1
[DEBUG parseFuncDecl] nameToken=fflush, peek()==, type=168
PARSING CAST: token=CAST_UNCHECKED isUnchecked=1
PARSING CAST: token=CAST_UNCHECKED isUnchecked=1
PARSING CAST: token=CAST_UNCHECKED isUnchecked=1
CHECKING ERR RETURN int64
CHECKING ERR RETURN int64
[DEBUG parseFuncDecl] nameToken=path_strlen, peek()==, type=168
PARSING CAST: token=CAST_UNCHECKED isUnchecked=1
[DEBUG parseFuncDecl] nameToken=path_copy_n, peek()==, type=168
PARSING CAST: token=CAST_UNCHECKED isUnchecked=1
PARSING CAST: token=CAST_UNCHECKED isUnchecked=1
[DEBUG parseFuncDecl] nameToken=path_is_abs, peek()==, type=168
PARSING CAST: token=CAST_UNCHECKED isUnchecked=1
PARSING CAST: token=CAST_UNCHECKED isUnchecked=1
[DEBUG parseFuncDecl] nameToken=path_join, peek()==, type=168
PARSING CAST: token=CAST_UNCHECKED isUnchecked=1
PARSING CAST: token=CAST_UNCHECKED isUnchecked=1
PARSING CAST: token=CAST_UNCHECKED isUnchecked=1
PARSING CAST: token=CAST_UNCHECKED isUnchecked=1
PARSING CAST: token=CAST_UNCHECKED isUnchecked=1
PARSING CAST: token=CAST_UNCHECKED isUnchecked=1
PARSING CAST: token=CAST_UNCHECKED isUnchecked=1
PARSING CAST: token=CAST_UNCHECKED isUnchecked=1
[DEBUG parseFuncDecl] nameToken=path_dirname, peek()==, type=168
PARSING CAST: token=CAST_UNCHECKED isUnchecked=1
PARSING CAST: token=CAST_UNCHECKED isUnchecked=1
PARSING CAST: token=CAST_UNCHECKED isUnchecked=1
PARSING CAST: token=CAST_UNCHECKED isUnchecked=1
[DEBUG parseFuncDecl] nameToken=path_basename, peek()==, type=168
PARSING CAST: token=CAST_UNCHECKED isUnchecked=1
PARSING CAST: token=CAST_UNCHECKED isUnchecked=1
PARSING CAST: token=CAST_UNCHECKED isUnchecked=1
PARSING CAST: token=CAST_UNCHECKED isUnchecked=1
[DEBUG parseFuncDecl] nameToken=path_ext, peek()==, type=168
PARSING CAST: token=CAST_UNCHECKED isUnchecked=1
PARSING CAST: token=CAST_UNCHECKED isUnchecked=1
[DEBUG parseFuncDecl] nameToken=path_depth, peek()==, type=168
PARSING CAST: token=CAST_UNCHECKED isUnchecked=1
PARSING CAST: token=CAST_UNCHECKED isUnchecked=1
[DEBUG parseFuncDecl] nameToken=path_has_trailing_slash, peek()==, type=168
PARSING CAST: token=CAST_UNCHECKED isUnchecked=1
PARSING CAST: token=CAST_UNCHECKED isUnchecked=1
[DEBUG parseFuncDecl] nameToken=path_strip_trailing_slash, peek()==, type=168
PARSING CAST: token=CAST_UNCHECKED isUnchecked=1
PARSING CAST: token=CAST_UNCHECKED isUnchecked=1
PARSING CAST: token=CAST_UNCHECKED isUnchecked=1
PARSING CAST: token=CAST_UNCHECKED isUnchecked=1
[DEBUG parseFuncDecl] nameToken=path_normalize, peek()==, type=168
PARSING CAST: token=CAST_UNCHECKED isUnchecked=1
PARSING CAST: token=CAST_UNCHECKED isUnchecked=1
PARSING CAST: token=CAST_UNCHECKED isUnchecked=1
PARSING CAST: token=CAST_UNCHECKED isUnchecked=1
PARSING CAST: token=CAST_UNCHECKED isUnchecked=1
PARSING CAST: token=CAST_UNCHECKED isUnchecked=1
[DEBUG parseFuncDecl] nameToken=clock_gettime, peek()==, type=168
PARSING CAST: token=CAST_UNCHECKED isUnchecked=1
PARSING CAST: token=CAST_UNCHECKED isUnchecked=1
PARSING CAST: token=CAST_UNCHECKED isUnchecked=1
[DEBUG parseFuncDecl] nameToken=clock_getres, peek()==, type=168
PARSING CAST: token=CAST_UNCHECKED isUnchecked=1
PARSING CAST: token=CAST_UNCHECKED isUnchecked=1
PARSING CAST: token=CAST_UNCHECKED isUnchecked=1
[DEBUG parseFuncDecl] nameToken=clock_settime, peek()==, type=168
PARSING CAST: token=CAST_UNCHECKED isUnchecked=1
PARSING CAST: token=CAST_UNCHECKED isUnchecked=1
PARSING CAST: token=CAST_UNCHECKED isUnchecked=1
[DEBUG parseFuncDecl] nameToken=gettimeofday, peek()==, type=168
PARSING CAST: token=CAST_UNCHECKED isUnchecked=1
PARSING CAST: token=CAST_UNCHECKED isUnchecked=1
PARSING CAST: token=CAST_UNCHECKED isUnchecked=1
[DEBUG parseFuncDecl] nameToken=settimeofday, peek()==, type=168
PARSING CAST: token=CAST_UNCHECKED isUnchecked=1
PARSING CAST: token=CAST_UNCHECKED isUnchecked=1
PARSING CAST: token=CAST_UNCHECKED isUnchecked=1
[DEBUG parseFuncDecl] nameToken=nanosleep, peek()==, type=168
PARSING CAST: token=CAST_UNCHECKED isUnchecked=1
PARSING CAST: token=CAST_UNCHECKED isUnchecked=1
PARSING CAST: token=CAST_UNCHECKED isUnchecked=1
[DEBUG parseFuncDecl] nameToken=proc_env_init, peek()==, type=168
PARSING CAST: token=CAST_UNCHECKED isUnchecked=1
PARSING CAST: token=CAST_UNCHECKED isUnchecked=1
PARSING CAST: token=CAST_UNCHECKED isUnchecked=1
PARSING CAST: token=CAST_UNCHECKED isUnchecked=1
[DEBUG parseFuncDecl] nameToken=getenv, peek()==, type=168
PARSING CAST: token=CAST_UNCHECKED isUnchecked=1
PARSING CAST: token=CAST_UNCHECKED isUnchecked=1
PARSING CAST: token=CAST_UNCHECKED isUnchecked=1
[DEBUG parseFuncDecl] nameToken=_env_ensure_heap, peek()==, type=168
[DEBUG parseFuncDecl] nameToken=_env_grow, peek()==, type=168
[DEBUG parseFuncDecl] nameToken=setenv, peek()==, type=168
PARSING CAST: token=CAST_UNCHECKED isUnchecked=1
PARSING CAST: token=CAST_UNCHECKED isUnchecked=1
PARSING CAST: token=CAST_UNCHECKED isUnchecked=1
PARSING CAST: token=CAST_UNCHECKED isUnchecked=1
PARSING CAST: token=CAST_UNCHECKED isUnchecked=1
PARSING CAST: token=CAST_UNCHECKED isUnchecked=1
PARSING CAST: token=CAST_UNCHECKED isUnchecked=1
PARSING CAST: token=CAST_UNCHECKED isUnchecked=1
PARSING CAST: token=CAST_UNCHECKED isUnchecked=1
[DEBUG parseFuncDecl] nameToken=unsetenv, peek()==, type=168
PARSING CAST: token=CAST_UNCHECKED isUnchecked=1
PARSING CAST: token=CAST_UNCHECKED isUnchecked=1
PARSING CAST: token=CAST_UNCHECKED isUnchecked=1
PARSING CAST: token=CAST_UNCHECKED isUnchecked=1
PARSING CAST: token=CAST_UNCHECKED isUnchecked=1
PARSING CAST: token=CAST_UNCHECKED isUnchecked=1
[DEBUG parseFuncDecl] nameToken=putenv, peek()==, type=168
PARSING CAST: token=CAST_UNCHECKED isUnchecked=1
PARSING CAST: token=CAST_UNCHECKED isUnchecked=1
PARSING CAST: token=CAST_UNCHECKED isUnchecked=1
PARSING CAST: token=CAST_UNCHECKED isUnchecked=1
PARSING CAST: token=CAST_UNCHECKED isUnchecked=1
PARSING CAST: token=CAST_UNCHECKED isUnchecked=1
PARSING CAST: token=CAST_UNCHECKED isUnchecked=1
PARSING CAST: token=CAST_UNCHECKED isUnchecked=1
[DEBUG parseFuncDecl] nameToken=clearenv, peek()==, type=168
PARSING CAST: token=CAST_UNCHECKED isUnchecked=1
PARSING CAST: token=CAST_UNCHECKED isUnchecked=1
[DEBUG parseFuncDecl] nameToken=atexit, peek()==, type=168
[DEBUG parseFuncDecl] nameToken=at_quick_exit, peek()==, type=168
[DEBUG parseFuncDecl] nameToken=_proc_run_atexit, peek()==, type=168
[DEBUG parseFuncDecl] nameToken=_proc_run_atqexit, peek()==, type=168
[DEBUG parseFuncDecl] nameToken=_exit, peek()==, type=168
[DEBUG parseFuncDecl] nameToken=_Exit, peek()==, type=168
[DEBUG parseFuncDecl] nameToken=exit, peek()==, type=168
[DEBUG parseFuncDecl] nameToken=quick_exit, peek()==, type=168
[DEBUG parseFuncDecl] nameToken=abort, peek()==, type=168
[DEBUG parseFuncDecl] nameToken=bio_ensure_std_init, peek()==, type=168
PARSING CAST: token=CAST_UNCHECKED isUnchecked=1
PARSING CAST: token=CAST_UNCHECKED isUnchecked=1
PARSING CAST: token=CAST_UNCHECKED isUnchecked=1
PARSING CAST: token=CAST_UNCHECKED isUnchecked=1
PARSING CAST: token=CAST_UNCHECKED isUnchecked=1
PARSING CAST: token=CAST_UNCHECKED isUnchecked=1
[DEBUG parseFuncDecl] nameToken=getchar, peek()==, type=168
[DEBUG parseFuncDecl] nameToken=putchar, peek()==, type=168
[DEBUG parseFuncDecl] nameToken=puts, peek()==, type=168
[DEBUG parseFuncDecl] nameToken=bio_flush_stdout, peek()==, type=168
[DEBUG parseFuncDecl] nameToken=bio_flush_stderr, peek()==, type=168
[DEBUG parseFuncDecl] nameToken=bio_flush_all, peek()==, type=168
[DEBUG parseFuncDecl] nameToken=bio_init_stream, peek()==, type=168
PARSING CAST: token=CAST_UNCHECKED isUnchecked=1
PARSING CAST: token=CAST_UNCHECKED isUnchecked=1
[DEBUG parseFuncDecl] nameToken=fopen, peek()==, type=168
PARSING CAST: token=CAST_UNCHECKED isUnchecked=1
PARSING CAST: token=CAST_UNCHECKED isUnchecked=1
PARSING CAST: token=CAST_UNCHECKED isUnchecked=1
PARSING CAST: token=CAST_UNCHECKED isUnchecked=1
[DEBUG parseFuncDecl] nameToken=fdopen, peek()==, type=168
PARSING CAST: token=CAST_UNCHECKED isUnchecked=1
PARSING CAST: token=CAST_UNCHECKED isUnchecked=1
PARSING CAST: token=CAST_UNCHECKED isUnchecked=1
[DEBUG parseFuncDecl] nameToken=freopen, peek()==, type=168
PARSING CAST: token=CAST_UNCHECKED isUnchecked=1
PARSING CAST: token=CAST_UNCHECKED isUnchecked=1
PARSING CAST: token=CAST_UNCHECKED isUnchecked=1
PARSING CAST: token=CAST_UNCHECKED isUnchecked=1
PARSING CAST: token=CAST_UNCHECKED isUnchecked=1
[DEBUG parseFuncDecl] nameToken=fclose, peek()==, type=168
PARSING CAST: token=CAST_UNCHECKED isUnchecked=1
PARSING CAST: token=CAST_UNCHECKED isUnchecked=1
PARSING CAST: token=CAST_UNCHECKED isUnchecked=1
[DEBUG parseFuncDecl] nameToken=fileno, peek()==, type=168
PARSING CAST: token=CAST_UNCHECKED isUnchecked=1
[DEBUG parseFuncDecl] nameToken=fgetc, peek()==, type=168
PARSING CAST: token=CAST_UNCHECKED isUnchecked=1
PARSING CAST: token=CAST_UNCHECKED isUnchecked=1
PARSING CAST: token=CAST_UNCHECKED isUnchecked=1
PARSING CAST: token=CAST_UNCHECKED isUnchecked=1
PARSING CAST: token=CAST_UNCHECKED isUnchecked=1
PARSING CAST: token=CAST_UNCHECKED isUnchecked=1
[DEBUG parseFuncDecl] nameToken=fputc, peek()==, type=168
PARSING CAST: token=CAST_UNCHECKED isUnchecked=1
PARSING CAST: token=CAST_UNCHECKED isUnchecked=1
PARSING CAST: token=CAST_UNCHECKED isUnchecked=1
PARSING CAST: token=CAST_UNCHECKED isUnchecked=1
PARSING CAST: token=CAST_UNCHECKED isUnchecked=1
[DEBUG parseFuncDecl] nameToken=getc, peek()==, type=168
[DEBUG parseFuncDecl] nameToken=putc, peek()==, type=168
[DEBUG parseFuncDecl] nameToken=ungetc, peek()==, type=168
PARSING CAST: token=CAST_UNCHECKED isUnchecked=1
[DEBUG parseFuncDecl] nameToken=fgets, peek()==, type=168
PARSING CAST: token=CAST_UNCHECKED isUnchecked=1
PARSING CAST: token=CAST_UNCHECKED isUnchecked=1
PARSING CAST: token=CAST_UNCHECKED isUnchecked=1
PARSING CAST: token=CAST_UNCHECKED isUnchecked=1
[DEBUG parseFuncDecl] nameToken=fputs, peek()==, type=168
PARSING CAST: token=CAST_UNCHECKED isUnchecked=1
PARSING CAST: token=CAST_UNCHECKED isUnchecked=1
PARSING CAST: token=CAST_UNCHECKED isUnchecked=1
[DEBUG parseFuncDecl] nameToken=fork, peek()==, type=168
PARSING CAST: token=CAST_UNCHECKED isUnchecked=1
[DEBUG parseFuncDecl] nameToken=vfork, peek()==, type=168
PARSING CAST: token=CAST_UNCHECKED isUnchecked=1
[DEBUG parseFuncDecl] nameToken=getpid, peek()==, type=168
[DEBUG parseFuncDecl] nameToken=getppid, peek()==, type=168
[DEBUG parseFuncDecl] nameToken=getuid, peek()==, type=168
[DEBUG parseFuncDecl] nameToken=geteuid, peek()==, type=168
[DEBUG parseFuncDecl] nameToken=getgid, peek()==, type=168
[DEBUG parseFuncDecl] nameToken=getegid, peek()==, type=168
[DEBUG parseFuncDecl] nameToken=setpgid, peek()==, type=168
PARSING CAST: token=CAST_UNCHECKED isUnchecked=1
[DEBUG parseFuncDecl] nameToken=getpgid, peek()==, type=168
PARSING CAST: token=CAST_UNCHECKED isUnchecked=1
[DEBUG parseFuncDecl] nameToken=getpgrp, peek()==, type=168
[DEBUG parseFuncDecl] nameToken=setsid, peek()==, type=168
PARSING CAST: token=CAST_UNCHECKED isUnchecked=1
[DEBUG parseFuncDecl] nameToken=getsid, peek()==, type=168
PARSING CAST: token=CAST_UNCHECKED isUnchecked=1
[DEBUG parseFuncDecl] nameToken=execve, peek()==, type=168
PARSING CAST: token=CAST_UNCHECKED isUnchecked=1
[DEBUG parseFuncDecl] nameToken=execv, peek()==, type=168
[DEBUG parseFuncDecl] nameToken=execvp, peek()==, type=168
[DEBUG parseFuncDecl] nameToken=execvpe, peek()==, type=168
PARSING CAST: token=CAST_UNCHECKED isUnchecked=1
PARSING CAST: token=CAST_UNCHECKED isUnchecked=1
PARSING CAST: token=CAST_UNCHECKED isUnchecked=1
PARSING CAST: token=CAST_UNCHECKED isUnchecked=1
PARSING CAST: token=CAST_UNCHECKED isUnchecked=1
[DEBUG parseFuncDecl] nameToken=proc_getenv_from, peek()==, type=168
PARSING CAST: token=CAST_UNCHECKED isUnchecked=1
PARSING CAST: token=CAST_UNCHECKED isUnchecked=1
PARSING CAST: token=CAST_UNCHECKED isUnchecked=1
[DEBUG parseFuncDecl] nameToken=execl0, peek()==, type=168
PARSING CAST: token=CAST_UNCHECKED isUnchecked=1
[DEBUG parseFuncDecl] nameToken=execl1, peek()==, type=168
PARSING CAST: token=CAST_UNCHECKED isUnchecked=1
[DEBUG parseFuncDecl] nameToken=execl2, peek()==, type=168
PARSING CAST: token=CAST_UNCHECKED isUnchecked=1
[DEBUG parseFuncDecl] nameToken=execl3, peek()==, type=168
PARSING CAST: token=CAST_UNCHECKED isUnchecked=1
[DEBUG parseFuncDecl] nameToken=execl4, peek()==, type=168
PARSING CAST: token=CAST_UNCHECKED isUnchecked=1
[DEBUG parseFuncDecl] nameToken=execl5, peek()==, type=168
PARSING CAST: token=CAST_UNCHECKED isUnchecked=1
[DEBUG parseFuncDecl] nameToken=execl6, peek()==, type=168
PARSING CAST: token=CAST_UNCHECKED isUnchecked=1
[DEBUG parseFuncDecl] nameToken=execl7, peek()==, type=168
PARSING CAST: token=CAST_UNCHECKED isUnchecked=1
[DEBUG parseFuncDecl] nameToken=execl8, peek()==, type=168
PARSING CAST: token=CAST_UNCHECKED isUnchecked=1
[DEBUG parseFuncDecl] nameToken=execlp1, peek()==, type=168
PARSING CAST: token=CAST_UNCHECKED isUnchecked=1
[DEBUG parseFuncDecl] nameToken=execlp2, peek()==, type=168
PARSING CAST: token=CAST_UNCHECKED isUnchecked=1
[DEBUG parseFuncDecl] nameToken=execlp3, peek()==, type=168
PARSING CAST: token=CAST_UNCHECKED isUnchecked=1
[DEBUG parseFuncDecl] nameToken=execlp4, peek()==, type=168
PARSING CAST: token=CAST_UNCHECKED isUnchecked=1
[DEBUG parseFuncDecl] nameToken=wait_exited, peek()==, type=168
[DEBUG parseFuncDecl] nameToken=wait_exit_code, peek()==, type=168
[DEBUG parseFuncDecl] nameToken=wait_signaled, peek()==, type=168
[DEBUG parseFuncDecl] nameToken=wait_termsig, peek()==, type=168
[DEBUG parseFuncDecl] nameToken=wait_coredump, peek()==, type=168
[DEBUG parseFuncDecl] nameToken=wait_stopped, peek()==, type=168
[DEBUG parseFuncDecl] nameToken=wait_stopsig, peek()==, type=168
[DEBUG parseFuncDecl] nameToken=wait_continued, peek()==, type=168
[DEBUG parseFuncDecl] nameToken=waitpid, peek()==, type=168
PARSING CAST: token=CAST_UNCHECKED isUnchecked=1
[DEBUG parseFuncDecl] nameToken=wait, peek()==, type=168
[DEBUG parseFuncDecl] nameToken=wait3, peek()==, type=168
[DEBUG parseFuncDecl] nameToken=proc_wait_all, peek()==, type=168
[DEBUG parseFuncDecl] nameToken=proc_run, peek()==, type=168
[DEBUG parseFuncDecl] nameToken=sigemptyset, peek()==, type=168
[DEBUG parseFuncDecl] nameToken=sigfillset, peek()==, type=168
[DEBUG parseFuncDecl] nameToken=sigaddset, peek()==, type=168
[DEBUG parseFuncDecl] nameToken=sigdelset, peek()==, type=168
[DEBUG parseFuncDecl] nameToken=sigismember, peek()==, type=168
[DEBUG parseFuncDecl] nameToken=proc_sigreturn_tramp, peek()==, type=168
[DEBUG parseFuncDecl] nameToken=_sigact_encode, peek()==, type=168
PARSING CAST: token=CAST_UNCHECKED isUnchecked=1
PARSING CAST: token=CAST_UNCHECKED isUnchecked=1
[DEBUG parseFuncDecl] nameToken=_sigact_handler, peek()==, type=168
PARSING CAST: token=CAST_UNCHECKED isUnchecked=1
[DEBUG parseFuncDecl] nameToken=sigaction, peek()==, type=168
PARSING CAST: token=CAST_UNCHECKED isUnchecked=1
PARSING CAST: token=CAST_UNCHECKED isUnchecked=1
PARSING CAST: token=CAST_UNCHECKED isUnchecked=1
PARSING CAST: token=CAST_UNCHECKED isUnchecked=1
PARSING CAST: token=CAST_UNCHECKED isUnchecked=1
PARSING CAST: token=CAST_UNCHECKED isUnchecked=1
[DEBUG parseFuncDecl] nameToken=signal, peek()==, type=168
PARSING CAST: token=CAST_UNCHECKED isUnchecked=1
PARSING CAST: token=CAST_UNCHECKED isUnchecked=1
[DEBUG parseFuncDecl] nameToken=sig_ignore, peek()==, type=168
[DEBUG parseFuncDecl] nameToken=sig_default, peek()==, type=168
[DEBUG parseFuncDecl] nameToken=sigprocmask, peek()==, type=168
PARSING CAST: token=CAST_UNCHECKED isUnchecked=1
PARSING CAST: token=CAST_UNCHECKED isUnchecked=1
PARSING CAST: token=CAST_UNCHECKED isUnchecked=1
[DEBUG parseFuncDecl] nameToken=kill, peek()==, type=168
PARSING CAST: token=CAST_UNCHECKED isUnchecked=1
[DEBUG parseFuncDecl] nameToken=raise, peek()==, type=168
PARSING CAST: token=CAST_UNCHECKED isUnchecked=1
[DEBUG parseFuncDecl] nameToken=killpg, peek()==, type=168
[DEBUG parseFuncDecl] nameToken=io_read_some, peek()==, type=168
PARSING CAST: token=CAST_UNCHECKED isUnchecked=1
[DEBUG parseFuncDecl] nameToken=io_read_n, peek()==, type=168
PARSING CAST: token=CAST_UNCHECKED isUnchecked=1
PARSING CAST: token=CAST_UNCHECKED isUnchecked=1
PARSING CAST: token=CAST_UNCHECKED isUnchecked=1
[DEBUG parseFuncDecl] nameToken=io_read_exact, peek()==, type=168
[DEBUG parseFuncDecl] nameToken=io_read_line, peek()==, type=168
PARSING CAST: token=CAST_UNCHECKED isUnchecked=1
PARSING CAST: token=CAST_UNCHECKED isUnchecked=1
PARSING CAST: token=CAST_UNCHECKED isUnchecked=1
PARSING CAST: token=CAST_UNCHECKED isUnchecked=1
PARSING CAST: token=CAST_UNCHECKED isUnchecked=1
[DEBUG parseFuncDecl] nameToken=io_read_until, peek()==, type=168
PARSING CAST: token=CAST_UNCHECKED isUnchecked=1
PARSING CAST: token=CAST_UNCHECKED isUnchecked=1
PARSING CAST: token=CAST_UNCHECKED isUnchecked=1
PARSING CAST: token=CAST_UNCHECKED isUnchecked=1
PARSING CAST: token=CAST_UNCHECKED isUnchecked=1
[DEBUG parseFuncDecl] nameToken=io_read_char, peek()==, type=168
PARSING CAST: token=CAST_UNCHECKED isUnchecked=1
PARSING CAST: token=CAST_UNCHECKED isUnchecked=1
PARSING CAST: token=CAST_UNCHECKED isUnchecked=1
PARSING CAST: token=CAST_UNCHECKED isUnchecked=1
PARSING CAST: token=CAST_UNCHECKED isUnchecked=1
[DEBUG parseFuncDecl] nameToken=io_fprintf0, peek()==, type=168
PARSING CAST: token=CAST_UNCHECKED isUnchecked=1
[DEBUG parseFuncDecl] nameToken=io_printf0, peek()==, type=168
[DEBUG parseFuncDecl] nameToken=io_eprintf0, peek()==, type=168
[DEBUG parseFuncDecl] nameToken=io_fprintf1, peek()==, type=168
PARSING CAST: token=CAST_UNCHECKED isUnchecked=1
[DEBUG parseFuncDecl] nameToken=io_printf1, peek()==, type=168
[DEBUG parseFuncDecl] nameToken=io_eprintf1, peek()==, type=168
[DEBUG parseFuncDecl] nameToken=io_fprintf2, peek()==, type=168
PARSING CAST: token=CAST_UNCHECKED isUnchecked=1
[DEBUG parseFuncDecl] nameToken=io_printf2, peek()==, type=168
[DEBUG parseFuncDecl] nameToken=io_eprintf2, peek()==, type=168
[DEBUG parseFuncDecl] nameToken=io_fprintf3, peek()==, type=168
PARSING CAST: token=CAST_UNCHECKED isUnchecked=1
[DEBUG parseFuncDecl] nameToken=io_printf3, peek()==, type=168
[DEBUG parseFuncDecl] nameToken=io_eprintf3, peek()==, type=168
[DEBUG parseFuncDecl] nameToken=io_fprintf4, peek()==, type=168
PARSING CAST: token=CAST_UNCHECKED isUnchecked=1
[DEBUG parseFuncDecl] nameToken=io_printf4, peek()==, type=168
[DEBUG parseFuncDecl] nameToken=io_eprintf4, peek()==, type=168
[DEBUG parseFuncDecl] nameToken=io_fprintf5, peek()==, type=168
PARSING CAST: token=CAST_UNCHECKED isUnchecked=1
[DEBUG parseFuncDecl] nameToken=io_printf5, peek()==, type=168
[DEBUG parseFuncDecl] nameToken=io_eprintf5, peek()==, type=168
[DEBUG parseFuncDecl] nameToken=io_fprintf6, peek()==, type=168
PARSING CAST: token=CAST_UNCHECKED isUnchecked=1
[DEBUG parseFuncDecl] nameToken=io_printf6, peek()==, type=168
[DEBUG parseFuncDecl] nameToken=io_eprintf6, peek()==, type=168
[DEBUG parseFuncDecl] nameToken=io_fprintf7, peek()==, type=168
PARSING CAST: token=CAST_UNCHECKED isUnchecked=1
[DEBUG parseFuncDecl] nameToken=io_printf7, peek()==, type=168
[DEBUG parseFuncDecl] nameToken=io_eprintf7, peek()==, type=168
[DEBUG parseFuncDecl] nameToken=io_fprintf8, peek()==, type=168
PARSING CAST: token=CAST_UNCHECKED isUnchecked=1
[DEBUG parseFuncDecl] nameToken=io_printf8, peek()==, type=168
[DEBUG parseFuncDecl] nameToken=io_eprintf8, peek()==, type=168
[DEBUG parseFuncDecl] nameToken=io_dprintf0, peek()==, type=168
[DEBUG parseFuncDecl] nameToken=io_dprintf1, peek()==, type=168
[DEBUG parseFuncDecl] nameToken=io_dprintf2, peek()==, type=168
[DEBUG parseFuncDecl] nameToken=io_dprintf3, peek()==, type=168
[DEBUG parseFuncDecl] nameToken=io_sprintf0, peek()==, type=168
[DEBUG parseFuncDecl] nameToken=io_sprintf1, peek()==, type=168
[DEBUG parseFuncDecl] nameToken=io_sprintf2, peek()==, type=168
[DEBUG parseFuncDecl] nameToken=io_sprintf3, peek()==, type=168
[DEBUG parseFuncDecl] nameToken=io_sprintf4, peek()==, type=168
[DEBUG parseFuncDecl] nameToken=io_sprintf5, peek()==, type=168
[DEBUG parseFuncDecl] nameToken=io_sprintf6, peek()==, type=168
[DEBUG parseFuncDecl] nameToken=io_sprintf7, peek()==, type=168
[DEBUG parseFuncDecl] nameToken=io_sprintf8, peek()==, type=168
[DEBUG parseFuncDecl] nameToken=io_perror, peek()==, type=168
PARSING CAST: token=CAST_UNCHECKED isUnchecked=1
PARSING CAST: token=CAST_UNCHECKED isUnchecked=1
PARSING CAST: token=CAST_UNCHECKED isUnchecked=1
PARSING CAST: token=CAST_UNCHECKED isUnchecked=1
PARSING CAST: token=CAST_UNCHECKED isUnchecked=1
PARSING CAST: token=CAST_UNCHECKED isUnchecked=1
PARSING CAST: token=CAST_UNCHECKED isUnchecked=1
[DEBUG parseFuncDecl] nameToken=io_open, peek()==, type=168
PARSING CAST: token=CAST_UNCHECKED isUnchecked=1
[DEBUG parseFuncDecl] nameToken=io_open_inheritable, peek()==, type=168
PARSING CAST: token=CAST_UNCHECKED isUnchecked=1
[DEBUG parseFuncDecl] nameToken=io_openat, peek()==, type=168
PARSING CAST: token=CAST_UNCHECKED isUnchecked=1
[DEBUG parseFuncDecl] nameToken=io_creat, peek()==, type=168
[DEBUG parseFuncDecl] nameToken=io_close, peek()==, type=168
PARSING CAST: token=CAST_UNCHECKED isUnchecked=1
[DEBUG parseFuncDecl] nameToken=io_close_nointr, peek()==, type=168
PARSING CAST: token=CAST_UNCHECKED isUnchecked=1
PARSING CAST: token=CAST_UNCHECKED isUnchecked=1
[DEBUG parseFuncDecl] nameToken=io_open_tmp, peek()==, type=168
PARSING CAST: token=CAST_UNCHECKED isUnchecked=1
[DEBUG parseFuncDecl] nameToken=io_seek, peek()==, type=168
PARSING CAST: token=CAST_UNCHECKED isUnchecked=1
[DEBUG parseFuncDecl] nameToken=io_seek_cur, peek()==, type=168
PARSING CAST: token=CAST_UNCHECKED isUnchecked=1
[DEBUG parseFuncDecl] nameToken=io_seek_end, peek()==, type=168
PARSING CAST: token=CAST_UNCHECKED isUnchecked=1
[DEBUG parseFuncDecl] nameToken=io_tell, peek()==, type=168
PARSING CAST: token=CAST_UNCHECKED isUnchecked=1
[DEBUG parseFuncDecl] nameToken=io_rewind, peek()==, type=168
PARSING CAST: token=CAST_UNCHECKED isUnchecked=1
[DEBUG parseFuncDecl] nameToken=io_file_size, peek()==, type=168
PARSING CAST: token=CAST_UNCHECKED isUnchecked=1
[DEBUG parseFuncDecl] nameToken=io_lseek, peek()==, type=168
PARSING CAST: token=CAST_UNCHECKED isUnchecked=1
PARSING CAST: token=CAST_UNCHECKED isUnchecked=1
[DEBUG parseFuncDecl] nameToken=io_dup, peek()==, type=168
PARSING CAST: token=CAST_UNCHECKED isUnchecked=1
[DEBUG parseFuncDecl] nameToken=io_dup_cloexec, peek()==, type=168
PARSING CAST: token=CAST_UNCHECKED isUnchecked=1
[DEBUG parseFuncDecl] nameToken=io_dup2, peek()==, type=168
PARSING CAST: token=CAST_UNCHECKED isUnchecked=1
[DEBUG parseFuncDecl] nameToken=io_dup3, peek()==, type=168
PARSING CAST: token=CAST_UNCHECKED isUnchecked=1
PARSING CAST: token=CAST_UNCHECKED isUnchecked=1
[DEBUG parseFuncDecl] nameToken=io_redirect, peek()==, type=168
PARSING CAST: token=CAST_UNCHECKED isUnchecked=1
[DEBUG parseFuncDecl] nameToken=io_pipe, peek()==, type=168
PARSING CAST: token=CAST_UNCHECKED isUnchecked=1
[DEBUG parseFuncDecl] nameToken=io_pipe_nonblock, peek()==, type=168
PARSING CAST: token=CAST_UNCHECKED isUnchecked=1
[DEBUG parseFuncDecl] nameToken=io_pipe_raw, peek()==, type=168
PARSING CAST: token=CAST_UNCHECKED isUnchecked=1
[DEBUG parseFuncDecl] nameToken=io_pipe_read_fd, peek()==, type=168
PARSING CAST: token=CAST_UNCHECKED isUnchecked=1
[DEBUG parseFuncDecl] nameToken=io_pipe_write_fd, peek()==, type=168
PARSING CAST: token=CAST_UNCHECKED isUnchecked=1
[DEBUG parseFuncDecl] nameToken=io_get_cloexec, peek()==, type=168
PARSING CAST: token=CAST_UNCHECKED isUnchecked=1
[DEBUG parseFuncDecl] nameToken=io_set_cloexec, peek()==, type=168
PARSING CAST: token=CAST_UNCHECKED isUnchecked=1
[DEBUG parseFuncDecl] nameToken=io_get_status_flags, peek()==, type=168
PARSING CAST: token=CAST_UNCHECKED isUnchecked=1
[DEBUG parseFuncDecl] nameToken=io_set_status_flags, peek()==, type=168
PARSING CAST: token=CAST_UNCHECKED isUnchecked=1
[DEBUG parseFuncDecl] nameToken=io_set_nonblocking, peek()==, type=168
PARSING CAST: token=CAST_UNCHECKED isUnchecked=1
[DEBUG parseFuncDecl] nameToken=io_set_blocking, peek()==, type=168
PARSING CAST: token=CAST_UNCHECKED isUnchecked=1
[DEBUG parseFuncDecl] nameToken=io_is_nonblocking, peek()==, type=168
PARSING CAST: token=CAST_UNCHECKED isUnchecked=1
[DEBUG parseFuncDecl] nameToken=io_set_append, peek()==, type=168
PARSING CAST: token=CAST_UNCHECKED isUnchecked=1
[DEBUG parseFuncDecl] nameToken=io_clear_append, peek()==, type=168
PARSING CAST: token=CAST_UNCHECKED isUnchecked=1
[DEBUG parseFuncDecl] nameToken=io_dupfd, peek()==, type=168
PARSING CAST: token=CAST_UNCHECKED isUnchecked=1
[DEBUG parseFuncDecl] nameToken=io_dupfd_cloexec, peek()==, type=168
PARSING CAST: token=CAST_UNCHECKED isUnchecked=1
[DEBUG parseFuncDecl] nameToken=io_fcntl_setown, peek()==, type=168
PARSING CAST: token=CAST_UNCHECKED isUnchecked=1
[DEBUG parseFuncDecl] nameToken=io_fcntl_getown, peek()==, type=168
PARSING CAST: token=CAST_UNCHECKED isUnchecked=1
[DEBUG parseFuncDecl] nameToken=io_fcntl, peek()==, type=168
PARSING CAST: token=CAST_UNCHECKED isUnchecked=1
CHECKING ERR RETURN int64
CHECKING ERR RETURN int64
PARSING CAST: token=CAST_UNCHECKED isUnchecked=1
PARSING CAST: token=CAST_UNCHECKED isUnchecked=1
PARSING CAST: token=CAST_UNCHECKED isUnchecked=1
PARSING CAST: token=CAST_UNCHECKED isUnchecked=1
PARSING CAST: token=CAST_UNCHECKED isUnchecked=1
PARSING CAST: token=CAST_UNCHECKED isUnchecked=1
PARSING CAST: token=CAST_UNCHECKED isUnchecked=1
PARSING CAST: token=CAST_UNCHECKED isUnchecked=1
PARSING CAST: token=CAST_UNCHECKED isUnchecked=1
PARSING CAST: token=CAST_UNCHECKED isUnchecked=1
PARSING CAST: token=CAST_UNCHECKED isUnchecked=1
PARSING CAST: token=CAST_UNCHECKED isUnchecked=1
PARSING CAST: token=CAST_UNCHECKED isUnchecked=1
PARSING CAST: token=CAST_UNCHECKED isUnchecked=1
PARSING CAST: token=CAST_UNCHECKED isUnchecked=1
PARSING CAST: token=CAST_UNCHECKED isUnchecked=1
PARSING CAST: token=CAST_UNCHECKED isUnchecked=1
PARSING CAST: token=CAST_UNCHECKED isUnchecked=1
PARSING CAST: token=CAST_UNCHECKED isUnchecked=1
PARSING CAST: token=CAST_UNCHECKED isUnchecked=1
PARSING CAST: token=CAST_UNCHECKED isUnchecked=1
PARSING CAST: token=CAST_UNCHECKED isUnchecked=1
PARSING CAST: token=CAST_UNCHECKED isUnchecked=1
PARSING CAST: token=CAST_UNCHECKED isUnchecked=1
PARSING CAST: token=CAST_UNCHECKED isUnchecked=1
PARSING CAST: token=CAST_UNCHECKED isUnchecked=1
PARSING CAST: token=CAST_UNCHECKED isUnchecked=1
PARSING CAST: token=CAST_UNCHECKED isUnchecked=1
PARSING CAST: token=CAST_UNCHECKED isUnchecked=1
PARSING CAST: token=CAST_UNCHECKED isUnchecked=1
PARSING CAST: token=CAST_UNCHECKED isUnchecked=1
PARSING CAST: token=CAST_UNCHECKED isUnchecked=1
PARSING CAST: token=CAST_UNCHECKED isUnchecked=1
PARSING CAST: token=CAST_UNCHECKED isUnchecked=1
PARSING CAST: token=CAST_UNCHECKED isUnchecked=1
PARSING CAST: token=CAST_UNCHECKED isUnchecked=1
PARSING CAST: token=CAST_UNCHECKED isUnchecked=1
PARSING CAST: token=CAST_UNCHECKED isUnchecked=1
PARSING CAST: token=CAST_UNCHECKED isUnchecked=1
PARSING CAST: token=CAST_UNCHECKED isUnchecked=1
PARSING CAST: token=CAST_UNCHECKED isUnchecked=1
PARSING CAST: token=CAST_UNCHECKED isUnchecked=1
PARSING CAST: token=CAST_UNCHECKED isUnchecked=1
PARSING CAST: token=CAST_UNCHECKED isUnchecked=1
PARSING CAST: token=CAST_UNCHECKED isUnchecked=1
PARSING CAST: token=CAST_UNCHECKED isUnchecked=1
PARSING CAST: token=CAST_UNCHECKED isUnchecked=1
PARSING CAST: token=CAST_UNCHECKED isUnchecked=1
PARSING CAST: token=CAST_UNCHECKED isUnchecked=1
PARSING CAST: token=CAST_UNCHECKED isUnchecked=1
PARSING CAST: token=CAST_UNCHECKED isUnchecked=1
PARSING CAST: token=CAST_UNCHECKED isUnchecked=1
PARSING CAST: token=CAST_UNCHECKED isUnchecked=1
PARSING CAST: token=CAST_UNCHECKED isUnchecked=1
PARSING CAST: token=CAST_UNCHECKED isUnchecked=1
PARSING CAST: token=CAST_UNCHECKED isUnchecked=1
PARSING CAST: token=CAST_UNCHECKED isUnchecked=1
PARSING CAST: token=CAST_UNCHECKED isUnchecked=1
PARSING CAST: token=CAST_UNCHECKED isUnchecked=1
PARSING CAST: token=CAST_UNCHECKED isUnchecked=1
PARSING CAST: token=CAST_UNCHECKED isUnchecked=1
PARSING CAST: token=CAST_UNCHECKED isUnchecked=1
PARSING CAST: token=CAST_UNCHECKED isUnchecked=1
PARSING CAST: token=CAST_UNCHECKED isUnchecked=1
PARSING CAST: token=CAST_UNCHECKED isUnchecked=1
PARSING CAST: token=CAST_UNCHECKED isUnchecked=1
PARSING CAST: token=CAST_UNCHECKED isUnchecked=1
PARSING CAST: token=CAST_UNCHECKED isUnchecked=1
PARSING CAST: token=CAST_UNCHECKED isUnchecked=1
PARSING CAST: token=CAST_UNCHECKED isUnchecked=1
PARSING CAST: token=CAST_UNCHECKED isUnchecked=1
PARSING CAST: token=CAST_UNCHECKED isUnchecked=1
PARSING CAST: token=CAST_UNCHECKED isUnchecked=1
PARSING CAST: token=CAST_UNCHECKED isUnchecked=1
PARSING CAST: token=CAST_UNCHECKED isUnchecked=1
PARSING CAST: token=CAST_UNCHECKED isUnchecked=1
PARSING CAST: token=CAST_UNCHECKED isUnchecked=1
PARSING CAST: token=CAST_UNCHECKED isUnchecked=1
PARSING CAST: token=CAST_UNCHECKED isUnchecked=1
[DEBUG parseFuncDecl] nameToken=strerror, peek()==, type=168
PARSING CAST: token=CAST_UNCHECKED isUnchecked=1
PARSING CAST: token=CAST_UNCHECKED isUnchecked=1
PARSING CAST: token=CAST_UNCHECKED isUnchecked=1
PARSING CAST: token=CAST_UNCHECKED isUnchecked=1
PARSING CAST: token=CAST_UNCHECKED isUnchecked=1
PARSING CAST: token=CAST_UNCHECKED isUnchecked=1
PARSING CAST: token=CAST_UNCHECKED isUnchecked=1
PARSING CAST: token=CAST_UNCHECKED isUnchecked=1
PARSING CAST: token=CAST_UNCHECKED isUnchecked=1
[DEBUG parseFuncDecl] nameToken=strerror_r, peek()==, type=168
PARSING CAST: token=CAST_UNCHECKED isUnchecked=1
[DEBUG parseFuncDecl] nameToken=perror, peek()==, type=168
PARSING CAST: token=CAST_UNCHECKED isUnchecked=1
PARSING CAST: token=CAST_UNCHECKED isUnchecked=1
[DEBUG parseFuncDecl] nameToken=feof, peek()==, type=168
PARSING CAST: token=CAST_UNCHECKED isUnchecked=1
[DEBUG parseFuncDecl] nameToken=ferror, peek()==, type=168
PARSING CAST: token=CAST_UNCHECKED isUnchecked=1
[DEBUG parseFuncDecl] nameToken=clearerr, peek()==, type=168
PARSING CAST: token=CAST_UNCHECKED isUnchecked=1
[DEBUG parseFuncDecl] nameToken=setvbuf, peek()==, type=168
PARSING CAST: token=CAST_UNCHECKED isUnchecked=1
[DEBUG parseFuncDecl] nameToken=setbuf, peek()==, type=168
[DEBUG parseFuncDecl] nameToken=setlinebuf, peek()==, type=168
[DEBUG parseFuncDecl] nameToken=fseek, peek()==, type=168
PARSING CAST: token=CAST_UNCHECKED isUnchecked=1
PARSING CAST: token=CAST_UNCHECKED isUnchecked=1
PARSING CAST: token=CAST_UNCHECKED isUnchecked=1
[DEBUG parseFuncDecl] nameToken=ftell, peek()==, type=168
PARSING CAST: token=CAST_UNCHECKED isUnchecked=1
[DEBUG parseFuncDecl] nameToken=rewind, peek()==, type=168
PARSING CAST: token=CAST_UNCHECKED isUnchecked=1
[DEBUG parseFuncDecl] nameToken=fgetpos, peek()==, type=168
PARSING CAST: token=CAST_UNCHECKED isUnchecked=1
[DEBUG parseFuncDecl] nameToken=fsetpos, peek()==, type=168
PARSING CAST: token=CAST_UNCHECKED isUnchecked=1
[DEBUG parseFuncDecl] nameToken=bio_fprint_rendered, peek()==, type=168
[DEBUG parseFuncDecl] nameToken=fprintf0, peek()==, type=168
PARSING CAST: token=CAST_UNCHECKED isUnchecked=1
[DEBUG parseFuncDecl] nameToken=printf0, peek()==, type=168
[DEBUG parseFuncDecl] nameToken=eprintf0, peek()==, type=168
[DEBUG parseFuncDecl] nameToken=fprintf1, peek()==, type=168
PARSING CAST: token=CAST_UNCHECKED isUnchecked=1
[DEBUG parseFuncDecl] nameToken=printf1, peek()==, type=168
[DEBUG parseFuncDecl] nameToken=eprintf1, peek()==, type=168
[DEBUG parseFuncDecl] nameToken=fprintf2, peek()==, type=168
PARSING CAST: token=CAST_UNCHECKED isUnchecked=1
[DEBUG parseFuncDecl] nameToken=printf2, peek()==, type=168
[DEBUG parseFuncDecl] nameToken=eprintf2, peek()==, type=168
[DEBUG parseFuncDecl] nameToken=fprintf3, peek()==, type=168
PARSING CAST: token=CAST_UNCHECKED isUnchecked=1
[DEBUG parseFuncDecl] nameToken=printf3, peek()==, type=168
[DEBUG parseFuncDecl] nameToken=eprintf3, peek()==, type=168
[DEBUG parseFuncDecl] nameToken=fprintf4, peek()==, type=168
PARSING CAST: token=CAST_UNCHECKED isUnchecked=1
[DEBUG parseFuncDecl] nameToken=printf4, peek()==, type=168
[DEBUG parseFuncDecl] nameToken=eprintf4, peek()==, type=168
[DEBUG parseFuncDecl] nameToken=fprintf5, peek()==, type=168
PARSING CAST: token=CAST_UNCHECKED isUnchecked=1
[DEBUG parseFuncDecl] nameToken=printf5, peek()==, type=168
[DEBUG parseFuncDecl] nameToken=eprintf5, peek()==, type=168
[DEBUG parseFuncDecl] nameToken=fprintf6, peek()==, type=168
PARSING CAST: token=CAST_UNCHECKED isUnchecked=1
[DEBUG parseFuncDecl] nameToken=printf6, peek()==, type=168
[DEBUG parseFuncDecl] nameToken=eprintf6, peek()==, type=168
[DEBUG parseFuncDecl] nameToken=fprintf7, peek()==, type=168
PARSING CAST: token=CAST_UNCHECKED isUnchecked=1
[DEBUG parseFuncDecl] nameToken=printf7, peek()==, type=168
[DEBUG parseFuncDecl] nameToken=eprintf7, peek()==, type=168
[DEBUG parseFuncDecl] nameToken=fprintf8, peek()==, type=168
PARSING CAST: token=CAST_UNCHECKED isUnchecked=1
[DEBUG parseFuncDecl] nameToken=printf8, peek()==, type=168
[DEBUG parseFuncDecl] nameToken=eprintf8, peek()==, type=168
[DEBUG parseFuncDecl] nameToken=asprintf0, peek()==, type=168
PARSING CAST: token=CAST_UNCHECKED isUnchecked=1
PARSING CAST: token=CAST_UNCHECKED isUnchecked=1
[DEBUG parseFuncDecl] nameToken=asprintf1, peek()==, type=168
PARSING CAST: token=CAST_UNCHECKED isUnchecked=1
PARSING CAST: token=CAST_UNCHECKED isUnchecked=1
[DEBUG parseFuncDecl] nameToken=asprintf2, peek()==, type=168
PARSING CAST: token=CAST_UNCHECKED isUnchecked=1
PARSING CAST: token=CAST_UNCHECKED isUnchecked=1
[DEBUG parseFuncDecl] nameToken=asprintf3, peek()==, type=168
PARSING CAST: token=CAST_UNCHECKED isUnchecked=1
PARSING CAST: token=CAST_UNCHECKED isUnchecked=1
[DEBUG parseFuncDecl] nameToken=asprintf4, peek()==, type=168
PARSING CAST: token=CAST_UNCHECKED isUnchecked=1
PARSING CAST: token=CAST_UNCHECKED isUnchecked=1
[DEBUG parseFuncDecl] nameToken=bio_scan_getc, peek()==, type=168
PARSING CAST: token=CAST_UNCHECKED isUnchecked=1
PARSING CAST: token=CAST_UNCHECKED isUnchecked=1
PARSING CAST: token=CAST_UNCHECKED isUnchecked=1
[DEBUG parseFuncDecl] nameToken=bio_scan_ungetc, peek()==, type=168
PARSING CAST: token=CAST_UNCHECKED isUnchecked=1
[DEBUG parseFuncDecl] nameToken=bio_scan_skip_ws, peek()==, type=168
[DEBUG parseFuncDecl] nameToken=bio_scan_int, peek()==, type=168
PARSING CAST: token=CAST_UNCHECKED isUnchecked=1
PARSING CAST: token=CAST_UNCHECKED isUnchecked=1
PARSING CAST: token=CAST_UNCHECKED isUnchecked=1
[DEBUG parseFuncDecl] nameToken=bio_scan_str, peek()==, type=168
PARSING CAST: token=CAST_UNCHECKED isUnchecked=1
PARSING CAST: token=CAST_UNCHECKED isUnchecked=1
PARSING CAST: token=CAST_UNCHECKED isUnchecked=1
PARSING CAST: token=CAST_UNCHECKED isUnchecked=1
PARSING CAST: token=CAST_UNCHECKED isUnchecked=1
[DEBUG parseFuncDecl] nameToken=bio_scan_engine, peek()==, type=168
PARSING CAST: token=CAST_UNCHECKED isUnchecked=1
PARSING CAST: token=CAST_UNCHECKED isUnchecked=1
PARSING CAST: token=CAST_UNCHECKED isUnchecked=1
PARSING CAST: token=CAST_UNCHECKED isUnchecked=1
PARSING CAST: token=CAST_UNCHECKED isUnchecked=1
PARSING CAST: token=CAST_UNCHECKED isUnchecked=1
PARSING CAST: token=CAST_UNCHECKED isUnchecked=1
[DEBUG parseFuncDecl] nameToken=fscanf0, peek()==, type=168
PARSING CAST: token=CAST_UNCHECKED isUnchecked=1
[DEBUG parseFuncDecl] nameToken=fscanf1, peek()==, type=168
PARSING CAST: token=CAST_UNCHECKED isUnchecked=1
PARSING CAST: token=CAST_UNCHECKED isUnchecked=1
[DEBUG parseFuncDecl] nameToken=fscanf2, peek()==, type=168
PARSING CAST: token=CAST_UNCHECKED isUnchecked=1
PARSING CAST: token=CAST_UNCHECKED isUnchecked=1
[DEBUG parseFuncDecl] nameToken=fscanf3, peek()==, type=168
PARSING CAST: token=CAST_UNCHECKED isUnchecked=1
PARSING CAST: token=CAST_UNCHECKED isUnchecked=1
[DEBUG parseFuncDecl] nameToken=fscanf4, peek()==, type=168
PARSING CAST: token=CAST_UNCHECKED isUnchecked=1
PARSING CAST: token=CAST_UNCHECKED isUnchecked=1
[DEBUG parseFuncDecl] nameToken=fscanf5, peek()==, type=168
PARSING CAST: token=CAST_UNCHECKED isUnchecked=1
PARSING CAST: token=CAST_UNCHECKED isUnchecked=1
[DEBUG parseFuncDecl] nameToken=fscanf6, peek()==, type=168
PARSING CAST: token=CAST_UNCHECKED isUnchecked=1
PARSING CAST: token=CAST_UNCHECKED isUnchecked=1
[DEBUG parseFuncDecl] nameToken=fscanf7, peek()==, type=168
PARSING CAST: token=CAST_UNCHECKED isUnchecked=1
PARSING CAST: token=CAST_UNCHECKED isUnchecked=1
[DEBUG parseFuncDecl] nameToken=fscanf8, peek()==, type=168
PARSING CAST: token=CAST_UNCHECKED isUnchecked=1
PARSING CAST: token=CAST_UNCHECKED isUnchecked=1
[DEBUG parseFuncDecl] nameToken=sscanf0, peek()==, type=168
PARSING CAST: token=CAST_UNCHECKED isUnchecked=1
[DEBUG parseFuncDecl] nameToken=sscanf1, peek()==, type=168
PARSING CAST: token=CAST_UNCHECKED isUnchecked=1
PARSING CAST: token=CAST_UNCHECKED isUnchecked=1
[DEBUG parseFuncDecl] nameToken=sscanf2, peek()==, type=168
PARSING CAST: token=CAST_UNCHECKED isUnchecked=1
PARSING CAST: token=CAST_UNCHECKED isUnchecked=1
[DEBUG parseFuncDecl] nameToken=sscanf3, peek()==, type=168
PARSING CAST: token=CAST_UNCHECKED isUnchecked=1
PARSING CAST: token=CAST_UNCHECKED isUnchecked=1
[DEBUG parseFuncDecl] nameToken=sscanf4, peek()==, type=168
PARSING CAST: token=CAST_UNCHECKED isUnchecked=1
PARSING CAST: token=CAST_UNCHECKED isUnchecked=1
[DEBUG parseFuncDecl] nameToken=sscanf5, peek()==, type=168
PARSING CAST: token=CAST_UNCHECKED isUnchecked=1
PARSING CAST: token=CAST_UNCHECKED isUnchecked=1
[DEBUG parseFuncDecl] nameToken=sscanf6, peek()==, type=168
PARSING CAST: token=CAST_UNCHECKED isUnchecked=1
PARSING CAST: token=CAST_UNCHECKED isUnchecked=1
[DEBUG parseFuncDecl] nameToken=sscanf7, peek()==, type=168
PARSING CAST: token=CAST_UNCHECKED isUnchecked=1
PARSING CAST: token=CAST_UNCHECKED isUnchecked=1
[DEBUG parseFuncDecl] nameToken=sscanf8, peek()==, type=168
PARSING CAST: token=CAST_UNCHECKED isUnchecked=1
PARSING CAST: token=CAST_UNCHECKED isUnchecked=1
[DEBUG parseFuncDecl] nameToken=scanf0, peek()==, type=168
[DEBUG parseFuncDecl] nameToken=scanf1, peek()==, type=168
[DEBUG parseFuncDecl] nameToken=scanf2, peek()==, type=168
[DEBUG parseFuncDecl] nameToken=scanf3, peek()==, type=168
[DEBUG parseFuncDecl] nameToken=scanf4, peek()==, type=168
[DEBUG parseFuncDecl] nameToken=scanf5, peek()==, type=168
[DEBUG parseFuncDecl] nameToken=scanf6, peek()==, type=168
[DEBUG parseFuncDecl] nameToken=scanf7, peek()==, type=168
[DEBUG parseFuncDecl] nameToken=scanf8, peek()==, type=168
PARSING CAST: token=CAST_UNCHECKED isUnchecked=1
PARSING CAST: token=CAST_UNCHECKED isUnchecked=1
[DEBUG parseFuncDecl] nameToken=tmpfile_get_entropy, peek()==, type=168
[DEBUG parseFuncDecl] nameToken=tmpfile_fill_hex, peek()==, type=168
PARSING CAST: token=CAST_UNCHECKED isUnchecked=1
PARSING CAST: token=CAST_UNCHECKED isUnchecked=1
[DEBUG parseFuncDecl] nameToken=mkstemp, peek()==, type=168
[DEBUG parseFuncDecl] nameToken=mkostemp, peek()==, type=168
PARSING CAST: token=CAST_UNCHECKED isUnchecked=1
PARSING CAST: token=CAST_UNCHECKED isUnchecked=1
[DEBUG parseFuncDecl] nameToken=mkdtemp, peek()==, type=168
PARSING CAST: token=CAST_UNCHECKED isUnchecked=1
PARSING CAST: token=CAST_UNCHECKED isUnchecked=1
[DEBUG parseFuncDecl] nameToken=tmpfile, peek()==, type=168
PARSING CAST: token=CAST_UNCHECKED isUnchecked=1
PARSING CAST: token=CAST_UNCHECKED isUnchecked=1
PARSING CAST: token=CAST_UNCHECKED isUnchecked=1
PARSING CAST: token=CAST_UNCHECKED isUnchecked=1
PARSING CAST: token=CAST_UNCHECKED isUnchecked=1
PARSING CAST: token=CAST_UNCHECKED isUnchecked=1
PARSING CAST: token=CAST_UNCHECKED isUnchecked=1
PARSING CAST: token=CAST_UNCHECKED isUnchecked=1
[DEBUG parseFuncDecl] nameToken=tmpnam, peek()==, type=168
PARSING CAST: token=CAST_UNCHECKED isUnchecked=1
PARSING CAST: token=CAST_UNCHECKED isUnchecked=1
PARSING CAST: token=CAST_UNCHECKED isUnchecked=1
PARSING CAST: token=CAST_UNCHECKED isUnchecked=1
PARSING CAST: token=CAST_UNCHECKED isUnchecked=1
[1msrc/all.npk:0:0: [0m[1;31merror[0m: [1mLine 72, Column 12: Logical NOT requires 'bool' type, got 'Result<bool>'. Use explicit comparison (e.g., x == 0) instead of truthiness.[0m

[1msrc/all.npk:0:0: [0m[1;31merror[0m: [1mLine 116, Column 30: Logical NOT requires 'bool' type, got 'Result<bool>'. Use explicit comparison (e.g., x == 0) instead of truthiness.[0m

[1msrc/all.npk:0:0: [0m[1;31merror[0m: [1mLogical operator requires 'bool' type on right side, got 'Result<bool>'. Use explicit comparison (e.g., x != 0) instead of truthiness.[0m

[1msrc/all.npk:0:0: [0m[1;31merror[0m: [1mLine 214, Column 9: Cannot silently unwrap Result<uint8> into 'ca' of type 'uint8'. Declare as Result<uint8> and check .is_error, or use 'raw expr' to explicitly assert the call cannot fail.[0m

[1msrc/all.npk:0:0: [0m[1;31merror[0m: [1mLine 215, Column 9: Cannot silently unwrap Result<uint8> into 'cb' of type 'uint8'. Declare as Result<uint8> and check .is_error, or use 'raw expr' to explicitly assert the call cannot fail.[0m

[1msrc/all.npk:0:0: [0m[1;31merror[0m: [1mLine 216, Column 13: Undefined identifier: 'ca'. Did you mean 'pa'?[0m

[1msrc/all.npk:0:0: [0m[1;31merror[0m: [1mLine 216, Column 19: Undefined identifier: 'cb'. Did you mean 'pb'?[0m

[1msrc/all.npk:0:0: [0m[1;31merror[0m: [1mLine 220, Column 13: Undefined identifier: 'ca'. Did you mean 'pa'?[0m

[1msrc/all.npk:0:0: [0m[1;31merror[0m: [1mLine 252, Column 9: Cannot silently unwrap Result<uint8> into 'ca' of type 'uint8'. Declare as Result<uint8> and check .is_error, or use 'raw expr' to explicitly assert the call cannot fail.[0m

[1msrc/all.npk:0:0: [0m[1;31merror[0m: [1mLine 253, Column 9: Cannot silently unwrap Result<uint8> into 'cb' of type 'uint8'. Declare as Result<uint8> and check .is_error, or use 'raw expr' to explicitly assert the call cannot fail.[0m

[1msrc/all.npk:0:0: [0m[1;31merror[0m: [1mLine 254, Column 13: Undefined identifier: 'ca'. Did you mean 'pa'?[0m

[1msrc/all.npk:0:0: [0m[1;31merror[0m: [1mLine 254, Column 19: Undefined identifier: 'cb'. Did you mean 'pb'?[0m

[1msrc/all.npk:0:0: [0m[1;31merror[0m: [1mLine 258, Column 13: Undefined identifier: 'ca'. Did you mean 'pa'?[0m

[1msrc/all.npk:0:0: [0m[1;31merror[0m: [1mLine 203, Column 5: Cannot silently unwrap Result<uint8> into 'first_lo' of type 'uint8'. Declare as Result<uint8> and check .is_error, or use 'raw expr' to explicitly assert the call cannot fail.[0m

[1msrc/all.npk:0:0: [0m[1;31merror[0m: [1mLine 207, Column 37: Undefined identifier: 'first_lo'[0m

[1msrc/all.npk:0:0: [0m[1;31merror[0m: [1mLine 251, Column 41: Bitwise operators require same integer type on both sides. Got 'uint8' and 'bool'.[0m

[1msrc/all.npk:0:0: [0m[1;31merror[0m: [1mLine 273, Column 25: if condition must be 'bool' type, got 'Result<bool>'. Use explicit comparison (e.g., x != 0) instead of truthiness.[0m

[1msrc/all.npk:0:0: [0m[1;31merror[0m: [1mLogical operator requires 'bool' type on right side, got 'Result<bool>'. Use explicit comparison (e.g., x != 0) instead of truthiness.[0m

[1msrc/all.npk:0:0: [0m[1;31merror[0m: [1mLine 333, Column 27: Logical NOT requires 'bool' type, got 'Result<bool>'. Use explicit comparison (e.g., x == 0) instead of truthiness.[0m

[1msrc/all.npk:0:0: [0m[1;31merror[0m: [1mLine 171, Column 10: Member access (.) requires struct, object, or union type, got 'int64'. Use -> for pointer member access.[0m

[1msrc/all.npk:0:0: [0m[1;31merror[0m: [1mLine 176, Column 22: Member access (.) requires struct, object, or union type, got 'int64'. Use -> for pointer member access.[0m

[1msrc/all.npk:0:0: [0m[1;31merror[0m: [1mLine 178, Column 11: Member access (.) requires struct, object, or union type, got 'int64'. Use -> for pointer member access.[0m

[1msrc/all.npk:0:0: [0m[1;31merror[0m: [1mLine 204, Column 10: Member access (.) requires struct, object, or union type, got 'int64'. Use -> for pointer member access.[0m

[1msrc/all.npk:0:0: [0m[1;31merror[0m: [1mLine 209, Column 22: Member access (.) requires struct, object, or union type, got 'int64'. Use -> for pointer member access.[0m

[1msrc/all.npk:0:0: [0m[1;31merror[0m: [1mLine 210, Column 32: Member access (.) requires struct, object, or union type, got 'int64'. Use -> for pointer member access.[0m

[1msrc/all.npk:0:0: [0m[1;31merror[0m: [1mLine 212, Column 11: Member access (.) requires struct, object, or union type, got 'int64'. Use -> for pointer member access.[0m

[1msrc/all.npk:0:0: [0m[1;31merror[0m: [1mLogical operator requires 'bool' type on right side, got 'Result<bool>'. Use explicit comparison (e.g., x != 0) instead of truthiness.[0m

[1msrc/all.npk:0:0: [0m[1;31merror[0m: [1mLine 87, Column 27: Logical NOT requires 'bool' type, got 'Result<bool>'. Use explicit comparison (e.g., x == 0) instead of truthiness.[0m

[1msrc/all.npk:0:0: [0m[1;31merror[0m: [1mLine 133, Column 27: Logical NOT requires 'bool' type, got 'Result<bool>'. Use explicit comparison (e.g., x == 0) instead of truthiness.[0m

[1msrc/all.npk:0:0: [0m[1;31merror[0m: [1mLine 163, Column 15: Cannot compare int64 to Result<int64> directly. Use 'raw' to unwrap: int64 op raw expr[0m

[1msrc/all.npk:0:0: [0m[1;31merror[0m: [1mLine 87, Column 25: while condition must be 'bool' type, got 'Result<bool>'. Use explicit comparison (e.g., x != 0) instead of truthiness.[0m

[1msrc/all.npk:0:0: [0m[1;31merror[0m: [1mLine 171, Column 25: while condition must be 'bool' type, got 'Result<bool>'. Use explicit comparison (e.g., x != 0) instead of truthiness.[0m

[1msrc/all.npk:0:0: [0m[1;31merror[0m: [1mLine 371, Column 34: Argument 1 has type 'string', but function expects 'int64'[0m

[1msrc/all.npk:0:0: [0m[1;31merror[0m: [1mLine 381, Column 18: Cannot assign value of type 'int64' to variable of type 'uint64'[0m

[1msrc/all.npk:0:0: [0m[1;31merror[0m: [1mLine 273, Column 23: Unused result from NIL-returning function. Even NIL functions can fail (bad args, internal error), so the Result<NIL> must be handled. Use drop(func(...)) to discard, or check .is_error to handle failures.[0m

[1msrc/all.npk:0:0: [0m[1;31merror[0m: [1mLine 331, Column 23: Unused result from NIL-returning function. Even NIL functions can fail (bad args, internal error), so the Result<NIL> must be handled. Use drop(func(...)) to discard, or check .is_error to handle failures.[0m

[1msrc/all.npk:0:0: [0m[1;31merror[0m: [1mLine 332, Column 23: Unused result from NIL-returning function. Even NIL functions can fail (bad args, internal error), so the Result<NIL> must be handled. Use drop(func(...)) to discard, or check .is_error to handle failures.[0m

[1msrc/all.npk:0:0: [0m[1;31merror[0m: [1mLine 336, Column 23: Unused result from NIL-returning function. Even NIL functions can fail (bad args, internal error), so the Result<NIL> must be handled. Use drop(func(...)) to discard, or check .is_error to handle failures.[0m

[1msrc/all.npk:0:0: [0m[1;31merror[0m: [1mLine 338, Column 23: Unused result from NIL-returning function. Even NIL functions can fail (bad args, internal error), so the Result<NIL> must be handled. Use drop(func(...)) to discard, or check .is_error to handle failures.[0m

[1msrc/all.npk:0:0: [0m[1;31merror[0m: [1mLine 342, Column 23: Unused result from NIL-returning function. Even NIL functions can fail (bad args, internal error), so the Result<NIL> must be handled. Use drop(func(...)) to discard, or check .is_error to handle failures.[0m

[1msrc/all.npk:0:0: [0m[1;31merror[0m: [1mLine 343, Column 23: Unused result from NIL-returning function. Even NIL functions can fail (bad args, internal error), so the Result<NIL> must be handled. Use drop(func(...)) to discard, or check .is_error to handle failures.[0m

[1msrc/all.npk:0:0: [0m[1;31merror[0m: [1mLine 173, Column 5: Cannot silently unwrap Result<int64> into 'r' of type 'int64'. Declare as Result<int64> and check .is_error, or use 'raw expr' to explicitly assert the call cannot fail.[0m

[1msrc/all.npk:0:0: [0m[1;31merror[0m: [1mLine 174, Column 9: Undefined identifier: 'r'. Did you mean 's'?[0m

[1msrc/all.npk:0:0: [0m[1;31merror[0m: [1mLine 175, Column 5: Cannot silently unwrap Result<int64> into 'r2' of type 'int64'. Declare as Result<int64> and check .is_error, or use 'raw expr' to explicitly assert the call cannot fail.[0m

[1msrc/all.npk:0:0: [0m[1;31merror[0m: [1mLine 176, Column 9: Undefined identifier: 'r2'. Did you mean 's'?[0m

[1msrc/all.npk:0:0: [0m[1;31merror[0m: [1mLine 177, Column 10: Undefined identifier: 'r'. Did you mean 's'?[0m

[1msrc/all.npk:0:0: [0m[1;31merror[0m: [1mLine 274, Column 22: Undefined identifier: 'g_open_files'[0m

[1msrc/all.npk:0:0: [0m[1;31merror[0m: [1mLine 276, Column 16: Undefined identifier: 'curr'[0m

[1msrc/all.npk:0:0: [0m[1;31merror[0m: [1mLine 84, Column 12: Cannot assign 'bool' to 'int64'[0m

[1msrc/all.npk:0:0: [0m[1;31merror[0m: [1mLine 279, Column 22: NITPICK-IS-001: 'is' ternary branches have incompatible types: 'Result<int64>' and 'int64'. Both branches must have exactly the same type — convert one branch or split into an 'if'/'else' statement.[0m

[1msrc/all.npk:0:0: [0m[1;31merror[0m: [1mLine 280, Column 33: Undefined identifier: 'plen'[0m

[1msrc/all.npk:0:0: [0m[1;31merror[0m: [1mLine 308, Column 22: NITPICK-IS-001: 'is' ternary branches have incompatible types: 'Result<int64>' and 'int64'. Both branches must have exactly the same type — convert one branch or split into an 'if'/'else' statement.[0m

[1msrc/all.npk:0:0: [0m[1;31merror[0m: [1mLine 310, Column 26: Undefined identifier: 'xlen'[0m

[1msrc/all.npk:0:0: [0m[1;31merror[0m: [1mLine 24, Column 1: Failed to load module 'time/clock.npk'[0m

[1msrc/all.npk:0:0: [0m[1;31merror[0m: [1mLine 24, Column 1:   Parse error in /home/randy/Workspace/REPOS/libn/src/time/clock.npk: Parse error at line 10, column 55:
  Expected ')' after function arguments
  Found: token ';'[0m

[1msrc/all.npk:0:0: [0m[1;31merror[0m: [1mLine 24, Column 1:   Parse error in /home/randy/Workspace/REPOS/libn/src/time/clock.npk: Parse error at line 20, column 55:
  Expected ')' after function arguments
  Found: token ';'[0m

[1msrc/all.npk:0:0: [0m[1;31merror[0m: [1mLine 24, Column 1:   [/home/randy/Workspace/REPOS/libn/src/time/clock.npk] Failed to parse module '/home/randy/Workspace/REPOS/libn/src/time/clock.npk'. Check for syntax errors.[0m

[1msrc/all.npk:0:0: [0m[1;31merror[0m: [1mLine 26, Column 1: Failed to load module 'time/sleep.npk'[0m

[1msrc/all.npk:0:0: [0m[1;31merror[0m: [1mLine 26, Column 1:   Parse error in /home/randy/Workspace/REPOS/libn/src/time/clock.npk: Parse error at line 10, column 55:
  Expected ')' after function arguments
  Found: token ';'[0m

[1msrc/all.npk:0:0: [0m[1;31merror[0m: [1mLine 26, Column 1:   Parse error in /home/randy/Workspace/REPOS/libn/src/time/clock.npk: Parse error at line 20, column 55:
  Expected ')' after function arguments
  Found: token ';'[0m

[1msrc/all.npk:0:0: [0m[1;31merror[0m: [1mLine 26, Column 1:   [/home/randy/Workspace/REPOS/libn/src/time/clock.npk] Failed to parse module '/home/randy/Workspace/REPOS/libn/src/time/clock.npk'. Check for syntax errors.[0m

[1msrc/all.npk:0:0: [0m[1;31merror[0m: [1mLine 26, Column 1:   Parse error in /home/randy/Workspace/REPOS/libn/src/time/sleep.npk: Parse error at line 18, column 1:
  Expected ';' after function declaration. Functions end with '};' — the closing brace needs a semicolon
  Found: end of file
  Hint: In Nitpick, declarations (like functions, structs, or traits) need a semicolon after their closing brace: '};'[0m

[1msrc/all.npk:0:0: [0m[1;31merror[0m: [1mLine 26, Column 1:   [/home/randy/Workspace/REPOS/libn/src/time/sleep.npk] Failed to parse module '/home/randy/Workspace/REPOS/libn/src/time/sleep.npk'. Check for syntax errors.[0m

[1msrc/all.npk:0:0: [0m[1;31merror[0m: [1mLine 81, Column 26: Undefined identifier: 'r2'. Did you mean 'r'?[0m

[1msrc/all.npk:0:0: [0m[1;31merror[0m: [1mLine 107, Column 5: Cannot silently unwrap Result<int64> into 'parse_ok' of type 'int64'. Declare as Result<int64> and check .is_error, or use 'raw expr' to explicitly assert the call cannot fail.[0m

[1msrc/all.npk:0:0: [0m[1;31merror[0m: [1mLine 108, Column 9: Undefined identifier: 'parse_ok'[0m

[1msrc/all.npk:0:0: [0m[1;31merror[0m: [1mLine 125, Column 5: Cannot silently unwrap Result<int64> into 'fp' of type 'int64'. Declare as Result<int64> and check .is_error, or use 'raw expr' to explicitly assert the call cannot fail.[0m

[1msrc/all.npk:0:0: [0m[1;31merror[0m: [1mLine 126, Column 9: Undefined identifier: 'fp'. Did you mean 'fd'?[0m

[1msrc/all.npk:0:0: [0m[1;31merror[0m: [1mLine 133, Column 44: Undefined identifier: 'fp'. Did you mean 'fd'?[0m

[1msrc/all.npk:0:0: [0m[1;31merror[0m: [1mLine 134, Column 9: Undefined identifier: 'init_r'[0m

[1msrc/all.npk:0:0: [0m[1;31merror[0m: [1mLine 141, Column 40: Undefined identifier: 'fp'. Did you mean 'fd'?[0m

[1msrc/all.npk:0:0: [0m[1;31merror[0m: [1mLine 142, Column 5: Undefined identifier: 'f'. Did you mean 'fd'?[0m

[1msrc/all.npk:0:0: [0m[1;31merror[0m: [1mLine 143, Column 5: Undefined identifier: 'g_open_files'[0m

[1msrc/all.npk:0:0: [0m[1;31merror[0m: [1mLine 144, Column 10: Undefined identifier: 'fp'. Did you mean 'fd'?[0m

[1msrc/all.npk:0:0: [0m[1;31merror[0m: [1mLine 167, Column 5: Cannot silently unwrap Result<int64> into 'parse_ok' of type 'int64'. Declare as Result<int64> and check .is_error, or use 'raw expr' to explicitly assert the call cannot fail.[0m

[1msrc/all.npk:0:0: [0m[1;31merror[0m: [1mLine 168, Column 9: Undefined identifier: 'parse_ok'[0m

[1msrc/all.npk:0:0: [0m[1;31merror[0m: [1mLine 173, Column 5: Cannot silently unwrap Result<int64> into 'fp' of type 'int64'. Declare as Result<int64> and check .is_error, or use 'raw expr' to explicitly assert the call cannot fail.[0m

[1msrc/all.npk:0:0: [0m[1;31merror[0m: [1mLine 174, Column 9: Undefined identifier: 'fp'. Did you mean 'fd'?[0m

[1msrc/all.npk:0:0: [0m[1;31merror[0m: [1mLine 179, Column 44: Undefined identifier: 'fp'. Did you mean 'fd'?[0m

[1msrc/all.npk:0:0: [0m[1;31merror[0m: [1mLine 180, Column 9: Undefined identifier: 'init_r'[0m

[1msrc/all.npk:0:0: [0m[1;31merror[0m: [1mLine 186, Column 40: Undefined identifier: 'fp'. Did you mean 'fd'?[0m

[1msrc/all.npk:0:0: [0m[1;31merror[0m: [1mLine 187, Column 5: Undefined identifier: 'f'. Did you mean 'fd'?[0m

[1msrc/all.npk:0:0: [0m[1;31merror[0m: [1mLine 188, Column 5: Undefined identifier: 'g_open_files'[0m

[1msrc/all.npk:0:0: [0m[1;31merror[0m: [1mLine 189, Column 10: Undefined identifier: 'fp'. Did you mean 'fd'?[0m

[1msrc/all.npk:0:0: [0m[1;31merror[0m: [1mLine 212, Column 5: Cannot silently unwrap Result<int64> into 'parse_ok' of type 'int64'. Declare as Result<int64> and check .is_error, or use 'raw expr' to explicitly assert the call cannot fail.[0m

[1msrc/all.npk:0:0: [0m[1;31merror[0m: [1mLine 213, Column 9: Undefined identifier: 'parse_ok'[0m

[1msrc/all.npk:0:0: [0m[1;31merror[0m: [1mLine 254, Column 22: Undefined identifier: 'g_open_files'[0m

[1msrc/all.npk:0:0: [0m[1;31merror[0m: [1mLine 255, Column 5: Undefined identifier: 'g_open_files'[0m

[1msrc/all.npk:0:0: [0m[1;31merror[0m: [1mLine 99, Column 28: Cannot access .value without checking .is_error first (no checky no val).
  Help: Add a check: if (!r.is_error) { ... }
  Or use unwrap operator: value = r ? default_value;[0m

[1msrc/all.npk:0:0: [0m[1;31merror[0m: [1mLine 79, Column 5: Cannot silently unwrap Result<int64> into 'stdin_buf' of type 'int64'. Declare as Result<int64> and check .is_error, or use 'raw expr' to explicitly assert the call cannot fail.[0m

[1msrc/all.npk:0:0: [0m[1;31merror[0m: [1mLine 80, Column 9: Undefined identifier: 'stdin_buf'[0m

[1msrc/all.npk:0:0: [0m[1;31merror[0m: [1mLine 96, Column 5: Cannot silently unwrap Result<int64> into 'stdout_buf' of type 'int64'. Declare as Result<int64> and check .is_error, or use 'raw expr' to explicitly assert the call cannot fail.[0m

[1msrc/all.npk:0:0: [0m[1;31merror[0m: [1mLine 97, Column 9: Undefined identifier: 'stdout_buf'[0m

[1msrc/all.npk:0:0: [0m[1;31merror[0m: [1mLine 149, Column 10: Unused result from NIL-returning function. Even NIL functions can fail (bad args, internal error), so the Result<NIL> must be handled. Use drop(func(...)) to discard, or check .is_error to handle failures.[0m

[1msrc/all.npk:0:0: [0m[1;31merror[0m: [1mLine 162, Column 13: Cannot silently unwrap Result<int64> into 'e' of type 'int64'. Declare as Result<int64> and check .is_error, or use 'raw expr' to explicitly assert the call cannot fail.[0m

[1msrc/all.npk:0:0: [0m[1;31merror[0m: [1mLine 163, Column 17: Undefined identifier: 'e'. Did you mean 'i'?[0m

[1msrc/all.npk:0:0: [0m[1;31merror[0m: [1mLine 163, Column 32: Undefined identifier: 'e'. Did you mean 'i'?[0m

[1msrc/all.npk:0:0: [0m[1;31merror[0m: [1mLine 167, Column 24: Undefined identifier: 'e'. Did you mean 'i'?[0m

[1msrc/all.npk:0:0: [0m[1;31merror[0m: [1mLine 168, Column 14: Unused result from NIL-returning function. Even NIL functions can fail (bad args, internal error), so the Result<NIL> must be handled. Use drop(func(...)) to discard, or check .is_error to handle failures.[0m

[1msrc/all.npk:0:0: [0m[1;31merror[0m: [1mLine 173, Column 32: Argument 2 has type 'int64@', but function expects 'int64'[0m

[1msrc/all.npk:0:0: [0m[1;31merror[0m: [1mLine 181, Column 21: Cannot use Result<int64> as int64 in arithmetic
  Help: Unwrap first with '?!' (e.g., expr ?! default_val) or 'raw' keyword[0m

[1msrc/all.npk:0:0: [0m[1;31merror[0m: [1mLine 71, Column 17: Logical NOT requires 'bool' type, got 'int64'. Use explicit comparison (e.g., x == 0) instead of truthiness.[0m

[1msrc/all.npk:0:0: [0m[1;31merror[0m: [1mLine 331, Column 9: Cannot silently unwrap Result<int64> into 'r' of type 'int64'. Declare as Result<int64> and check .is_error, or use 'raw expr' to explicitly assert the call cannot fail.[0m

[1msrc/all.npk:0:0: [0m[1;31merror[0m: [1mLine 332, Column 13: Undefined identifier: 'r'. Did you mean 'fork'?[0m

[1msrc/all.npk:0:0: [0m[1;31merror[0m: [1mLine 333, Column 9: Cannot silently unwrap Result<int64> into 'r2' of type 'int64'. Declare as Result<int64> and check .is_error, or use 'raw expr' to explicitly assert the call cannot fail.[0m

[1msrc/all.npk:0:0: [0m[1;31merror[0m: [1mLine 334, Column 13: Undefined identifier: 'r2'. Did you mean 'fork'?[0m

[1msrc/all.npk:0:0: [0m[1;31merror[0m: [1mLine 70, Column 31: Function expects 7 argument(s), but 4 provided[0m

[1msrc/all.npk:0:0: [0m[1;31merror[0m: [1mLine 71, Column 12: Undefined identifier: 'r'. Did you mean 'fork'?[0m

[1msrc/all.npk:0:0: [0m[1;31merror[0m: [1mLine 164, Column 5: Cannot silently unwrap Result<int64> into 'prefix_len' of type 'int64'. Declare as Result<int64> and check .is_error, or use 'raw expr' to explicitly assert the call cannot fail.[0m

[1msrc/all.npk:0:0: [0m[1;31merror[0m: [1mLine 165, Column 86: Undefined identifier: 'prefix_len'. Did you mean 'prefix'?[0m

[1msrc/all.npk:0:0: [0m[1;31merror[0m: [1mLine 168, Column 21: Undefined identifier: 'str_int64_to_dec'[0m

[1msrc/all.npk:0:0: [0m[1;31merror[0m: [1mLine 169, Column 49: Undefined identifier: 'prefix_len'. Did you mean 'prefix'?[0m

[1msrc/all.npk:0:0: [0m[1;31merror[0m: [1mLine 123, Column 9: Cannot silently unwrap Result<int64> into 'newbuf' of type 'int64'. Declare as Result<int64> and check .is_error, or use 'raw expr' to explicitly assert the call cannot fail.[0m

[1msrc/all.npk:0:0: [0m[1;31merror[0m: [1mLine 124, Column 13: Undefined identifier: 'newbuf'. Did you mean 'buf'?[0m

[1msrc/all.npk:0:0: [0m[1;31merror[0m: [1mLine 128, Column 22: Undefined identifier: 'newbuf'. Did you mean 'buf'?[0m

[1msrc/all.npk:0:0: [0m[1;31merror[0m: [1mLine 236, Column 5: Cannot silently unwrap Result<int64> into 'pfx_len' of type 'int64'. Declare as Result<int64> and check .is_error, or use 'raw expr' to explicitly assert the call cannot fail.[0m

[1msrc/all.npk:0:0: [0m[1;31merror[0m: [1mLine 237, Column 84: Undefined identifier: 'pfx_len'[0m

[1msrc/all.npk:0:0: [0m[1;31merror[0m: [1mLine 279, Column 5: Cannot silently unwrap Result<int64> into 'pfx_len' of type 'int64'. Declare as Result<int64> and check .is_error, or use 'raw expr' to explicitly assert the call cannot fail.[0m

[1msrc/all.npk:0:0: [0m[1;31merror[0m: [1mLine 280, Column 55: Undefined identifier: 'pfx_len'[0m

[1msrc/all.npk:0:0: [0m[1;31merror[0m: [1mLine 283, Column 33: Undefined identifier: 'pfx_len'[0m

[1msrc/all.npk:0:0: [0m[1;31merror[0m: [1mLine 284, Column 37: Undefined identifier: 'pfx_len'[0m

[1mSummary: [0m[1;31m121 errors[0m
