[DEBUG parseFuncDecl] nameToken=main, peek()==, type=168
[DEBUG parseFuncDecl] nameToken=io_write_n, peek()==, type=168
PARSING CAST: token=CAST_UNCHECKED isUnchecked=1
PARSING CAST: token=CAST_UNCHECKED isUnchecked=1
PARSING CAST: token=CAST_UNCHECKED isUnchecked=1
[DEBUG parseFuncDecl] nameToken=io_write_nonblock, peek()==, type=168
PARSING CAST: token=CAST_UNCHECKED isUnchecked=1
[DEBUG parseFuncDecl] nameToken=io_write_str, peek()==, type=168
PARSING CAST: token=CAST_UNCHECKED isUnchecked=1
[DEBUG parseFuncDecl] nameToken=io_write_char, peek()==, type=168
PARSING CAST: token=CAST_UNCHECKED isUnchecked=1
[DEBUG parseFuncDecl] nameToken=io_write_cstr_n, peek()==, type=168
[DEBUG parseFuncDecl] nameToken=io_write_newline, peek()==, type=168
[DEBUG parseFuncDecl] nameToken=io_write_strln, peek()==, type=168
[DEBUG parseFuncDecl] nameToken=io_print, peek()==, type=168
[DEBUG parseFuncDecl] nameToken=io_println, peek()==, type=168
[DEBUG parseFuncDecl] nameToken=io_eprint, peek()==, type=168
[DEBUG parseFuncDecl] nameToken=io_eprintln, peek()==, type=168
[DEBUG parseFuncDecl] nameToken=err_from_syscall, peek()==, type=168
PARSING CAST: token=CAST_UNCHECKED isUnchecked=1
PARSING CAST: token=CAST_UNCHECKED isUnchecked=1
[DEBUG parseFuncDecl] nameToken=errno_is_retriable, peek()==, type=168
[DEBUG parseFuncDecl] nameToken=errno_is_fatal, peek()==, type=168
[DEBUG parseFuncDecl] nameToken=err_str, peek()==, type=168
PARSING CAST: token=CAST_UNCHECKED isUnchecked=1
PARSING CAST: token=CAST_UNCHECKED isUnchecked=1
PARSING CAST: token=CAST_UNCHECKED isUnchecked=1
PARSING CAST: token=CAST_UNCHECKED isUnchecked=1
PARSING CAST: token=CAST_UNCHECKED isUnchecked=1
PARSING CAST: token=CAST_UNCHECKED isUnchecked=1
PARSING CAST: token=CAST_UNCHECKED isUnchecked=1
PARSING CAST: token=CAST_UNCHECKED isUnchecked=1
PARSING CAST: token=CAST_UNCHECKED isUnchecked=1
PARSING CAST: token=CAST_UNCHECKED isUnchecked=1
PARSING CAST: token=CAST_UNCHECKED isUnchecked=1
PARSING CAST: token=CAST_UNCHECKED isUnchecked=1
PARSING CAST: token=CAST_UNCHECKED isUnchecked=1
PARSING CAST: token=CAST_UNCHECKED isUnchecked=1
PARSING CAST: token=CAST_UNCHECKED isUnchecked=1
PARSING CAST: token=CAST_UNCHECKED isUnchecked=1
PARSING CAST: token=CAST_UNCHECKED isUnchecked=1
PARSING CAST: token=CAST_UNCHECKED isUnchecked=1
PARSING CAST: token=CAST_UNCHECKED isUnchecked=1
PARSING CAST: token=CAST_UNCHECKED isUnchecked=1
PARSING CAST: token=CAST_UNCHECKED isUnchecked=1
PARSING CAST: token=CAST_UNCHECKED isUnchecked=1
PARSING CAST: token=CAST_UNCHECKED isUnchecked=1
PARSING CAST: token=CAST_UNCHECKED isUnchecked=1
PARSING CAST: token=CAST_UNCHECKED isUnchecked=1
PARSING CAST: token=CAST_UNCHECKED isUnchecked=1
PARSING CAST: token=CAST_UNCHECKED isUnchecked=1
PARSING CAST: token=CAST_UNCHECKED isUnchecked=1
PARSING CAST: token=CAST_UNCHECKED isUnchecked=1
PARSING CAST: token=CAST_UNCHECKED isUnchecked=1
PARSING CAST: token=CAST_UNCHECKED isUnchecked=1
PARSING CAST: token=CAST_UNCHECKED isUnchecked=1
PARSING CAST: token=CAST_UNCHECKED isUnchecked=1
PARSING CAST: token=CAST_UNCHECKED isUnchecked=1
PARSING CAST: token=CAST_UNCHECKED isUnchecked=1
PARSING CAST: token=CAST_UNCHECKED isUnchecked=1
PARSING CAST: token=CAST_UNCHECKED isUnchecked=1
PARSING CAST: token=CAST_UNCHECKED isUnchecked=1
PARSING CAST: token=CAST_UNCHECKED isUnchecked=1
PARSING CAST: token=CAST_UNCHECKED isUnchecked=1
PARSING CAST: token=CAST_UNCHECKED isUnchecked=1
PARSING CAST: token=CAST_UNCHECKED isUnchecked=1
PARSING CAST: token=CAST_UNCHECKED isUnchecked=1
PARSING CAST: token=CAST_UNCHECKED isUnchecked=1
PARSING CAST: token=CAST_UNCHECKED isUnchecked=1
PARSING CAST: token=CAST_UNCHECKED isUnchecked=1
PARSING CAST: token=CAST_UNCHECKED isUnchecked=1
PARSING CAST: token=CAST_UNCHECKED isUnchecked=1
PARSING CAST: token=CAST_UNCHECKED isUnchecked=1
PARSING CAST: token=CAST_UNCHECKED isUnchecked=1
PARSING CAST: token=CAST_UNCHECKED isUnchecked=1
PARSING CAST: token=CAST_UNCHECKED isUnchecked=1
PARSING CAST: token=CAST_UNCHECKED isUnchecked=1
PARSING CAST: token=CAST_UNCHECKED isUnchecked=1
PARSING CAST: token=CAST_UNCHECKED isUnchecked=1
PARSING CAST: token=CAST_UNCHECKED isUnchecked=1
PARSING CAST: token=CAST_UNCHECKED isUnchecked=1
PARSING CAST: token=CAST_UNCHECKED isUnchecked=1
PARSING CAST: token=CAST_UNCHECKED isUnchecked=1
PARSING CAST: token=CAST_UNCHECKED isUnchecked=1
PARSING CAST: token=CAST_UNCHECKED isUnchecked=1
PARSING CAST: token=CAST_UNCHECKED isUnchecked=1
PARSING CAST: token=CAST_UNCHECKED isUnchecked=1
PARSING CAST: token=CAST_UNCHECKED isUnchecked=1
PARSING CAST: token=CAST_UNCHECKED isUnchecked=1
PARSING CAST: token=CAST_UNCHECKED isUnchecked=1
PARSING CAST: token=CAST_UNCHECKED isUnchecked=1
PARSING CAST: token=CAST_UNCHECKED isUnchecked=1
PARSING CAST: token=CAST_UNCHECKED isUnchecked=1
PARSING CAST: token=CAST_UNCHECKED isUnchecked=1
PARSING CAST: token=CAST_UNCHECKED isUnchecked=1
PARSING CAST: token=CAST_UNCHECKED isUnchecked=1
PARSING CAST: token=CAST_UNCHECKED isUnchecked=1
PARSING CAST: token=CAST_UNCHECKED isUnchecked=1
PARSING CAST: token=CAST_UNCHECKED isUnchecked=1
PARSING CAST: token=CAST_UNCHECKED isUnchecked=1
PARSING CAST: token=CAST_UNCHECKED isUnchecked=1
PARSING CAST: token=CAST_UNCHECKED isUnchecked=1
PARSING CAST: token=CAST_UNCHECKED isUnchecked=1
PARSING CAST: token=CAST_UNCHECKED isUnchecked=1
PARSING CAST: token=CAST_UNCHECKED isUnchecked=1
PARSING CAST: token=CAST_UNCHECKED isUnchecked=1
PARSING CAST: token=CAST_UNCHECKED isUnchecked=1
PARSING CAST: token=CAST_UNCHECKED isUnchecked=1
PARSING CAST: token=CAST_UNCHECKED isUnchecked=1
PARSING CAST: token=CAST_UNCHECKED isUnchecked=1
PARSING CAST: token=CAST_UNCHECKED isUnchecked=1
PARSING CAST: token=CAST_UNCHECKED isUnchecked=1
PARSING CAST: token=CAST_UNCHECKED isUnchecked=1
PARSING CAST: token=CAST_UNCHECKED isUnchecked=1
PARSING CAST: token=CAST_UNCHECKED isUnchecked=1
[DEBUG parseFuncDecl] nameToken=libn_errno_set, peek()==, type=168
[DEBUG parseFuncDecl] nameToken=libn_errno_get, peek()==, type=168
[DEBUG parseFuncDecl] nameToken=void_result, peek()==, type=168
[DEBUG parseFuncDecl] nameToken=sys_safe, peek()==, type=168
[DEBUG parseFuncDecl] nameToken=sys1, peek()==, type=168
[DEBUG parseFuncDecl] nameToken=sys2, peek()==, type=168
[DEBUG parseFuncDecl] nameToken=sys3, peek()==, type=168
[DEBUG parseFuncDecl] nameToken=sys4, peek()==, type=168
[DEBUG parseFuncDecl] nameToken=sys5, peek()==, type=168
[DEBUG parseFuncDecl] nameToken=sys_full, peek()==, type=168
[DEBUG parseFuncDecl] nameToken=sys_full1, peek()==, type=168
[DEBUG parseFuncDecl] nameToken=sys_full2, peek()==, type=168
[DEBUG parseFuncDecl] nameToken=sys_full3, peek()==, type=168
[DEBUG parseFuncDecl] nameToken=sys_full4, peek()==, type=168
[DEBUG parseFuncDecl] nameToken=sys_full5, peek()==, type=168
[DEBUG parseFuncDecl] nameToken=sys_raw, peek()==, type=168
[DEBUG parseFuncDecl] nameToken=libn_getpid, peek()==, type=168
[DEBUG parseFuncDecl] nameToken=libn_getppid, peek()==, type=168
[DEBUG parseFuncDecl] nameToken=libn_gettid, peek()==, type=168
[DEBUG parseFuncDecl] nameToken=libn_getuid, peek()==, type=168
[DEBUG parseFuncDecl] nameToken=libn_getgid, peek()==, type=168
[DEBUG parseFuncDecl] nameToken=libn_geteuid, peek()==, type=168
[DEBUG parseFuncDecl] nameToken=libn_getegid, peek()==, type=168
[DEBUG parseFuncDecl] nameToken=libn_open, peek()==, type=168
[DEBUG parseFuncDecl] nameToken=libn_openat, peek()==, type=168
[DEBUG parseFuncDecl] nameToken=libn_close, peek()==, type=168
[DEBUG parseFuncDecl] nameToken=libn_read, peek()==, type=168
[DEBUG parseFuncDecl] nameToken=libn_write, peek()==, type=168
[DEBUG parseFuncDecl] nameToken=libn_pread, peek()==, type=168
[DEBUG parseFuncDecl] nameToken=libn_pwrite, peek()==, type=168
[DEBUG parseFuncDecl] nameToken=libn_lseek, peek()==, type=168
[DEBUG parseFuncDecl] nameToken=libn_dup, peek()==, type=168
[DEBUG parseFuncDecl] nameToken=libn_dup2, peek()==, type=168
[DEBUG parseFuncDecl] nameToken=libn_dup3, peek()==, type=168
[DEBUG parseFuncDecl] nameToken=libn_fcntl, peek()==, type=168
[DEBUG parseFuncDecl] nameToken=libn_ioctl, peek()==, type=168
[DEBUG parseFuncDecl] nameToken=libn_pipe2, peek()==, type=168
[DEBUG parseFuncDecl] nameToken=libn_mmap, peek()==, type=168
[DEBUG parseFuncDecl] nameToken=libn_munmap, peek()==, type=168
[DEBUG parseFuncDecl] nameToken=libn_mprotect, peek()==, type=168
PARSING CAST: token=CAST_UNCHECKED isUnchecked=1
[DEBUG parseFuncDecl] nameToken=libn_mprotect_exec, peek()==, type=168
[DEBUG parseFuncDecl] nameToken=libn_mremap, peek()==, type=168
[DEBUG parseFuncDecl] nameToken=libn_madvise, peek()==, type=168
[DEBUG parseFuncDecl] nameToken=libn_msync, peek()==, type=168
[DEBUG parseFuncDecl] nameToken=libn_clock_gettime, peek()==, type=168
[DEBUG parseFuncDecl] nameToken=libn_clock_getres, peek()==, type=168
[DEBUG parseFuncDecl] nameToken=libn_nanosleep, peek()==, type=168
[DEBUG parseFuncDecl] nameToken=libn_sched_yield, peek()==, type=168
[DEBUG parseFuncDecl] nameToken=libn_futex_wait, peek()==, type=168
[DEBUG parseFuncDecl] nameToken=libn_futex_wake, peek()==, type=168
[DEBUG parseFuncDecl] nameToken=libn_exit_group, peek()==, type=168
[DEBUG parseFuncDecl] nameToken=libn_exit_thread, peek()==, type=168
[DEBUG parseFuncDecl] nameToken=libn_fork, peek()==, type=168
[DEBUG parseFuncDecl] nameToken=libn_kill, peek()==, type=168
[DEBUG parseFuncDecl] nameToken=libn_tgkill, peek()==, type=168
[DEBUG parseFuncDecl] nameToken=libn_statx, peek()==, type=168
[DEBUG parseFuncDecl] nameToken=libn_getrandom, peek()==, type=168
[DEBUG parseFuncDecl] nameToken=libn_getcwd, peek()==, type=168
[DEBUG parseFuncDecl] nameToken=libn_chdir, peek()==, type=168
[DEBUG parseFuncDecl] nameToken=libn_fchdir, peek()==, type=168
[DEBUG parseFuncDecl] nameToken=libn_getdents64, peek()==, type=168
[DEBUG parseFuncDecl] nameToken=libn_arch_prctl, peek()==, type=168
[DEBUG parseFuncDecl] nameToken=libn_set_tid_address, peek()==, type=168
[DEBUG parseFuncDecl] nameToken=libn_read_retry, peek()==, type=168
PARSING CAST: token=CAST_UNCHECKED isUnchecked=1
[DEBUG parseFuncDecl] nameToken=libn_write_all, peek()==, type=168
PARSING CAST: token=CAST_UNCHECKED isUnchecked=1
[DEBUG parseFuncDecl] nameToken=libn_nanosleep_retry, peek()==, type=168
[DEBUG parseFuncDecl] nameToken=io_read_some, peek()==, type=168
PARSING CAST: token=CAST_UNCHECKED isUnchecked=1
[DEBUG parseFuncDecl] nameToken=io_read_n, peek()==, type=168
PARSING CAST: token=CAST_UNCHECKED isUnchecked=1
PARSING CAST: token=CAST_UNCHECKED isUnchecked=1
PARSING CAST: token=CAST_UNCHECKED isUnchecked=1
[DEBUG parseFuncDecl] nameToken=io_read_exact, peek()==, type=168
[DEBUG parseFuncDecl] nameToken=io_read_line, peek()==, type=168
PARSING CAST: token=CAST_UNCHECKED isUnchecked=1
PARSING CAST: token=CAST_UNCHECKED isUnchecked=1
PARSING CAST: token=CAST_UNCHECKED isUnchecked=1
PARSING CAST: token=CAST_UNCHECKED isUnchecked=1
PARSING CAST: token=CAST_UNCHECKED isUnchecked=1
[DEBUG parseFuncDecl] nameToken=io_read_until, peek()==, type=168
PARSING CAST: token=CAST_UNCHECKED isUnchecked=1
PARSING CAST: token=CAST_UNCHECKED isUnchecked=1
PARSING CAST: token=CAST_UNCHECKED isUnchecked=1
PARSING CAST: token=CAST_UNCHECKED isUnchecked=1
PARSING CAST: token=CAST_UNCHECKED isUnchecked=1
[DEBUG parseFuncDecl] nameToken=io_read_char, peek()==, type=168
PARSING CAST: token=CAST_UNCHECKED isUnchecked=1
PARSING CAST: token=CAST_UNCHECKED isUnchecked=1
PARSING CAST: token=CAST_UNCHECKED isUnchecked=1
PARSING CAST: token=CAST_UNCHECKED isUnchecked=1
PARSING CAST: token=CAST_UNCHECKED isUnchecked=1
[DEBUG parseFuncDecl] nameToken=io_fprintf0, peek()==, type=168
PARSING CAST: token=CAST_UNCHECKED isUnchecked=1
[DEBUG parseFuncDecl] nameToken=io_printf0, peek()==, type=168
[DEBUG parseFuncDecl] nameToken=io_eprintf0, peek()==, type=168
[DEBUG parseFuncDecl] nameToken=io_fprintf1, peek()==, type=168
PARSING CAST: token=CAST_UNCHECKED isUnchecked=1
[DEBUG parseFuncDecl] nameToken=io_printf1, peek()==, type=168
[DEBUG parseFuncDecl] nameToken=io_eprintf1, peek()==, type=168
[DEBUG parseFuncDecl] nameToken=io_fprintf2, peek()==, type=168
PARSING CAST: token=CAST_UNCHECKED isUnchecked=1
[DEBUG parseFuncDecl] nameToken=io_printf2, peek()==, type=168
[DEBUG parseFuncDecl] nameToken=io_eprintf2, peek()==, type=168
[DEBUG parseFuncDecl] nameToken=io_fprintf3, peek()==, type=168
PARSING CAST: token=CAST_UNCHECKED isUnchecked=1
[DEBUG parseFuncDecl] nameToken=io_printf3, peek()==, type=168
[DEBUG parseFuncDecl] nameToken=io_eprintf3, peek()==, type=168
[DEBUG parseFuncDecl] nameToken=io_fprintf4, peek()==, type=168
PARSING CAST: token=CAST_UNCHECKED isUnchecked=1
[DEBUG parseFuncDecl] nameToken=io_printf4, peek()==, type=168
[DEBUG parseFuncDecl] nameToken=io_eprintf4, peek()==, type=168
[DEBUG parseFuncDecl] nameToken=io_fprintf5, peek()==, type=168
PARSING CAST: token=CAST_UNCHECKED isUnchecked=1
[DEBUG parseFuncDecl] nameToken=io_printf5, peek()==, type=168
[DEBUG parseFuncDecl] nameToken=io_eprintf5, peek()==, type=168
[DEBUG parseFuncDecl] nameToken=io_fprintf6, peek()==, type=168
PARSING CAST: token=CAST_UNCHECKED isUnchecked=1
[DEBUG parseFuncDecl] nameToken=io_printf6, peek()==, type=168
[DEBUG parseFuncDecl] nameToken=io_eprintf6, peek()==, type=168
[DEBUG parseFuncDecl] nameToken=io_fprintf7, peek()==, type=168
PARSING CAST: token=CAST_UNCHECKED isUnchecked=1
[DEBUG parseFuncDecl] nameToken=io_printf7, peek()==, type=168
[DEBUG parseFuncDecl] nameToken=io_eprintf7, peek()==, type=168
[DEBUG parseFuncDecl] nameToken=io_fprintf8, peek()==, type=168
PARSING CAST: token=CAST_UNCHECKED isUnchecked=1
[DEBUG parseFuncDecl] nameToken=io_printf8, peek()==, type=168
[DEBUG parseFuncDecl] nameToken=io_eprintf8, peek()==, type=168
[DEBUG parseFuncDecl] nameToken=io_dprintf0, peek()==, type=168
[DEBUG parseFuncDecl] nameToken=io_dprintf1, peek()==, type=168
[DEBUG parseFuncDecl] nameToken=io_dprintf2, peek()==, type=168
[DEBUG parseFuncDecl] nameToken=io_dprintf3, peek()==, type=168
[DEBUG parseFuncDecl] nameToken=io_sprintf0, peek()==, type=168
[DEBUG parseFuncDecl] nameToken=io_sprintf1, peek()==, type=168
[DEBUG parseFuncDecl] nameToken=io_sprintf2, peek()==, type=168
[DEBUG parseFuncDecl] nameToken=io_sprintf3, peek()==, type=168
[DEBUG parseFuncDecl] nameToken=io_sprintf4, peek()==, type=168
[DEBUG parseFuncDecl] nameToken=io_sprintf5, peek()==, type=168
[DEBUG parseFuncDecl] nameToken=io_sprintf6, peek()==, type=168
[DEBUG parseFuncDecl] nameToken=io_sprintf7, peek()==, type=168
[DEBUG parseFuncDecl] nameToken=io_sprintf8, peek()==, type=168
[DEBUG parseFuncDecl] nameToken=io_perror, peek()==, type=168
PARSING CAST: token=CAST_UNCHECKED isUnchecked=1
PARSING CAST: token=CAST_UNCHECKED isUnchecked=1
PARSING CAST: token=CAST_UNCHECKED isUnchecked=1
PARSING CAST: token=CAST_UNCHECKED isUnchecked=1
PARSING CAST: token=CAST_UNCHECKED isUnchecked=1
PARSING CAST: token=CAST_UNCHECKED isUnchecked=1
PARSING CAST: token=CAST_UNCHECKED isUnchecked=1
[DEBUG parseFuncDecl] nameToken=fmt_putc, peek()==, type=168
PARSING CAST: token=CAST_UNCHECKED isUnchecked=1
[DEBUG parseFuncDecl] nameToken=fmt_puts_n, peek()==, type=168
PARSING CAST: token=CAST_UNCHECKED isUnchecked=1
[DEBUG parseFuncDecl] nameToken=fmt_pad, peek()==, type=168
PARSING CAST: token=CAST_UNCHECKED isUnchecked=1
PARSING CAST: token=CAST_UNCHECKED isUnchecked=1
[DEBUG parseFuncDecl] nameToken=render_uint, peek()==, type=168
PARSING CAST: token=CAST_UNCHECKED isUnchecked=1
PARSING CAST: token=CAST_UNCHECKED isUnchecked=1
[DEBUG parseFuncDecl] nameToken=str_format_args, peek()==, type=168
PARSING CAST: token=CAST_UNCHECKED isUnchecked=1
PARSING CAST: token=CAST_UNCHECKED isUnchecked=1
PARSING CAST: token=CAST_UNCHECKED isUnchecked=1
PARSING CAST: token=CAST_UNCHECKED isUnchecked=1
PARSING CAST: token=CAST_UNCHECKED isUnchecked=1
PARSING CAST: token=CAST_UNCHECKED isUnchecked=1
PARSING CAST: token=CAST_UNCHECKED isUnchecked=1
PARSING CAST: token=CAST_UNCHECKED isUnchecked=1
PARSING CAST: token=CAST_UNCHECKED isUnchecked=1
PARSING CAST: token=CAST_UNCHECKED isUnchecked=1
PARSING CAST: token=CAST_UNCHECKED isUnchecked=1
PARSING CAST: token=CAST_UNCHECKED isUnchecked=1
PARSING CAST: token=CAST_UNCHECKED isUnchecked=1
PARSING CAST: token=CAST_UNCHECKED isUnchecked=1
[DEBUG parseFuncDecl] nameToken=str_snprintf0, peek()==, type=168
PARSING CAST: token=CAST_UNCHECKED isUnchecked=1
[DEBUG parseFuncDecl] nameToken=str_snprintf1, peek()==, type=168
PARSING CAST: token=CAST_UNCHECKED isUnchecked=1
[DEBUG parseFuncDecl] nameToken=str_snprintf2, peek()==, type=168
PARSING CAST: token=CAST_UNCHECKED isUnchecked=1
[DEBUG parseFuncDecl] nameToken=str_snprintf3, peek()==, type=168
PARSING CAST: token=CAST_UNCHECKED isUnchecked=1
[DEBUG parseFuncDecl] nameToken=str_snprintf4, peek()==, type=168
PARSING CAST: token=CAST_UNCHECKED isUnchecked=1
[DEBUG parseFuncDecl] nameToken=str_snprintf6, peek()==, type=168
PARSING CAST: token=CAST_UNCHECKED isUnchecked=1
[DEBUG parseFuncDecl] nameToken=str_snprintf8, peek()==, type=168
PARSING CAST: token=CAST_UNCHECKED isUnchecked=1
[DEBUG parseFuncDecl] nameToken=has_nul_byte, peek()==, type=168
[DEBUG parseFuncDecl] nameToken=str_strlen, peek()==, type=168
PARSING CAST: token=CAST_UNCHECKED isUnchecked=1
PARSING CAST: token=CAST_UNCHECKED isUnchecked=1
[DEBUG parseFuncDecl] nameToken=str_strnlen, peek()==, type=168
PARSING CAST: token=CAST_UNCHECKED isUnchecked=1
PARSING CAST: token=CAST_UNCHECKED isUnchecked=1
[DEBUG parseFuncDecl] nameToken=str_strlen_safe, peek()==, type=168
PARSING CAST: token=CAST_UNCHECKED isUnchecked=1
PARSING CAST: token=CAST_UNCHECKED isUnchecked=1
[DEBUG parseFuncDecl] nameToken=is_whitespace, peek()==, type=168
[DEBUG parseFuncDecl] nameToken=is_digit, peek()==, type=168
[DEBUG parseFuncDecl] nameToken=is_hex_digit, peek()==, type=168
[DEBUG parseFuncDecl] nameToken=digit_val, peek()==, type=168
PARSING CAST: token=CAST_UNCHECKED isUnchecked=1
PARSING CAST: token=CAST_UNCHECKED isUnchecked=1
PARSING CAST: token=CAST_UNCHECKED isUnchecked=1
[DEBUG parseFuncDecl] nameToken=str_strtol, peek()==, type=168
PARSING CAST: token=CAST_UNCHECKED isUnchecked=1
[DEBUG parseFuncDecl] nameToken=str_strtoul, peek()==, type=168
PARSING CAST: token=CAST_UNCHECKED isUnchecked=1
[DEBUG parseFuncDecl] nameToken=str_atoi, peek()==, type=168
PARSING CAST: token=CAST_UNCHECKED isUnchecked=1
[DEBUG parseFuncDecl] nameToken=str_parse_i64, peek()==, type=168
PARSING CAST: token=CAST_UNCHECKED isUnchecked=1
PARSING CAST: token=CAST_UNCHECKED isUnchecked=1
PARSING CAST: token=CAST_UNCHECKED isUnchecked=1
PARSING CAST: token=CAST_UNCHECKED isUnchecked=1
PARSING CAST: token=CAST_UNCHECKED isUnchecked=1
PARSING CAST: token=CAST_UNCHECKED isUnchecked=1
[DEBUG parseFuncDecl] nameToken=str_parse_u64, peek()==, type=168
PARSING CAST: token=CAST_UNCHECKED isUnchecked=1
PARSING CAST: token=CAST_UNCHECKED isUnchecked=1
PARSING CAST: token=CAST_UNCHECKED isUnchecked=1
PARSING CAST: token=CAST_UNCHECKED isUnchecked=1
PARSING CAST: token=CAST_UNCHECKED isUnchecked=1
PARSING CAST: token=CAST_UNCHECKED isUnchecked=1
[DEBUG parseFuncDecl] nameToken=str_parse_i64_base, peek()==, type=168
PARSING CAST: token=CAST_UNCHECKED isUnchecked=1
PARSING CAST: token=CAST_UNCHECKED isUnchecked=1
PARSING CAST: token=CAST_UNCHECKED isUnchecked=1
PARSING CAST: token=CAST_UNCHECKED isUnchecked=1
PARSING CAST: token=CAST_UNCHECKED isUnchecked=1
PARSING CAST: token=CAST_UNCHECKED isUnchecked=1
PARSING CAST: token=CAST_UNCHECKED isUnchecked=1
[DEBUG parseFuncDecl] nameToken=str_itoa, peek()==, type=168
PARSING CAST: token=CAST_UNCHECKED isUnchecked=1
PARSING CAST: token=CAST_UNCHECKED isUnchecked=1
PARSING CAST: token=CAST_UNCHECKED isUnchecked=1
[DEBUG parseFuncDecl] nameToken=str_utoa, peek()==, type=168
PARSING CAST: token=CAST_UNCHECKED isUnchecked=1
PARSING CAST: token=CAST_UNCHECKED isUnchecked=1
[DEBUG parseFuncDecl] nameToken=str_itoa_hex, peek()==, type=168
PARSING CAST: token=CAST_UNCHECKED isUnchecked=1
PARSING CAST: token=CAST_UNCHECKED isUnchecked=1
PARSING CAST: token=CAST_UNCHECKED isUnchecked=1
[DEBUG parseFuncDecl] nameToken=to_lower_ascii, peek()==, type=168
[DEBUG parseFuncDecl] nameToken=to_upper_ascii, peek()==, type=168
[DEBUG parseFuncDecl] nameToken=is_alpha_ascii, peek()==, type=168
[DEBUG parseFuncDecl] nameToken=strcmp_has_nul, peek()==, type=168
[DEBUG parseFuncDecl] nameToken=str_strcmp, peek()==, type=168
PARSING CAST: token=CAST_UNCHECKED isUnchecked=1
PARSING CAST: token=CAST_UNCHECKED isUnchecked=1
PARSING CAST: token=CAST_UNCHECKED isUnchecked=1
PARSING CAST: token=CAST_UNCHECKED isUnchecked=1
[DEBUG parseFuncDecl] nameToken=str_strncmp, peek()==, type=168
PARSING CAST: token=CAST_UNCHECKED isUnchecked=1
PARSING CAST: token=CAST_UNCHECKED isUnchecked=1
[DEBUG parseFuncDecl] nameToken=str_strcmp_prefix, peek()==, type=168
PARSING CAST: token=CAST_UNCHECKED isUnchecked=1
PARSING CAST: token=CAST_UNCHECKED isUnchecked=1
[DEBUG parseFuncDecl] nameToken=str_strcasecmp, peek()==, type=168
PARSING CAST: token=CAST_UNCHECKED isUnchecked=1
PARSING CAST: token=CAST_UNCHECKED isUnchecked=1
[DEBUG parseFuncDecl] nameToken=str_strncasecmp, peek()==, type=168
PARSING CAST: token=CAST_UNCHECKED isUnchecked=1
PARSING CAST: token=CAST_UNCHECKED isUnchecked=1
[DEBUG parseFuncDecl] nameToken=str_casecmp_prefix, peek()==, type=168
PARSING CAST: token=CAST_UNCHECKED isUnchecked=1
PARSING CAST: token=CAST_UNCHECKED isUnchecked=1
[DEBUG parseFuncDecl] nameToken=io_open, peek()==, type=168
PARSING CAST: token=CAST_UNCHECKED isUnchecked=1
[DEBUG parseFuncDecl] nameToken=io_open_inheritable, peek()==, type=168
PARSING CAST: token=CAST_UNCHECKED isUnchecked=1
PARSING CAST: token=CAST_UNCHECKED isUnchecked=1
PARSING CAST: token=CAST_UNCHECKED isUnchecked=1
[DEBUG parseFuncDecl] nameToken=io_openat, peek()==, type=168
PARSING CAST: token=CAST_UNCHECKED isUnchecked=1
[DEBUG parseFuncDecl] nameToken=io_creat, peek()==, type=168
[DEBUG parseFuncDecl] nameToken=io_close, peek()==, type=168
PARSING CAST: token=CAST_UNCHECKED isUnchecked=1
[DEBUG parseFuncDecl] nameToken=io_close_nointr, peek()==, type=168
PARSING CAST: token=CAST_UNCHECKED isUnchecked=1
PARSING CAST: token=CAST_UNCHECKED isUnchecked=1
[DEBUG parseFuncDecl] nameToken=io_open_tmp, peek()==, type=168
PARSING CAST: token=CAST_UNCHECKED isUnchecked=1
[DEBUG parseFuncDecl] nameToken=io_seek, peek()==, type=168
PARSING CAST: token=CAST_UNCHECKED isUnchecked=1
[DEBUG parseFuncDecl] nameToken=io_seek_cur, peek()==, type=168
PARSING CAST: token=CAST_UNCHECKED isUnchecked=1
[DEBUG parseFuncDecl] nameToken=io_seek_end, peek()==, type=168
PARSING CAST: token=CAST_UNCHECKED isUnchecked=1
[DEBUG parseFuncDecl] nameToken=io_tell, peek()==, type=168
PARSING CAST: token=CAST_UNCHECKED isUnchecked=1
[DEBUG parseFuncDecl] nameToken=io_rewind, peek()==, type=168
PARSING CAST: token=CAST_UNCHECKED isUnchecked=1
[DEBUG parseFuncDecl] nameToken=io_file_size, peek()==, type=168
PARSING CAST: token=CAST_UNCHECKED isUnchecked=1
[DEBUG parseFuncDecl] nameToken=io_lseek, peek()==, type=168
PARSING CAST: token=CAST_UNCHECKED isUnchecked=1
PARSING CAST: token=CAST_UNCHECKED isUnchecked=1
[DEBUG parseFuncDecl] nameToken=io_dup, peek()==, type=168
PARSING CAST: token=CAST_UNCHECKED isUnchecked=1
[DEBUG parseFuncDecl] nameToken=io_dup_cloexec, peek()==, type=168
PARSING CAST: token=CAST_UNCHECKED isUnchecked=1
[DEBUG parseFuncDecl] nameToken=io_dup2, peek()==, type=168
PARSING CAST: token=CAST_UNCHECKED isUnchecked=1
[DEBUG parseFuncDecl] nameToken=io_dup3, peek()==, type=168
PARSING CAST: token=CAST_UNCHECKED isUnchecked=1
PARSING CAST: token=CAST_UNCHECKED isUnchecked=1
[DEBUG parseFuncDecl] nameToken=io_redirect, peek()==, type=168
PARSING CAST: token=CAST_UNCHECKED isUnchecked=1
[DEBUG parseFuncDecl] nameToken=io_pipe, peek()==, type=168
PARSING CAST: token=CAST_UNCHECKED isUnchecked=1
[DEBUG parseFuncDecl] nameToken=io_pipe_nonblock, peek()==, type=168
PARSING CAST: token=CAST_UNCHECKED isUnchecked=1
[DEBUG parseFuncDecl] nameToken=io_pipe_raw, peek()==, type=168
PARSING CAST: token=CAST_UNCHECKED isUnchecked=1
[DEBUG parseFuncDecl] nameToken=io_pipe_read_fd, peek()==, type=168
PARSING CAST: token=CAST_UNCHECKED isUnchecked=1
[DEBUG parseFuncDecl] nameToken=io_pipe_write_fd, peek()==, type=168
PARSING CAST: token=CAST_UNCHECKED isUnchecked=1
[DEBUG parseFuncDecl] nameToken=io_get_cloexec, peek()==, type=168
PARSING CAST: token=CAST_UNCHECKED isUnchecked=1
[DEBUG parseFuncDecl] nameToken=io_set_cloexec, peek()==, type=168
PARSING CAST: token=CAST_UNCHECKED isUnchecked=1
[DEBUG parseFuncDecl] nameToken=io_get_status_flags, peek()==, type=168
PARSING CAST: token=CAST_UNCHECKED isUnchecked=1
[DEBUG parseFuncDecl] nameToken=io_set_status_flags, peek()==, type=168
PARSING CAST: token=CAST_UNCHECKED isUnchecked=1
[DEBUG parseFuncDecl] nameToken=io_set_nonblocking, peek()==, type=168
PARSING CAST: token=CAST_UNCHECKED isUnchecked=1
[DEBUG parseFuncDecl] nameToken=io_set_blocking, peek()==, type=168
PARSING CAST: token=CAST_UNCHECKED isUnchecked=1
[DEBUG parseFuncDecl] nameToken=io_is_nonblocking, peek()==, type=168
PARSING CAST: token=CAST_UNCHECKED isUnchecked=1
[DEBUG parseFuncDecl] nameToken=io_set_append, peek()==, type=168
PARSING CAST: token=CAST_UNCHECKED isUnchecked=1
[DEBUG parseFuncDecl] nameToken=io_clear_append, peek()==, type=168
PARSING CAST: token=CAST_UNCHECKED isUnchecked=1
[DEBUG parseFuncDecl] nameToken=io_dupfd, peek()==, type=168
PARSING CAST: token=CAST_UNCHECKED isUnchecked=1
[DEBUG parseFuncDecl] nameToken=io_dupfd_cloexec, peek()==, type=168
PARSING CAST: token=CAST_UNCHECKED isUnchecked=1
[DEBUG parseFuncDecl] nameToken=io_fcntl_setown, peek()==, type=168
PARSING CAST: token=CAST_UNCHECKED isUnchecked=1
[DEBUG parseFuncDecl] nameToken=io_fcntl_getown, peek()==, type=168
PARSING CAST: token=CAST_UNCHECKED isUnchecked=1
[DEBUG parseFuncDecl] nameToken=io_fcntl, peek()==, type=168
PARSING CAST: token=CAST_UNCHECKED isUnchecked=1
Cast Succeeds! sourceIsPointer: 1 targetIsPointer: 1
Cast Succeeds! sourceIsPointer: 1 targetIsPointer: 1
Cast Succeeds! sourceIsPointer: 1 targetIsPointer: 1
Cast Succeeds! sourceIsPointer: 1 targetIsPointer: 1
Cast Succeeds! sourceIsPointer: 1 targetIsPointer: 1
Cast Succeeds! sourceIsPointer: 1 targetIsPointer: 1
Cast Succeeds! sourceIsPointer: 1 targetIsPointer: 1
Cast Succeeds! sourceIsPointer: 1 targetIsPointer: 1
Cast Succeeds! sourceIsPointer: 1 targetIsPointer: 1
Cast Succeeds! sourceIsPointer: 1 targetIsPointer: 1
Cast Succeeds! sourceIsPointer: 1 targetIsPointer: 1
Cast Succeeds! sourceIsPointer: 1 targetIsPointer: 1
Cast Succeeds! sourceIsPointer: 1 targetIsPointer: 1
Cast Succeeds! sourceIsPointer: 1 targetIsPointer: 1
Cast Succeeds! sourceIsPointer: 1 targetIsPointer: 1
Cast Succeeds! sourceIsPointer: 1 targetIsPointer: 1
Cast Succeeds! sourceIsPointer: 1 targetIsPointer: 1
Cast Succeeds! sourceIsPointer: 1 targetIsPointer: 1
Cast Succeeds! sourceIsPointer: 1 targetIsPointer: 1
Cast Succeeds! sourceIsPointer: 1 targetIsPointer: 1
Cast Succeeds! sourceIsPointer: 1 targetIsPointer: 1
Cast Succeeds! sourceIsPointer: 1 targetIsPointer: 1
Cast Succeeds! sourceIsPointer: 1 targetIsPointer: 1
Cast Succeeds! sourceIsPointer: 1 targetIsPointer: 1
Cast Succeeds! sourceIsPointer: 1 targetIsPointer: 1
Cast Succeeds! sourceIsPointer: 1 targetIsPointer: 1
Cast Succeeds! sourceIsPointer: 1 targetIsPointer: 1
Cast Succeeds! sourceIsPointer: 1 targetIsPointer: 1
Cast Succeeds! sourceIsPointer: 1 targetIsPointer: 1
Cast Succeeds! sourceIsPointer: 1 targetIsPointer: 1
Cast Succeeds! sourceIsPointer: 1 targetIsPointer: 1
Cast Succeeds! sourceIsPointer: 1 targetIsPointer: 1
Cast Succeeds! sourceIsPointer: 1 targetIsPointer: 1
Cast Succeeds! sourceIsPointer: 1 targetIsPointer: 1
Cast Succeeds! sourceIsPointer: 1 targetIsPointer: 1
Cast Succeeds! sourceIsPointer: 1 targetIsPointer: 1
Cast Succeeds! sourceIsPointer: 1 targetIsPointer: 1
Cast Succeeds! sourceIsPointer: 1 targetIsPointer: 1
Cast Succeeds! sourceIsPointer: 1 targetIsPointer: 1
Cast Succeeds! sourceIsPointer: 1 targetIsPointer: 1
Cast Succeeds! sourceIsPointer: 1 targetIsPointer: 1
Cast Succeeds! sourceIsPointer: 1 targetIsPointer: 1
Cast Succeeds! sourceIsPointer: 1 targetIsPointer: 1
Cast Succeeds! sourceIsPointer: 1 targetIsPointer: 1
Cast Succeeds! sourceIsPointer: 1 targetIsPointer: 1
Cast Succeeds! sourceIsPointer: 1 targetIsPointer: 1
Cast Succeeds! sourceIsPointer: 1 targetIsPointer: 1
Cast Succeeds! sourceIsPointer: 1 targetIsPointer: 1
Cast Succeeds! sourceIsPointer: 1 targetIsPointer: 1
Cast Succeeds! sourceIsPointer: 1 targetIsPointer: 1
Cast Succeeds! sourceIsPointer: 1 targetIsPointer: 1
Cast Succeeds! sourceIsPointer: 1 targetIsPointer: 1
Cast Succeeds! sourceIsPointer: 1 targetIsPointer: 1
Cast Succeeds! sourceIsPointer: 1 targetIsPointer: 1
Cast Succeeds! sourceIsPointer: 1 targetIsPointer: 1
Cast Succeeds! sourceIsPointer: 1 targetIsPointer: 1
Cast Succeeds! sourceIsPointer: 1 targetIsPointer: 1
Cast Succeeds! sourceIsPointer: 1 targetIsPointer: 1
Cast Succeeds! sourceIsPointer: 1 targetIsPointer: 1
Cast Succeeds! sourceIsPointer: 1 targetIsPointer: 1
Cast Succeeds! sourceIsPointer: 1 targetIsPointer: 1
Cast Succeeds! sourceIsPointer: 1 targetIsPointer: 1
Cast Succeeds! sourceIsPointer: 1 targetIsPointer: 1
Cast Succeeds! sourceIsPointer: 1 targetIsPointer: 1
Cast Succeeds! sourceIsPointer: 1 targetIsPointer: 1
Cast Succeeds! sourceIsPointer: 1 targetIsPointer: 1
Cast Succeeds! sourceIsPointer: 1 targetIsPointer: 1
Cast Succeeds! sourceIsPointer: 1 targetIsPointer: 1
Cast Succeeds! sourceIsPointer: 1 targetIsPointer: 1
Cast Succeeds! sourceIsPointer: 1 targetIsPointer: 1
Cast Succeeds! sourceIsPointer: 1 targetIsPointer: 1
Cast Succeeds! sourceIsPointer: 1 targetIsPointer: 1
Cast Succeeds! sourceIsPointer: 1 targetIsPointer: 1
Cast Succeeds! sourceIsPointer: 1 targetIsPointer: 1
Cast Succeeds! sourceIsPointer: 1 targetIsPointer: 1
Cast Succeeds! sourceIsPointer: 1 targetIsPointer: 1
Cast Succeeds! sourceIsPointer: 1 targetIsPointer: 1
Cast Succeeds! sourceIsPointer: 1 targetIsPointer: 1
Cast Succeeds! sourceIsPointer: 1 targetIsPointer: 1
Cast Succeeds! sourceIsPointer: 1 targetIsPointer: 1
Cast Succeeds! sourceIsPointer: 1 targetIsPointer: 1
Cast Succeeds! sourceIsPointer: 1 targetIsPointer: 1
Cast Succeeds! sourceIsPointer: 1 targetIsPointer: 1
Cast Succeeds! sourceIsPointer: 1 targetIsPointer: 1
Cast Succeeds! sourceIsPointer: 1 targetIsPointer: 1
Cast Succeeds! sourceIsPointer: 1 targetIsPointer: 1
Cast Succeeds! sourceIsPointer: 1 targetIsPointer: 1
Cast Succeeds! sourceIsPointer: 1 targetIsPointer: 1
Cast Succeeds! sourceIsPointer: 1 targetIsPointer: 1
Cast Succeeds! sourceIsPointer: 1 targetIsPointer: 1
Cast Succeeds! sourceIsPointer: 1 targetIsPointer: 1
CHECK! isUnchecked: 1 src: int64 target: uint8@
CHECK! isUnchecked: 1 src: int64 target: uint8@
CHECK! isUnchecked: 1 src: int64 target: uint8@
CHECK! isUnchecked: 1 src: int64 target: uint8@
CHECK! isUnchecked: 1 src: int64 target: int64@
CHECK! isUnchecked: 1 src: int64 target: uint8@
CHECK! isUnchecked: 1 src: int64 target: int64@
CHECK! isUnchecked: 1 src: int64 target: uint8@
CHECK! isUnchecked: 1 src: int64 target: uint8@
CHECK! isUnchecked: 1 src: int64 target: int64@
CHECK! isUnchecked: 1 src: int64 target: uint8@
CHECK! isUnchecked: 1 src: int64 target: uint8@
CHECK! isUnchecked: 1 src: int64 target: uint8@
CHECK! isUnchecked: 1 src: int64 target: uint8@
CHECK! isUnchecked: 1 src: int64 target: uint8@
CHECK! isUnchecked: 1 src: int64 target: uint8@
CHECK! isUnchecked: 1 src: int64 target: uint8@
CHECK! isUnchecked: 1 src: int64 target: uint8@
CHECK! isUnchecked: 1 src: int64 target: uint8@
CHECK! isUnchecked: 1 src: int64 target: uint8@
CHECK! isUnchecked: 1 src: int64 target: uint8@
CHECK! isUnchecked: 1 src: int64 target: int64@
CHECK! isUnchecked: 1 src: int64 target: int64@
CHECK! isUnchecked: 1 src: int64 target: uint8@
CHECK! isUnchecked: 1 src: int64 target: uint8@
CHECK! isUnchecked: 1 src: int64 target: uint8@
CHECK! isUnchecked: 1 src: int64 target: uint8@
CHECK! isUnchecked: 1 src: int64 target: uint8@
CHECK! isUnchecked: 1 src: int64 target: uint8@
CHECK! isUnchecked: 1 src: int64 target: uint8@
CHECK! isUnchecked: 1 src: int64 target: uint8@
CHECK! isUnchecked: 1 src: int64 target: uint8@
CHECK! isUnchecked: 1 src: int64 target: uint8@
CHECK! isUnchecked: 1 src: int64 target: uint8@
CHECK! isUnchecked: 1 src: int64 target: uint8@
CHECK! isUnchecked: 1 src: int64 target: int64@
CHECK! isUnchecked: 1 src: int64 target: int64@
CHECK! isUnchecked: 1 src: int64 target: int64@
[DEBUG parseFuncDecl] nameToken=bio_alloc_file, peek()==, type=168
PARSING CAST: token=CAST_UNCHECKED isUnchecked=1
[DEBUG parseFuncDecl] nameToken=bio_free_file, peek()==, type=168
[DEBUG parseFuncDecl] nameToken=bio_alloc_buf, peek()==, type=168
[DEBUG parseFuncDecl] nameToken=bio_free_buf, peek()==, type=168
[DEBUG parseFuncDecl] nameToken=bio_flush_write_buf, peek()==, type=168
PARSING CAST: token=CAST_UNCHECKED isUnchecked=1
PARSING CAST: token=CAST_UNCHECKED isUnchecked=1
PARSING CAST: token=CAST_UNCHECKED isUnchecked=1
PARSING CAST: token=CAST_UNCHECKED isUnchecked=1
PARSING CAST: token=CAST_UNCHECKED isUnchecked=1
[DEBUG parseFuncDecl] nameToken=bio_discard_read_buf, peek()==, type=168
PARSING CAST: token=CAST_UNCHECKED isUnchecked=1
PARSING CAST: token=CAST_UNCHECKED isUnchecked=1
PARSING CAST: token=CAST_UNCHECKED isUnchecked=1
[DEBUG parseFuncDecl] nameToken=bio_refill_read_buf, peek()==, type=168
PARSING CAST: token=CAST_UNCHECKED isUnchecked=1
PARSING CAST: token=CAST_UNCHECKED isUnchecked=1
PARSING CAST: token=CAST_UNCHECKED isUnchecked=1
PARSING CAST: token=CAST_UNCHECKED isUnchecked=1
PARSING CAST: token=CAST_UNCHECKED isUnchecked=1
[DEBUG parseFuncDecl] nameToken=bio_parse_mode, peek()==, type=168
PARSING CAST: token=CAST_UNCHECKED isUnchecked=1
PARSING CAST: token=CAST_UNCHECKED isUnchecked=1
PARSING CAST: token=CAST_UNCHECKED isUnchecked=1
[DEBUG parseFuncDecl] nameToken=slab_class_for_size, peek()==, type=168
[DEBUG parseFuncDecl] nameToken=slab_class_size, peek()==, type=168
[DEBUG parseFuncDecl] nameToken=slab_class_slots, peek()==, type=168
[DEBUG parseFuncDecl] nameToken=slab_freelist_get, peek()==, type=168
[DEBUG parseFuncDecl] nameToken=slab_freelist_set, peek()==, type=168
[DEBUG parseFuncDecl] nameToken=slab_refill, peek()==, type=168
PARSING CAST: token=CAST_UNCHECKED isUnchecked=1
PARSING CAST: token=CAST_UNCHECKED isUnchecked=1
PARSING CAST: token=CAST_UNCHECKED isUnchecked=1
PARSING CAST: token=CAST_UNCHECKED isUnchecked=1
PARSING CAST: token=CAST_UNCHECKED isUnchecked=1
[DEBUG parseFuncDecl] nameToken=slab_alloc, peek()==, type=168
PARSING CAST: token=CAST_UNCHECKED isUnchecked=1
PARSING CAST: token=CAST_UNCHECKED isUnchecked=1
PARSING CAST: token=CAST_UNCHECKED isUnchecked=1
[DEBUG parseFuncDecl] nameToken=slab_free, peek()==, type=168
PARSING CAST: token=CAST_UNCHECKED isUnchecked=1
PARSING CAST: token=CAST_UNCHECKED isUnchecked=1
PARSING CAST: token=CAST_UNCHECKED isUnchecked=1
[DEBUG parseFuncDecl] nameToken=slab_alloc_zero, peek()==, type=168
PARSING CAST: token=CAST_UNCHECKED isUnchecked=1
[DEBUG parseFuncDecl] nameToken=page_align_up, peek()==, type=168
[DEBUG parseFuncDecl] nameToken=page_align_down, peek()==, type=168
[DEBUG parseFuncDecl] nameToken=is_page_aligned, peek()==, type=168
[DEBUG parseFuncDecl] nameToken=size_align_up, peek()==, type=168
[DEBUG parseFuncDecl] nameToken=mem_mmap_raw, peek()==, type=168
PARSING CAST: token=CAST_UNCHECKED isUnchecked=1
[DEBUG parseFuncDecl] nameToken=mem_munmap_raw, peek()==, type=168
PARSING CAST: token=CAST_UNCHECKED isUnchecked=1
[DEBUG parseFuncDecl] nameToken=mem_mprotect_raw, peek()==, type=168
PARSING CAST: token=CAST_UNCHECKED isUnchecked=1
[DEBUG parseFuncDecl] nameToken=mem_mremap_raw, peek()==, type=168
PARSING CAST: token=CAST_UNCHECKED isUnchecked=1
[DEBUG parseFuncDecl] nameToken=mem_madvise_raw, peek()==, type=168
[DEBUG parseFuncDecl] nameToken=mem_msync_raw, peek()==, type=168
[DEBUG parseFuncDecl] nameToken=mem_malloc, peek()==, type=168
PARSING CAST: token=CAST_UNCHECKED isUnchecked=1
PARSING CAST: token=CAST_UNCHECKED isUnchecked=1
[DEBUG parseFuncDecl] nameToken=mem_calloc, peek()==, type=168
PARSING CAST: token=CAST_UNCHECKED isUnchecked=1
PARSING CAST: token=CAST_UNCHECKED isUnchecked=1
[DEBUG parseFuncDecl] nameToken=mem_realloc, peek()==, type=168
PARSING CAST: token=CAST_UNCHECKED isUnchecked=1
PARSING CAST: token=CAST_UNCHECKED isUnchecked=1
PARSING CAST: token=CAST_UNCHECKED isUnchecked=1
PARSING CAST: token=CAST_UNCHECKED isUnchecked=1
[DEBUG parseFuncDecl] nameToken=mem_free, peek()==, type=168
PARSING CAST: token=CAST_UNCHECKED isUnchecked=1
PARSING CAST: token=CAST_UNCHECKED isUnchecked=1
[DEBUG parseFuncDecl] nameToken=mem_malloc_user_size, peek()==, type=168
PARSING CAST: token=CAST_UNCHECKED isUnchecked=1
PARSING CAST: token=CAST_UNCHECKED isUnchecked=1
[DEBUG parseFuncDecl] nameToken=mem_malloc_map_size, peek()==, type=168
PARSING CAST: token=CAST_UNCHECKED isUnchecked=1
PARSING CAST: token=CAST_UNCHECKED isUnchecked=1
[DEBUG parseFuncDecl] nameToken=mem_alloc_pages, peek()==, type=168
PARSING CAST: token=CAST_UNCHECKED isUnchecked=1
[DEBUG parseFuncDecl] nameToken=mem_free_pages, peek()==, type=168
PARSING CAST: token=CAST_UNCHECKED isUnchecked=1
[DEBUG parseFuncDecl] nameToken=mem_alloc_guard_pages, peek()==, type=168
PARSING CAST: token=CAST_UNCHECKED isUnchecked=1
[DEBUG parseFuncDecl] nameToken=mem_free_guard_pages, peek()==, type=168
PARSING CAST: token=CAST_UNCHECKED isUnchecked=1
[DEBUG parseFuncDecl] nameToken=mem_memset, peek()==, type=168
PARSING CAST: token=CAST_UNCHECKED isUnchecked=1
PARSING CAST: token=CAST_UNCHECKED isUnchecked=1
PARSING CAST: token=CAST_UNCHECKED isUnchecked=1
PARSING CAST: token=CAST_UNCHECKED isUnchecked=1
PARSING CAST: token=CAST_UNCHECKED isUnchecked=1
PARSING CAST: token=CAST_UNCHECKED isUnchecked=1
[DEBUG parseFuncDecl] nameToken=mem_bzero, peek()==, type=168
[DEBUG parseFuncDecl] nameToken=mem_memset_explicit, peek()==, type=168
PARSING CAST: token=CAST_UNCHECKED isUnchecked=1
PARSING CAST: token=CAST_UNCHECKED isUnchecked=1
[DEBUG parseFuncDecl] nameToken=mem_bzero_explicit, peek()==, type=168
[DEBUG parseFuncDecl] nameToken=mem_memset_pattern4, peek()==, type=168
PARSING CAST: token=CAST_UNCHECKED isUnchecked=1
PARSING CAST: token=CAST_UNCHECKED isUnchecked=1
PARSING CAST: token=CAST_UNCHECKED isUnchecked=1
PARSING CAST: token=CAST_UNCHECKED isUnchecked=1
[DEBUG parseFuncDecl] nameToken=mem_poison, peek()==, type=168
[DEBUG parseFuncDecl] nameToken=bio_init_stream, peek()==, type=168
PARSING CAST: token=CAST_UNCHECKED isUnchecked=1
PARSING CAST: token=CAST_UNCHECKED isUnchecked=1
[DEBUG parseFuncDecl] nameToken=fopen, peek()==, type=168
PARSING CAST: token=CAST_UNCHECKED isUnchecked=1
PARSING CAST: token=CAST_UNCHECKED isUnchecked=1
PARSING CAST: token=CAST_UNCHECKED isUnchecked=1
[DEBUG parseFuncDecl] nameToken=fdopen, peek()==, type=168
PARSING CAST: token=CAST_UNCHECKED isUnchecked=1
PARSING CAST: token=CAST_UNCHECKED isUnchecked=1
[DEBUG parseFuncDecl] nameToken=freopen, peek()==, type=168
PARSING CAST: token=CAST_UNCHECKED isUnchecked=1
PARSING CAST: token=CAST_UNCHECKED isUnchecked=1
PARSING CAST: token=CAST_UNCHECKED isUnchecked=1
PARSING CAST: token=CAST_UNCHECKED isUnchecked=1
[DEBUG parseFuncDecl] nameToken=fclose, peek()==, type=168
PARSING CAST: token=CAST_UNCHECKED isUnchecked=1
PARSING CAST: token=CAST_UNCHECKED isUnchecked=1
PARSING CAST: token=CAST_UNCHECKED isUnchecked=1
[DEBUG parseFuncDecl] nameToken=fileno, peek()==, type=168
PARSING CAST: token=CAST_UNCHECKED isUnchecked=1
[DEBUG parseFuncDecl] nameToken=fread, peek()==, type=168
PARSING CAST: token=CAST_UNCHECKED isUnchecked=1
PARSING CAST: token=CAST_UNCHECKED isUnchecked=1
PARSING CAST: token=CAST_UNCHECKED isUnchecked=1
PARSING CAST: token=CAST_UNCHECKED isUnchecked=1
PARSING CAST: token=CAST_UNCHECKED isUnchecked=1
PARSING CAST: token=CAST_UNCHECKED isUnchecked=1
[DEBUG parseFuncDecl] nameToken=fwrite, peek()==, type=168
PARSING CAST: token=CAST_UNCHECKED isUnchecked=1
PARSING CAST: token=CAST_UNCHECKED isUnchecked=1
PARSING CAST: token=CAST_UNCHECKED isUnchecked=1
PARSING CAST: token=CAST_UNCHECKED isUnchecked=1
PARSING CAST: token=CAST_UNCHECKED isUnchecked=1
PARSING CAST: token=CAST_UNCHECKED isUnchecked=1
PARSING CAST: token=CAST_UNCHECKED isUnchecked=1
PARSING CAST: token=CAST_UNCHECKED isUnchecked=1
[DEBUG parseFuncDecl] nameToken=fflush, peek()==, type=168
PARSING CAST: token=CAST_UNCHECKED isUnchecked=1
PARSING CAST: token=CAST_UNCHECKED isUnchecked=1
[DEBUG parseFuncDecl] nameToken=mem_memcpy, peek()==, type=168
PARSING CAST: token=CAST_UNCHECKED isUnchecked=1
PARSING CAST: token=CAST_UNCHECKED isUnchecked=1
PARSING CAST: token=CAST_UNCHECKED isUnchecked=1
PARSING CAST: token=CAST_UNCHECKED isUnchecked=1
PARSING CAST: token=CAST_UNCHECKED isUnchecked=1
PARSING CAST: token=CAST_UNCHECKED isUnchecked=1
PARSING CAST: token=CAST_UNCHECKED isUnchecked=1
PARSING CAST: token=CAST_UNCHECKED isUnchecked=1
PARSING CAST: token=CAST_UNCHECKED isUnchecked=1
PARSING CAST: token=CAST_UNCHECKED isUnchecked=1
PARSING CAST: token=CAST_UNCHECKED isUnchecked=1
PARSING CAST: token=CAST_UNCHECKED isUnchecked=1
PARSING CAST: token=CAST_UNCHECKED isUnchecked=1
PARSING CAST: token=CAST_UNCHECKED isUnchecked=1
[DEBUG parseFuncDecl] nameToken=mem_mempcpy, peek()==, type=168
[DEBUG parseFuncDecl] nameToken=mem_memmove, peek()==, type=168
PARSING CAST: token=CAST_UNCHECKED isUnchecked=1
PARSING CAST: token=CAST_UNCHECKED isUnchecked=1
PARSING CAST: token=CAST_UNCHECKED isUnchecked=1
PARSING CAST: token=CAST_UNCHECKED isUnchecked=1
PARSING CAST: token=CAST_UNCHECKED isUnchecked=1
PARSING CAST: token=CAST_UNCHECKED isUnchecked=1
PARSING CAST: token=CAST_UNCHECKED isUnchecked=1
PARSING CAST: token=CAST_UNCHECKED isUnchecked=1
PARSING CAST: token=CAST_UNCHECKED isUnchecked=1
PARSING CAST: token=CAST_UNCHECKED isUnchecked=1
PARSING CAST: token=CAST_UNCHECKED isUnchecked=1
PARSING CAST: token=CAST_UNCHECKED isUnchecked=1
PARSING CAST: token=CAST_UNCHECKED isUnchecked=1
PARSING CAST: token=CAST_UNCHECKED isUnchecked=1
PARSING CAST: token=CAST_UNCHECKED isUnchecked=1
PARSING CAST: token=CAST_UNCHECKED isUnchecked=1
PARSING CAST: token=CAST_UNCHECKED isUnchecked=1
PARSING CAST: token=CAST_UNCHECKED isUnchecked=1
PARSING CAST: token=CAST_UNCHECKED isUnchecked=1
PARSING CAST: token=CAST_UNCHECKED isUnchecked=1
PARSING CAST: token=CAST_UNCHECKED isUnchecked=1
PARSING CAST: token=CAST_UNCHECKED isUnchecked=1
PARSING CAST: token=CAST_UNCHECKED isUnchecked=1
[DEBUG parseFuncDecl] nameToken=mem_memdup, peek()==, type=168
PARSING CAST: token=CAST_UNCHECKED isUnchecked=1
[DEBUG parseFuncDecl] nameToken=fseek, peek()==, type=168
PARSING CAST: token=CAST_UNCHECKED isUnchecked=1
PARSING CAST: token=CAST_UNCHECKED isUnchecked=1
PARSING CAST: token=CAST_UNCHECKED isUnchecked=1
PARSING CAST: token=CAST_UNCHECKED isUnchecked=1
PARSING CAST: token=CAST_UNCHECKED isUnchecked=1
[DEBUG parseFuncDecl] nameToken=ftell, peek()==, type=168
PARSING CAST: token=CAST_UNCHECKED isUnchecked=1
[DEBUG parseFuncDecl] nameToken=rewind, peek()==, type=168
PARSING CAST: token=CAST_UNCHECKED isUnchecked=1
[DEBUG parseFuncDecl] nameToken=fgetpos, peek()==, type=168
PARSING CAST: token=CAST_UNCHECKED isUnchecked=1
[DEBUG parseFuncDecl] nameToken=fsetpos, peek()==, type=168
PARSING CAST: token=CAST_UNCHECKED isUnchecked=1
[DEBUG parseFuncDecl] nameToken=fgetc, peek()==, type=168
PARSING CAST: token=CAST_UNCHECKED isUnchecked=1
PARSING CAST: token=CAST_UNCHECKED isUnchecked=1
PARSING CAST: token=CAST_UNCHECKED isUnchecked=1
PARSING CAST: token=CAST_UNCHECKED isUnchecked=1
PARSING CAST: token=CAST_UNCHECKED isUnchecked=1
PARSING CAST: token=CAST_UNCHECKED isUnchecked=1
PARSING CAST: token=CAST_UNCHECKED isUnchecked=1
PARSING CAST: token=CAST_UNCHECKED isUnchecked=1
[DEBUG parseFuncDecl] nameToken=fputc, peek()==, type=168
PARSING CAST: token=CAST_UNCHECKED isUnchecked=1
PARSING CAST: token=CAST_UNCHECKED isUnchecked=1
PARSING CAST: token=CAST_UNCHECKED isUnchecked=1
PARSING CAST: token=CAST_UNCHECKED isUnchecked=1
PARSING CAST: token=CAST_UNCHECKED isUnchecked=1
PARSING CAST: token=CAST_UNCHECKED isUnchecked=1
PARSING CAST: token=CAST_UNCHECKED isUnchecked=1
[DEBUG parseFuncDecl] nameToken=getc, peek()==, type=168
[DEBUG parseFuncDecl] nameToken=putc, peek()==, type=168
[DEBUG parseFuncDecl] nameToken=ungetc, peek()==, type=168
PARSING CAST: token=CAST_UNCHECKED isUnchecked=1
[DEBUG parseFuncDecl] nameToken=fgets, peek()==, type=168
PARSING CAST: token=CAST_UNCHECKED isUnchecked=1
PARSING CAST: token=CAST_UNCHECKED isUnchecked=1
PARSING CAST: token=CAST_UNCHECKED isUnchecked=1
PARSING CAST: token=CAST_UNCHECKED isUnchecked=1
[DEBUG parseFuncDecl] nameToken=fputs, peek()==, type=168
PARSING CAST: token=CAST_UNCHECKED isUnchecked=1
PARSING CAST: token=CAST_UNCHECKED isUnchecked=1
PARSING CAST: token=CAST_UNCHECKED isUnchecked=1
[DEBUG parseFuncDecl] nameToken=feof, peek()==, type=168
PARSING CAST: token=CAST_UNCHECKED isUnchecked=1
[DEBUG parseFuncDecl] nameToken=ferror, peek()==, type=168
PARSING CAST: token=CAST_UNCHECKED isUnchecked=1
[DEBUG parseFuncDecl] nameToken=clearerr, peek()==, type=168
PARSING CAST: token=CAST_UNCHECKED isUnchecked=1
[DEBUG parseFuncDecl] nameToken=setvbuf, peek()==, type=168
PARSING CAST: token=CAST_UNCHECKED isUnchecked=1
[DEBUG parseFuncDecl] nameToken=setbuf, peek()==, type=168
[DEBUG parseFuncDecl] nameToken=setlinebuf, peek()==, type=168
[DEBUG parseFuncDecl] nameToken=bio_ensure_std_init, peek()==, type=168
PARSING CAST: token=CAST_UNCHECKED isUnchecked=1
PARSING CAST: token=CAST_UNCHECKED isUnchecked=1
PARSING CAST: token=CAST_UNCHECKED isUnchecked=1
PARSING CAST: token=CAST_UNCHECKED isUnchecked=1
PARSING CAST: token=CAST_UNCHECKED isUnchecked=1
PARSING CAST: token=CAST_UNCHECKED isUnchecked=1
[DEBUG parseFuncDecl] nameToken=getchar, peek()==, type=168
[DEBUG parseFuncDecl] nameToken=putchar, peek()==, type=168
[DEBUG parseFuncDecl] nameToken=puts, peek()==, type=168
[DEBUG parseFuncDecl] nameToken=bio_flush_stdout, peek()==, type=168
[DEBUG parseFuncDecl] nameToken=bio_flush_stderr, peek()==, type=168
[DEBUG parseFuncDecl] nameToken=bio_flush_all, peek()==, type=168
[DEBUG parseFuncDecl] nameToken=bio_fprint_rendered, peek()==, type=168
[DEBUG parseFuncDecl] nameToken=fprintf0, peek()==, type=168
PARSING CAST: token=CAST_UNCHECKED isUnchecked=1
[DEBUG parseFuncDecl] nameToken=printf0, peek()==, type=168
[DEBUG parseFuncDecl] nameToken=eprintf0, peek()==, type=168
[DEBUG parseFuncDecl] nameToken=fprintf1, peek()==, type=168
PARSING CAST: token=CAST_UNCHECKED isUnchecked=1
[DEBUG parseFuncDecl] nameToken=printf1, peek()==, type=168
[DEBUG parseFuncDecl] nameToken=eprintf1, peek()==, type=168
[DEBUG parseFuncDecl] nameToken=fprintf2, peek()==, type=168
PARSING CAST: token=CAST_UNCHECKED isUnchecked=1
[DEBUG parseFuncDecl] nameToken=printf2, peek()==, type=168
[DEBUG parseFuncDecl] nameToken=eprintf2, peek()==, type=168
[DEBUG parseFuncDecl] nameToken=fprintf3, peek()==, type=168
PARSING CAST: token=CAST_UNCHECKED isUnchecked=1
[DEBUG parseFuncDecl] nameToken=printf3, peek()==, type=168
[DEBUG parseFuncDecl] nameToken=eprintf3, peek()==, type=168
[DEBUG parseFuncDecl] nameToken=fprintf4, peek()==, type=168
PARSING CAST: token=CAST_UNCHECKED isUnchecked=1
[DEBUG parseFuncDecl] nameToken=printf4, peek()==, type=168
[DEBUG parseFuncDecl] nameToken=eprintf4, peek()==, type=168
[DEBUG parseFuncDecl] nameToken=fprintf5, peek()==, type=168
PARSING CAST: token=CAST_UNCHECKED isUnchecked=1
[DEBUG parseFuncDecl] nameToken=printf5, peek()==, type=168
[DEBUG parseFuncDecl] nameToken=eprintf5, peek()==, type=168
[DEBUG parseFuncDecl] nameToken=fprintf6, peek()==, type=168
PARSING CAST: token=CAST_UNCHECKED isUnchecked=1
[DEBUG parseFuncDecl] nameToken=printf6, peek()==, type=168
[DEBUG parseFuncDecl] nameToken=eprintf6, peek()==, type=168
[DEBUG parseFuncDecl] nameToken=fprintf7, peek()==, type=168
PARSING CAST: token=CAST_UNCHECKED isUnchecked=1
[DEBUG parseFuncDecl] nameToken=printf7, peek()==, type=168
[DEBUG parseFuncDecl] nameToken=eprintf7, peek()==, type=168
[DEBUG parseFuncDecl] nameToken=fprintf8, peek()==, type=168
PARSING CAST: token=CAST_UNCHECKED isUnchecked=1
[DEBUG parseFuncDecl] nameToken=printf8, peek()==, type=168
[DEBUG parseFuncDecl] nameToken=eprintf8, peek()==, type=168
[DEBUG parseFuncDecl] nameToken=asprintf0, peek()==, type=168
PARSING CAST: token=CAST_UNCHECKED isUnchecked=1
PARSING CAST: token=CAST_UNCHECKED isUnchecked=1
[DEBUG parseFuncDecl] nameToken=asprintf1, peek()==, type=168
PARSING CAST: token=CAST_UNCHECKED isUnchecked=1
PARSING CAST: token=CAST_UNCHECKED isUnchecked=1
[DEBUG parseFuncDecl] nameToken=asprintf2, peek()==, type=168
PARSING CAST: token=CAST_UNCHECKED isUnchecked=1
PARSING CAST: token=CAST_UNCHECKED isUnchecked=1
[DEBUG parseFuncDecl] nameToken=asprintf3, peek()==, type=168
PARSING CAST: token=CAST_UNCHECKED isUnchecked=1
PARSING CAST: token=CAST_UNCHECKED isUnchecked=1
[DEBUG parseFuncDecl] nameToken=asprintf4, peek()==, type=168
PARSING CAST: token=CAST_UNCHECKED isUnchecked=1
PARSING CAST: token=CAST_UNCHECKED isUnchecked=1
[DEBUG parseFuncDecl] nameToken=strerror, peek()==, type=168
PARSING CAST: token=CAST_UNCHECKED isUnchecked=1
PARSING CAST: token=CAST_UNCHECKED isUnchecked=1
PARSING CAST: token=CAST_UNCHECKED isUnchecked=1
PARSING CAST: token=CAST_UNCHECKED isUnchecked=1
PARSING CAST: token=CAST_UNCHECKED isUnchecked=1
PARSING CAST: token=CAST_UNCHECKED isUnchecked=1
PARSING CAST: token=CAST_UNCHECKED isUnchecked=1
PARSING CAST: token=CAST_UNCHECKED isUnchecked=1
PARSING CAST: token=CAST_UNCHECKED isUnchecked=1
PARSING CAST: token=CAST_UNCHECKED isUnchecked=1
PARSING CAST: token=CAST_UNCHECKED isUnchecked=1
PARSING CAST: token=CAST_UNCHECKED isUnchecked=1
PARSING CAST: token=CAST_UNCHECKED isUnchecked=1
PARSING CAST: token=CAST_UNCHECKED isUnchecked=1
PARSING CAST: token=CAST_UNCHECKED isUnchecked=1
PARSING CAST: token=CAST_UNCHECKED isUnchecked=1
PARSING CAST: token=CAST_UNCHECKED isUnchecked=1
PARSING CAST: token=CAST_UNCHECKED isUnchecked=1
PARSING CAST: token=CAST_UNCHECKED isUnchecked=1
PARSING CAST: token=CAST_UNCHECKED isUnchecked=1
PARSING CAST: token=CAST_UNCHECKED isUnchecked=1
PARSING CAST: token=CAST_UNCHECKED isUnchecked=1
PARSING CAST: token=CAST_UNCHECKED isUnchecked=1
PARSING CAST: token=CAST_UNCHECKED isUnchecked=1
PARSING CAST: token=CAST_UNCHECKED isUnchecked=1
PARSING CAST: token=CAST_UNCHECKED isUnchecked=1
PARSING CAST: token=CAST_UNCHECKED isUnchecked=1
PARSING CAST: token=CAST_UNCHECKED isUnchecked=1
PARSING CAST: token=CAST_UNCHECKED isUnchecked=1
PARSING CAST: token=CAST_UNCHECKED isUnchecked=1
PARSING CAST: token=CAST_UNCHECKED isUnchecked=1
PARSING CAST: token=CAST_UNCHECKED isUnchecked=1
PARSING CAST: token=CAST_UNCHECKED isUnchecked=1
PARSING CAST: token=CAST_UNCHECKED isUnchecked=1
PARSING CAST: token=CAST_UNCHECKED isUnchecked=1
PARSING CAST: token=CAST_UNCHECKED isUnchecked=1
PARSING CAST: token=CAST_UNCHECKED isUnchecked=1
PARSING CAST: token=CAST_UNCHECKED isUnchecked=1
PARSING CAST: token=CAST_UNCHECKED isUnchecked=1
PARSING CAST: token=CAST_UNCHECKED isUnchecked=1
PARSING CAST: token=CAST_UNCHECKED isUnchecked=1
PARSING CAST: token=CAST_UNCHECKED isUnchecked=1
PARSING CAST: token=CAST_UNCHECKED isUnchecked=1
PARSING CAST: token=CAST_UNCHECKED isUnchecked=1
PARSING CAST: token=CAST_UNCHECKED isUnchecked=1
PARSING CAST: token=CAST_UNCHECKED isUnchecked=1
PARSING CAST: token=CAST_UNCHECKED isUnchecked=1
PARSING CAST: token=CAST_UNCHECKED isUnchecked=1
PARSING CAST: token=CAST_UNCHECKED isUnchecked=1
PARSING CAST: token=CAST_UNCHECKED isUnchecked=1
PARSING CAST: token=CAST_UNCHECKED isUnchecked=1
PARSING CAST: token=CAST_UNCHECKED isUnchecked=1
PARSING CAST: token=CAST_UNCHECKED isUnchecked=1
PARSING CAST: token=CAST_UNCHECKED isUnchecked=1
PARSING CAST: token=CAST_UNCHECKED isUnchecked=1
PARSING CAST: token=CAST_UNCHECKED isUnchecked=1
PARSING CAST: token=CAST_UNCHECKED isUnchecked=1
PARSING CAST: token=CAST_UNCHECKED isUnchecked=1
PARSING CAST: token=CAST_UNCHECKED isUnchecked=1
PARSING CAST: token=CAST_UNCHECKED isUnchecked=1
PARSING CAST: token=CAST_UNCHECKED isUnchecked=1
PARSING CAST: token=CAST_UNCHECKED isUnchecked=1
PARSING CAST: token=CAST_UNCHECKED isUnchecked=1
PARSING CAST: token=CAST_UNCHECKED isUnchecked=1
PARSING CAST: token=CAST_UNCHECKED isUnchecked=1
PARSING CAST: token=CAST_UNCHECKED isUnchecked=1
PARSING CAST: token=CAST_UNCHECKED isUnchecked=1
PARSING CAST: token=CAST_UNCHECKED isUnchecked=1
PARSING CAST: token=CAST_UNCHECKED isUnchecked=1
PARSING CAST: token=CAST_UNCHECKED isUnchecked=1
PARSING CAST: token=CAST_UNCHECKED isUnchecked=1
PARSING CAST: token=CAST_UNCHECKED isUnchecked=1
PARSING CAST: token=CAST_UNCHECKED isUnchecked=1
PARSING CAST: token=CAST_UNCHECKED isUnchecked=1
PARSING CAST: token=CAST_UNCHECKED isUnchecked=1
PARSING CAST: token=CAST_UNCHECKED isUnchecked=1
PARSING CAST: token=CAST_UNCHECKED isUnchecked=1
PARSING CAST: token=CAST_UNCHECKED isUnchecked=1
PARSING CAST: token=CAST_UNCHECKED isUnchecked=1
PARSING CAST: token=CAST_UNCHECKED isUnchecked=1
PARSING CAST: token=CAST_UNCHECKED isUnchecked=1
PARSING CAST: token=CAST_UNCHECKED isUnchecked=1
PARSING CAST: token=CAST_UNCHECKED isUnchecked=1
PARSING CAST: token=CAST_UNCHECKED isUnchecked=1
PARSING CAST: token=CAST_UNCHECKED isUnchecked=1
PARSING CAST: token=CAST_UNCHECKED isUnchecked=1
[DEBUG parseFuncDecl] nameToken=strerror_r, peek()==, type=168
PARSING CAST: token=CAST_UNCHECKED isUnchecked=1
[DEBUG parseFuncDecl] nameToken=perror, peek()==, type=168
PARSING CAST: token=CAST_UNCHECKED isUnchecked=1
PARSING CAST: token=CAST_UNCHECKED isUnchecked=1
[DEBUG parseFuncDecl] nameToken=bio_scan_getc, peek()==, type=168
PARSING CAST: token=CAST_UNCHECKED isUnchecked=1
PARSING CAST: token=CAST_UNCHECKED isUnchecked=1
PARSING CAST: token=CAST_UNCHECKED isUnchecked=1
[DEBUG parseFuncDecl] nameToken=bio_scan_ungetc, peek()==, type=168
PARSING CAST: token=CAST_UNCHECKED isUnchecked=1
[DEBUG parseFuncDecl] nameToken=bio_scan_skip_ws, peek()==, type=168
[DEBUG parseFuncDecl] nameToken=bio_scan_int, peek()==, type=168
PARSING CAST: token=CAST_UNCHECKED isUnchecked=1
PARSING CAST: token=CAST_UNCHECKED isUnchecked=1
PARSING CAST: token=CAST_UNCHECKED isUnchecked=1
[DEBUG parseFuncDecl] nameToken=bio_scan_str, peek()==, type=168
PARSING CAST: token=CAST_UNCHECKED isUnchecked=1
PARSING CAST: token=CAST_UNCHECKED isUnchecked=1
PARSING CAST: token=CAST_UNCHECKED isUnchecked=1
PARSING CAST: token=CAST_UNCHECKED isUnchecked=1
PARSING CAST: token=CAST_UNCHECKED isUnchecked=1
[DEBUG parseFuncDecl] nameToken=bio_scan_engine, peek()==, type=168
PARSING CAST: token=CAST_UNCHECKED isUnchecked=1
PARSING CAST: token=CAST_UNCHECKED isUnchecked=1
PARSING CAST: token=CAST_UNCHECKED isUnchecked=1
PARSING CAST: token=CAST_UNCHECKED isUnchecked=1
PARSING CAST: token=CAST_UNCHECKED isUnchecked=1
PARSING CAST: token=CAST_UNCHECKED isUnchecked=1
PARSING CAST: token=CAST_UNCHECKED isUnchecked=1
PARSING CAST: token=CAST_UNCHECKED isUnchecked=1
PARSING CAST: token=CAST_UNCHECKED isUnchecked=1
[DEBUG parseFuncDecl] nameToken=fscanf0, peek()==, type=168
PARSING CAST: token=CAST_UNCHECKED isUnchecked=1
[DEBUG parseFuncDecl] nameToken=fscanf1, peek()==, type=168
PARSING CAST: token=CAST_UNCHECKED isUnchecked=1
PARSING CAST: token=CAST_UNCHECKED isUnchecked=1
[DEBUG parseFuncDecl] nameToken=fscanf2, peek()==, type=168
PARSING CAST: token=CAST_UNCHECKED isUnchecked=1
PARSING CAST: token=CAST_UNCHECKED isUnchecked=1
[DEBUG parseFuncDecl] nameToken=fscanf3, peek()==, type=168
PARSING CAST: token=CAST_UNCHECKED isUnchecked=1
PARSING CAST: token=CAST_UNCHECKED isUnchecked=1
[DEBUG parseFuncDecl] nameToken=fscanf4, peek()==, type=168
PARSING CAST: token=CAST_UNCHECKED isUnchecked=1
PARSING CAST: token=CAST_UNCHECKED isUnchecked=1
[DEBUG parseFuncDecl] nameToken=fscanf5, peek()==, type=168
PARSING CAST: token=CAST_UNCHECKED isUnchecked=1
PARSING CAST: token=CAST_UNCHECKED isUnchecked=1
[DEBUG parseFuncDecl] nameToken=fscanf6, peek()==, type=168
PARSING CAST: token=CAST_UNCHECKED isUnchecked=1
PARSING CAST: token=CAST_UNCHECKED isUnchecked=1
[DEBUG parseFuncDecl] nameToken=fscanf7, peek()==, type=168
PARSING CAST: token=CAST_UNCHECKED isUnchecked=1
PARSING CAST: token=CAST_UNCHECKED isUnchecked=1
[DEBUG parseFuncDecl] nameToken=fscanf8, peek()==, type=168
PARSING CAST: token=CAST_UNCHECKED isUnchecked=1
PARSING CAST: token=CAST_UNCHECKED isUnchecked=1
[DEBUG parseFuncDecl] nameToken=sscanf0, peek()==, type=168
PARSING CAST: token=CAST_UNCHECKED isUnchecked=1
[DEBUG parseFuncDecl] nameToken=sscanf1, peek()==, type=168
PARSING CAST: token=CAST_UNCHECKED isUnchecked=1
PARSING CAST: token=CAST_UNCHECKED isUnchecked=1
[DEBUG parseFuncDecl] nameToken=sscanf2, peek()==, type=168
PARSING CAST: token=CAST_UNCHECKED isUnchecked=1
PARSING CAST: token=CAST_UNCHECKED isUnchecked=1
[DEBUG parseFuncDecl] nameToken=sscanf3, peek()==, type=168
PARSING CAST: token=CAST_UNCHECKED isUnchecked=1
PARSING CAST: token=CAST_UNCHECKED isUnchecked=1
[DEBUG parseFuncDecl] nameToken=sscanf4, peek()==, type=168
PARSING CAST: token=CAST_UNCHECKED isUnchecked=1
PARSING CAST: token=CAST_UNCHECKED isUnchecked=1
[DEBUG parseFuncDecl] nameToken=sscanf5, peek()==, type=168
PARSING CAST: token=CAST_UNCHECKED isUnchecked=1
PARSING CAST: token=CAST_UNCHECKED isUnchecked=1
[DEBUG parseFuncDecl] nameToken=sscanf6, peek()==, type=168
PARSING CAST: token=CAST_UNCHECKED isUnchecked=1
PARSING CAST: token=CAST_UNCHECKED isUnchecked=1
[DEBUG parseFuncDecl] nameToken=sscanf7, peek()==, type=168
PARSING CAST: token=CAST_UNCHECKED isUnchecked=1
PARSING CAST: token=CAST_UNCHECKED isUnchecked=1
[DEBUG parseFuncDecl] nameToken=sscanf8, peek()==, type=168
PARSING CAST: token=CAST_UNCHECKED isUnchecked=1
PARSING CAST: token=CAST_UNCHECKED isUnchecked=1
[DEBUG parseFuncDecl] nameToken=scanf0, peek()==, type=168
[DEBUG parseFuncDecl] nameToken=scanf1, peek()==, type=168
[DEBUG parseFuncDecl] nameToken=scanf2, peek()==, type=168
[DEBUG parseFuncDecl] nameToken=scanf3, peek()==, type=168
[DEBUG parseFuncDecl] nameToken=scanf4, peek()==, type=168
[DEBUG parseFuncDecl] nameToken=scanf5, peek()==, type=168
[DEBUG parseFuncDecl] nameToken=scanf6, peek()==, type=168
[DEBUG parseFuncDecl] nameToken=scanf7, peek()==, type=168
[DEBUG parseFuncDecl] nameToken=scanf8, peek()==, type=168
[DEBUG parseFuncDecl] nameToken=tmpfile_get_entropy, peek()==, type=168
PARSING CAST: token=CAST_UNCHECKED isUnchecked=1
PARSING CAST: token=CAST_UNCHECKED isUnchecked=1
PARSING CAST: token=CAST_UNCHECKED isUnchecked=1
[DEBUG parseFuncDecl] nameToken=tmpfile_fill_hex, peek()==, type=168
PARSING CAST: token=CAST_UNCHECKED isUnchecked=1
PARSING CAST: token=CAST_UNCHECKED isUnchecked=1
[DEBUG parseFuncDecl] nameToken=mkstemp, peek()==, type=168
[DEBUG parseFuncDecl] nameToken=mkostemp, peek()==, type=168
PARSING CAST: token=CAST_UNCHECKED isUnchecked=1
PARSING CAST: token=CAST_UNCHECKED isUnchecked=1
[DEBUG parseFuncDecl] nameToken=mkdtemp, peek()==, type=168
PARSING CAST: token=CAST_UNCHECKED isUnchecked=1
PARSING CAST: token=CAST_UNCHECKED isUnchecked=1
PARSING CAST: token=CAST_UNCHECKED isUnchecked=1
PARSING CAST: token=CAST_UNCHECKED isUnchecked=1
[DEBUG parseFuncDecl] nameToken=tmpfile, peek()==, type=168
PARSING CAST: token=CAST_UNCHECKED isUnchecked=1
PARSING CAST: token=CAST_UNCHECKED isUnchecked=1
PARSING CAST: token=CAST_UNCHECKED isUnchecked=1
PARSING CAST: token=CAST_UNCHECKED isUnchecked=1
PARSING CAST: token=CAST_UNCHECKED isUnchecked=1
PARSING CAST: token=CAST_UNCHECKED isUnchecked=1
[DEBUG parseFuncDecl] nameToken=tmpnam, peek()==, type=168
PARSING CAST: token=CAST_UNCHECKED isUnchecked=1
PARSING CAST: token=CAST_UNCHECKED isUnchecked=1
PARSING CAST: token=CAST_UNCHECKED isUnchecked=1
CHECK! isUnchecked: 1 src: int64 target: int64@
CHECK! isUnchecked: 1 src: int64 target: uint8@
CHECK! isUnchecked: 1 src: int64 target: int64@
CHECK! isUnchecked: 1 src: int64 target: int64@
CHECK! isUnchecked: 1 src: int64 target: int64@
CHECK! isUnchecked: 1 src: int64 target: uint8@
CHECK! isUnchecked: 1 src: int64 target: int64@
CHECK! isUnchecked: 1 src: int64 target: uint8@
CHECK! isUnchecked: 1 src: int64 target: uint8@
CHECK! isUnchecked: 1 src: int64 target: int64@
CHECK! isUnchecked: 1 src: int64 target: uint8@
CHECK! isUnchecked: 1 src: int64 target: uint8@
CHECK! isUnchecked: 1 src: int64 target: int64@
CHECK! isUnchecked: 1 src: int64 target: FILE@
CHECK! isUnchecked: 1 src: int64 target: FILE@
CHECK! isUnchecked: 1 src: int64 target: FILE@
CHECK! isUnchecked: 1 src: int64 target: uint8@
CHECK! isUnchecked: 1 src: int64 target: uint8@
CHECK! isUnchecked: 1 src: int64 target: int64@
CHECK! isUnchecked: 1 src: int64 target: uint8@
CHECK! isUnchecked: 1 src: int64 target: uint8@
CHECK! isUnchecked: 1 src: int64 target: uint8@
CHECK! isUnchecked: 1 src: int64 target: uint8@
CHECK! isUnchecked: 1 src: int64 target: int64@
CHECK! isUnchecked: 1 src: int64 target: int64@
CHECK! isUnchecked: 1 src: int64 target: FILE@
CHECK! isUnchecked: 1 src: int64 target: uint8@
CHECK! isUnchecked: 1 src: int64 target: FILE@
CHECK! isUnchecked: 1 src: int64 target: uint8@
CHECK! isUnchecked: 1 src: int64 target: FILE@
CHECK! isUnchecked: 1 src: int64 target: FILE@
CHECK! isUnchecked: 1 src: int64 target: FILE@
CHECK! isUnchecked: 1 src: int64 target: FILE@
CHECK! isUnchecked: 1 src: int64 target: int64@
CHECK! isUnchecked: 1 src: int64 target: int64@
CHECK! isUnchecked: 1 src: int64 target: FILE@
CHECK! isUnchecked: 1 src: int64 target: uint8@
CHECK! isUnchecked: 1 src: int64 target: FILE@
CHECK! isUnchecked: 1 src: int64 target: uint8@
CHECK! isUnchecked: 1 src: int64 target: FILE@
CHECK! isUnchecked: 1 src: int64 target: uint8@
CHECK! isUnchecked: 1 src: int64 target: FILE@
CHECK! isUnchecked: 1 src: int64 target: uint8@
CHECK! isUnchecked: 1 src: int64 target: FILE@
CHECK! isUnchecked: 1 src: int64 target: uint8@
CHECK! isUnchecked: 1 src: int64 target: FILE@
CHECK! isUnchecked: 1 src: int64 target: FILE@
CHECK! isUnchecked: 1 src: int64 target: FILE@
CHECK! isUnchecked: 1 src: int64 target: FILE@
CHECK! isUnchecked: 1 src: int64 target: int64@
CHECK! isUnchecked: 1 src: int64 target: int64@
CHECK! isUnchecked: 1 src: int64 target: int64@
CHECK! isUnchecked: 1 src: int64 target: int64@
CHECK! isUnchecked: 1 src: int64 target: int64@
CHECK! isUnchecked: 1 src: int64 target: uint8@
CHECK! isUnchecked: 1 src: int64 target: uint8@
CHECK! isUnchecked: 1 src: int64 target: uint8@
CHECK! isUnchecked: 1 src: int64 target: uint8@
[DEBUG parseFuncDecl] nameToken=math_abs_i64, peek()==, type=168
[DEBUG parseFuncDecl] nameToken=math_min_i64, peek()==, type=168
[DEBUG parseFuncDecl] nameToken=math_max_i64, peek()==, type=168
[DEBUG parseFuncDecl] nameToken=math_min_u64, peek()==, type=168
[DEBUG parseFuncDecl] nameToken=math_max_u64, peek()==, type=168
[DEBUG parseFuncDecl] nameToken=math_sign_i64, peek()==, type=168
[DEBUG parseFuncDecl] nameToken=math_sat_add_i64, peek()==, type=168
[DEBUG parseFuncDecl] nameToken=math_sat_sub_i64, peek()==, type=168
[DEBUG parseFuncDecl] nameToken=math_sat_mul_i64, peek()==, type=168
[DEBUG parseFuncDecl] nameToken=math_sat_add_u64, peek()==, type=168
[DEBUG parseFuncDecl] nameToken=math_sat_sub_u64, peek()==, type=168
[DEBUG parseFuncDecl] nameToken=math_div_ceil_i64, peek()==, type=168
[DEBUG parseFuncDecl] nameToken=math_div_floor_i64, peek()==, type=168
[DEBUG parseFuncDecl] nameToken=math_div_round_i64, peek()==, type=168
[DEBUG parseFuncDecl] nameToken=math_mod_pos_i64, peek()==, type=168
[DEBUG parseFuncDecl] nameToken=math_align_up, peek()==, type=168
[DEBUG parseFuncDecl] nameToken=math_align_down, peek()==, type=168
[DEBUG parseFuncDecl] nameToken=math_is_aligned, peek()==, type=168
[DEBUG parseFuncDecl] nameToken=math_is_pow2, peek()==, type=168
[DEBUG parseFuncDecl] nameToken=math_next_pow2, peek()==, type=168
[DEBUG parseFuncDecl] nameToken=math_prev_pow2, peek()==, type=168
[DEBUG parseFuncDecl] nameToken=math_log2_floor, peek()==, type=168
[DEBUG parseFuncDecl] nameToken=math_log2_ceil, peek()==, type=168
[DEBUG parseFuncDecl] nameToken=math_popcount, peek()==, type=168
[DEBUG parseFuncDecl] nameToken=math_clz, peek()==, type=168
[DEBUG parseFuncDecl] nameToken=math_ctz, peek()==, type=168
[DEBUG parseFuncDecl] nameToken=math_parity, peek()==, type=168
[DEBUG parseFuncDecl] nameToken=math_reverse_bits, peek()==, type=168
[DEBUG parseFuncDecl] nameToken=math_rol, peek()==, type=168
[DEBUG parseFuncDecl] nameToken=math_ror, peek()==, type=168
[DEBUG parseFuncDecl] nameToken=math_isqrt, peek()==, type=168
[DEBUG parseFuncDecl] nameToken=math_isqrt_ceil, peek()==, type=168
[DEBUG parseFuncDecl] nameToken=math_gcd, peek()==, type=168
[DEBUG parseFuncDecl] nameToken=math_lcm, peek()==, type=168
[DEBUG parseFuncDecl] nameToken=has_zero_byte, peek()==, type=168
[DEBUG parseFuncDecl] nameToken=replicate_byte, peek()==, type=168
[DEBUG parseFuncDecl] nameToken=mem_memcmp, peek()==, type=168
PARSING CAST: token=CAST_UNCHECKED isUnchecked=1
PARSING CAST: token=CAST_UNCHECKED isUnchecked=1
PARSING CAST: token=CAST_UNCHECKED isUnchecked=1
PARSING CAST: token=CAST_UNCHECKED isUnchecked=1
PARSING CAST: token=CAST_UNCHECKED isUnchecked=1
PARSING CAST: token=CAST_UNCHECKED isUnchecked=1
PARSING CAST: token=CAST_UNCHECKED isUnchecked=1
PARSING CAST: token=CAST_UNCHECKED isUnchecked=1
[DEBUG parseFuncDecl] nameToken=mem_equal, peek()==, type=168
[DEBUG parseFuncDecl] nameToken=mem_memcmp_ct, peek()==, type=168
PARSING CAST: token=CAST_UNCHECKED isUnchecked=1
PARSING CAST: token=CAST_UNCHECKED isUnchecked=1
PARSING CAST: token=CAST_UNCHECKED isUnchecked=1
PARSING CAST: token=CAST_UNCHECKED isUnchecked=1
[DEBUG parseFuncDecl] nameToken=mem_memchr, peek()==, type=168
PARSING CAST: token=CAST_UNCHECKED isUnchecked=1
PARSING CAST: token=CAST_UNCHECKED isUnchecked=1
PARSING CAST: token=CAST_UNCHECKED isUnchecked=1
PARSING CAST: token=CAST_UNCHECKED isUnchecked=1
[DEBUG parseFuncDecl] nameToken=mem_memrchr, peek()==, type=168
PARSING CAST: token=CAST_UNCHECKED isUnchecked=1
PARSING CAST: token=CAST_UNCHECKED isUnchecked=1
[DEBUG parseFuncDecl] nameToken=mem_memmem, peek()==, type=168
PARSING CAST: token=CAST_UNCHECKED isUnchecked=1
PARSING CAST: token=CAST_UNCHECKED isUnchecked=1
PARSING CAST: token=CAST_UNCHECKED isUnchecked=1
[DEBUG parseFuncDecl] nameToken=mem_is_zero, peek()==, type=168
PARSING CAST: token=CAST_UNCHECKED isUnchecked=1
PARSING CAST: token=CAST_UNCHECKED isUnchecked=1
[DEBUG parseFuncDecl] nameToken=mem_swap, peek()==, type=168
PARSING CAST: token=CAST_UNCHECKED isUnchecked=1
PARSING CAST: token=CAST_UNCHECKED isUnchecked=1
PARSING CAST: token=CAST_UNCHECKED isUnchecked=1
PARSING CAST: token=CAST_UNCHECKED isUnchecked=1
[DEBUG parseFuncDecl] nameToken=mem_reverse, peek()==, type=168
PARSING CAST: token=CAST_UNCHECKED isUnchecked=1
[DEBUG parseFuncDecl] nameToken=mem_align_ptr, peek()==, type=168
[DEBUG parseFuncDecl] nameToken=mem_is_aligned, peek()==, type=168
CHECK! isUnchecked: 1 src: int64 target: uint8@
CHECK! isUnchecked: 1 src: int64 target: uint8@
CHECK! isUnchecked: 1 src: int64 target: int64@
CHECK! isUnchecked: 1 src: int64 target: int64@
CHECK! isUnchecked: 1 src: int64 target: uint8@
CHECK! isUnchecked: 1 src: int64 target: uint8@
CHECK! isUnchecked: 1 src: int64 target: uint8@
CHECK! isUnchecked: 1 src: int64 target: int64@
CHECK! isUnchecked: 1 src: int64 target: uint8@
CHECK! isUnchecked: 1 src: int64 target: uint8@
CHECK! isUnchecked: 1 src: int64 target: uint8@
CHECK! isUnchecked: 1 src: int64 target: uint8@
CHECK! isUnchecked: 1 src: int64 target: uint8@
CHECK! isUnchecked: 1 src: int64 target: int64@
CHECK! isUnchecked: 1 src: int64 target: uint8@
CHECK! isUnchecked: 1 src: int64 target: uint8@
CHECK! isUnchecked: 1 src: int64 target: int64@
CHECK! isUnchecked: 1 src: int64 target: int64@
CHECK! isUnchecked: 1 src: int64 target: uint8@
[DEBUG parseFuncDecl] nameToken=atexit, peek()==, type=168
[DEBUG parseFuncDecl] nameToken=at_quick_exit, peek()==, type=168
[DEBUG parseFuncDecl] nameToken=_proc_run_atexit, peek()==, type=168
[DEBUG parseFuncDecl] nameToken=_proc_run_atqexit, peek()==, type=168
[DEBUG parseFuncDecl] nameToken=_exit, peek()==, type=168
[DEBUG parseFuncDecl] nameToken=_Exit, peek()==, type=168
[DEBUG parseFuncDecl] nameToken=exit, peek()==, type=168
[DEBUG parseFuncDecl] nameToken=quick_exit, peek()==, type=168
[DEBUG parseFuncDecl] nameToken=abort, peek()==, type=168
[DEBUG parseFuncDecl] nameToken=fork, peek()==, type=168
PARSING CAST: token=CAST_UNCHECKED isUnchecked=1
[DEBUG parseFuncDecl] nameToken=vfork, peek()==, type=168
PARSING CAST: token=CAST_UNCHECKED isUnchecked=1
[DEBUG parseFuncDecl] nameToken=getpid, peek()==, type=168
PARSING CAST: token=CAST_UNCHECKED isUnchecked=1
PARSING CAST: token=CAST_UNCHECKED isUnchecked=1
[DEBUG parseFuncDecl] nameToken=getppid, peek()==, type=168
PARSING CAST: token=CAST_UNCHECKED isUnchecked=1
PARSING CAST: token=CAST_UNCHECKED isUnchecked=1
[DEBUG parseFuncDecl] nameToken=getuid, peek()==, type=168
PARSING CAST: token=CAST_UNCHECKED isUnchecked=1
PARSING CAST: token=CAST_UNCHECKED isUnchecked=1
[DEBUG parseFuncDecl] nameToken=geteuid, peek()==, type=168
PARSING CAST: token=CAST_UNCHECKED isUnchecked=1
PARSING CAST: token=CAST_UNCHECKED isUnchecked=1
[DEBUG parseFuncDecl] nameToken=getgid, peek()==, type=168
PARSING CAST: token=CAST_UNCHECKED isUnchecked=1
PARSING CAST: token=CAST_UNCHECKED isUnchecked=1
[DEBUG parseFuncDecl] nameToken=getegid, peek()==, type=168
PARSING CAST: token=CAST_UNCHECKED isUnchecked=1
PARSING CAST: token=CAST_UNCHECKED isUnchecked=1
[DEBUG parseFuncDecl] nameToken=setpgid, peek()==, type=168
PARSING CAST: token=CAST_UNCHECKED isUnchecked=1
[DEBUG parseFuncDecl] nameToken=getpgid, peek()==, type=168
PARSING CAST: token=CAST_UNCHECKED isUnchecked=1
[DEBUG parseFuncDecl] nameToken=getpgrp, peek()==, type=168
[DEBUG parseFuncDecl] nameToken=setsid, peek()==, type=168
PARSING CAST: token=CAST_UNCHECKED isUnchecked=1
[DEBUG parseFuncDecl] nameToken=getsid, peek()==, type=168
PARSING CAST: token=CAST_UNCHECKED isUnchecked=1
[DEBUG parseFuncDecl] nameToken=execve, peek()==, type=168
[DEBUG parseFuncDecl] nameToken=execv, peek()==, type=168
[DEBUG parseFuncDecl] nameToken=execvp, peek()==, type=168
[DEBUG parseFuncDecl] nameToken=execvpe, peek()==, type=168
PARSING CAST: token=CAST_UNCHECKED isUnchecked=1
PARSING CAST: token=CAST_UNCHECKED isUnchecked=1
PARSING CAST: token=CAST_UNCHECKED isUnchecked=1
PARSING CAST: token=CAST_UNCHECKED isUnchecked=1
PARSING CAST: token=CAST_UNCHECKED isUnchecked=1
[DEBUG parseFuncDecl] nameToken=proc_getenv_from, peek()==, type=168
PARSING CAST: token=CAST_UNCHECKED isUnchecked=1
PARSING CAST: token=CAST_UNCHECKED isUnchecked=1
PARSING CAST: token=CAST_UNCHECKED isUnchecked=1
[DEBUG parseFuncDecl] nameToken=execl0, peek()==, type=168
PARSING CAST: token=CAST_UNCHECKED isUnchecked=1
[DEBUG parseFuncDecl] nameToken=execl1, peek()==, type=168
PARSING CAST: token=CAST_UNCHECKED isUnchecked=1
[DEBUG parseFuncDecl] nameToken=execl2, peek()==, type=168
PARSING CAST: token=CAST_UNCHECKED isUnchecked=1
[DEBUG parseFuncDecl] nameToken=execl3, peek()==, type=168
PARSING CAST: token=CAST_UNCHECKED isUnchecked=1
[DEBUG parseFuncDecl] nameToken=execl4, peek()==, type=168
PARSING CAST: token=CAST_UNCHECKED isUnchecked=1
[DEBUG parseFuncDecl] nameToken=execl5, peek()==, type=168
PARSING CAST: token=CAST_UNCHECKED isUnchecked=1
[DEBUG parseFuncDecl] nameToken=execl6, peek()==, type=168
PARSING CAST: token=CAST_UNCHECKED isUnchecked=1
[DEBUG parseFuncDecl] nameToken=execl7, peek()==, type=168
PARSING CAST: token=CAST_UNCHECKED isUnchecked=1
[DEBUG parseFuncDecl] nameToken=execl8, peek()==, type=168
PARSING CAST: token=CAST_UNCHECKED isUnchecked=1
[DEBUG parseFuncDecl] nameToken=execlp1, peek()==, type=168
PARSING CAST: token=CAST_UNCHECKED isUnchecked=1
[DEBUG parseFuncDecl] nameToken=execlp2, peek()==, type=168
PARSING CAST: token=CAST_UNCHECKED isUnchecked=1
[DEBUG parseFuncDecl] nameToken=execlp3, peek()==, type=168
PARSING CAST: token=CAST_UNCHECKED isUnchecked=1
[DEBUG parseFuncDecl] nameToken=execlp4, peek()==, type=168
PARSING CAST: token=CAST_UNCHECKED isUnchecked=1
[DEBUG parseFuncDecl] nameToken=wait_exited, peek()==, type=168
[DEBUG parseFuncDecl] nameToken=wait_exit_code, peek()==, type=168
[DEBUG parseFuncDecl] nameToken=wait_signaled, peek()==, type=168
[DEBUG parseFuncDecl] nameToken=wait_termsig, peek()==, type=168
[DEBUG parseFuncDecl] nameToken=wait_coredump, peek()==, type=168
[DEBUG parseFuncDecl] nameToken=wait_stopped, peek()==, type=168
[DEBUG parseFuncDecl] nameToken=wait_stopsig, peek()==, type=168
[DEBUG parseFuncDecl] nameToken=wait_continued, peek()==, type=168
[DEBUG parseFuncDecl] nameToken=waitpid, peek()==, type=168
PARSING CAST: token=CAST_UNCHECKED isUnchecked=1
[DEBUG parseFuncDecl] nameToken=wait, peek()==, type=168
[DEBUG parseFuncDecl] nameToken=wait3, peek()==, type=168
[DEBUG parseFuncDecl] nameToken=proc_wait_all, peek()==, type=168
[DEBUG parseFuncDecl] nameToken=proc_run, peek()==, type=168
PARSING CAST: token=CAST_UNCHECKED isUnchecked=1
[DEBUG parseFuncDecl] nameToken=proc_env_init, peek()==, type=168
PARSING CAST: token=CAST_UNCHECKED isUnchecked=1
PARSING CAST: token=CAST_UNCHECKED isUnchecked=1
[DEBUG parseFuncDecl] nameToken=getenv, peek()==, type=168
PARSING CAST: token=CAST_UNCHECKED isUnchecked=1
PARSING CAST: token=CAST_UNCHECKED isUnchecked=1
PARSING CAST: token=CAST_UNCHECKED isUnchecked=1
[DEBUG parseFuncDecl] nameToken=_env_ensure_heap, peek()==, type=168
[DEBUG parseFuncDecl] nameToken=_env_grow, peek()==, type=168
[DEBUG parseFuncDecl] nameToken=setenv, peek()==, type=168
PARSING CAST: token=CAST_UNCHECKED isUnchecked=1
PARSING CAST: token=CAST_UNCHECKED isUnchecked=1
PARSING CAST: token=CAST_UNCHECKED isUnchecked=1
PARSING CAST: token=CAST_UNCHECKED isUnchecked=1
PARSING CAST: token=CAST_UNCHECKED isUnchecked=1
[DEBUG parseFuncDecl] nameToken=unsetenv, peek()==, type=168
PARSING CAST: token=CAST_UNCHECKED isUnchecked=1
PARSING CAST: token=CAST_UNCHECKED isUnchecked=1
PARSING CAST: token=CAST_UNCHECKED isUnchecked=1
[DEBUG parseFuncDecl] nameToken=putenv, peek()==, type=168
PARSING CAST: token=CAST_UNCHECKED isUnchecked=1
PARSING CAST: token=CAST_UNCHECKED isUnchecked=1
PARSING CAST: token=CAST_UNCHECKED isUnchecked=1
PARSING CAST: token=CAST_UNCHECKED isUnchecked=1
[DEBUG parseFuncDecl] nameToken=clearenv, peek()==, type=168
PARSING CAST: token=CAST_UNCHECKED isUnchecked=1
[DEBUG parseFuncDecl] nameToken=str_strcpy, peek()==, type=168
PARSING CAST: token=CAST_UNCHECKED isUnchecked=1
PARSING CAST: token=CAST_UNCHECKED isUnchecked=1
[DEBUG parseFuncDecl] nameToken=str_stpcpy, peek()==, type=168
PARSING CAST: token=CAST_UNCHECKED isUnchecked=1
PARSING CAST: token=CAST_UNCHECKED isUnchecked=1
[DEBUG parseFuncDecl] nameToken=str_strncpy, peek()==, type=168
PARSING CAST: token=CAST_UNCHECKED isUnchecked=1
PARSING CAST: token=CAST_UNCHECKED isUnchecked=1
[DEBUG parseFuncDecl] nameToken=str_stpncpy, peek()==, type=168
PARSING CAST: token=CAST_UNCHECKED isUnchecked=1
PARSING CAST: token=CAST_UNCHECKED isUnchecked=1
[DEBUG parseFuncDecl] nameToken=str_strdup, peek()==, type=168
PARSING CAST: token=CAST_UNCHECKED isUnchecked=1
[DEBUG parseFuncDecl] nameToken=str_strndup, peek()==, type=168
PARSING CAST: token=CAST_UNCHECKED isUnchecked=1
PARSING CAST: token=CAST_UNCHECKED isUnchecked=1
PARSING CAST: token=CAST_UNCHECKED isUnchecked=1
[DEBUG parseFuncDecl] nameToken=sigemptyset, peek()==, type=168
[DEBUG parseFuncDecl] nameToken=sigfillset, peek()==, type=168
[DEBUG parseFuncDecl] nameToken=sigaddset, peek()==, type=168
[DEBUG parseFuncDecl] nameToken=sigdelset, peek()==, type=168
[DEBUG parseFuncDecl] nameToken=sigismember, peek()==, type=168
[DEBUG parseFuncDecl] nameToken=proc_sigreturn_tramp, peek()==, type=168
[DEBUG parseFuncDecl] nameToken=_sigact_encode, peek()==, type=168
PARSING CAST: token=CAST_UNCHECKED isUnchecked=1
PARSING CAST: token=CAST_UNCHECKED isUnchecked=1
[DEBUG parseFuncDecl] nameToken=_sigact_handler, peek()==, type=168
PARSING CAST: token=CAST_UNCHECKED isUnchecked=1
[DEBUG parseFuncDecl] nameToken=sigaction, peek()==, type=168
PARSING CAST: token=CAST_UNCHECKED isUnchecked=1
PARSING CAST: token=CAST_UNCHECKED isUnchecked=1
PARSING CAST: token=CAST_UNCHECKED isUnchecked=1
PARSING CAST: token=CAST_UNCHECKED isUnchecked=1
PARSING CAST: token=CAST_UNCHECKED isUnchecked=1
[DEBUG parseFuncDecl] nameToken=signal, peek()==, type=168
PARSING CAST: token=CAST_UNCHECKED isUnchecked=1
PARSING CAST: token=CAST_UNCHECKED isUnchecked=1
[DEBUG parseFuncDecl] nameToken=sig_ignore, peek()==, type=168
[DEBUG parseFuncDecl] nameToken=sig_default, peek()==, type=168
[DEBUG parseFuncDecl] nameToken=sigprocmask, peek()==, type=168
PARSING CAST: token=CAST_UNCHECKED isUnchecked=1
PARSING CAST: token=CAST_UNCHECKED isUnchecked=1
PARSING CAST: token=CAST_UNCHECKED isUnchecked=1
[DEBUG parseFuncDecl] nameToken=kill, peek()==, type=168
[DEBUG parseFuncDecl] nameToken=raise, peek()==, type=168
[DEBUG parseFuncDecl] nameToken=killpg, peek()==, type=168
CHECK! isUnchecked: 1 src: int64 target: uint8@
CHECK! isUnchecked: 1 src: int64 target: int64@
CHECK! isUnchecked: 1 src: int64 target: uint8@
CHECK! isUnchecked: 1 src: int64 target: uint8@
CHECK! isUnchecked: 1 src: int64 target: uint8@
CHECK! isUnchecked: 1 src: int64 target: uint8@
CHECK! isUnchecked: 1 src: int64 target: uint8@
CHECK! isUnchecked: 1 src: int64 target: uint8@
CHECK! isUnchecked: 1 src: int64 target: uint8@
CHECK! isUnchecked: 1 src: int64 target: uint8@
CHECK! isUnchecked: 1 src: int64 target: uint8@
CHECK! isUnchecked: 1 src: int64 target: uint8@
CHECK! isUnchecked: 1 src: int64 target: int64@
CHECK! isUnchecked: 1 src: int64 target: int64@
CHECK! isUnchecked: 1 src: int64 target: int64@
CHECK! isUnchecked: 1 src: int64 target: uint8@
CHECK! isUnchecked: 1 src: int64 target: uint8@
CHECK! isUnchecked: 1 src: int64 target: uint8@
CHECK! isUnchecked: 1 src: int64 target: int64@
CHECK! isUnchecked: 1 src: int64 target: uint8@
CHECK! isUnchecked: 1 src: int64 target: int64@
CHECK! isUnchecked: 1 src: int64 target: uint8@
CHECK! isUnchecked: 1 src: int64 target: int64@
CHECK! isUnchecked: 1 src: int64 target: uint8@
CHECK! isUnchecked: 1 src: int64 target: uint8@
CHECK! isUnchecked: 1 src: int64 target: int64@
CHECK! isUnchecked: 1 src: int64 target: uint8@
CHECK! isUnchecked: 1 src: int64 target: int64@
CHECK! isUnchecked: 1 src: int64 target: int64@
CHECK! isUnchecked: 1 src: int64 target: int64@
CHECK! isUnchecked: 1 src: int64 target: int64@
[DEBUG parseFuncDecl] nameToken=str_strlcpy, peek()==, type=168
PARSING CAST: token=CAST_UNCHECKED isUnchecked=1
[DEBUG parseFuncDecl] nameToken=str_strlcat, peek()==, type=168
PARSING CAST: token=CAST_UNCHECKED isUnchecked=1
[DEBUG parseFuncDecl] nameToken=str_strscpy, peek()==, type=168
PARSING CAST: token=CAST_UNCHECKED isUnchecked=1
PARSING CAST: token=CAST_UNCHECKED isUnchecked=1
[DEBUG parseFuncDecl] nameToken=str_strscpy_pad, peek()==, type=168
[DEBUG parseFuncDecl] nameToken=str_strlcpy_chk, peek()==, type=168
PARSING CAST: token=CAST_UNCHECKED isUnchecked=1
[DEBUG parseFuncDecl] nameToken=str_strchr, peek()==, type=168
PARSING CAST: token=CAST_UNCHECKED isUnchecked=1
PARSING CAST: token=CAST_UNCHECKED isUnchecked=1
PARSING CAST: token=CAST_UNCHECKED isUnchecked=1
PARSING CAST: token=CAST_UNCHECKED isUnchecked=1
[DEBUG parseFuncDecl] nameToken=str_strchrnul, peek()==, type=168
PARSING CAST: token=CAST_UNCHECKED isUnchecked=1
PARSING CAST: token=CAST_UNCHECKED isUnchecked=1
[DEBUG parseFuncDecl] nameToken=str_strrchr, peek()==, type=168
PARSING CAST: token=CAST_UNCHECKED isUnchecked=1
PARSING CAST: token=CAST_UNCHECKED isUnchecked=1
[DEBUG parseFuncDecl] nameToken=str_strstr, peek()==, type=168
PARSING CAST: token=CAST_UNCHECKED isUnchecked=1
PARSING CAST: token=CAST_UNCHECKED isUnchecked=1
[DEBUG parseFuncDecl] nameToken=str_strcasestr, peek()==, type=168
PARSING CAST: token=CAST_UNCHECKED isUnchecked=1
PARSING CAST: token=CAST_UNCHECKED isUnchecked=1
[DEBUG parseFuncDecl] nameToken=charset_build, peek()==, type=168
PARSING CAST: token=CAST_UNCHECKED isUnchecked=1
[DEBUG parseFuncDecl] nameToken=charset_test, peek()==, type=168
[DEBUG parseFuncDecl] nameToken=str_strpbrk, peek()==, type=168
PARSING CAST: token=CAST_UNCHECKED isUnchecked=1
PARSING CAST: token=CAST_UNCHECKED isUnchecked=1
PARSING CAST: token=CAST_UNCHECKED isUnchecked=1
[DEBUG parseFuncDecl] nameToken=str_strspn, peek()==, type=168
PARSING CAST: token=CAST_UNCHECKED isUnchecked=1
PARSING CAST: token=CAST_UNCHECKED isUnchecked=1
PARSING CAST: token=CAST_UNCHECKED isUnchecked=1
[DEBUG parseFuncDecl] nameToken=str_strcspn, peek()==, type=168
PARSING CAST: token=CAST_UNCHECKED isUnchecked=1
PARSING CAST: token=CAST_UNCHECKED isUnchecked=1
PARSING CAST: token=CAST_UNCHECKED isUnchecked=1
[DEBUG parseFuncDecl] nameToken=str_strtok_r, peek()==, type=168
PARSING CAST: token=CAST_UNCHECKED isUnchecked=1
PARSING CAST: token=CAST_UNCHECKED isUnchecked=1
PARSING CAST: token=CAST_UNCHECKED isUnchecked=1
PARSING CAST: token=CAST_UNCHECKED isUnchecked=1
PARSING CAST: token=CAST_UNCHECKED isUnchecked=1
[DEBUG parseFuncDecl] nameToken=str_strsep, peek()==, type=168
PARSING CAST: token=CAST_UNCHECKED isUnchecked=1
PARSING CAST: token=CAST_UNCHECKED isUnchecked=1
PARSING CAST: token=CAST_UNCHECKED isUnchecked=1
[DEBUG parseFuncDecl] nameToken=str_field_equals, peek()==, type=168
PARSING CAST: token=CAST_UNCHECKED isUnchecked=1
PARSING CAST: token=CAST_UNCHECKED isUnchecked=1
[DEBUG parseFuncDecl] nameToken=str_split_fields, peek()==, type=168
PARSING CAST: token=CAST_UNCHECKED isUnchecked=1
[DEBUG parseFuncDecl] nameToken=str_split_lines, peek()==, type=168
PARSING CAST: token=CAST_UNCHECKED isUnchecked=1
[DEBUG parseFuncDecl] nameToken=strbuf_grow, peek()==, type=168
PARSING CAST: token=CAST_UNCHECKED isUnchecked=1
[DEBUG parseFuncDecl] nameToken=strbuf_new, peek()==, type=168
[DEBUG parseFuncDecl] nameToken=strbuf_new_cap, peek()==, type=168
PARSING CAST: token=CAST_UNCHECKED isUnchecked=1
PARSING CAST: token=CAST_UNCHECKED isUnchecked=1
[DEBUG parseFuncDecl] nameToken=strbuf_free, peek()==, type=168
PARSING CAST: token=CAST_UNCHECKED isUnchecked=1
[DEBUG parseFuncDecl] nameToken=strbuf_reset, peek()==, type=168
PARSING CAST: token=CAST_UNCHECKED isUnchecked=1
PARSING CAST: token=CAST_UNCHECKED isUnchecked=1
[DEBUG parseFuncDecl] nameToken=strbuf_finish, peek()==, type=168
PARSING CAST: token=CAST_UNCHECKED isUnchecked=1
[DEBUG parseFuncDecl] nameToken=strbuf_to_str, peek()==, type=168
PARSING CAST: token=CAST_UNCHECKED isUnchecked=1
[DEBUG parseFuncDecl] nameToken=strbuf_len, peek()==, type=168
PARSING CAST: token=CAST_UNCHECKED isUnchecked=1
[DEBUG parseFuncDecl] nameToken=strbuf_cap, peek()==, type=168
PARSING CAST: token=CAST_UNCHECKED isUnchecked=1
[DEBUG parseFuncDecl] nameToken=strbuf_ptr, peek()==, type=168
PARSING CAST: token=CAST_UNCHECKED isUnchecked=1
[DEBUG parseFuncDecl] nameToken=strbuf_is_empty, peek()==, type=168
PARSING CAST: token=CAST_UNCHECKED isUnchecked=1
[DEBUG parseFuncDecl] nameToken=strbuf_append_char, peek()==, type=168
PARSING CAST: token=CAST_UNCHECKED isUnchecked=1
PARSING CAST: token=CAST_UNCHECKED isUnchecked=1
[DEBUG parseFuncDecl] nameToken=strbuf_append_bytes, peek()==, type=168
PARSING CAST: token=CAST_UNCHECKED isUnchecked=1
PARSING CAST: token=CAST_UNCHECKED isUnchecked=1
[DEBUG parseFuncDecl] nameToken=strbuf_append_str, peek()==, type=168
[DEBUG parseFuncDecl] nameToken=strbuf_append_strbuf, peek()==, type=168
PARSING CAST: token=CAST_UNCHECKED isUnchecked=1
[DEBUG parseFuncDecl] nameToken=strbuf_append_repeat, peek()==, type=168
PARSING CAST: token=CAST_UNCHECKED isUnchecked=1
PARSING CAST: token=CAST_UNCHECKED isUnchecked=1
PARSING CAST: token=CAST_UNCHECKED isUnchecked=1
[DEBUG parseFuncDecl] nameToken=strbuf_appendf0, peek()==, type=168
PARSING CAST: token=CAST_UNCHECKED isUnchecked=1
[DEBUG parseFuncDecl] nameToken=strbuf_appendf1, peek()==, type=168
PARSING CAST: token=CAST_UNCHECKED isUnchecked=1
[DEBUG parseFuncDecl] nameToken=strbuf_appendf2, peek()==, type=168
PARSING CAST: token=CAST_UNCHECKED isUnchecked=1
[DEBUG parseFuncDecl] nameToken=strbuf_appendf3, peek()==, type=168
PARSING CAST: token=CAST_UNCHECKED isUnchecked=1
[DEBUG parseFuncDecl] nameToken=strbuf_appendf4, peek()==, type=168
PARSING CAST: token=CAST_UNCHECKED isUnchecked=1
[DEBUG parseFuncDecl] nameToken=strbuf_appendf5, peek()==, type=168
PARSING CAST: token=CAST_UNCHECKED isUnchecked=1
[DEBUG parseFuncDecl] nameToken=strbuf_appendf6, peek()==, type=168
PARSING CAST: token=CAST_UNCHECKED isUnchecked=1
[DEBUG parseFuncDecl] nameToken=strbuf_appendf7, peek()==, type=168
PARSING CAST: token=CAST_UNCHECKED isUnchecked=1
[DEBUG parseFuncDecl] nameToken=strbuf_appendf8, peek()==, type=168
PARSING CAST: token=CAST_UNCHECKED isUnchecked=1
[DEBUG parseFuncDecl] nameToken=strbuf_truncate, peek()==, type=168
PARSING CAST: token=CAST_UNCHECKED isUnchecked=1
PARSING CAST: token=CAST_UNCHECKED isUnchecked=1
[DEBUG parseFuncDecl] nameToken=strbuf_strip_trailing_newline, peek()==, type=168
PARSING CAST: token=CAST_UNCHECKED isUnchecked=1
PARSING CAST: token=CAST_UNCHECKED isUnchecked=1
[DEBUG parseFuncDecl] nameToken=strbuf_write_to_fd, peek()==, type=168
PARSING CAST: token=CAST_UNCHECKED isUnchecked=1
[DEBUG parseFuncDecl] nameToken=strview_of, peek()==, type=168
PARSING CAST: token=CAST_UNCHECKED isUnchecked=1
[DEBUG parseFuncDecl] nameToken=strview_of_bytes, peek()==, type=168
PARSING CAST: token=CAST_UNCHECKED isUnchecked=1
[DEBUG parseFuncDecl] nameToken=strview_of_strbuf, peek()==, type=168
PARSING CAST: token=CAST_UNCHECKED isUnchecked=1
PARSING CAST: token=CAST_UNCHECKED isUnchecked=1
[DEBUG parseFuncDecl] nameToken=strview_empty, peek()==, type=168
PARSING CAST: token=CAST_UNCHECKED isUnchecked=1
[DEBUG parseFuncDecl] nameToken=strview_substr, peek()==, type=168
PARSING CAST: token=CAST_UNCHECKED isUnchecked=1
PARSING CAST: token=CAST_UNCHECKED isUnchecked=1
[DEBUG parseFuncDecl] nameToken=strview_len, peek()==, type=168
PARSING CAST: token=CAST_UNCHECKED isUnchecked=1
[DEBUG parseFuncDecl] nameToken=strview_ptr, peek()==, type=168
PARSING CAST: token=CAST_UNCHECKED isUnchecked=1
[DEBUG parseFuncDecl] nameToken=strview_is_empty, peek()==, type=168
PARSING CAST: token=CAST_UNCHECKED isUnchecked=1
[DEBUG parseFuncDecl] nameToken=strview_byte_at, peek()==, type=168
PARSING CAST: token=CAST_UNCHECKED isUnchecked=1
PARSING CAST: token=CAST_UNCHECKED isUnchecked=1
PARSING CAST: token=CAST_UNCHECKED isUnchecked=1
[DEBUG parseFuncDecl] nameToken=strview_first, peek()==, type=168
[DEBUG parseFuncDecl] nameToken=strview_last, peek()==, type=168
PARSING CAST: token=CAST_UNCHECKED isUnchecked=1
PARSING CAST: token=CAST_UNCHECKED isUnchecked=1
PARSING CAST: token=CAST_UNCHECKED isUnchecked=1
[DEBUG parseFuncDecl] nameToken=strview_eq, peek()==, type=168
PARSING CAST: token=CAST_UNCHECKED isUnchecked=1
PARSING CAST: token=CAST_UNCHECKED isUnchecked=1
[DEBUG parseFuncDecl] nameToken=strview_eq_str, peek()==, type=168
PARSING CAST: token=CAST_UNCHECKED isUnchecked=1
[DEBUG parseFuncDecl] nameToken=strview_cmp, peek()==, type=168
PARSING CAST: token=CAST_UNCHECKED isUnchecked=1
PARSING CAST: token=CAST_UNCHECKED isUnchecked=1
[DEBUG parseFuncDecl] nameToken=strview_cmp_str, peek()==, type=168
PARSING CAST: token=CAST_UNCHECKED isUnchecked=1
PARSING CAST: token=CAST_UNCHECKED isUnchecked=1
PARSING CAST: token=CAST_UNCHECKED isUnchecked=1
[DEBUG parseFuncDecl] nameToken=strview_starts_with, peek()==, type=168
PARSING CAST: token=CAST_UNCHECKED isUnchecked=1
PARSING CAST: token=CAST_UNCHECKED isUnchecked=1
[DEBUG parseFuncDecl] nameToken=strview_starts_with_str, peek()==, type=168
PARSING CAST: token=CAST_UNCHECKED isUnchecked=1
[DEBUG parseFuncDecl] nameToken=strview_ends_with, peek()==, type=168
PARSING CAST: token=CAST_UNCHECKED isUnchecked=1
PARSING CAST: token=CAST_UNCHECKED isUnchecked=1
[DEBUG parseFuncDecl] nameToken=strview_ends_with_str, peek()==, type=168
PARSING CAST: token=CAST_UNCHECKED isUnchecked=1
[DEBUG parseFuncDecl] nameToken=strview_drop_prefix, peek()==, type=168
PARSING CAST: token=CAST_UNCHECKED isUnchecked=1
PARSING CAST: token=CAST_UNCHECKED isUnchecked=1
PARSING CAST: token=CAST_UNCHECKED isUnchecked=1
[DEBUG parseFuncDecl] nameToken=strview_strip_prefix_str, peek()==, type=168
PARSING CAST: token=CAST_UNCHECKED isUnchecked=1
PARSING CAST: token=CAST_UNCHECKED isUnchecked=1
[DEBUG parseFuncDecl] nameToken=strview_drop_suffix, peek()==, type=168
PARSING CAST: token=CAST_UNCHECKED isUnchecked=1
PARSING CAST: token=CAST_UNCHECKED isUnchecked=1
PARSING CAST: token=CAST_UNCHECKED isUnchecked=1
[DEBUG parseFuncDecl] nameToken=strview_strip_suffix_str, peek()==, type=168
PARSING CAST: token=CAST_UNCHECKED isUnchecked=1
PARSING CAST: token=CAST_UNCHECKED isUnchecked=1
[DEBUG parseFuncDecl] nameToken=strview_find_char, peek()==, type=168
PARSING CAST: token=CAST_UNCHECKED isUnchecked=1
PARSING CAST: token=CAST_UNCHECKED isUnchecked=1
[DEBUG parseFuncDecl] nameToken=strview_rfind_char, peek()==, type=168
PARSING CAST: token=CAST_UNCHECKED isUnchecked=1
PARSING CAST: token=CAST_UNCHECKED isUnchecked=1
[DEBUG parseFuncDecl] nameToken=strview_find_str, peek()==, type=168
PARSING CAST: token=CAST_UNCHECKED isUnchecked=1
[DEBUG parseFuncDecl] nameToken=strview_find, peek()==, type=168
PARSING CAST: token=CAST_UNCHECKED isUnchecked=1
PARSING CAST: token=CAST_UNCHECKED isUnchecked=1
[DEBUG parseFuncDecl] nameToken=strview_contains_char, peek()==, type=168
[DEBUG parseFuncDecl] nameToken=strview_contains_str, peek()==, type=168
[DEBUG parseFuncDecl] nameToken=strview_contains, peek()==, type=168
[DEBUG parseFuncDecl] nameToken=strview_slice, peek()==, type=168
PARSING CAST: token=CAST_UNCHECKED isUnchecked=1
PARSING CAST: token=CAST_UNCHECKED isUnchecked=1
[DEBUG parseFuncDecl] nameToken=strview_take, peek()==, type=168
PARSING CAST: token=CAST_UNCHECKED isUnchecked=1
PARSING CAST: token=CAST_UNCHECKED isUnchecked=1
[DEBUG parseFuncDecl] nameToken=strview_drop, peek()==, type=168
PARSING CAST: token=CAST_UNCHECKED isUnchecked=1
PARSING CAST: token=CAST_UNCHECKED isUnchecked=1
[DEBUG parseFuncDecl] nameToken=strview_trim_left, peek()==, type=168
PARSING CAST: token=CAST_UNCHECKED isUnchecked=1
PARSING CAST: token=CAST_UNCHECKED isUnchecked=1
PARSING CAST: token=CAST_UNCHECKED isUnchecked=1
[DEBUG parseFuncDecl] nameToken=strview_trim_right, peek()==, type=168
PARSING CAST: token=CAST_UNCHECKED isUnchecked=1
PARSING CAST: token=CAST_UNCHECKED isUnchecked=1
PARSING CAST: token=CAST_UNCHECKED isUnchecked=1
[DEBUG parseFuncDecl] nameToken=strview_trim, peek()==, type=168
PARSING CAST: token=CAST_UNCHECKED isUnchecked=1
PARSING CAST: token=CAST_UNCHECKED isUnchecked=1
[DEBUG parseFuncDecl] nameToken=strview_split_once_char, peek()==, type=168
PARSING CAST: token=CAST_UNCHECKED isUnchecked=1
PARSING CAST: token=CAST_UNCHECKED isUnchecked=1
PARSING CAST: token=CAST_UNCHECKED isUnchecked=1
[DEBUG parseFuncDecl] nameToken=strview_split_once, peek()==, type=168
PARSING CAST: token=CAST_UNCHECKED isUnchecked=1
PARSING CAST: token=CAST_UNCHECKED isUnchecked=1
PARSING CAST: token=CAST_UNCHECKED isUnchecked=1
PARSING CAST: token=CAST_UNCHECKED isUnchecked=1
[DEBUG parseFuncDecl] nameToken=strview_next_token, peek()==, type=168
PARSING CAST: token=CAST_UNCHECKED isUnchecked=1
PARSING CAST: token=CAST_UNCHECKED isUnchecked=1
PARSING CAST: token=CAST_UNCHECKED isUnchecked=1
PARSING CAST: token=CAST_UNCHECKED isUnchecked=1
[DEBUG parseFuncDecl] nameToken=strview_next_line, peek()==, type=168
PARSING CAST: token=CAST_UNCHECKED isUnchecked=1
PARSING CAST: token=CAST_UNCHECKED isUnchecked=1
PARSING CAST: token=CAST_UNCHECKED isUnchecked=1
[DEBUG parseFuncDecl] nameToken=strview_parse_i64, peek()==, type=168
PARSING CAST: token=CAST_UNCHECKED isUnchecked=1
PARSING CAST: token=CAST_UNCHECKED isUnchecked=1
PARSING CAST: token=CAST_UNCHECKED isUnchecked=1
PARSING CAST: token=CAST_UNCHECKED isUnchecked=1
PARSING CAST: token=CAST_UNCHECKED isUnchecked=1
PARSING CAST: token=CAST_UNCHECKED isUnchecked=1
PARSING CAST: token=CAST_UNCHECKED isUnchecked=1
[DEBUG parseFuncDecl] nameToken=strview_parse_u64, peek()==, type=168
PARSING CAST: token=CAST_UNCHECKED isUnchecked=1
PARSING CAST: token=CAST_UNCHECKED isUnchecked=1
PARSING CAST: token=CAST_UNCHECKED isUnchecked=1
PARSING CAST: token=CAST_UNCHECKED isUnchecked=1
PARSING CAST: token=CAST_UNCHECKED isUnchecked=1
PARSING CAST: token=CAST_UNCHECKED isUnchecked=1
PARSING CAST: token=CAST_UNCHECKED isUnchecked=1
[DEBUG parseFuncDecl] nameToken=strview_to_str, peek()==, type=168
PARSING CAST: token=CAST_UNCHECKED isUnchecked=1
PARSING CAST: token=CAST_UNCHECKED isUnchecked=1
[DEBUG parseFuncDecl] nameToken=strview_to_strbuf, peek()==, type=168
PARSING CAST: token=CAST_UNCHECKED isUnchecked=1
[DEBUG parseFuncDecl] nameToken=strview_copy_to, peek()==, type=168
PARSING CAST: token=CAST_UNCHECKED isUnchecked=1
[DEBUG parseFuncDecl] nameToken=strview_copy_to_z, peek()==, type=168
PARSING CAST: token=CAST_UNCHECKED isUnchecked=1
PARSING CAST: token=CAST_UNCHECKED isUnchecked=1
PARSING CAST: token=CAST_UNCHECKED isUnchecked=1
[DEBUG parseFuncDecl] nameToken=strview_write_to_fd, peek()==, type=168
PARSING CAST: token=CAST_UNCHECKED isUnchecked=1
[DEBUG parseFuncDecl] nameToken=strview_write_to_fp, peek()==, type=168
PARSING CAST: token=CAST_UNCHECKED isUnchecked=1
[DEBUG parseFuncDecl] nameToken=strviewiter_of, peek()==, type=168
PARSING CAST: token=CAST_UNCHECKED isUnchecked=1
PARSING CAST: token=CAST_UNCHECKED isUnchecked=1
[DEBUG parseFuncDecl] nameToken=strviewiter_of_str, peek()==, type=168
PARSING CAST: token=CAST_UNCHECKED isUnchecked=1
[DEBUG parseFuncDecl] nameToken=strviewiter_next_line, peek()==, type=168
[DEBUG parseFuncDecl] nameToken=strviewiter_next_token, peek()==, type=168
[DEBUG parseFuncDecl] nameToken=strviewiter_remaining, peek()==, type=168
PARSING CAST: token=CAST_UNCHECKED isUnchecked=1
CHECK! isUnchecked: 1 src: int64 target: uint8@
CHECK! isUnchecked: 1 src: int64 target: uint8@
CHECK! isUnchecked: 1 src: int64 target: uint8@
CHECK! isUnchecked: 1 src: int64 target: uint8@
CHECK! isUnchecked: 1 src: int64 target: uint8@
CHECK! isUnchecked: 1 src: int64 target: int64@
CHECK! isUnchecked: 1 src: int64 target: uint8@
CHECK! isUnchecked: 1 src: int64 target: uint8@
CHECK! isUnchecked: 1 src: int64 target: uint8@
CHECK! isUnchecked: 1 src: int64 target: uint8@
CHECK! isUnchecked: 1 src: int64 target: uint8@
CHECK! isUnchecked: 1 src: int64 target: uint8@
CHECK! isUnchecked: 1 src: int64 target: uint8@
CHECK! isUnchecked: 1 src: int64 target: uint8@
CHECK! isUnchecked: 1 src: int64 target: uint8@
CHECK! isUnchecked: 1 src: int64 target: uint8@
CHECK! isUnchecked: 1 src: int64 target: uint8@
CHECK! isUnchecked: 1 src: int64 target: uint8@
CHECK! isUnchecked: 1 src: int64 target: uint8@
CHECK! isUnchecked: 1 src: int64 target: uint8@
CHECK! isUnchecked: 1 src: int64 target: uint8@
CHECK! isUnchecked: 1 src: int64 target: uint8@
CHECK! isUnchecked: 1 src: int64 target: *StrBuf
CHECK! isUnchecked: 1 src: int64 target: *StrBuf
CHECK! isUnchecked: 1 src: int64 target: *StrBuf
CHECK! isUnchecked: 1 src: int64 target: *StrBuf
CHECK! isUnchecked: 1 src: int64 target: *StrBuf
CHECK! isUnchecked: 1 src: int64 target: *StrBuf
CHECK! isUnchecked: 1 src: int64 target: *StrBuf
CHECK! isUnchecked: 1 src: int64 target: *StrBuf
CHECK! isUnchecked: 1 src: int64 target: *StrBuf
CHECK! isUnchecked: 1 src: int64 target: *StrBuf
CHECK! isUnchecked: 1 src: int64 target: *StrBuf
CHECK! isUnchecked: 1 src: int64 target: *StrBuf
CHECK! isUnchecked: 1 src: int64 target: *StrBuf
CHECK! isUnchecked: 1 src: int64 target: *StrBuf
CHECK! isUnchecked: 1 src: int64 target: *StrBuf
CHECK! isUnchecked: 1 src: int64 target: *StrBuf
CHECK! isUnchecked: 1 src: int64 target: *StrView
CHECK! isUnchecked: 1 src: int64 target: *StrView
CHECK! isUnchecked: 1 src: int64 target: *StrView
CHECK! isUnchecked: 1 src: int64 target: *StrBuf
CHECK! isUnchecked: 1 src: int64 target: *StrView
CHECK! isUnchecked: 1 src: int64 target: *StrView
CHECK! isUnchecked: 1 src: int64 target: *StrView
CHECK! isUnchecked: 1 src: int64 target: *StrView
CHECK! isUnchecked: 1 src: int64 target: *StrView
CHECK! isUnchecked: 1 src: int64 target: *StrView
CHECK! isUnchecked: 1 src: int64 target: *StrView
CHECK! isUnchecked: 1 src: int64 target: *StrView
CHECK! isUnchecked: 1 src: int64 target: *StrView
CHECK! isUnchecked: 1 src: int64 target: *StrView
CHECK! isUnchecked: 1 src: int64 target: *StrView
CHECK! isUnchecked: 1 src: int64 target: *StrView
CHECK! isUnchecked: 1 src: int64 target: *StrView
CHECK! isUnchecked: 1 src: int64 target: *StrView
CHECK! isUnchecked: 1 src: int64 target: *StrView
CHECK! isUnchecked: 1 src: int64 target: *StrView
CHECK! isUnchecked: 1 src: int64 target: *StrView
CHECK! isUnchecked: 1 src: int64 target: *StrView
CHECK! isUnchecked: 1 src: int64 target: *StrView
CHECK! isUnchecked: 1 src: int64 target: *StrView
CHECK! isUnchecked: 1 src: int64 target: *StrView
CHECK! isUnchecked: 1 src: int64 target: *StrView
CHECK! isUnchecked: 1 src: int64 target: *StrView
CHECK! isUnchecked: 1 src: int64 target: *StrView
CHECK! isUnchecked: 1 src: int64 target: *StrView
CHECK! isUnchecked: 1 src: int64 target: *StrView
CHECK! isUnchecked: 1 src: int64 target: *StrView
CHECK! isUnchecked: 1 src: int64 target: *StrView
CHECK! isUnchecked: 1 src: int64 target: *StrView
CHECK! isUnchecked: 1 src: int64 target: *StrView
CHECK! isUnchecked: 1 src: int64 target: *StrView
CHECK! isUnchecked: 1 src: int64 target: *StrView
CHECK! isUnchecked: 1 src: int64 target: *StrView
CHECK! isUnchecked: 1 src: int64 target: *StrView
CHECK! isUnchecked: 1 src: int64 target: *StrView
CHECK! isUnchecked: 1 src: int64 target: *StrView
CHECK! isUnchecked: 1 src: int64 target: *StrView
CHECK! isUnchecked: 1 src: int64 target: *StrView
CHECK! isUnchecked: 1 src: int64 target: *StrView
CHECK! isUnchecked: 1 src: int64 target: *StrView
CHECK! isUnchecked: 1 src: int64 target: *StrView
CHECK! isUnchecked: 1 src: int64 target: *StrView
CHECK! isUnchecked: 1 src: int64 target: *StrView
CHECK! isUnchecked: 1 src: int64 target: *StrView
CHECK! isUnchecked: 1 src: int64 target: *StrView
CHECK! isUnchecked: 1 src: int64 target: *StrView
CHECK! isUnchecked: 1 src: int64 target: *StrView
CHECK! isUnchecked: 1 src: int64 target: *StrView
CHECK! isUnchecked: 1 src: int64 target: *StrView
CHECK! isUnchecked: 1 src: int64 target: *StrView
CHECK! isUnchecked: 1 src: int64 target: *StrView
CHECK! isUnchecked: 1 src: int64 target: *StrView
CHECK! isUnchecked: 1 src: int64 target: *StrView
CHECK! isUnchecked: 1 src: int64 target: *StrView
CHECK! isUnchecked: 1 src: int64 target: *StrView
CHECK! isUnchecked: 1 src: int64 target: *StrView
CHECK! isUnchecked: 1 src: int64 target: *StrView
CHECK! isUnchecked: 1 src: int64 target: *StrView
CHECK! isUnchecked: 1 src: int64 target: *StrView
CHECK! isUnchecked: 1 src: int64 target: *StrView
CHECK! isUnchecked: 1 src: int64 target: *StrView
CHECK! isUnchecked: 1 src: int64 target: uint8@
CHECK! isUnchecked: 1 src: int64 target: *StrView
CHECK! isUnchecked: 1 src: int64 target: uint8@
CHECK! isUnchecked: 1 src: int64 target: *StrView
CHECK! isUnchecked: 1 src: int64 target: *StrView
CHECK! isUnchecked: 1 src: int64 target: *StrViewIter
CHECK! isUnchecked: 1 src: int64 target: *StrView
CHECK! isUnchecked: 1 src: int64 target: *StrViewIter
CHECK! isUnchecked: 1 src: int64 target: *StrViewIter
[1mtest_all.npk:0:0: [0m[1;31merror[0m: [1mLine 431, Column 12: Unused result value. This function returns a result that must be checked. Use drop(func(...)) to discard, raw func(...) to extract the value, or check .is_error to handle failures.[0m

[1mtest_all.npk:0:0: [0m[1;31merror[0m: [1mLine 437, Column 12: Unused result value. This function returns a result that must be checked. Use drop(func(...)) to discard, raw func(...) to extract the value, or check .is_error to handle failures.[0m

[1mtest_all.npk:0:0: [0m[1;31merror[0m: [1mLine 558, Column 16: Member access (.) requires struct, object, or union type, got 'int64'. Use -> for pointer member access.[0m

[1mtest_all.npk:0:0: [0m[1;31merror[0m: [1mLine 564, Column 22: Member access (.) requires struct, object, or union type, got 'int64'. Use -> for pointer member access.[0m

[1mtest_all.npk:0:0: [0m[1;31merror[0m: [1mLine 585, Column 16: Member access (.) requires struct, object, or union type, got 'int64'. Use -> for pointer member access.[0m

[1mtest_all.npk:0:0: [0m[1;31merror[0m: [1mLine 591, Column 22: Member access (.) requires struct, object, or union type, got 'int64'. Use -> for pointer member access.[0m

[1mtest_all.npk:0:0: [0m[1;31merror[0m: [1mLine 79, Column 40: Undefined identifier: 'ERR_EOF'[0m

[1mtest_all.npk:0:0: [0m[1;31merror[0m: [1mLine 147, Column 25: @cast supports numeric types and pointer types only. Cannot cast 'byte[1]' to 'int64'[0m

[1mtest_all.npk:0:0: [0m[1;31merror[0m: [1mLine 165, Column 28: Argument 2 has type 'uint8', but function expects 'byte'[0m

[1mtest_all.npk:0:0: [0m[1;31merror[0m: [1mLine 173, Column 5: Cannot silently unwrap Result<int64> into 'r' of type 'int64'. Declare as Result<int64> and check .is_error, or use 'raw expr' to explicitly assert the call cannot fail.[0m

[1mtest_all.npk:0:0: [0m[1;31merror[0m: [1mLine 174, Column 10: Member access (.) requires struct, object, or union type, got 'int64'. Use -> for pointer member access.[0m

[1mtest_all.npk:0:0: [0m[1;31merror[0m: [1mLine 175, Column 5: Cannot silently unwrap Result<int64> into 'r2' of type 'int64'. Declare as Result<int64> and check .is_error, or use 'raw expr' to explicitly assert the call cannot fail.[0m

[1mtest_all.npk:0:0: [0m[1;31merror[0m: [1mLine 176, Column 10: Member access (.) requires struct, object, or union type, got 'int64'. Use -> for pointer member access.[0m

[1mtest_all.npk:0:0: [0m[1;31merror[0m: [1mLine 177, Column 11: Member access (.) requires struct, object, or union type, got 'int64'. Use -> for pointer member access.[0m

[1mtest_all.npk:0:0: [0m[1;31merror[0m: [1mLine 90, Column 40: Undefined identifier: 'ERR_EOF'[0m

[1mtest_all.npk:0:0: [0m[1;31merror[0m: [1mLine 145, Column 41: @cast supports numeric types and pointer types only. Cannot cast 'byte[1]' to 'int64'[0m

[1mtest_all.npk:0:0: [0m[1;31merror[0m: [1mLine 147, Column 15: Member access (.) requires struct, object, or union type, got 'int64'. Use -> for pointer member access.[0m

[1mtest_all.npk:0:0: [0m[1;31merror[0m: [1mLine 155, Column 15: Member access (.) requires struct, object, or union type, got 'int64'. Use -> for pointer member access.[0m

[1mtest_all.npk:0:0: [0m[1;31merror[0m: [1mLine 168, Column 15: Cannot compare incompatible types: 'byte' and 'uint8'[0m

[1mtest_all.npk:0:0: [0m[1;31merror[0m: [1mLine 211, Column 41: @cast supports numeric types and pointer types only. Cannot cast 'byte[1]' to 'int64'[0m

[1mtest_all.npk:0:0: [0m[1;31merror[0m: [1mLine 213, Column 15: Member access (.) requires struct, object, or union type, got 'int64'. Use -> for pointer member access.[0m

[1mtest_all.npk:0:0: [0m[1;31merror[0m: [1mLine 220, Column 15: Member access (.) requires struct, object, or union type, got 'int64'. Use -> for pointer member access.[0m

[1mtest_all.npk:0:0: [0m[1;31merror[0m: [1mLine 258, Column 41: @cast supports numeric types and pointer types only. Cannot cast 'byte[1]' to 'int64'[0m

[1mtest_all.npk:0:0: [0m[1;31merror[0m: [1mLine 259, Column 14: Member access (.) requires struct, object, or union type, got 'byte[1]'. Use -> for pointer member access.[0m

[1mtest_all.npk:0:0: [0m[1;31merror[0m: [1mLine 264, Column 14: Member access (.) requires struct, object, or union type, got 'byte[1]'. Use -> for pointer member access.[0m

[1mtest_all.npk:0:0: [0m[1;31merror[0m: [1mLine 267, Column 14: Cannot cast between non-numeric types 'byte' and 'int64'[0m

[1mtest_all.npk:0:0: [0m[1;31merror[0m: [1mLine 62, Column 20: Bitwise operators require same integer type on both sides. Got 'int64' and 'bool'.[0m

[1mtest_all.npk:0:0: [0m[1;31merror[0m: [1mLine 72, Column 12: Logical NOT requires 'bool' type, got 'Result<bool>'. Use explicit comparison (e.g., x == 0) instead of truthiness.[0m

[1mtest_all.npk:0:0: [0m[1;31merror[0m: [1mLine 105, Column 35: Bitwise operators require same integer type on both sides. Got 'int64' and 'bool'.[0m

[1mtest_all.npk:0:0: [0m[1;31merror[0m: [1mLine 116, Column 30: Logical NOT requires 'bool' type, got 'Result<bool>'. Use explicit comparison (e.g., x == 0) instead of truthiness.[0m

[1mtest_all.npk:0:0: [0m[1;31merror[0m: [1mLine 151, Column 5: Cannot silently unwrap Result<int64> into 'n' of type 'int64'. Declare as Result<int64> and check .is_error, or use 'raw expr' to explicitly assert the call cannot fail.[0m

[1mtest_all.npk:0:0: [0m[1;31merror[0m: [1mLine 79, Column 20: Cannot compare incompatible types: 'int64@' and 'int64'[0m

[1mtest_all.npk:0:0: [0m[1;31merror[0m: [1mLine 87, Column 27: Argument 1 has type 'uint8', but function expects 'byte'[0m

[1mtest_all.npk:0:0: [0m[1;31merror[0m: [1mLine 87, Column 25: while condition must be 'bool' type, got 'Result<bool>'. Use explicit comparison (e.g., x != 0) instead of truthiness.[0m

[1mtest_all.npk:0:0: [0m[1;31merror[0m: [1mLine 119, Column 31: Argument 1 has type 'uint8', but function expects 'byte'[0m

[1mtest_all.npk:0:0: [0m[1;31merror[0m: [1mLine 119, Column 9: Cannot silently unwrap Result<int64> into 'dv' of type 'int64'. Declare as Result<int64> and check .is_error, or use 'raw expr' to explicitly assert the call cannot fail.[0m

[1mtest_all.npk:0:0: [0m[1;31merror[0m: [1mLine 138, Column 23: Unused result from NIL-returning function. Even NIL functions can fail (bad args, internal error), so the Result<NIL> must be handled. Use drop(func(...)) to discard, or check .is_error to handle failures.[0m

[1mtest_all.npk:0:0: [0m[1;31merror[0m: [1mLine 139, Column 20: Cannot compare incompatible types: 'int64@' and 'int64'[0m

[1mtest_all.npk:0:0: [0m[1;31merror[0m: [1mLine 144, Column 24: Undefined identifier: 'ERR_RANGE'[0m

[1mtest_all.npk:0:0: [0m[1;31merror[0m: [1mLine 145, Column 20: Cannot compare incompatible types: 'int64@' and 'int64'[0m

[1mtest_all.npk:0:0: [0m[1;31merror[0m: [1mLine 150, Column 16: Cannot compare incompatible types: 'int64@' and 'int64'[0m

[1mtest_all.npk:0:0: [0m[1;31merror[0m: [1mLine 164, Column 20: Cannot compare incompatible types: 'int64@' and 'int64'[0m

[1mtest_all.npk:0:0: [0m[1;31merror[0m: [1mLine 171, Column 27: Argument 1 has type 'uint8', but function expects 'byte'[0m

[1mtest_all.npk:0:0: [0m[1;31merror[0m: [1mLine 171, Column 25: while condition must be 'bool' type, got 'Result<bool>'. Use explicit comparison (e.g., x != 0) instead of truthiness.[0m

[1mtest_all.npk:0:0: [0m[1;31merror[0m: [1mLine 202, Column 31: Argument 1 has type 'uint8', but function expects 'byte'[0m

[1mtest_all.npk:0:0: [0m[1;31merror[0m: [1mLine 202, Column 9: Cannot silently unwrap Result<int64> into 'dv' of type 'int64'. Declare as Result<int64> and check .is_error, or use 'raw expr' to explicitly assert the call cannot fail.[0m

[1mtest_all.npk:0:0: [0m[1;31merror[0m: [1mLine 231, Column 23: Unused result from NIL-returning function. Even NIL functions can fail (bad args, internal error), so the Result<NIL> must be handled. Use drop(func(...)) to discard, or check .is_error to handle failures.[0m

[1mtest_all.npk:0:0: [0m[1;31merror[0m: [1mLine 232, Column 20: Cannot compare incompatible types: 'int64@' and 'int64'[0m

[1mtest_all.npk:0:0: [0m[1;31merror[0m: [1mLine 237, Column 24: Undefined identifier: 'ERR_RANGE'[0m

[1mtest_all.npk:0:0: [0m[1;31merror[0m: [1mLine 238, Column 20: Cannot compare incompatible types: 'int64@' and 'int64'[0m

[1mtest_all.npk:0:0: [0m[1;31merror[0m: [1mLine 242, Column 16: Cannot compare incompatible types: 'int64@' and 'int64'[0m

[1mtest_all.npk:0:0: [0m[1;31merror[0m: [1mLine 277, Column 29: @cast supports numeric types and pointer types only. Cannot cast 'int64[1]' to 'int64@'[0m

[1mtest_all.npk:0:0: [0m[1;31merror[0m: [1mLine 280, Column 9: Undefined identifier: 'errno_get'[0m

[1mtest_all.npk:0:0: [0m[1;31merror[0m: [1mLine 280, Column 24: Undefined identifier: 'ERR_RANGE'[0m

[1mtest_all.npk:0:0: [0m[1;31merror[0m: [1mLine 304, Column 30: @cast supports numeric types and pointer types only. Cannot cast 'int64[1]' to 'int64@'[0m

[1mtest_all.npk:0:0: [0m[1;31merror[0m: [1mLine 306, Column 9: Undefined identifier: 'errno_get'[0m

[1mtest_all.npk:0:0: [0m[1;31merror[0m: [1mLine 306, Column 24: Undefined identifier: 'ERR_RANGE'[0m

[1mtest_all.npk:0:0: [0m[1;31merror[0m: [1mLine 332, Column 29: @cast supports numeric types and pointer types only. Cannot cast 'int64[1]' to 'int64@'[0m

[1mtest_all.npk:0:0: [0m[1;31merror[0m: [1mLine 334, Column 9: Undefined identifier: 'errno_get'[0m

[1mtest_all.npk:0:0: [0m[1;31merror[0m: [1mLine 334, Column 24: Undefined identifier: 'ERR_RANGE'[0m

[1mtest_all.npk:0:0: [0m[1;31merror[0m: [1mLine 370, Column 29: Function expects 3 argument(s), but 1 provided[0m

[1mtest_all.npk:0:0: [0m[1;31merror[0m: [1mLine 371, Column 22: Cannot compare incompatible types: 'int64' and 'uint8@'[0m

[1mtest_all.npk:0:0: [0m[1;31merror[0m: [1mLine 372, Column 24: Function expects 3 argument(s), but 2 provided[0m

[1mtest_all.npk:0:0: [0m[1;31merror[0m: [1mLine 373, Column 9: Pass value type 'uint8@' does not match function value type 'int64'[0m

[1mtest_all.npk:0:0: [0m[1;31merror[0m: [1mLine 384, Column 19: Cannot cast between non-numeric types 'int64' and 'byte'[0m

[1mtest_all.npk:0:0: [0m[1;31merror[0m: [1mLine 437, Column 19: Cannot cast between non-numeric types 'int64' and 'byte'[0m

[1mtest_all.npk:0:0: [0m[1;31merror[0m: [1mLine 471, Column 16: Cannot assign value of type 'uint8' to variable of type 'byte'[0m

[1mtest_all.npk:0:0: [0m[1;31merror[0m: [1mLine 477, Column 27: Cannot cast between non-numeric types 'int64' and 'byte'[0m

[1mtest_all.npk:0:0: [0m[1;31merror[0m: [1mLine 479, Column 27: Cannot cast between non-numeric types 'int64' and 'byte'[0m

[1mtest_all.npk:0:0: [0m[1;31merror[0m: [1mLine 84, Column 32: Bitwise operators require same integer type on both sides. Got 'int64' and 'bool'.[0m

[1mtest_all.npk:0:0: [0m[1;31merror[0m: [1mLogical operator requires 'bool' type on right side, got 'Result<bool>'. Use explicit comparison (e.g., x != 0) instead of truthiness.[0m

[1mtest_all.npk:0:0: [0m[1;31merror[0m: [1mLine 114, Column 9: Cannot initialize variable 'ca' of type 'byte' with value of type 'uint8'[0m

[1mtest_all.npk:0:0: [0m[1;31merror[0m: [1mLine 115, Column 9: Cannot initialize variable 'cb' of type 'byte' with value of type 'uint8'[0m

[1mtest_all.npk:0:0: [0m[1;31merror[0m: [1mLine 120, Column 16: Cannot compare incompatible types: 'int64@' and 'uint8'[0m

[1mtest_all.npk:0:0: [0m[1;31merror[0m: [1mLine 152, Column 9: Cannot initialize variable 'ca' of type 'byte' with value of type 'uint8'[0m

[1mtest_all.npk:0:0: [0m[1;31merror[0m: [1mLine 153, Column 9: Cannot initialize variable 'cb' of type 'byte' with value of type 'uint8'[0m

[1mtest_all.npk:0:0: [0m[1;31merror[0m: [1mLine 158, Column 16: Cannot compare incompatible types: 'uint8@' and 'uint8'[0m

[1mtest_all.npk:0:0: [0m[1;31merror[0m: [1mLine 214, Column 36: Argument 1 has type 'uint8', but function expects 'byte'[0m

[1mtest_all.npk:0:0: [0m[1;31merror[0m: [1mLine 214, Column 9: Cannot silently unwrap Result<byte> into 'ca' of type 'byte'. Declare as Result<byte> and check .is_error, or use 'raw expr' to explicitly assert the call cannot fail.[0m

[1mtest_all.npk:0:0: [0m[1;31merror[0m: [1mLine 215, Column 36: Argument 1 has type 'uint8', but function expects 'byte'[0m

[1mtest_all.npk:0:0: [0m[1;31merror[0m: [1mLine 215, Column 9: Cannot silently unwrap Result<byte> into 'cb' of type 'byte'. Declare as Result<byte> and check .is_error, or use 'raw expr' to explicitly assert the call cannot fail.[0m

[1mtest_all.npk:0:0: [0m[1;31merror[0m: [1mLine 220, Column 16: Cannot compare incompatible types: 'uint8@' and 'uint8'[0m

[1mtest_all.npk:0:0: [0m[1;31merror[0m: [1mLine 252, Column 36: Argument 1 has type 'uint8', but function expects 'byte'[0m

[1mtest_all.npk:0:0: [0m[1;31merror[0m: [1mLine 252, Column 9: Cannot silently unwrap Result<byte> into 'ca' of type 'byte'. Declare as Result<byte> and check .is_error, or use 'raw expr' to explicitly assert the call cannot fail.[0m

[1mtest_all.npk:0:0: [0m[1;31merror[0m: [1mLine 253, Column 36: Argument 1 has type 'uint8', but function expects 'byte'[0m

[1mtest_all.npk:0:0: [0m[1;31merror[0m: [1mLine 253, Column 9: Cannot silently unwrap Result<byte> into 'cb' of type 'byte'. Declare as Result<byte> and check .is_error, or use 'raw expr' to explicitly assert the call cannot fail.[0m

[1mtest_all.npk:0:0: [0m[1;31merror[0m: [1mLine 258, Column 16: Cannot compare incompatible types: 'uint8@' and 'uint8'[0m

[1mtest_all.npk:0:0: [0m[1;31merror[0m: [1mLine 282, Column 46: Argument 1 has type 'uint8', but function expects 'byte'[0m

[1mtest_all.npk:0:0: [0m[1;31merror[0m: [1mLine 282, Column 71: Argument 1 has type 'uint8', but function expects 'byte'[0m

[1mtest_all.npk:0:0: [0m[1;31merror[0m: [1mLine 175, Column 22: @cast supports numeric types and pointer types only. Cannot cast 'FmtState' to 'FmtState@'[0m

[1mtest_all.npk:0:0: [0m[1;31merror[0m: [1mLine 183, Column 22: Argument 1 has type 'FmtState', but function expects 'FmtState@'[0m

[1mtest_all.npk:0:0: [0m[1;31merror[0m: [1mLine 183, Column 27: Argument 2 has type 'uint8', but function expects 'byte'[0m

[1mtest_all.npk:0:0: [0m[1;31merror[0m: [1mLine 183, Column 21: Unused result from NIL-returning function. Even NIL functions can fail (bad args, internal error), so the Result<NIL> must be handled. Use drop(func(...)) to discard, or check .is_error to handle failures.[0m

[1mtest_all.npk:0:0: [0m[1;31merror[0m: [1mLine 241, Column 9: Cannot initialize variable 'spec' of type 'byte' with value of type 'uint8'[0m

[1mtest_all.npk:0:0: [0m[1;31merror[0m: [1mLine 247, Column 16: Operator '==' is not defined for struct type 'FmtState'. Implement an equality method on the struct instead.[0m

[1mtest_all.npk:0:0: [0m[1;31merror[0m: [1mLine 252, Column 16: Operator '==' is not defined for struct type 'FmtState'. Implement an equality method on the struct instead.[0m

[1mtest_all.npk:0:0: [0m[1;31merror[0m: [1mLine 259, Column 16: Operator '==' is not defined for struct type 'FmtState'. Implement an equality method on the struct instead.[0m

[1mtest_all.npk:0:0: [0m[1;31merror[0m: [1mLine 280, Column 29: Operator '==' is not defined for struct type 'FmtState'. Implement an equality method on the struct instead.[0m

[1mtest_all.npk:0:0: [0m[1;31merror[0m: [1mLine 280, Column 44: Operator '==' is not defined for struct type 'FmtState'. Implement an equality method on the struct instead.[0m

[1mtest_all.npk:0:0: [0m[1;31merror[0m: [1mLine 281, Column 30: Operator '==' is not defined for struct type 'FmtState'. Implement an equality method on the struct instead.[0m

[1mtest_all.npk:0:0: [0m[1;31merror[0m: [1mLine 283, Column 16: Operator '==' is not defined for struct type 'FmtState'. Implement an equality method on the struct instead.[0m

[1mtest_all.npk:0:0: [0m[1;31merror[0m: [1mLine 283, Column 31: Operator '==' is not defined for struct type 'FmtState'. Implement an equality method on the struct instead.[0m

[1mtest_all.npk:0:0: [0m[1;31merror[0m: [1mLine 295, Column 23: Undefined identifier: 'is_signed'[0m

[1mtest_all.npk:0:0: [0m[1;31merror[0m: [1mLine 297, Column 13: Undefined identifier: 'is_neg'[0m

[1mtest_all.npk:0:0: [0m[1;31merror[0m: [1mLine 299, Column 44: @cast supports numeric types and pointer types only. Cannot cast 'byte[68]' to 'int64'[0m

[1mtest_all.npk:0:0: [0m[1;31merror[0m: [1mLine 304, Column 13: Undefined identifier: 'is_neg'[0m

[1mtest_all.npk:0:0: [0m[1;31merror[0m: [1mLine 312, Column 32: Cannot assign value of type 'uint8' to variable of type 'byte'[0m

[1mtest_all.npk:0:0: [0m[1;31merror[0m: [1mLine 313, Column 39: Cannot assign value of type 'uint8' to variable of type 'byte'[0m

[1mtest_all.npk:0:0: [0m[1;31merror[0m: [1mLine 314, Column 18: Undefined identifier: 'is_upper'[0m

[1mtest_all.npk:0:0: [0m[1;31merror[0m: [1mLine 318, Column 41: Cannot compare incompatible types: 'byte' and 'uint8'[0m

[1mtest_all.npk:0:0: [0m[1;31merror[0m: [1mLine 328, Column 9: Cannot initialize variable 'pad_char' of type 'byte' with value of type 'uint8'[0m

[1mtest_all.npk:0:0: [0m[1;31merror[0m: [1mLine 329, Column 40: Undefined identifier: 'pad_char'[0m

[1mtest_all.npk:0:0: [0m[1;31merror[0m: [1mLine 333, Column 24: Argument 1 has type 'FmtState', but function expects 'FmtState@'[0m

[1mtest_all.npk:0:0: [0m[1;31merror[0m: [1mLine 333, Column 28: @cast supports numeric types and pointer types only. Cannot cast 'byte[3]' to 'int64'[0m

[1mtest_all.npk:0:0: [0m[1;31merror[0m: [1mLine 334, Column 24: Argument 1 has type 'FmtState', but function expects 'FmtState@'[0m

[1mtest_all.npk:0:0: [0m[1;31merror[0m: [1mLine 334, Column 28: @cast supports numeric types and pointer types only. Cannot cast 'byte[68]' to 'int64'[0m

[1mtest_all.npk:0:0: [0m[1;31merror[0m: [1mLine 335, Column 21: Argument 1 has type 'FmtState', but function expects 'FmtState@'[0m

[1mtest_all.npk:0:0: [0m[1;31merror[0m: [1mLine 335, Column 25: Argument 2 has type 'uint8', but function expects 'byte'[0m

[1mtest_all.npk:0:0: [0m[1;31merror[0m: [1mLine 335, Column 20: Unused result from NIL-returning function. Even NIL functions can fail (bad args, internal error), so the Result<NIL> must be handled. Use drop(func(...)) to discard, or check .is_error to handle failures.[0m

[1mtest_all.npk:0:0: [0m[1;31merror[0m: [1mLine 338, Column 24: Argument 1 has type 'FmtState', but function expects 'FmtState@'[0m

[1mtest_all.npk:0:0: [0m[1;31merror[0m: [1mLine 338, Column 28: @cast supports numeric types and pointer types only. Cannot cast 'byte[3]' to 'int64'[0m

[1mtest_all.npk:0:0: [0m[1;31merror[0m: [1mLine 339, Column 21: Argument 1 has type 'FmtState', but function expects 'FmtState@'[0m

[1mtest_all.npk:0:0: [0m[1;31merror[0m: [1mLine 339, Column 25: Argument 2 has type 'uint8', but function expects 'byte'[0m

[1mtest_all.npk:0:0: [0m[1;31merror[0m: [1mLine 339, Column 20: Unused result from NIL-returning function. Even NIL functions can fail (bad args, internal error), so the Result<NIL> must be handled. Use drop(func(...)) to discard, or check .is_error to handle failures.[0m

[1mtest_all.npk:0:0: [0m[1;31merror[0m: [1mLine 340, Column 24: Argument 1 has type 'FmtState', but function expects 'FmtState@'[0m

[1mtest_all.npk:0:0: [0m[1;31merror[0m: [1mLine 340, Column 28: @cast supports numeric types and pointer types only. Cannot cast 'byte[68]' to 'int64'[0m

[1mtest_all.npk:0:0: [0m[1;31merror[0m: [1mLine 343, Column 21: Argument 1 has type 'FmtState', but function expects 'FmtState@'[0m

[1mtest_all.npk:0:0: [0m[1;31merror[0m: [1mLine 343, Column 25: Argument 2 has type 'uint8', but function expects 'byte'[0m

[1mtest_all.npk:0:0: [0m[1;31merror[0m: [1mLine 343, Column 20: Unused result from NIL-returning function. Even NIL functions can fail (bad args, internal error), so the Result<NIL> must be handled. Use drop(func(...)) to discard, or check .is_error to handle failures.[0m

[1mtest_all.npk:0:0: [0m[1;31merror[0m: [1mLine 344, Column 24: Argument 1 has type 'FmtState', but function expects 'FmtState@'[0m

[1mtest_all.npk:0:0: [0m[1;31merror[0m: [1mLine 344, Column 28: @cast supports numeric types and pointer types only. Cannot cast 'byte[3]' to 'int64'[0m

[1mtest_all.npk:0:0: [0m[1;31merror[0m: [1mLine 345, Column 24: Argument 1 has type 'FmtState', but function expects 'FmtState@'[0m

[1mtest_all.npk:0:0: [0m[1;31merror[0m: [1mLine 345, Column 28: @cast supports numeric types and pointer types only. Cannot cast 'byte[68]' to 'int64'[0m

[1mtest_all.npk:0:0: [0m[1;31merror[0m: [1mLine 374, Column 46: @cast supports numeric types and pointer types only. Cannot cast 'int64[1]' to 'int64'[0m

[1mtest_all.npk:0:0: [0m[1;31merror[0m: [1mLine 381, Column 46: @cast supports numeric types and pointer types only. Cannot cast 'int64[2]' to 'int64'[0m

[1mtest_all.npk:0:0: [0m[1;31merror[0m: [1mLine 389, Column 46: @cast supports numeric types and pointer types only. Cannot cast 'int64[3]' to 'int64'[0m

[1mtest_all.npk:0:0: [0m[1;31merror[0m: [1mLine 397, Column 46: @cast supports numeric types and pointer types only. Cannot cast 'int64[4]' to 'int64'[0m

[1mtest_all.npk:0:0: [0m[1;31merror[0m: [1mLine 406, Column 46: @cast supports numeric types and pointer types only. Cannot cast 'int64[6]' to 'int64'[0m

[1mtest_all.npk:0:0: [0m[1;31merror[0m: [1mLine 416, Column 46: @cast supports numeric types and pointer types only. Cannot cast 'int64[8]' to 'int64'[0m

[1mtest_all.npk:0:0: [0m[1;31merror[0m: [1mLine 57, Column 21: @cast supports numeric types and pointer types only. Cannot cast 'byte[4096]' to 'int64'[0m

[1mtest_all.npk:0:0: [0m[1;31merror[0m: [1mLine 58, Column 22: Undefined identifier: 'buf_ptr'[0m

[1mtest_all.npk:0:0: [0m[1;31merror[0m: [1mLine 59, Column 27: Undefined identifier: 'buf_ptr'[0m

[1mtest_all.npk:0:0: [0m[1;31merror[0m: [1mLine 76, Column 21: @cast supports numeric types and pointer types only. Cannot cast 'byte[4096]' to 'int64'[0m

[1mtest_all.npk:0:0: [0m[1;31merror[0m: [1mLine 77, Column 22: Undefined identifier: 'buf_ptr'[0m

[1mtest_all.npk:0:0: [0m[1;31merror[0m: [1mLine 78, Column 27: Undefined identifier: 'buf_ptr'[0m

[1mtest_all.npk:0:0: [0m[1;31merror[0m: [1mLine 95, Column 21: @cast supports numeric types and pointer types only. Cannot cast 'byte[4096]' to 'int64'[0m

[1mtest_all.npk:0:0: [0m[1;31merror[0m: [1mLine 96, Column 22: Undefined identifier: 'buf_ptr'[0m

[1mtest_all.npk:0:0: [0m[1;31merror[0m: [1mLine 97, Column 27: Undefined identifier: 'buf_ptr'[0m

[1mtest_all.npk:0:0: [0m[1;31merror[0m: [1mLine 114, Column 21: @cast supports numeric types and pointer types only. Cannot cast 'byte[4096]' to 'int64'[0m

[1mtest_all.npk:0:0: [0m[1;31merror[0m: [1mLine 115, Column 22: Undefined identifier: 'buf_ptr'[0m

[1mtest_all.npk:0:0: [0m[1;31merror[0m: [1mLine 116, Column 27: Undefined identifier: 'buf_ptr'[0m

[1mtest_all.npk:0:0: [0m[1;31merror[0m: [1mLine 134, Column 21: @cast supports numeric types and pointer types only. Cannot cast 'byte[4096]' to 'int64'[0m

[1mtest_all.npk:0:0: [0m[1;31merror[0m: [1mLine 135, Column 22: Undefined identifier: 'buf_ptr'[0m

[1mtest_all.npk:0:0: [0m[1;31merror[0m: [1mLine 136, Column 27: Undefined identifier: 'buf_ptr'[0m

[1mtest_all.npk:0:0: [0m[1;31merror[0m: [1mLine 154, Column 21: @cast supports numeric types and pointer types only. Cannot cast 'byte[4096]' to 'int64'[0m

[1mtest_all.npk:0:0: [0m[1;31merror[0m: [1mLine 155, Column 22: Undefined identifier: 'buf_ptr'[0m

[1mtest_all.npk:0:0: [0m[1;31merror[0m: [1mLine 156, Column 27: Undefined identifier: 'buf_ptr'[0m

[1mtest_all.npk:0:0: [0m[1;31merror[0m: [1mLine 177, Column 21: @cast supports numeric types and pointer types only. Cannot cast 'byte[4096]' to 'int64'[0m

[1mtest_all.npk:0:0: [0m[1;31merror[0m: [1mLine 178, Column 22: Undefined identifier: 'buf_ptr'[0m

[1mtest_all.npk:0:0: [0m[1;31merror[0m: [1mLine 179, Column 27: Undefined identifier: 'buf_ptr'[0m

[1mtest_all.npk:0:0: [0m[1;31merror[0m: [1mLine 202, Column 21: @cast supports numeric types and pointer types only. Cannot cast 'byte[4096]' to 'int64'[0m

[1mtest_all.npk:0:0: [0m[1;31merror[0m: [1mLine 203, Column 22: Undefined identifier: 'buf_ptr'[0m

[1mtest_all.npk:0:0: [0m[1;31merror[0m: [1mLine 204, Column 27: Undefined identifier: 'buf_ptr'[0m

[1mtest_all.npk:0:0: [0m[1;31merror[0m: [1mLine 227, Column 21: @cast supports numeric types and pointer types only. Cannot cast 'byte[4096]' to 'int64'[0m

[1mtest_all.npk:0:0: [0m[1;31merror[0m: [1mLine 228, Column 22: Undefined identifier: 'buf_ptr'[0m

[1mtest_all.npk:0:0: [0m[1;31merror[0m: [1mLine 229, Column 27: Undefined identifier: 'buf_ptr'[0m

[1mtest_all.npk:0:0: [0m[1;31merror[0m: [1mLine 331, Column 9: Cannot silently unwrap Result<int64> into 'r' of type 'int64'. Declare as Result<int64> and check .is_error, or use 'raw expr' to explicitly assert the call cannot fail.[0m

[1mtest_all.npk:0:0: [0m[1;31merror[0m: [1mLine 332, Column 13: Undefined identifier: 'r'[0m

[1mtest_all.npk:0:0: [0m[1;31merror[0m: [1mLine 333, Column 9: Cannot silently unwrap Result<int64> into 'r2' of type 'int64'. Declare as Result<int64> and check .is_error, or use 'raw expr' to explicitly assert the call cannot fail.[0m

[1mtest_all.npk:0:0: [0m[1;31merror[0m: [1mLine 334, Column 13: Undefined identifier: 'r2'[0m

[1mtest_all.npk:0:0: [0m[1;31merror[0m: [1mLine 341, Column 38: Undefined identifier: 'libn_errno'[0m

[1mtest_all.npk:0:0: [0m[1;31merror[0m: [1mLine 344, Column 6: @cast supports numeric types and pointer types only. Cannot cast 'byte[32]' to 'uint8@'[0m

[1mtest_all.npk:0:0: [0m[1;31merror[0m: [1mLine 347, Column 10: @cast supports numeric types and pointer types only. Cannot cast 'byte[32]' to 'uint8@'[0m

[1mtest_all.npk:0:0: [0m[1;31merror[0m: [1mLine 352, Column 14: @cast supports numeric types and pointer types only. Cannot cast 'byte[32]' to 'uint8@'[0m

[1mtest_all.npk:0:0: [0m[1;31merror[0m: [1mLine 357, Column 24: @cast supports numeric types and pointer types only. Cannot cast 'byte[32]' to 'int64'[0m

[1mtest_all.npk:0:0: [0m[1;31merror[0m: [1mLine 358, Column 40: Undefined identifier: 'num_start'[0m

[1mtest_all.npk:0:0: [0m[1;31merror[0m: [1mLine 359, Column 10: Member access (.) requires struct, object, or union type, got 'int64'. Use -> for pointer member access.[0m

[1mtest_all.npk:0:0: [0m[1;31merror[0m: [1mLine 72, Column 5: Undefined identifier: 'es_r'[0m

[1mtest_all.npk:0:0: [0m[1;31merror[0m: [1mLine 73, Column 57: Undefined identifier: 'res_r'. Did you mean 'res_es_r'?[0m

[1mtest_all.npk:0:0: [0m[1;31merror[0m: [1mLine 132, Column 5: Cannot silently unwrap Result<int64> into 'r' of type 'int64'. Declare as Result<int64> and check .is_error, or use 'raw expr' to explicitly assert the call cannot fail.[0m

[1mtest_all.npk:0:0: [0m[1;31merror[0m: [1mLine 133, Column 11: Member access (.) requires struct, object, or union type, got 'int64'. Use -> for pointer member access.[0m

[1mtest_all.npk:0:0: [0m[1;31merror[0m: [1mLine 161, Column 5: Cannot silently unwrap Result<int64> into 'r' of type 'int64'. Declare as Result<int64> and check .is_error, or use 'raw expr' to explicitly assert the call cannot fail.[0m

[1mtest_all.npk:0:0: [0m[1;31merror[0m: [1mLine 162, Column 10: Undefined identifier: 'r'[0m

[1mtest_all.npk:0:0: [0m[1;31merror[0m: [1mLine 106, Column 5: Cannot silently unwrap Result<int64> into 'saved' of type 'int64'. Declare as Result<int64> and check .is_error, or use 'raw expr' to explicitly assert the call cannot fail.[0m

[1mtest_all.npk:0:0: [0m[1;31merror[0m: [1mLine 107, Column 9: Undefined identifier: 'saved'[0m

[1mtest_all.npk:0:0: [0m[1;31merror[0m: [1mLine 112, Column 5: Cannot silently unwrap Result<int64> into 'end_pos' of type 'int64'. Declare as Result<int64> and check .is_error, or use 'raw expr' to explicitly assert the call cannot fail.[0m

[1mtest_all.npk:0:0: [0m[1;31merror[0m: [1mLine 113, Column 9: Undefined identifier: 'end_pos'[0m

[1mtest_all.npk:0:0: [0m[1;31merror[0m: [1mLine 120, Column 34: Undefined identifier: 'saved'[0m

[1mtest_all.npk:0:0: [0m[1;31merror[0m: [1mLine 121, Column 9: Undefined identifier: 'restore'[0m

[1mtest_all.npk:0:0: [0m[1;31merror[0m: [1mLine 127, Column 10: Undefined identifier: 'end_pos'[0m

[1mtest_all.npk:0:0: [0m[1;31merror[0m: [1mLine 81, Column 9: Cannot silently unwrap Result<int64> into 'chk' of type 'int64'. Declare as Result<int64> and check .is_error, or use 'raw expr' to explicitly assert the call cannot fail.[0m

[1mtest_all.npk:0:0: [0m[1;31merror[0m: [1mLine 82, Column 15: Member access (.) requires struct, object, or union type, got 'int64'. Use -> for pointer member access.[0m

[1mtest_all.npk:0:0: [0m[1;31merror[0m: [1mLine 140, Column 5: Cannot silently unwrap Result<int64> into 'r' of type 'int64'. Declare as Result<int64> and check .is_error, or use 'raw expr' to explicitly assert the call cannot fail.[0m

[1mtest_all.npk:0:0: [0m[1;31merror[0m: [1mLine 141, Column 9: Undefined identifier: 'r'[0m

[1mtest_all.npk:0:0: [0m[1;31merror[0m: [1mLine 51, Column 17: Function expects 1 argument(s), but 2 provided[0m

[1mtest_all.npk:0:0: [0m[1;31merror[0m: [1mLine 67, Column 17: Function expects 1 argument(s), but 2 provided[0m

[1mtest_all.npk:0:0: [0m[1;31merror[0m: [1mLine 81, Column 17: Function expects 1 argument(s), but 2 provided[0m

[1mtest_all.npk:0:0: [0m[1;31merror[0m: [1mLine 33, Column 5: Cannot silently unwrap Result<int64> into 'r' of type 'int64'. Declare as Result<int64> and check .is_error, or use 'raw expr' to explicitly assert the call cannot fail.[0m

[1mtest_all.npk:0:0: [0m[1;31merror[0m: [1mLine 34, Column 11: Member access (.) requires struct, object, or union type, got 'int64'. Use -> for pointer member access.[0m

[1mtest_all.npk:0:0: [0m[1;31merror[0m: [1mLine 37, Column 13: Member access (.) requires struct, object, or union type, got 'int64'. Use -> for pointer member access.[0m

[1mtest_all.npk:0:0: [0m[1;31merror[0m: [1mLine 48, Column 5: Cannot silently unwrap Result<int64> into 'r' of type 'int64'. Declare as Result<int64> and check .is_error, or use 'raw expr' to explicitly assert the call cannot fail.[0m

[1mtest_all.npk:0:0: [0m[1;31merror[0m: [1mLine 49, Column 11: Member access (.) requires struct, object, or union type, got 'int64'. Use -> for pointer member access.[0m

[1mtest_all.npk:0:0: [0m[1;31merror[0m: [1mLine 52, Column 21: Member access (.) requires struct, object, or union type, got 'int64'. Use -> for pointer member access.[0m

[1mtest_all.npk:0:0: [0m[1;31merror[0m: [1mLine 54, Column 9: Undefined identifier: 'flags'[0m

[1mtest_all.npk:0:0: [0m[1;31merror[0m: [1mLine 56, Column 9: Undefined identifier: 'flags'[0m

[1mtest_all.npk:0:0: [0m[1;31merror[0m: [1mLine 58, Column 32: Undefined identifier: 'flags'[0m

[1mtest_all.npk:0:0: [0m[1;31merror[0m: [1mLine 101, Column 5: Cannot silently unwrap Result<int64> into 'r' of type 'int64'. Declare as Result<int64> and check .is_error, or use 'raw expr' to explicitly assert the call cannot fail.[0m

[1mtest_all.npk:0:0: [0m[1;31merror[0m: [1mLine 102, Column 11: Member access (.) requires struct, object, or union type, got 'int64'. Use -> for pointer member access.[0m

[1mtest_all.npk:0:0: [0m[1;31merror[0m: [1mLine 103, Column 34: Member access (.) requires struct, object, or union type, got 'int64'. Use -> for pointer member access.[0m

[1mtest_all.npk:0:0: [0m[1;31merror[0m: [1mLine 111, Column 5: Cannot silently unwrap Result<int64> into 'r' of type 'int64'. Declare as Result<int64> and check .is_error, or use 'raw expr' to explicitly assert the call cannot fail.[0m

[1mtest_all.npk:0:0: [0m[1;31merror[0m: [1mLine 112, Column 11: Member access (.) requires struct, object, or union type, got 'int64'. Use -> for pointer member access.[0m

[1mtest_all.npk:0:0: [0m[1;31merror[0m: [1mLine 113, Column 34: Member access (.) requires struct, object, or union type, got 'int64'. Use -> for pointer member access.[0m

[1mtest_all.npk:0:0: [0m[1;31merror[0m: [1mLine 121, Column 5: Cannot silently unwrap Result<int64> into 'r' of type 'int64'. Declare as Result<int64> and check .is_error, or use 'raw expr' to explicitly assert the call cannot fail.[0m

[1mtest_all.npk:0:0: [0m[1;31merror[0m: [1mLine 122, Column 11: Member access (.) requires struct, object, or union type, got 'int64'. Use -> for pointer member access.[0m

[1mtest_all.npk:0:0: [0m[1;31merror[0m: [1mLine 123, Column 13: Member access (.) requires struct, object, or union type, got 'int64'. Use -> for pointer member access.[0m

[1mtest_all.npk:0:0: [0m[1;31merror[0m: [1mLine 135, Column 5: Cannot silently unwrap Result<int64> into 'r' of type 'int64'. Declare as Result<int64> and check .is_error, or use 'raw expr' to explicitly assert the call cannot fail.[0m

[1mtest_all.npk:0:0: [0m[1;31merror[0m: [1mLine 136, Column 11: Member access (.) requires struct, object, or union type, got 'int64'. Use -> for pointer member access.[0m

[1mtest_all.npk:0:0: [0m[1;31merror[0m: [1mLine 137, Column 34: Member access (.) requires struct, object, or union type, got 'int64'. Use -> for pointer member access.[0m

[1mtest_all.npk:0:0: [0m[1;31merror[0m: [1mLine 145, Column 5: Cannot silently unwrap Result<int64> into 'r' of type 'int64'. Declare as Result<int64> and check .is_error, or use 'raw expr' to explicitly assert the call cannot fail.[0m

[1mtest_all.npk:0:0: [0m[1;31merror[0m: [1mLine 146, Column 11: Member access (.) requires struct, object, or union type, got 'int64'. Use -> for pointer member access.[0m

[1mtest_all.npk:0:0: [0m[1;31merror[0m: [1mLine 147, Column 34: Member access (.) requires struct, object, or union type, got 'int64'. Use -> for pointer member access.[0m

[1mtest_all.npk:0:0: [0m[1;31merror[0m: [1mLine 113, Column 5: Cannot silently unwrap Result<int64> into 'r' of type 'int64'. Declare as Result<int64> and check .is_error, or use 'raw expr' to explicitly assert the call cannot fail.[0m

[1mtest_all.npk:0:0: [0m[1;31merror[0m: [1mLine 123, Column 5: Cannot silently unwrap Result<int64> into 'r' of type 'int64'. Declare as Result<int64> and check .is_error, or use 'raw expr' to explicitly assert the call cannot fail.[0m

[1mtest_all.npk:0:0: [0m[1;31merror[0m: [1mLine 134, Column 5: Cannot silently unwrap Result<int64> into 'r' of type 'int64'. Declare as Result<int64> and check .is_error, or use 'raw expr' to explicitly assert the call cannot fail.[0m

[1mtest_all.npk:0:0: [0m[1;31merror[0m: [1mLine 145, Column 5: Cannot silently unwrap Result<int64> into 'r' of type 'int64'. Declare as Result<int64> and check .is_error, or use 'raw expr' to explicitly assert the call cannot fail.[0m

[1mtest_all.npk:0:0: [0m[1;31merror[0m: [1mLine 146, Column 10: Undefined identifier: 'r'[0m

[1mtest_all.npk:0:0: [0m[1;31merror[0m: [1mLine 151, Column 5: Cannot silently unwrap Result<int64> into 'r' of type 'int64'. Declare as Result<int64> and check .is_error, or use 'raw expr' to explicitly assert the call cannot fail.[0m

[1mtest_all.npk:0:0: [0m[1;31merror[0m: [1mLine 158, Column 5: Cannot silently unwrap Result<int64> into 'r' of type 'int64'. Declare as Result<int64> and check .is_error, or use 'raw expr' to explicitly assert the call cannot fail.[0m

[1mtest_all.npk:0:0: [0m[1;31merror[0m: [1mLine 190, Column 5: Cannot silently unwrap Result<int64> into 'total' of type 'int64'. Declare as Result<int64> and check .is_error, or use 'raw expr' to explicitly assert the call cannot fail.[0m

[1mtest_all.npk:0:0: [0m[1;31merror[0m: [1mLine 193, Column 31: Undefined identifier: 'total'[0m

[1mtest_all.npk:0:0: [0m[1;31merror[0m: [1mLine 194, Column 10: Member access (.) requires struct, object, or union type, got 'int64'. Use -> for pointer member access.[0m

[1mtest_all.npk:0:0: [0m[1;31merror[0m: [1mLine 199, Column 24: Member access (.) requires struct, object, or union type, got 'int64'. Use -> for pointer member access.[0m

[1mtest_all.npk:0:0: [0m[1;31merror[0m: [1mLine 200, Column 44: Type 'map' has no method 'start'
  Available methods: new, length, insert, get, has, remove[0m

[1mtest_all.npk:0:0: [0m[1;31merror[0m: [1mLine 201, Column 6: Cannot index non-array type 'int64'[0m

[1mtest_all.npk:0:0: [0m[1;31merror[0m: [1mLine 202, Column 6: Cannot index non-array type 'int64'[0m

[1mtest_all.npk:0:0: [0m[1;31merror[0m: [1mLine 205, Column 10: Type 'map' has no method 'start'
  Available methods: new, length, insert, get, has, remove[0m

[1mtest_all.npk:0:0: [0m[1;31merror[0m: [1mLine 219, Column 5: Cannot silently unwrap Result<int64> into 'r' of type 'int64'. Declare as Result<int64> and check .is_error, or use 'raw expr' to explicitly assert the call cannot fail.[0m

[1mtest_all.npk:0:0: [0m[1;31merror[0m: [1mLine 247, Column 5: Cannot silently unwrap Result<int64> into 'new_total' of type 'int64'. Declare as Result<int64> and check .is_error, or use 'raw expr' to explicitly assert the call cannot fail.[0m

[1mtest_all.npk:0:0: [0m[1;31merror[0m: [1mLine 248, Column 53: Undefined identifier: 'new_total'[0m

[1mtest_all.npk:0:0: [0m[1;31merror[0m: [1mLine 249, Column 13: Member access (.) requires struct, object, or union type, got 'int64@'. Use -> for pointer member access.[0m

[1mtest_all.npk:0:0: [0m[1;31merror[0m: [1mLine 259, Column 5: Cannot silently unwrap Result<int64> into 'new_r' of type 'int64'. Declare as Result<int64> and check .is_error, or use 'raw expr' to explicitly assert the call cannot fail.[0m

[1mtest_all.npk:0:0: [0m[1;31merror[0m: [1mLine 260, Column 9: Undefined identifier: 'new_r'[0m

[1mtest_all.npk:0:0: [0m[1;31merror[0m: [1mLine 263, Column 21: Undefined identifier: 'new_r'[0m

[1mtest_all.npk:0:0: [0m[1;31merror[0m: [1mLine 273, Column 44: Undefined identifier: 'new_ptr'[0m

[1mtest_all.npk:0:0: [0m[1;31merror[0m: [1mLine 275, Column 11: Cannot index non-array type 'int64'[0m

[1mtest_all.npk:0:0: [0m[1;31merror[0m: [1mLine 282, Column 10: Undefined identifier: 'new_ptr'[0m

[1mtest_all.npk:0:0: [0m[1;31merror[0m: [1mLine 308, Column 5: Cannot silently unwrap Result<int64> into 'r' of type 'int64'. Declare as Result<int64> and check .is_error, or use 'raw expr' to explicitly assert the call cannot fail.[0m

[1mtest_all.npk:0:0: [0m[1;31merror[0m: [1mLine 309, Column 5: Pass value type 'int64@' does not match function value type 'int64'[0m

[1mtest_all.npk:0:0: [0m[1;31merror[0m: [1mLine 343, Column 5: Cannot silently unwrap Result<int64> into 'r' of type 'int64'. Declare as Result<int64> and check .is_error, or use 'raw expr' to explicitly assert the call cannot fail.[0m

[1mtest_all.npk:0:0: [0m[1;31merror[0m: [1mLine 344, Column 10: Undefined identifier: 'r'[0m

[1mtest_all.npk:0:0: [0m[1;31merror[0m: [1mLine 353, Column 5: Cannot silently unwrap Result<int64> into 'r' of type 'int64'. Declare as Result<int64> and check .is_error, or use 'raw expr' to explicitly assert the call cannot fail.[0m

[1mtest_all.npk:0:0: [0m[1;31merror[0m: [1mLine 370, Column 5: Cannot silently unwrap Result<int64> into 'r' of type 'int64'. Declare as Result<int64> and check .is_error, or use 'raw expr' to explicitly assert the call cannot fail.[0m

[1mtest_all.npk:0:0: [0m[1;31merror[0m: [1mLine 371, Column 9: Undefined identifier: 'r'[0m

[1mtest_all.npk:0:0: [0m[1;31merror[0m: [1mLine 374, Column 18: Undefined identifier: 'r'[0m

[1mtest_all.npk:0:0: [0m[1;31merror[0m: [1mLine 377, Column 5: Cannot silently unwrap Result<int64> into 'r_bot' of type 'int64'. Declare as Result<int64> and check .is_error, or use 'raw expr' to explicitly assert the call cannot fail.[0m

[1mtest_all.npk:0:0: [0m[1;31merror[0m: [1mLine 378, Column 9: Undefined identifier: 'r_bot'[0m

[1mtest_all.npk:0:0: [0m[1;31merror[0m: [1mLine 384, Column 28: Arithmetic operators require numeric types (int*, uint*, flt*, tbb*), got 'func() -> Result<int32>'[0m

[1mtest_all.npk:0:0: [0m[1;31merror[0m: [1mLine 385, Column 33: Undefined identifier: 'top_guard'[0m

[1mtest_all.npk:0:0: [0m[1;31merror[0m: [1mLine 386, Column 9: Undefined identifier: 'r_top'[0m

[1mtest_all.npk:0:0: [0m[1;31merror[0m: [1mLine 392, Column 15: Arithmetic operators require numeric types (int*, uint*, flt*, tbb*), got 'func() -> Result<int32>'[0m

[1mtest_all.npk:0:0: [0m[1;31merror[0m: [1mLine 403, Column 5: Cannot silently unwrap Result<int64> into 'r' of type 'int64'. Declare as Result<int64> and check .is_error, or use 'raw expr' to explicitly assert the call cannot fail.[0m

[1mtest_all.npk:0:0: [0m[1;31merror[0m: [1mLine 404, Column 10: Undefined identifier: 'r'[0m

[1mtest_all.npk:0:0: [0m[1;31merror[0m: [1mLine 265, Column 5: Cannot silently unwrap Result<int64> into 'cls' of type 'int64'. Declare as Result<int64> and check .is_error, or use 'raw expr' to explicitly assert the call cannot fail.[0m

[1mtest_all.npk:0:0: [0m[1;31merror[0m: [1mLine 269, Column 9: Cannot silently unwrap Result<int64> into 'r' of type 'int64'. Declare as Result<int64> and check .is_error, or use 'raw expr' to explicitly assert the call cannot fail.[0m

[1mtest_all.npk:0:0: [0m[1;31merror[0m: [1mLine 274, Column 5: Cannot silently unwrap Result<int64> into 'head' of type 'int64'. Declare as Result<int64> and check .is_error, or use 'raw expr' to explicitly assert the call cannot fail.[0m

[1mtest_all.npk:0:0: [0m[1;31merror[0m: [1mLine 277, Column 9: Undefined identifier: 'head'[0m

[1mtest_all.npk:0:0: [0m[1;31merror[0m: [1mLine 293, Column 22: Undefined identifier: 'head'[0m

[1mtest_all.npk:0:0: [0m[1;31merror[0m: [1mLine 294, Column 49: Undefined identifier: 'user_ptr'[0m

[1mtest_all.npk:0:0: [0m[1;31merror[0m: [1mLine 295, Column 18: Undefined identifier: 'next_ptr'[0m

[1mtest_all.npk:0:0: [0m[1;31merror[0m: [1mLine 298, Column 22: Unused result from NIL-returning function. Even NIL functions can fail (bad args, internal error), so the Result<NIL> must be handled. Use drop(func(...)) to discard, or check .is_error to handle failures.[0m

[1mtest_all.npk:0:0: [0m[1;31merror[0m: [1mLine 302, Column 5: Undefined identifier: 'next_ptr'[0m

[1mtest_all.npk:0:0: [0m[1;31merror[0m: [1mLine 304, Column 10: Undefined identifier: 'user_ptr'[0m

[1mtest_all.npk:0:0: [0m[1;31merror[0m: [1mLine 332, Column 9: Cannot silently unwrap Result<int64> into 'r' of type 'int64'. Declare as Result<int64> and check .is_error, or use 'raw expr' to explicitly assert the call cannot fail.[0m

[1mtest_all.npk:0:0: [0m[1;31merror[0m: [1mLine 333, Column 9: Pass value type 'uint8@' does not match function value type 'int64'[0m

[1mtest_all.npk:0:0: [0m[1;31merror[0m: [1mLine 339, Column 5: Cannot silently unwrap Result<int64> into 'old_head' of type 'int64'. Declare as Result<int64> and check .is_error, or use 'raw expr' to explicitly assert the call cannot fail.[0m

[1mtest_all.npk:0:0: [0m[1;31merror[0m: [1mLine 341, Column 19: Undefined identifier: 'old_head'[0m

[1mtest_all.npk:0:0: [0m[1;31merror[0m: [1mLine 342, Column 22: Unused result from NIL-returning function. Even NIL functions can fail (bad args, internal error), so the Result<NIL> must be handled. Use drop(func(...)) to discard, or check .is_error to handle failures.[0m

[1mtest_all.npk:0:0: [0m[1;31merror[0m: [1mLine 352, Column 10: Member access (.) requires struct, object, or union type, got 'int64'. Use -> for pointer member access.[0m

[1mtest_all.npk:0:0: [0m[1;31merror[0m: [1mLine 355, Column 18: Member access (.) requires struct, object, or union type, got 'int64'. Use -> for pointer member access.[0m

[1mtest_all.npk:0:0: [0m[1;31merror[0m: [1mLine 359, Column 5: Cannot silently unwrap Result<int64> into 'cls' of type 'int64'. Declare as Result<int64> and check .is_error, or use 'raw expr' to explicitly assert the call cannot fail.[0m

[1mtest_all.npk:0:0: [0m[1;31merror[0m: [1mLine 360, Column 5: Cannot silently unwrap Result<int64> into 'sz' of type 'int64'. Declare as Result<int64> and check .is_error, or use 'raw expr' to explicitly assert the call cannot fail.[0m

[1mtest_all.npk:0:0: [0m[1;31merror[0m: [1mLine 46, Column 17: Cannot cast between non-numeric types 'int64' and 'byte'[0m

[1mtest_all.npk:0:0: [0m[1;31merror[0m: [1mLine 53, Column 14: Cannot assign value of type 'int64' to variable of type 'uint8'[0m

[1mtest_all.npk:0:0: [0m[1;31merror[0m: [1mLine 75, Column 14: Cannot assign value of type 'int64' to variable of type 'uint8'[0m

[1mtest_all.npk:0:0: [0m[1;31merror[0m: [1mLine 120, Column 17: Cannot cast between non-numeric types 'int64' and 'byte'[0m

[1mtest_all.npk:0:0: [0m[1;31merror[0m: [1mLine 126, Column 14: Cannot assign value of type 'int64' to variable of type 'uint8'[0m

[1mtest_all.npk:0:0: [0m[1;31merror[0m: [1mLine 132, Column 5: Undefined identifier: 'compiler_fence'[0m

[1mtest_all.npk:0:0: [0m[1;31merror[0m: [1mLine 138, Column 24: Unused result from NIL-returning function. Even NIL functions can fail (bad args, internal error), so the Result<NIL> must be handled. Use drop(func(...)) to discard, or check .is_error to handle failures.[0m

[1mtest_all.npk:0:0: [0m[1;31merror[0m: [1mLine 168, Column 17: Cannot cast between non-numeric types 'int64' and 'byte'[0m

[1mtest_all.npk:0:0: [0m[1;31merror[0m: [1mLine 182, Column 17: Cannot cast between non-numeric types 'int64' and 'byte'[0m

[1mtest_all.npk:0:0: [0m[1;31merror[0m: [1mLine 189, Column 24: Unused result from NIL-returning function. Even NIL functions can fail (bad args, internal error), so the Result<NIL> must be handled. Use drop(func(...)) to discard, or check .is_error to handle failures.[0m

[1mtest_all.npk:0:0: [0m[1;31merror[0m: [1mLine 100, Column 23: Unused result from NIL-returning function. Even NIL functions can fail (bad args, internal error), so the Result<NIL> must be handled. Use drop(func(...)) to discard, or check .is_error to handle failures.[0m

[1mtest_all.npk:0:0: [0m[1;31merror[0m: [1mLine 107, Column 22: Undefined identifier: 'bio_parse_mode'[0m

[1mtest_all.npk:0:0: [0m[1;31merror[0m: [1mLine 108, Column 9: Undefined identifier: 'parse_ok'[0m

[1mtest_all.npk:0:0: [0m[1;31merror[0m: [1mLine 117, Column 5: Cannot silently unwrap Result<int64> into 'r' of type 'int64'. Declare as Result<int64> and check .is_error, or use 'raw expr' to explicitly assert the call cannot fail.[0m

[1mtest_all.npk:0:0: [0m[1;31merror[0m: [1mLine 118, Column 9: Undefined identifier: 'r'[0m

[1mtest_all.npk:0:0: [0m[1;31merror[0m: [1mLine 122, Column 16: Undefined identifier: 'r'[0m

[1mtest_all.npk:0:0: [0m[1;31merror[0m: [1mLine 125, Column 16: Undefined identifier: 'bio_alloc_file'[0m

[1mtest_all.npk:0:0: [0m[1;31merror[0m: [1mLine 126, Column 15: Cannot compare incompatible types: 'func(int64, int64) -> Result<int64>' and 'int64'[0m

[1mtest_all.npk:0:0: [0m[1;31merror[0m: [1mLine 133, Column 5: Cannot silently unwrap Result<int64> into 'init_r' of type 'int64'. Declare as Result<int64> and check .is_error, or use 'raw expr' to explicitly assert the call cannot fail.[0m

[1mtest_all.npk:0:0: [0m[1;31merror[0m: [1mLine 134, Column 9: Undefined identifier: 'init_r'[0m

[1mtest_all.npk:0:0: [0m[1;31merror[0m: [1mLine 141, Column 5: Pass value type 'func(int64, int64) -> Result<int64>' does not match function value type 'int64'[0m

[1mtest_all.npk:0:0: [0m[1;31merror[0m: [1mLine 158, Column 23: Unused result from NIL-returning function. Even NIL functions can fail (bad args, internal error), so the Result<NIL> must be handled. Use drop(func(...)) to discard, or check .is_error to handle failures.[0m

[1mtest_all.npk:0:0: [0m[1;31merror[0m: [1mLine 164, Column 22: Undefined identifier: 'bio_parse_mode'[0m

[1mtest_all.npk:0:0: [0m[1;31merror[0m: [1mLine 165, Column 9: Undefined identifier: 'parse_ok'[0m

[1mtest_all.npk:0:0: [0m[1;31merror[0m: [1mLine 170, Column 16: Undefined identifier: 'bio_alloc_file'[0m

[1mtest_all.npk:0:0: [0m[1;31merror[0m: [1mLine 172, Column 23: Unused result from NIL-returning function. Even NIL functions can fail (bad args, internal error), so the Result<NIL> must be handled. Use drop(func(...)) to discard, or check .is_error to handle failures.[0m

[1mtest_all.npk:0:0: [0m[1;31merror[0m: [1mLine 176, Column 5: Cannot silently unwrap Result<int64> into 'init_r' of type 'int64'. Declare as Result<int64> and check .is_error, or use 'raw expr' to explicitly assert the call cannot fail.[0m

[1mtest_all.npk:0:0: [0m[1;31merror[0m: [1mLine 177, Column 9: Undefined identifier: 'init_r'[0m

[1mtest_all.npk:0:0: [0m[1;31merror[0m: [1mLine 197, Column 23: Unused result from NIL-returning function. Even NIL functions can fail (bad args, internal error), so the Result<NIL> must be handled. Use drop(func(...)) to discard, or check .is_error to handle failures.[0m

[1mtest_all.npk:0:0: [0m[1;31merror[0m: [1mLine 206, Column 22: Undefined identifier: 'bio_parse_mode'[0m

[1mtest_all.npk:0:0: [0m[1;31merror[0m: [1mLine 207, Column 9: Undefined identifier: 'parse_ok'[0m

[1mtest_all.npk:0:0: [0m[1;31merror[0m: [1mLine 215, Column 14: Undefined identifier: 'bio_flush_write_buf'[0m

[1mtest_all.npk:0:0: [0m[1;31merror[0m: [1mLine 223, Column 9: Cannot silently unwrap Result<int64> into 'r' of type 'int64'. Declare as Result<int64> and check .is_error, or use 'raw expr' to explicitly assert the call cannot fail.[0m

[1mtest_all.npk:0:0: [0m[1;31merror[0m: [1mLine 224, Column 14: Struct 'FILE' has no member named 'is_error'
  Available fields: fd, buf, buf_cap, buf_pos, buf_len, file_pos, mode, buf_mode, flags, unget[0m

[1mtest_all.npk:0:0: [0m[1;31merror[0m: [1mLine 236, Column 17: Undefined identifier: 'r'. Did you mean 'f'?[0m

[1mtest_all.npk:0:0: [0m[1;31merror[0m: [1mLine 265, Column 23: Unused result from NIL-returning function. Even NIL functions can fail (bad args, internal error), so the Result<NIL> must be handled. Use drop(func(...)) to discard, or check .is_error to handle failures.[0m

[1mtest_all.npk:0:0: [0m[1;31merror[0m: [1mLine 274, Column 19: Undefined identifier: 'bio_flush_write_buf'[0m

[1mtest_all.npk:0:0: [0m[1;31merror[0m: [1mLine 275, Column 14: Struct 'FILE' has no member named 'is_error'
  Available fields: fd, buf, buf_cap, buf_pos, buf_len, file_pos, mode, buf_mode, flags, unget[0m

[1mtest_all.npk:0:0: [0m[1;31merror[0m: [1mLine 284, Column 22: Cannot compare incompatible types: 'FILE@' and 'int64'[0m

[1mtest_all.npk:0:0: [0m[1;31merror[0m: [1mLine 284, Column 35: Cannot compare incompatible types: 'FILE@' and 'int64'[0m

[1mtest_all.npk:0:0: [0m[1;31merror[0m: [1mLine 284, Column 48: Cannot compare incompatible types: 'FILE@' and 'int64'[0m

[1mtest_all.npk:0:0: [0m[1;31merror[0m: [1mLine 285, Column 10: Undefined identifier: 'is_std'[0m

[1mtest_all.npk:0:0: [0m[1;31merror[0m: [1mLine 285, Column 22: Cannot compare incompatible types: 'FILE@' and 'int64'[0m

[1mtest_all.npk:0:0: [0m[1;31merror[0m: [1mLine 297, Column 9: Undefined identifier: 'bio_free_buf'[0m

[1mtest_all.npk:0:0: [0m[1;31merror[0m: [1mLine 303, Column 10: Undefined identifier: 'is_std'[0m

[1mtest_all.npk:0:0: [0m[1;31merror[0m: [1mLine 325, Column 23: Unused result from NIL-returning function. Even NIL functions can fail (bad args, internal error), so the Result<NIL> must be handled. Use drop(func(...)) to discard, or check .is_error to handle failures.[0m

[1mtest_all.npk:0:0: [0m[1;31merror[0m: [1mLine 330, Column 23: Unused result from NIL-returning function. Even NIL functions can fail (bad args, internal error), so the Result<NIL> must be handled. Use drop(func(...)) to discard, or check .is_error to handle failures.[0m

[1mtest_all.npk:0:0: [0m[1;31merror[0m: [1mLine 112, Column 5: Cannot silently unwrap Result<int64> into 'r' of type 'int64'. Declare as Result<int64> and check .is_error, or use 'raw expr' to explicitly assert the call cannot fail.[0m

[1mtest_all.npk:0:0: [0m[1;31merror[0m: [1mLine 113, Column 10: Member access (.) requires struct, object, or union type, got 'int64'. Use -> for pointer member access.[0m

[1mtest_all.npk:0:0: [0m[1;31merror[0m: [1mLine 255, Column 5: Cannot silently unwrap Result<int64> into 'r' of type 'int64'. Declare as Result<int64> and check .is_error, or use 'raw expr' to explicitly assert the call cannot fail.[0m

[1mtest_all.npk:0:0: [0m[1;31merror[0m: [1mLine 256, Column 10: Member access (.) requires struct, object, or union type, got 'int64'. Use -> for pointer member access.[0m

[1mtest_all.npk:0:0: [0m[1;31merror[0m: [1mLine 261, Column 28: Member access (.) requires struct, object, or union type, got 'int64'. Use -> for pointer member access.[0m

[1mtest_all.npk:0:0: [0m[1;31merror[0m: [1mLine 262, Column 12: Member access (.) requires struct, object, or union type, got 'int64'. Use -> for pointer member access.[0m

[1mtest_all.npk:0:0: [0m[1;31merror[0m: [1mLine 267, Column 11: Member access (.) requires struct, object, or union type, got 'int64'. Use -> for pointer member access.[0m

[1mtest_all.npk:0:0: [0m[1;31merror[0m: [1mLine 63, Column 19: Undefined identifier: 'bio_flush_write_buf'[0m

[1mtest_all.npk:0:0: [0m[1;31merror[0m: [1mLine 64, Column 14: Struct 'FILE' has no member named 'is_error'
  Available fields: fd, buf, buf_cap, buf_pos, buf_len, file_pos, mode, buf_mode, flags, unget[0m

[1mtest_all.npk:0:0: [0m[1;31merror[0m: [1mLine 76, Column 50: Cannot cast between non-numeric types 'int64' and 'byte'[0m

[1mtest_all.npk:0:0: [0m[1;31merror[0m: [1mLine 108, Column 57: Undefined identifier: 'res_r'. Did you mean 'res_es_r'?[0m

[1mtest_all.npk:0:0: [0m[1;31merror[0m: [1mLine 110, Column 22: Member access (.) requires struct, object, or union type, got 'int64'. Use -> for pointer member access.[0m

[1mtest_all.npk:0:0: [0m[1;31merror[0m: [1mLine 116, Column 22: Member access (.) requires struct, object, or union type, got 'int64'. Use -> for pointer member access.[0m

[1mtest_all.npk:0:0: [0m[1;31merror[0m: [1mLine 120, Column 44: Struct 'FILE' has no member named 'value'
  Available fields: fd, buf, buf_cap, buf_pos, buf_len, file_pos, mode, buf_mode, flags, unget[0m

[1mtest_all.npk:0:0: [0m[1;31merror[0m: [1mLine 121, Column 37: Struct 'FILE' has no member named 'value'
  Available fields: fd, buf, buf_cap, buf_pos, buf_len, file_pos, mode, buf_mode, flags, unget[0m

[1mtest_all.npk:0:0: [0m[1;31merror[0m: [1mLine 122, Column 44: Struct 'FILE' has no member named 'value'
  Available fields: fd, buf, buf_cap, buf_pos, buf_len, file_pos, mode, buf_mode, flags, unget[0m

[1mtest_all.npk:0:0: [0m[1;31merror[0m: [1mLine 125, Column 27: Undefined identifier: 'bio_refill_read_buf'[0m

[1mtest_all.npk:0:0: [0m[1;31merror[0m: [1mLine 126, Column 21: Undefined identifier: 'r'. Did you mean 'f'?[0m

[1mtest_all.npk:0:0: [0m[1;31merror[0m: [1mLine 129, Column 22: Struct 'FILE' has no member named 'value'
  Available fields: fd, buf, buf_cap, buf_pos, buf_len, file_pos, mode, buf_mode, flags, unget[0m

[1mtest_all.npk:0:0: [0m[1;31merror[0m: [1mLine 170, Column 14: Undefined identifier: 'bio_discard_read_buf'[0m

[1mtest_all.npk:0:0: [0m[1;31merror[0m: [1mLine 185, Column 57: Undefined identifier: 'res_r'. Did you mean 'res_es_r'?[0m

[1mtest_all.npk:0:0: [0m[1;31merror[0m: [1mLine 187, Column 18: Member access (.) requires struct, object, or union type, got 'int64'. Use -> for pointer member access.[0m

[1mtest_all.npk:0:0: [0m[1;31merror[0m: [1mLine 193, Column 43: Struct 'FILE' has no member named 'value'
  Available fields: fd, buf, buf_cap, buf_pos, buf_len, file_pos, mode, buf_mode, flags, unget[0m

[1mtest_all.npk:0:0: [0m[1;31merror[0m: [1mLine 194, Column 37: Struct 'FILE' has no member named 'value'
  Available fields: fd, buf, buf_cap, buf_pos, buf_len, file_pos, mode, buf_mode, flags, unget[0m

[1mtest_all.npk:0:0: [0m[1;31merror[0m: [1mLine 195, Column 47: Member access (.) requires struct, object, or union type, got 'int64'. Use -> for pointer member access.[0m

[1mtest_all.npk:0:0: [0m[1;31merror[0m: [1mLine 207, Column 23: Undefined identifier: 'bio_flush_write_buf'[0m

[1mtest_all.npk:0:0: [0m[1;31merror[0m: [1mLine 208, Column 17: Undefined identifier: 'r'. Did you mean 'f'?[0m

[1mtest_all.npk:0:0: [0m[1;31merror[0m: [1mLine 218, Column 5: Undefined identifier: 'es_wr'[0m

[1mtest_all.npk:0:0: [0m[1;31merror[0m: [1mLine 219, Column 58: Undefined identifier: 'res_wr'. Did you mean 'res_es_wr'?[0m

[1mtest_all.npk:0:0: [0m[1;31merror[0m: [1mLine 221, Column 20: Member access (.) requires struct, object, or union type, got 'int64'. Use -> for pointer member access.[0m

[1mtest_all.npk:0:0: [0m[1;31merror[0m: [1mLine 227, Column 45: Member access (.) requires struct, object, or union type, got 'int64'. Use -> for pointer member access.[0m

[1mtest_all.npk:0:0: [0m[1;31merror[0m: [1mLine 228, Column 39: Member access (.) requires struct, object, or union type, got 'int64'. Use -> for pointer member access.[0m

[1mtest_all.npk:0:0: [0m[1;31merror[0m: [1mLine 229, Column 49: Member access (.) requires struct, object, or union type, got 'int64'. Use -> for pointer member access.[0m

[1mtest_all.npk:0:0: [0m[1;31merror[0m: [1mLine 257, Column 22: Undefined identifier: 'bio_flush_write_buf'[0m

[1mtest_all.npk:0:0: [0m[1;31merror[0m: [1mLine 295, Column 23: Unused result from NIL-returning function. Even NIL functions can fail (bad args, internal error), so the Result<NIL> must be handled. Use drop(func(...)) to discard, or check .is_error to handle failures.[0m

[1mtest_all.npk:0:0: [0m[1;31merror[0m: [1mLine 301, Column 19: Undefined identifier: 'bio_flush_write_buf'[0m

[1mtest_all.npk:0:0: [0m[1;31merror[0m: [1mLine 302, Column 14: Struct 'FILE' has no member named 'is_error'
  Available fields: fd, buf, buf_cap, buf_pos, buf_len, file_pos, mode, buf_mode, flags, unget[0m

[1mtest_all.npk:0:0: [0m[1;31merror[0m: [1mLine 308, Column 14: Undefined identifier: 'bio_discard_read_buf'[0m

[1mtest_all.npk:0:0: [0m[1;31merror[0m: [1mLine 43, Column 23: Unused result from NIL-returning function. Even NIL functions can fail (bad args, internal error), so the Result<NIL> must be handled. Use drop(func(...)) to discard, or check .is_error to handle failures.[0m

[1mtest_all.npk:0:0: [0m[1;31merror[0m: [1mLine 47, Column 23: Unused result from NIL-returning function. Even NIL functions can fail (bad args, internal error), so the Result<NIL> must be handled. Use drop(func(...)) to discard, or check .is_error to handle failures.[0m

[1mtest_all.npk:0:0: [0m[1;31merror[0m: [1mLine 54, Column 23: Unused result from NIL-returning function. Even NIL functions can fail (bad args, internal error), so the Result<NIL> must be handled. Use drop(func(...)) to discard, or check .is_error to handle failures.[0m

[1mtest_all.npk:0:0: [0m[1;31merror[0m: [1mLine 60, Column 19: Undefined identifier: 'bio_flush_write_buf'[0m

[1mtest_all.npk:0:0: [0m[1;31merror[0m: [1mLine 61, Column 13: Undefined identifier: 'r'. Did you mean 'f'?[0m

[1mtest_all.npk:0:0: [0m[1;31merror[0m: [1mLine 88, Column 5: Undefined identifier: 'es_r'[0m

[1mtest_all.npk:0:0: [0m[1;31merror[0m: [1mLine 89, Column 57: Undefined identifier: 'res_r'. Did you mean 'res_es_r'?[0m

[1mtest_all.npk:0:0: [0m[1;31merror[0m: [1mLine 91, Column 10: Struct 'FILE' has no member named 'is_error'
  Available fields: fd, buf, buf_cap, buf_pos, buf_len, file_pos, mode, buf_mode, flags, unget[0m

[1mtest_all.npk:0:0: [0m[1;31merror[0m: [1mLine 97, Column 20: Member access (.) requires struct, object, or union type, got 'int64'. Use -> for pointer member access.[0m

[1mtest_all.npk:0:0: [0m[1;31merror[0m: [1mLine 120, Column 23: Unused result from NIL-returning function. Even NIL functions can fail (bad args, internal error), so the Result<NIL> must be handled. Use drop(func(...)) to discard, or check .is_error to handle failures.[0m

[1mtest_all.npk:0:0: [0m[1;31merror[0m: [1mLine 127, Column 23: Unused result from NIL-returning function. Even NIL functions can fail (bad args, internal error), so the Result<NIL> must be handled. Use drop(func(...)) to discard, or check .is_error to handle failures.[0m

[1mtest_all.npk:0:0: [0m[1;31merror[0m: [1mLine 140, Column 11: Cannot compare incompatible types: 'FILE@' and 'int64'[0m

[1mtest_all.npk:0:0: [0m[1;31merror[0m: [1mLine 144, Column 5: Pass value type 'FILE@' does not match function value type 'int64'[0m

[1mtest_all.npk:0:0: [0m[1;31merror[0m: [1mLine 160, Column 14: Undefined identifier: 'bio_flush_write_buf'[0m

[1mtest_all.npk:0:0: [0m[1;31merror[0m: [1mLine 187, Column 23: Unused result from NIL-returning function. Even NIL functions can fail (bad args, internal error), so the Result<NIL> must be handled. Use drop(func(...)) to discard, or check .is_error to handle failures.[0m

[1mtest_all.npk:0:0: [0m[1;31merror[0m: [1mLine 191, Column 5: Cannot silently unwrap Result<int64> into 'p' of type 'int64'. Declare as Result<int64> and check .is_error, or use 'raw expr' to explicitly assert the call cannot fail.[0m

[1mtest_all.npk:0:0: [0m[1;31merror[0m: [1mLine 209, Column 23: Unused result from NIL-returning function. Even NIL functions can fail (bad args, internal error), so the Result<NIL> must be handled. Use drop(func(...)) to discard, or check .is_error to handle failures.[0m

[1mtest_all.npk:0:0: [0m[1;31merror[0m: [1mLine 54, Column 23: Unused result from NIL-returning function. Even NIL functions can fail (bad args, internal error), so the Result<NIL> must be handled. Use drop(func(...)) to discard, or check .is_error to handle failures.[0m

[1mtest_all.npk:0:0: [0m[1;31merror[0m: [1mLine 60, Column 19: Undefined identifier: 'bio_flush_write_buf'[0m

[1mtest_all.npk:0:0: [0m[1;31merror[0m: [1mLine 61, Column 13: Undefined identifier: 'r'. Did you mean 'f'?[0m

[1mtest_all.npk:0:0: [0m[1;31merror[0m: [1mLine 78, Column 55: @cast supports numeric types and pointer types only. Cannot cast 'byte[1]' to 'int64'[0m

[1mtest_all.npk:0:0: [0m[1;31merror[0m: [1mLine 79, Column 9: Undefined identifier: 'res_es_r'[0m

[1mtest_all.npk:0:0: [0m[1;31merror[0m: [1mLine 80, Column 5: Undefined identifier: 'es_r'[0m

[1mtest_all.npk:0:0: [0m[1;31merror[0m: [1mLine 81, Column 9: Undefined identifier: 'res_r'[0m

[1mtest_all.npk:0:0: [0m[1;31merror[0m: [1mLine 82, Column 15: Undefined identifier: 'res_r'[0m

[1mtest_all.npk:0:0: [0m[1;31merror[0m: [1mLine 83, Column 17: Undefined identifier: 'r'. Did you mean 'f'?[0m

[1mtest_all.npk:0:0: [0m[1;31merror[0m: [1mLine 89, Column 18: Struct 'FILE' has no member named 'value'
  Available fields: fd, buf, buf_cap, buf_pos, buf_len, file_pos, mode, buf_mode, flags, unget[0m

[1mtest_all.npk:0:0: [0m[1;31merror[0m: [1mLine 94, Column 18: Cannot cast between non-numeric types 'byte' and 'int64'[0m

[1mtest_all.npk:0:0: [0m[1;31merror[0m: [1mLine 102, Column 19: Undefined identifier: 'bio_refill_read_buf'[0m

[1mtest_all.npk:0:0: [0m[1;31merror[0m: [1mLine 103, Column 13: Undefined identifier: 'r'. Did you mean 'f'?[0m

[1mtest_all.npk:0:0: [0m[1;31merror[0m: [1mLine 103, Column 28: Undefined identifier: 'r'. Did you mean 'f'?[0m

[1mtest_all.npk:0:0: [0m[1;31merror[0m: [1mLine 109, Column 5: Cannot initialize variable 'ch' of type 'byte' with value of type 'uint8'[0m

[1mtest_all.npk:0:0: [0m[1;31merror[0m: [1mLine 132, Column 23: Unused result from NIL-returning function. Even NIL functions can fail (bad args, internal error), so the Result<NIL> must be handled. Use drop(func(...)) to discard, or check .is_error to handle failures.[0m

[1mtest_all.npk:0:0: [0m[1;31merror[0m: [1mLine 138, Column 14: Undefined identifier: 'bio_discard_read_buf'[0m

[1mtest_all.npk:0:0: [0m[1;31merror[0m: [1mLine 142, Column 14: Cannot cast between non-numeric types 'int64' and 'byte'[0m

[1mtest_all.npk:0:0: [0m[1;31merror[0m: [1mLine 147, Column 18: Undefined identifier: 'b'. Did you mean 'f'?[0m

[1mtest_all.npk:0:0: [0m[1;31merror[0m: [1mLine 149, Column 56: @cast supports numeric types and pointer types only. Cannot cast 'byte[1]' to 'int64'[0m

[1mtest_all.npk:0:0: [0m[1;31merror[0m: [1mLine 150, Column 9: Undefined identifier: 'res_es_r'[0m

[1mtest_all.npk:0:0: [0m[1;31merror[0m: [1mLine 151, Column 5: Undefined identifier: 'es_r'[0m

[1mtest_all.npk:0:0: [0m[1;31merror[0m: [1mLine 152, Column 9: Undefined identifier: 'res_r'[0m

[1mtest_all.npk:0:0: [0m[1;31merror[0m: [1mLine 153, Column 15: Undefined identifier: 'res_r'[0m

[1mtest_all.npk:0:0: [0m[1;31merror[0m: [1mLine 154, Column 17: Undefined identifier: 'r'. Did you mean 'f'?[0m

[1mtest_all.npk:0:0: [0m[1;31merror[0m: [1mLine 169, Column 19: Undefined identifier: 'bio_flush_write_buf'[0m

[1mtest_all.npk:0:0: [0m[1;31merror[0m: [1mLine 170, Column 14: Struct 'FILE' has no member named 'is_error'
  Available fields: fd, buf, buf_cap, buf_pos, buf_len, file_pos, mode, buf_mode, flags, unget[0m

[1mtest_all.npk:0:0: [0m[1;31merror[0m: [1mLine 176, Column 51: Cannot assign value of type 'FILE@' to variable of type 'uint8'[0m

[1mtest_all.npk:0:0: [0m[1;31merror[0m: [1mLine 181, Column 36: Cannot compare incompatible types: 'FILE@' and 'uint8'[0m

[1mtest_all.npk:0:0: [0m[1;31merror[0m: [1mLine 63, Column 24: Function expects 3 argument(s), but 1 provided[0m

[1mtest_all.npk:0:0: [0m[1;31merror[0m: [1mLine 65, Column 15: Cannot compare incompatible types: 'FILE@' and 'int64'[0m

[1mtest_all.npk:0:0: [0m[1;31merror[0m: [1mLine 74, Column 22: @cast supports numeric types and pointer types only. Cannot cast 'FILE@' to 'byte'[0m

[1mtest_all.npk:0:0: [0m[1;31merror[0m: [1mLine 78, Column 15: Cannot compare incompatible types: 'FILE@' and 'int64'[0m

[1mtest_all.npk:0:0: [0m[1;31merror[0m: [1mLine 106, Column 23: Unused result from NIL-returning function. Even NIL functions can fail (bad args, internal error), so the Result<NIL> must be handled. Use drop(func(...)) to discard, or check .is_error to handle failures.[0m

[1mtest_all.npk:0:0: [0m[1;31merror[0m: [1mLine 111, Column 5: Cannot silently unwrap Result<int64> into 'len' of type 'int64'. Declare as Result<int64> and check .is_error, or use 'raw expr' to explicitly assert the call cannot fail.[0m

[1mtest_all.npk:0:0: [0m[1;31merror[0m: [1mLine 112, Column 11: Cannot compare incompatible types: 'FILE@' and 'int64'[0m

[1mtest_all.npk:0:0: [0m[1;31merror[0m: [1mLine 124, Column 14: Cannot compare incompatible types: 'int64' and 'uint8@'[0m

[1mtest_all.npk:0:0: [0m[1;31merror[0m: [1mLine 132, Column 5: Pass value type 'uint8@' does not match function value type 'int64'[0m

[1mtest_all.npk:0:0: [0m[1;31merror[0m: [1mLine 89, Column 23: Unused result from NIL-returning function. Even NIL functions can fail (bad args, internal error), so the Result<NIL> must be handled. Use drop(func(...)) to discard, or check .is_error to handle failures.[0m

[1mtest_all.npk:0:0: [0m[1;31merror[0m: [1mLine 97, Column 9: Undefined identifier: 'bio_free_buf'[0m

[1mtest_all.npk:0:0: [0m[1;31merror[0m: [1mLine 125, Column 24: Undefined identifier: 'bio_alloc_buf'[0m

[1mtest_all.npk:0:0: [0m[1;31merror[0m: [1mLine 126, Column 20: Cannot compare incompatible types: 'func(int64, int64) -> Result<NIL>' and 'int64'[0m

[1mtest_all.npk:0:0: [0m[1;31merror[0m: [1mLine 72, Column 18: @cast supports numeric types and pointer types only. Cannot cast 'FILE' to 'FILE@'[0m

[1mtest_all.npk:0:0: [0m[1;31merror[0m: [1mLine 73, Column 9: Member access (.) requires struct, object, or union type, got 'func() -> Result<int32>'. Use -> for pointer member access.[0m

[1mtest_all.npk:0:0: [0m[1;31merror[0m: [1mLine 74, Column 9: Member access (.) requires struct, object, or union type, got 'func() -> Result<int32>'. Use -> for pointer member access.[0m

[1mtest_all.npk:0:0: [0m[1;31merror[0m: [1mLine 75, Column 9: Member access (.) requires struct, object, or union type, got 'func() -> Result<int32>'. Use -> for pointer member access.[0m

[1mtest_all.npk:0:0: [0m[1;31merror[0m: [1mLine 76, Column 9: Member access (.) requires struct, object, or union type, got 'func() -> Result<int32>'. Use -> for pointer member access.[0m

[1mtest_all.npk:0:0: [0m[1;31merror[0m: [1mLine 77, Column 9: Member access (.) requires struct, object, or union type, got 'func() -> Result<int32>'. Use -> for pointer member access.[0m

[1mtest_all.npk:0:0: [0m[1;31merror[0m: [1mLine 78, Column 23: Undefined identifier: 'bio_alloc_buf'[0m

[1mtest_all.npk:0:0: [0m[1;31merror[0m: [1mLine 80, Column 13: Member access (.) requires struct, object, or union type, got 'func() -> Result<int32>'. Use -> for pointer member access.[0m

[1mtest_all.npk:0:0: [0m[1;31merror[0m: [1mLine 81, Column 13: Member access (.) requires struct, object, or union type, got 'func() -> Result<int32>'. Use -> for pointer member access.[0m

[1mtest_all.npk:0:0: [0m[1;31merror[0m: [1mLine 82, Column 13: Member access (.) requires struct, object, or union type, got 'func() -> Result<int32>'. Use -> for pointer member access.[0m

[1mtest_all.npk:0:0: [0m[1;31merror[0m: [1mLine 84, Column 13: Member access (.) requires struct, object, or union type, got 'func() -> Result<int32>'. Use -> for pointer member access.[0m

[1mtest_all.npk:0:0: [0m[1;31merror[0m: [1mLine 86, Column 16: @cast supports numeric types and pointer types only. Cannot cast 'FILE' to 'int64'[0m

[1mtest_all.npk:0:0: [0m[1;31merror[0m: [1mLine 89, Column 19: @cast supports numeric types and pointer types only. Cannot cast 'FILE' to 'FILE@'[0m

[1mtest_all.npk:0:0: [0m[1;31merror[0m: [1mLine 90, Column 9: Member access (.) requires struct, object, or union type, got 'func(int64) -> Result<int64>'. Use -> for pointer member access.[0m

[1mtest_all.npk:0:0: [0m[1;31merror[0m: [1mLine 91, Column 9: Member access (.) requires struct, object, or union type, got 'func(int64) -> Result<int64>'. Use -> for pointer member access.[0m

[1mtest_all.npk:0:0: [0m[1;31merror[0m: [1mLine 92, Column 9: Member access (.) requires struct, object, or union type, got 'func(int64) -> Result<int64>'. Use -> for pointer member access.[0m

[1mtest_all.npk:0:0: [0m[1;31merror[0m: [1mLine 93, Column 9: Member access (.) requires struct, object, or union type, got 'func(int64) -> Result<int64>'. Use -> for pointer member access.[0m

[1mtest_all.npk:0:0: [0m[1;31merror[0m: [1mLine 94, Column 9: Member access (.) requires struct, object, or union type, got 'func(int64) -> Result<int64>'. Use -> for pointer member access.[0m

[1mtest_all.npk:0:0: [0m[1;31merror[0m: [1mLine 95, Column 24: Undefined identifier: 'bio_alloc_buf'[0m

[1mtest_all.npk:0:0: [0m[1;31merror[0m: [1mLine 97, Column 13: Member access (.) requires struct, object, or union type, got 'func(int64) -> Result<int64>'. Use -> for pointer member access.[0m

[1mtest_all.npk:0:0: [0m[1;31merror[0m: [1mLine 98, Column 13: Member access (.) requires struct, object, or union type, got 'func(int64) -> Result<int64>'. Use -> for pointer member access.[0m

[1mtest_all.npk:0:0: [0m[1;31merror[0m: [1mLine 99, Column 13: Member access (.) requires struct, object, or union type, got 'func(int64) -> Result<int64>'. Use -> for pointer member access.[0m

[1mtest_all.npk:0:0: [0m[1;31merror[0m: [1mLine 101, Column 13: Member access (.) requires struct, object, or union type, got 'func(int64) -> Result<int64>'. Use -> for pointer member access.[0m

[1mtest_all.npk:0:0: [0m[1;31merror[0m: [1mLine 103, Column 17: @cast supports numeric types and pointer types only. Cannot cast 'FILE' to 'int64'[0m

[1mtest_all.npk:0:0: [0m[1;31merror[0m: [1mLine 106, Column 19: @cast supports numeric types and pointer types only. Cannot cast 'FILE' to 'FILE@'[0m

[1mtest_all.npk:0:0: [0m[1;31merror[0m: [1mLine 107, Column 5: Undefined identifier: 'serr'[0m

[1mtest_all.npk:0:0: [0m[1;31merror[0m: [1mLine 108, Column 5: Undefined identifier: 'serr'[0m

[1mtest_all.npk:0:0: [0m[1;31merror[0m: [1mLine 109, Column 5: Undefined identifier: 'serr'[0m

[1mtest_all.npk:0:0: [0m[1;31merror[0m: [1mLine 110, Column 5: Undefined identifier: 'serr'[0m

[1mtest_all.npk:0:0: [0m[1;31merror[0m: [1mLine 111, Column 5: Undefined identifier: 'serr'[0m

[1mtest_all.npk:0:0: [0m[1;31merror[0m: [1mLine 112, Column 5: Undefined identifier: 'serr'[0m

[1mtest_all.npk:0:0: [0m[1;31merror[0m: [1mLine 113, Column 5: Undefined identifier: 'serr'[0m

[1mtest_all.npk:0:0: [0m[1;31merror[0m: [1mLine 114, Column 17: @cast supports numeric types and pointer types only. Cannot cast 'FILE' to 'int64'[0m

[1mtest_all.npk:0:0: [0m[1;31merror[0m: [1mLine 124, Column 24: Unused result from NIL-returning function. Even NIL functions can fail (bad args, internal error), so the Result<NIL> must be handled. Use drop(func(...)) to discard, or check .is_error to handle failures.[0m

[1mtest_all.npk:0:0: [0m[1;31merror[0m: [1mLine 129, Column 24: Unused result from NIL-returning function. Even NIL functions can fail (bad args, internal error), so the Result<NIL> must be handled. Use drop(func(...)) to discard, or check .is_error to handle failures.[0m

[1mtest_all.npk:0:0: [0m[1;31merror[0m: [1mLine 130, Column 14: Function expects 1 argument(s), but 2 provided[0m

[1mtest_all.npk:0:0: [0m[1;31merror[0m: [1mLine 134, Column 24: Unused result from NIL-returning function. Even NIL functions can fail (bad args, internal error), so the Result<NIL> must be handled. Use drop(func(...)) to discard, or check .is_error to handle failures.[0m

[1mtest_all.npk:0:0: [0m[1;31merror[0m: [1mLine 138, Column 19: Function expects 1 argument(s), but 2 provided[0m

[1mtest_all.npk:0:0: [0m[1;31merror[0m: [1mLine 142, Column 14: Function expects 1 argument(s), but 2 provided[0m

[1mtest_all.npk:0:0: [0m[1;31merror[0m: [1mLine 152, Column 24: Unused result from NIL-returning function. Even NIL functions can fail (bad args, internal error), so the Result<NIL> must be handled. Use drop(func(...)) to discard, or check .is_error to handle failures.[0m

[1mtest_all.npk:0:0: [0m[1;31merror[0m: [1mLine 157, Column 24: Unused result from NIL-returning function. Even NIL functions can fail (bad args, internal error), so the Result<NIL> must be handled. Use drop(func(...)) to discard, or check .is_error to handle failures.[0m

[1mtest_all.npk:0:0: [0m[1;31merror[0m: [1mLine 162, Column 24: Unused result from NIL-returning function. Even NIL functions can fail (bad args, internal error), so the Result<NIL> must be handled. Use drop(func(...)) to discard, or check .is_error to handle failures.[0m

[1mtest_all.npk:0:0: [0m[1;31merror[0m: [1mLine 163, Column 5: Cannot silently unwrap Result<int64> into 'r1' of type 'int64'. Declare as Result<int64> and check .is_error, or use 'raw expr' to explicitly assert the call cannot fail.[0m

[1mtest_all.npk:0:0: [0m[1;31merror[0m: [1mLine 164, Column 5: Cannot silently unwrap Result<int64> into 'r2' of type 'int64'. Declare as Result<int64> and check .is_error, or use 'raw expr' to explicitly assert the call cannot fail.[0m

[1mtest_all.npk:0:0: [0m[1;31merror[0m: [1mLine 165, Column 5: Cannot silently unwrap Result<int64> into 'r3' of type 'int64'. Declare as Result<int64> and check .is_error, or use 'raw expr' to explicitly assert the call cannot fail.[0m

[1mtest_all.npk:0:0: [0m[1;31merror[0m: [1mLine 166, Column 9: Undefined identifier: 'r1'[0m

[1mtest_all.npk:0:0: [0m[1;31merror[0m: [1mLine 166, Column 27: Undefined identifier: 'r2'[0m

[1mtest_all.npk:0:0: [0m[1;31merror[0m: [1mLine 166, Column 45: Undefined identifier: 'r3'[0m

[1mtest_all.npk:0:0: [0m[1;31merror[0m: [1mLine 67, Column 24: Unused result from NIL-returning function. Even NIL functions can fail (bad args, internal error), so the Result<NIL> must be handled. Use drop(func(...)) to discard, or check .is_error to handle failures.[0m

[1mtest_all.npk:0:0: [0m[1;31merror[0m: [1mLine 69, Column 21: @cast supports numeric types and pointer types only. Cannot cast 'byte[4096]' to 'int64'[0m

[1mtest_all.npk:0:0: [0m[1;31merror[0m: [1mLine 70, Column 19: Function expects 2 argument(s), but 3 provided[0m

[1mtest_all.npk:0:0: [0m[1;31merror[0m: [1mLine 71, Column 34: Undefined identifier: 'buf_ptr'[0m

[1mtest_all.npk:0:0: [0m[1;31merror[0m: [1mLine 75, Column 24: Unused result from NIL-returning function. Even NIL functions can fail (bad args, internal error), so the Result<NIL> must be handled. Use drop(func(...)) to discard, or check .is_error to handle failures.[0m

[1mtest_all.npk:0:0: [0m[1;31merror[0m: [1mLine 80, Column 24: Unused result from NIL-returning function. Even NIL functions can fail (bad args, internal error), so the Result<NIL> must be handled. Use drop(func(...)) to discard, or check .is_error to handle failures.[0m

[1mtest_all.npk:0:0: [0m[1;31merror[0m: [1mLine 89, Column 24: Unused result from NIL-returning function. Even NIL functions can fail (bad args, internal error), so the Result<NIL> must be handled. Use drop(func(...)) to discard, or check .is_error to handle failures.[0m

[1mtest_all.npk:0:0: [0m[1;31merror[0m: [1mLine 91, Column 21: @cast supports numeric types and pointer types only. Cannot cast 'byte[4096]' to 'int64'[0m

[1mtest_all.npk:0:0: [0m[1;31merror[0m: [1mLine 92, Column 19: Function expects 3 argument(s), but 4 provided[0m

[1mtest_all.npk:0:0: [0m[1;31merror[0m: [1mLine 93, Column 34: Undefined identifier: 'buf_ptr'[0m

[1mtest_all.npk:0:0: [0m[1;31merror[0m: [1mLine 97, Column 24: Unused result from NIL-returning function. Even NIL functions can fail (bad args, internal error), so the Result<NIL> must be handled. Use drop(func(...)) to discard, or check .is_error to handle failures.[0m

[1mtest_all.npk:0:0: [0m[1;31merror[0m: [1mLine 102, Column 24: Unused result from NIL-returning function. Even NIL functions can fail (bad args, internal error), so the Result<NIL> must be handled. Use drop(func(...)) to discard, or check .is_error to handle failures.[0m

[1mtest_all.npk:0:0: [0m[1;31merror[0m: [1mLine 111, Column 24: Unused result from NIL-returning function. Even NIL functions can fail (bad args, internal error), so the Result<NIL> must be handled. Use drop(func(...)) to discard, or check .is_error to handle failures.[0m

[1mtest_all.npk:0:0: [0m[1;31merror[0m: [1mLine 113, Column 21: @cast supports numeric types and pointer types only. Cannot cast 'byte[4096]' to 'int64'[0m

[1mtest_all.npk:0:0: [0m[1;31merror[0m: [1mLine 114, Column 19: Function expects 4 argument(s), but 5 provided[0m

[1mtest_all.npk:0:0: [0m[1;31merror[0m: [1mLine 115, Column 34: Undefined identifier: 'buf_ptr'[0m

[1mtest_all.npk:0:0: [0m[1;31merror[0m: [1mLine 119, Column 24: Unused result from NIL-returning function. Even NIL functions can fail (bad args, internal error), so the Result<NIL> must be handled. Use drop(func(...)) to discard, or check .is_error to handle failures.[0m

[1mtest_all.npk:0:0: [0m[1;31merror[0m: [1mLine 124, Column 24: Unused result from NIL-returning function. Even NIL functions can fail (bad args, internal error), so the Result<NIL> must be handled. Use drop(func(...)) to discard, or check .is_error to handle failures.[0m

[1mtest_all.npk:0:0: [0m[1;31merror[0m: [1mLine 133, Column 24: Unused result from NIL-returning function. Even NIL functions can fail (bad args, internal error), so the Result<NIL> must be handled. Use drop(func(...)) to discard, or check .is_error to handle failures.[0m

[1mtest_all.npk:0:0: [0m[1;31merror[0m: [1mLine 135, Column 21: @cast supports numeric types and pointer types only. Cannot cast 'byte[4096]' to 'int64'[0m

[1mtest_all.npk:0:0: [0m[1;31merror[0m: [1mLine 136, Column 19: Function expects 5 argument(s), but 6 provided[0m

[1mtest_all.npk:0:0: [0m[1;31merror[0m: [1mLine 137, Column 34: Undefined identifier: 'buf_ptr'[0m

[1mtest_all.npk:0:0: [0m[1;31merror[0m: [1mLine 141, Column 24: Unused result from NIL-returning function. Even NIL functions can fail (bad args, internal error), so the Result<NIL> must be handled. Use drop(func(...)) to discard, or check .is_error to handle failures.[0m

[1mtest_all.npk:0:0: [0m[1;31merror[0m: [1mLine 146, Column 24: Unused result from NIL-returning function. Even NIL functions can fail (bad args, internal error), so the Result<NIL> must be handled. Use drop(func(...)) to discard, or check .is_error to handle failures.[0m

[1mtest_all.npk:0:0: [0m[1;31merror[0m: [1mLine 156, Column 24: Unused result from NIL-returning function. Even NIL functions can fail (bad args, internal error), so the Result<NIL> must be handled. Use drop(func(...)) to discard, or check .is_error to handle failures.[0m

[1mtest_all.npk:0:0: [0m[1;31merror[0m: [1mLine 158, Column 21: @cast supports numeric types and pointer types only. Cannot cast 'byte[4096]' to 'int64'[0m

[1mtest_all.npk:0:0: [0m[1;31merror[0m: [1mLine 159, Column 19: Function expects 6 argument(s), but 7 provided[0m

[1mtest_all.npk:0:0: [0m[1;31merror[0m: [1mLine 160, Column 34: Undefined identifier: 'buf_ptr'[0m

[1mtest_all.npk:0:0: [0m[1;31merror[0m: [1mLine 164, Column 24: Unused result from NIL-returning function. Even NIL functions can fail (bad args, internal error), so the Result<NIL> must be handled. Use drop(func(...)) to discard, or check .is_error to handle failures.[0m

[1mtest_all.npk:0:0: [0m[1;31merror[0m: [1mLine 169, Column 24: Unused result from NIL-returning function. Even NIL functions can fail (bad args, internal error), so the Result<NIL> must be handled. Use drop(func(...)) to discard, or check .is_error to handle failures.[0m

[1mtest_all.npk:0:0: [0m[1;31merror[0m: [1mLine 179, Column 24: Unused result from NIL-returning function. Even NIL functions can fail (bad args, internal error), so the Result<NIL> must be handled. Use drop(func(...)) to discard, or check .is_error to handle failures.[0m

[1mtest_all.npk:0:0: [0m[1;31merror[0m: [1mLine 181, Column 21: @cast supports numeric types and pointer types only. Cannot cast 'byte[4096]' to 'int64'[0m

[1mtest_all.npk:0:0: [0m[1;31merror[0m: [1mLine 182, Column 10: Undefined identifier: 'str_snprintf5'[0m

[1mtest_all.npk:0:0: [0m[1;31merror[0m: [1mLine 183, Column 34: Undefined identifier: 'buf_ptr'[0m

[1mtest_all.npk:0:0: [0m[1;31merror[0m: [1mLine 188, Column 24: Unused result from NIL-returning function. Even NIL functions can fail (bad args, internal error), so the Result<NIL> must be handled. Use drop(func(...)) to discard, or check .is_error to handle failures.[0m

[1mtest_all.npk:0:0: [0m[1;31merror[0m: [1mLine 194, Column 24: Unused result from NIL-returning function. Even NIL functions can fail (bad args, internal error), so the Result<NIL> must be handled. Use drop(func(...)) to discard, or check .is_error to handle failures.[0m

[1mtest_all.npk:0:0: [0m[1;31merror[0m: [1mLine 205, Column 24: Unused result from NIL-returning function. Even NIL functions can fail (bad args, internal error), so the Result<NIL> must be handled. Use drop(func(...)) to discard, or check .is_error to handle failures.[0m

[1mtest_all.npk:0:0: [0m[1;31merror[0m: [1mLine 207, Column 21: @cast supports numeric types and pointer types only. Cannot cast 'byte[4096]' to 'int64'[0m

[1mtest_all.npk:0:0: [0m[1;31merror[0m: [1mLine 208, Column 24: Undefined identifier: 'buf_ptr'[0m

[1mtest_all.npk:0:0: [0m[1;31merror[0m: [1mLine 209, Column 34: Undefined identifier: 'buf_ptr'[0m

[1mtest_all.npk:0:0: [0m[1;31merror[0m: [1mLine 215, Column 24: Unused result from NIL-returning function. Even NIL functions can fail (bad args, internal error), so the Result<NIL> must be handled. Use drop(func(...)) to discard, or check .is_error to handle failures.[0m

[1mtest_all.npk:0:0: [0m[1;31merror[0m: [1mLine 222, Column 24: Unused result from NIL-returning function. Even NIL functions can fail (bad args, internal error), so the Result<NIL> must be handled. Use drop(func(...)) to discard, or check .is_error to handle failures.[0m

[1mtest_all.npk:0:0: [0m[1;31merror[0m: [1mLine 233, Column 24: Unused result from NIL-returning function. Even NIL functions can fail (bad args, internal error), so the Result<NIL> must be handled. Use drop(func(...)) to discard, or check .is_error to handle failures.[0m

[1mtest_all.npk:0:0: [0m[1;31merror[0m: [1mLine 235, Column 21: @cast supports numeric types and pointer types only. Cannot cast 'byte[4096]' to 'int64'[0m

[1mtest_all.npk:0:0: [0m[1;31merror[0m: [1mLine 236, Column 10: Undefined identifier: 'str_snprintf7'[0m

[1mtest_all.npk:0:0: [0m[1;31merror[0m: [1mLine 237, Column 34: Undefined identifier: 'buf_ptr'[0m

[1mtest_all.npk:0:0: [0m[1;31merror[0m: [1mLine 243, Column 24: Unused result from NIL-returning function. Even NIL functions can fail (bad args, internal error), so the Result<NIL> must be handled. Use drop(func(...)) to discard, or check .is_error to handle failures.[0m

[1mtest_all.npk:0:0: [0m[1;31merror[0m: [1mLine 250, Column 24: Unused result from NIL-returning function. Even NIL functions can fail (bad args, internal error), so the Result<NIL> must be handled. Use drop(func(...)) to discard, or check .is_error to handle failures.[0m

[1mtest_all.npk:0:0: [0m[1;31merror[0m: [1mLine 261, Column 24: Unused result from NIL-returning function. Even NIL functions can fail (bad args, internal error), so the Result<NIL> must be handled. Use drop(func(...)) to discard, or check .is_error to handle failures.[0m

[1mtest_all.npk:0:0: [0m[1;31merror[0m: [1mLine 263, Column 21: @cast supports numeric types and pointer types only. Cannot cast 'byte[4096]' to 'int64'[0m

[1mtest_all.npk:0:0: [0m[1;31merror[0m: [1mLine 264, Column 24: Undefined identifier: 'buf_ptr'[0m

[1mtest_all.npk:0:0: [0m[1;31merror[0m: [1mLine 265, Column 34: Undefined identifier: 'buf_ptr'[0m

[1mtest_all.npk:0:0: [0m[1;31merror[0m: [1mLine 271, Column 24: Unused result from NIL-returning function. Even NIL functions can fail (bad args, internal error), so the Result<NIL> must be handled. Use drop(func(...)) to discard, or check .is_error to handle failures.[0m

[1mtest_all.npk:0:0: [0m[1;31merror[0m: [1mLine 278, Column 24: Unused result from NIL-returning function. Even NIL functions can fail (bad args, internal error), so the Result<NIL> must be handled. Use drop(func(...)) to discard, or check .is_error to handle failures.[0m

[1mtest_all.npk:0:0: [0m[1;31merror[0m: [1mLine 298, Column 21: @cast supports numeric types and pointer types only. Cannot cast 'byte[4096]' to 'int64'[0m

[1mtest_all.npk:0:0: [0m[1;31merror[0m: [1mLine 299, Column 19: Function expects 2 argument(s), but 3 provided[0m

[1mtest_all.npk:0:0: [0m[1;31merror[0m: [1mLine 300, Column 28: Undefined identifier: 'tmp_ptr'[0m

[1mtest_all.npk:0:0: [0m[1;31merror[0m: [1mLine 301, Column 15: Undefined identifier: 'mem_malloc'[0m

[1mtest_all.npk:0:0: [0m[1;31merror[0m: [1mLine 302, Column 13: Cannot compare incompatible types: 'byte[4096]' and 'int64'[0m

[1mtest_all.npk:0:0: [0m[1;31merror[0m: [1mLine 303, Column 10: Undefined identifier: 'mem_memcpy'[0m

[1mtest_all.npk:0:0: [0m[1;31merror[0m: [1mLine 304, Column 67: Cannot assign value of type 'byte[4096]' to variable of type 'int64'[0m

[1mtest_all.npk:0:0: [0m[1;31merror[0m: [1mLine 305, Column 5: Pass value type 'byte[4096]' does not match function value type 'int64'[0m

[1mtest_all.npk:0:0: [0m[1;31merror[0m: [1mLine 310, Column 21: @cast supports numeric types and pointer types only. Cannot cast 'byte[4096]' to 'int64'[0m

[1mtest_all.npk:0:0: [0m[1;31merror[0m: [1mLine 311, Column 19: Function expects 3 argument(s), but 4 provided[0m

[1mtest_all.npk:0:0: [0m[1;31merror[0m: [1mLine 312, Column 28: Undefined identifier: 'tmp_ptr'[0m

[1mtest_all.npk:0:0: [0m[1;31merror[0m: [1mLine 313, Column 15: Undefined identifier: 'mem_malloc'[0m

[1mtest_all.npk:0:0: [0m[1;31merror[0m: [1mLine 314, Column 13: Cannot compare incompatible types: 'byte[4096]' and 'int64'[0m

[1mtest_all.npk:0:0: [0m[1;31merror[0m: [1mLine 315, Column 10: Undefined identifier: 'mem_memcpy'[0m

[1mtest_all.npk:0:0: [0m[1;31merror[0m: [1mLine 316, Column 67: Cannot assign value of type 'byte[4096]' to variable of type 'int64'[0m

[1mtest_all.npk:0:0: [0m[1;31merror[0m: [1mLine 317, Column 5: Pass value type 'byte[4096]' does not match function value type 'int64'[0m

[1mtest_all.npk:0:0: [0m[1;31merror[0m: [1mLine 322, Column 21: @cast supports numeric types and pointer types only. Cannot cast 'byte[4096]' to 'int64'[0m

[1mtest_all.npk:0:0: [0m[1;31merror[0m: [1mLine 323, Column 19: Function expects 4 argument(s), but 5 provided[0m

[1mtest_all.npk:0:0: [0m[1;31merror[0m: [1mLine 324, Column 28: Undefined identifier: 'tmp_ptr'[0m

[1mtest_all.npk:0:0: [0m[1;31merror[0m: [1mLine 325, Column 15: Undefined identifier: 'mem_malloc'[0m

[1mtest_all.npk:0:0: [0m[1;31merror[0m: [1mLine 326, Column 13: Cannot compare incompatible types: 'byte[4096]' and 'int64'[0m

[1mtest_all.npk:0:0: [0m[1;31merror[0m: [1mLine 327, Column 10: Undefined identifier: 'mem_memcpy'[0m

[1mtest_all.npk:0:0: [0m[1;31merror[0m: [1mLine 328, Column 67: Cannot assign value of type 'byte[4096]' to variable of type 'int64'[0m

[1mtest_all.npk:0:0: [0m[1;31merror[0m: [1mLine 329, Column 5: Pass value type 'byte[4096]' does not match function value type 'int64'[0m

[1mtest_all.npk:0:0: [0m[1;31merror[0m: [1mLine 335, Column 21: @cast supports numeric types and pointer types only. Cannot cast 'byte[4096]' to 'int64'[0m

[1mtest_all.npk:0:0: [0m[1;31merror[0m: [1mLine 336, Column 19: Function expects 5 argument(s), but 6 provided[0m

[1mtest_all.npk:0:0: [0m[1;31merror[0m: [1mLine 337, Column 28: Undefined identifier: 'tmp_ptr'[0m

[1mtest_all.npk:0:0: [0m[1;31merror[0m: [1mLine 338, Column 15: Undefined identifier: 'mem_malloc'[0m

[1mtest_all.npk:0:0: [0m[1;31merror[0m: [1mLine 339, Column 13: Cannot compare incompatible types: 'byte[4096]' and 'int64'[0m

[1mtest_all.npk:0:0: [0m[1;31merror[0m: [1mLine 340, Column 10: Undefined identifier: 'mem_memcpy'[0m

[1mtest_all.npk:0:0: [0m[1;31merror[0m: [1mLine 341, Column 67: Cannot assign value of type 'byte[4096]' to variable of type 'int64'[0m

[1mtest_all.npk:0:0: [0m[1;31merror[0m: [1mLine 342, Column 5: Pass value type 'byte[4096]' does not match function value type 'int64'[0m

[1mtest_all.npk:0:0: [0m[1;31merror[0m: [1mLine 348, Column 21: @cast supports numeric types and pointer types only. Cannot cast 'byte[4096]' to 'int64'[0m

[1mtest_all.npk:0:0: [0m[1;31merror[0m: [1mLine 349, Column 19: Function expects 6 argument(s), but 7 provided[0m

[1mtest_all.npk:0:0: [0m[1;31merror[0m: [1mLine 350, Column 28: Undefined identifier: 'tmp_ptr'[0m

[1mtest_all.npk:0:0: [0m[1;31merror[0m: [1mLine 351, Column 15: Undefined identifier: 'mem_malloc'[0m

[1mtest_all.npk:0:0: [0m[1;31merror[0m: [1mLine 352, Column 13: Cannot compare incompatible types: 'byte[4096]' and 'int64'[0m

[1mtest_all.npk:0:0: [0m[1;31merror[0m: [1mLine 353, Column 10: Undefined identifier: 'mem_memcpy'[0m

[1mtest_all.npk:0:0: [0m[1;31merror[0m: [1mLine 354, Column 67: Cannot assign value of type 'byte[4096]' to variable of type 'int64'[0m

[1mtest_all.npk:0:0: [0m[1;31merror[0m: [1mLine 355, Column 5: Pass value type 'byte[4096]' does not match function value type 'int64'[0m

[1mtest_all.npk:0:0: [0m[1;31merror[0m: [1mLine 15, Column 32: Cannot cast between non-numeric types 'string' and 'int64'[0m

[1mtest_all.npk:0:0: [0m[1;31merror[0m: [1mLine 16, Column 32: Cannot cast between non-numeric types 'string' and 'int64'[0m

[1mtest_all.npk:0:0: [0m[1;31merror[0m: [1mLine 17, Column 32: Cannot cast between non-numeric types 'string' and 'int64'[0m

[1mtest_all.npk:0:0: [0m[1;31merror[0m: [1mLine 18, Column 32: Cannot cast between non-numeric types 'string' and 'int64'[0m

[1mtest_all.npk:0:0: [0m[1;31merror[0m: [1mLine 19, Column 32: Cannot cast between non-numeric types 'string' and 'int64'[0m

[1mtest_all.npk:0:0: [0m[1;31merror[0m: [1mLine 20, Column 32: Cannot cast between non-numeric types 'string' and 'int64'[0m

[1mtest_all.npk:0:0: [0m[1;31merror[0m: [1mLine 21, Column 32: Cannot cast between non-numeric types 'string' and 'int64'[0m

[1mtest_all.npk:0:0: [0m[1;31merror[0m: [1mLine 22, Column 32: Cannot cast between non-numeric types 'string' and 'int64'[0m

[1mtest_all.npk:0:0: [0m[1;31merror[0m: [1mLine 23, Column 32: Cannot cast between non-numeric types 'string' and 'int64'[0m

[1mtest_all.npk:0:0: [0m[1;31merror[0m: [1mLine 24, Column 32: Cannot cast between non-numeric types 'string' and 'int64'[0m

[1mtest_all.npk:0:0: [0m[1;31merror[0m: [1mLine 25, Column 33: Cannot cast between non-numeric types 'string' and 'int64'[0m

[1mtest_all.npk:0:0: [0m[1;31merror[0m: [1mLine 26, Column 33: Cannot cast between non-numeric types 'string' and 'int64'[0m

[1mtest_all.npk:0:0: [0m[1;31merror[0m: [1mLine 27, Column 33: Cannot cast between non-numeric types 'string' and 'int64'[0m

[1mtest_all.npk:0:0: [0m[1;31merror[0m: [1mLine 28, Column 33: Cannot cast between non-numeric types 'string' and 'int64'[0m

[1mtest_all.npk:0:0: [0m[1;31merror[0m: [1mLine 29, Column 33: Cannot cast between non-numeric types 'string' and 'int64'[0m

[1mtest_all.npk:0:0: [0m[1;31merror[0m: [1mLine 30, Column 33: Cannot cast between non-numeric types 'string' and 'int64'[0m

[1mtest_all.npk:0:0: [0m[1;31merror[0m: [1mLine 31, Column 33: Cannot cast between non-numeric types 'string' and 'int64'[0m

[1mtest_all.npk:0:0: [0m[1;31merror[0m: [1mLine 32, Column 33: Cannot cast between non-numeric types 'string' and 'int64'[0m

[1mtest_all.npk:0:0: [0m[1;31merror[0m: [1mLine 33, Column 33: Cannot cast between non-numeric types 'string' and 'int64'[0m

[1mtest_all.npk:0:0: [0m[1;31merror[0m: [1mLine 34, Column 33: Cannot cast between non-numeric types 'string' and 'int64'[0m

[1mtest_all.npk:0:0: [0m[1;31merror[0m: [1mLine 35, Column 33: Cannot cast between non-numeric types 'string' and 'int64'[0m

[1mtest_all.npk:0:0: [0m[1;31merror[0m: [1mLine 36, Column 33: Cannot cast between non-numeric types 'string' and 'int64'[0m

[1mtest_all.npk:0:0: [0m[1;31merror[0m: [1mLine 37, Column 33: Cannot cast between non-numeric types 'string' and 'int64'[0m

[1mtest_all.npk:0:0: [0m[1;31merror[0m: [1mLine 38, Column 33: Cannot cast between non-numeric types 'string' and 'int64'[0m

[1mtest_all.npk:0:0: [0m[1;31merror[0m: [1mLine 39, Column 33: Cannot cast between non-numeric types 'string' and 'int64'[0m

[1mtest_all.npk:0:0: [0m[1;31merror[0m: [1mLine 40, Column 33: Cannot cast between non-numeric types 'string' and 'int64'[0m

[1mtest_all.npk:0:0: [0m[1;31merror[0m: [1mLine 41, Column 33: Cannot cast between non-numeric types 'string' and 'int64'[0m

[1mtest_all.npk:0:0: [0m[1;31merror[0m: [1mLine 42, Column 33: Cannot cast between non-numeric types 'string' and 'int64'[0m

[1mtest_all.npk:0:0: [0m[1;31merror[0m: [1mLine 43, Column 33: Cannot cast between non-numeric types 'string' and 'int64'[0m

[1mtest_all.npk:0:0: [0m[1;31merror[0m: [1mLine 44, Column 33: Cannot cast between non-numeric types 'string' and 'int64'[0m

[1mtest_all.npk:0:0: [0m[1;31merror[0m: [1mLine 45, Column 33: Cannot cast between non-numeric types 'string' and 'int64'[0m

[1mtest_all.npk:0:0: [0m[1;31merror[0m: [1mLine 46, Column 33: Cannot cast between non-numeric types 'string' and 'int64'[0m

[1mtest_all.npk:0:0: [0m[1;31merror[0m: [1mLine 47, Column 33: Cannot cast between non-numeric types 'string' and 'int64'[0m

[1mtest_all.npk:0:0: [0m[1;31merror[0m: [1mLine 48, Column 33: Cannot cast between non-numeric types 'string' and 'int64'[0m

[1mtest_all.npk:0:0: [0m[1;31merror[0m: [1mLine 49, Column 33: Cannot cast between non-numeric types 'string' and 'int64'[0m

[1mtest_all.npk:0:0: [0m[1;31merror[0m: [1mLine 50, Column 33: Cannot cast between non-numeric types 'string' and 'int64'[0m

[1mtest_all.npk:0:0: [0m[1;31merror[0m: [1mLine 51, Column 33: Cannot cast between non-numeric types 'string' and 'int64'[0m

[1mtest_all.npk:0:0: [0m[1;31merror[0m: [1mLine 52, Column 33: Cannot cast between non-numeric types 'string' and 'int64'[0m

[1mtest_all.npk:0:0: [0m[1;31merror[0m: [1mLine 53, Column 33: Cannot cast between non-numeric types 'string' and 'int64'[0m

[1mtest_all.npk:0:0: [0m[1;31merror[0m: [1mLine 54, Column 33: Cannot cast between non-numeric types 'string' and 'int64'[0m

[1mtest_all.npk:0:0: [0m[1;31merror[0m: [1mLine 55, Column 33: Cannot cast between non-numeric types 'string' and 'int64'[0m

[1mtest_all.npk:0:0: [0m[1;31merror[0m: [1mLine 56, Column 33: Cannot cast between non-numeric types 'string' and 'int64'[0m

[1mtest_all.npk:0:0: [0m[1;31merror[0m: [1mLine 57, Column 33: Cannot cast between non-numeric types 'string' and 'int64'[0m

[1mtest_all.npk:0:0: [0m[1;31merror[0m: [1mLine 58, Column 33: Cannot cast between non-numeric types 'string' and 'int64'[0m

[1mtest_all.npk:0:0: [0m[1;31merror[0m: [1mLine 59, Column 33: Cannot cast between non-numeric types 'string' and 'int64'[0m

[1mtest_all.npk:0:0: [0m[1;31merror[0m: [1mLine 60, Column 33: Cannot cast between non-numeric types 'string' and 'int64'[0m

[1mtest_all.npk:0:0: [0m[1;31merror[0m: [1mLine 61, Column 33: Cannot cast between non-numeric types 'string' and 'int64'[0m

[1mtest_all.npk:0:0: [0m[1;31merror[0m: [1mLine 62, Column 33: Cannot cast between non-numeric types 'string' and 'int64'[0m

[1mtest_all.npk:0:0: [0m[1;31merror[0m: [1mLine 63, Column 33: Cannot cast between non-numeric types 'string' and 'int64'[0m

[1mtest_all.npk:0:0: [0m[1;31merror[0m: [1mLine 64, Column 33: Cannot cast between non-numeric types 'string' and 'int64'[0m

[1mtest_all.npk:0:0: [0m[1;31merror[0m: [1mLine 65, Column 33: Cannot cast between non-numeric types 'string' and 'int64'[0m

[1mtest_all.npk:0:0: [0m[1;31merror[0m: [1mLine 66, Column 33: Cannot cast between non-numeric types 'string' and 'int64'[0m

[1mtest_all.npk:0:0: [0m[1;31merror[0m: [1mLine 67, Column 33: Cannot cast between non-numeric types 'string' and 'int64'[0m

[1mtest_all.npk:0:0: [0m[1;31merror[0m: [1mLine 68, Column 33: Cannot cast between non-numeric types 'string' and 'int64'[0m

[1mtest_all.npk:0:0: [0m[1;31merror[0m: [1mLine 69, Column 33: Cannot cast between non-numeric types 'string' and 'int64'[0m

[1mtest_all.npk:0:0: [0m[1;31merror[0m: [1mLine 70, Column 33: Cannot cast between non-numeric types 'string' and 'int64'[0m

[1mtest_all.npk:0:0: [0m[1;31merror[0m: [1mLine 71, Column 33: Cannot cast between non-numeric types 'string' and 'int64'[0m

[1mtest_all.npk:0:0: [0m[1;31merror[0m: [1mLine 72, Column 33: Cannot cast between non-numeric types 'string' and 'int64'[0m

[1mtest_all.npk:0:0: [0m[1;31merror[0m: [1mLine 73, Column 33: Cannot cast between non-numeric types 'string' and 'int64'[0m

[1mtest_all.npk:0:0: [0m[1;31merror[0m: [1mLine 74, Column 33: Cannot cast between non-numeric types 'string' and 'int64'[0m

[1mtest_all.npk:0:0: [0m[1;31merror[0m: [1mLine 75, Column 33: Cannot cast between non-numeric types 'string' and 'int64'[0m

[1mtest_all.npk:0:0: [0m[1;31merror[0m: [1mLine 76, Column 33: Cannot cast between non-numeric types 'string' and 'int64'[0m

[1mtest_all.npk:0:0: [0m[1;31merror[0m: [1mLine 77, Column 34: Cannot cast between non-numeric types 'string' and 'int64'[0m

[1mtest_all.npk:0:0: [0m[1;31merror[0m: [1mLine 78, Column 34: Cannot cast between non-numeric types 'string' and 'int64'[0m

[1mtest_all.npk:0:0: [0m[1;31merror[0m: [1mLine 79, Column 34: Cannot cast between non-numeric types 'string' and 'int64'[0m

[1mtest_all.npk:0:0: [0m[1;31merror[0m: [1mLine 80, Column 34: Cannot cast between non-numeric types 'string' and 'int64'[0m

[1mtest_all.npk:0:0: [0m[1;31merror[0m: [1mLine 81, Column 34: Cannot cast between non-numeric types 'string' and 'int64'[0m

[1mtest_all.npk:0:0: [0m[1;31merror[0m: [1mLine 82, Column 34: Cannot cast between non-numeric types 'string' and 'int64'[0m

[1mtest_all.npk:0:0: [0m[1;31merror[0m: [1mLine 83, Column 34: Cannot cast between non-numeric types 'string' and 'int64'[0m

[1mtest_all.npk:0:0: [0m[1;31merror[0m: [1mLine 84, Column 34: Cannot cast between non-numeric types 'string' and 'int64'[0m

[1mtest_all.npk:0:0: [0m[1;31merror[0m: [1mLine 85, Column 34: Cannot cast between non-numeric types 'string' and 'int64'[0m

[1mtest_all.npk:0:0: [0m[1;31merror[0m: [1mLine 86, Column 34: Cannot cast between non-numeric types 'string' and 'int64'[0m

[1mtest_all.npk:0:0: [0m[1;31merror[0m: [1mLine 87, Column 34: Cannot cast between non-numeric types 'string' and 'int64'[0m

[1mtest_all.npk:0:0: [0m[1;31merror[0m: [1mLine 88, Column 34: Cannot cast between non-numeric types 'string' and 'int64'[0m

[1mtest_all.npk:0:0: [0m[1;31merror[0m: [1mLine 89, Column 34: Cannot cast between non-numeric types 'string' and 'int64'[0m

[1mtest_all.npk:0:0: [0m[1;31merror[0m: [1mLine 90, Column 34: Cannot cast between non-numeric types 'string' and 'int64'[0m

[1mtest_all.npk:0:0: [0m[1;31merror[0m: [1mLine 91, Column 34: Cannot cast between non-numeric types 'string' and 'int64'[0m

[1mtest_all.npk:0:0: [0m[1;31merror[0m: [1mLine 92, Column 34: Cannot cast between non-numeric types 'string' and 'int64'[0m

[1mtest_all.npk:0:0: [0m[1;31merror[0m: [1mLine 93, Column 34: Cannot cast between non-numeric types 'string' and 'int64'[0m

[1mtest_all.npk:0:0: [0m[1;31merror[0m: [1mLine 95, Column 19: @cast supports numeric types and pointer types only. Cannot cast 'byte[64]' to 'uint8@'[0m

[1mtest_all.npk:0:0: [0m[1;31merror[0m: [1mLine 97, Column 44: Undefined identifier: 'dst'[0m

[1mtest_all.npk:0:0: [0m[1;31merror[0m: [1mLine 99, Column 21: Undefined identifier: 'str_int64_to_dec'[0m

[1mtest_all.npk:0:0: [0m[1;31merror[0m: [1mLine 100, Column 21: Cannot cast between non-numeric types 'byte' and 'int64'[0m

[1mtest_all.npk:0:0: [0m[1;31merror[0m: [1mLine 101, Column 10: @cast supports numeric types and pointer types only. Cannot cast 'byte[64]' to 'int64'[0m

[1mtest_all.npk:0:0: [0m[1;31merror[0m: [1mLine 109, Column 5: Cannot silently unwrap Result<int64> into 'msg' of type 'int64'. Declare as Result<int64> and check .is_error, or use 'raw expr' to explicitly assert the call cannot fail.[0m

[1mtest_all.npk:0:0: [0m[1;31merror[0m: [1mLine 110, Column 5: Cannot silently unwrap Result<int64> into 'msg_len' of type 'int64'. Declare as Result<int64> and check .is_error, or use 'raw expr' to explicitly assert the call cannot fail.[0m

[1mtest_all.npk:0:0: [0m[1;31merror[0m: [1mLine 112, Column 9: Undefined identifier: 'msg_len'[0m

[1mtest_all.npk:0:0: [0m[1;31merror[0m: [1mLine 118, Column 31: Undefined identifier: 'msg_len'[0m

[1mtest_all.npk:0:0: [0m[1;31merror[0m: [1mLine 123, Column 24: Unused result from NIL-returning function. Even NIL functions can fail (bad args, internal error), so the Result<NIL> must be handled. Use drop(func(...)) to discard, or check .is_error to handle failures.[0m

[1mtest_all.npk:0:0: [0m[1;31merror[0m: [1mLine 131, Column 49: Undefined identifier: 'libn_errno'[0m

[1mtest_all.npk:0:0: [0m[1;31merror[0m: [1mLine 412, Column 24: Unused result from NIL-returning function. Even NIL functions can fail (bad args, internal error), so the Result<NIL> must be handled. Use drop(func(...)) to discard, or check .is_error to handle failures.[0m

[1mtest_all.npk:0:0: [0m[1;31merror[0m: [1mLine 415, Column 26: @cast supports numeric types and pointer types only. Cannot cast 'int64[3]' to 'int64'[0m

[1mtest_all.npk:0:0: [0m[1;31merror[0m: [1mLine 419, Column 24: Unused result from NIL-returning function. Even NIL functions can fail (bad args, internal error), so the Result<NIL> must be handled. Use drop(func(...)) to discard, or check .is_error to handle failures.[0m

[1mtest_all.npk:0:0: [0m[1;31merror[0m: [1mLine 424, Column 26: @cast supports numeric types and pointer types only. Cannot cast 'int64[3]' to 'int64'[0m

[1mtest_all.npk:0:0: [0m[1;31merror[0m: [1mLine 428, Column 24: Unused result from NIL-returning function. Even NIL functions can fail (bad args, internal error), so the Result<NIL> must be handled. Use drop(func(...)) to discard, or check .is_error to handle failures.[0m

[1mtest_all.npk:0:0: [0m[1;31merror[0m: [1mLine 433, Column 26: @cast supports numeric types and pointer types only. Cannot cast 'int64[3]' to 'int64'[0m

[1mtest_all.npk:0:0: [0m[1;31merror[0m: [1mLine 438, Column 24: Unused result from NIL-returning function. Even NIL functions can fail (bad args, internal error), so the Result<NIL> must be handled. Use drop(func(...)) to discard, or check .is_error to handle failures.[0m

[1mtest_all.npk:0:0: [0m[1;31merror[0m: [1mLine 443, Column 26: @cast supports numeric types and pointer types only. Cannot cast 'int64[3]' to 'int64'[0m

[1mtest_all.npk:0:0: [0m[1;31merror[0m: [1mLine 448, Column 24: Unused result from NIL-returning function. Even NIL functions can fail (bad args, internal error), so the Result<NIL> must be handled. Use drop(func(...)) to discard, or check .is_error to handle failures.[0m

[1mtest_all.npk:0:0: [0m[1;31merror[0m: [1mLine 453, Column 26: @cast supports numeric types and pointer types only. Cannot cast 'int64[3]' to 'int64'[0m

[1mtest_all.npk:0:0: [0m[1;31merror[0m: [1mLine 458, Column 24: Unused result from NIL-returning function. Even NIL functions can fail (bad args, internal error), so the Result<NIL> must be handled. Use drop(func(...)) to discard, or check .is_error to handle failures.[0m

[1mtest_all.npk:0:0: [0m[1;31merror[0m: [1mLine 463, Column 26: @cast supports numeric types and pointer types only. Cannot cast 'int64[3]' to 'int64'[0m

[1mtest_all.npk:0:0: [0m[1;31merror[0m: [1mLine 469, Column 24: Unused result from NIL-returning function. Even NIL functions can fail (bad args, internal error), so the Result<NIL> must be handled. Use drop(func(...)) to discard, or check .is_error to handle failures.[0m

[1mtest_all.npk:0:0: [0m[1;31merror[0m: [1mLine 475, Column 26: @cast supports numeric types and pointer types only. Cannot cast 'int64[3]' to 'int64'[0m

[1mtest_all.npk:0:0: [0m[1;31merror[0m: [1mLine 481, Column 24: Unused result from NIL-returning function. Even NIL functions can fail (bad args, internal error), so the Result<NIL> must be handled. Use drop(func(...)) to discard, or check .is_error to handle failures.[0m

[1mtest_all.npk:0:0: [0m[1;31merror[0m: [1mLine 487, Column 26: @cast supports numeric types and pointer types only. Cannot cast 'int64[3]' to 'int64'[0m

[1mtest_all.npk:0:0: [0m[1;31merror[0m: [1mLine 493, Column 24: Unused result from NIL-returning function. Even NIL functions can fail (bad args, internal error), so the Result<NIL> must be handled. Use drop(func(...)) to discard, or check .is_error to handle failures.[0m

[1mtest_all.npk:0:0: [0m[1;31merror[0m: [1mLine 499, Column 26: @cast supports numeric types and pointer types only. Cannot cast 'int64[3]' to 'int64'[0m

[1mtest_all.npk:0:0: [0m[1;31merror[0m: [1mLine 509, Column 26: @cast supports numeric types and pointer types only. Cannot cast 'int64[3]' to 'int64'[0m

[1mtest_all.npk:0:0: [0m[1;31merror[0m: [1mLine 517, Column 26: @cast supports numeric types and pointer types only. Cannot cast 'int64[3]' to 'int64'[0m

[1mtest_all.npk:0:0: [0m[1;31merror[0m: [1mLine 525, Column 26: @cast supports numeric types and pointer types only. Cannot cast 'int64[3]' to 'int64'[0m

[1mtest_all.npk:0:0: [0m[1;31merror[0m: [1mLine 534, Column 26: @cast supports numeric types and pointer types only. Cannot cast 'int64[3]' to 'int64'[0m

[1mtest_all.npk:0:0: [0m[1;31merror[0m: [1mLine 543, Column 26: @cast supports numeric types and pointer types only. Cannot cast 'int64[3]' to 'int64'[0m

[1mtest_all.npk:0:0: [0m[1;31merror[0m: [1mLine 552, Column 26: @cast supports numeric types and pointer types only. Cannot cast 'int64[3]' to 'int64'[0m

[1mtest_all.npk:0:0: [0m[1;31merror[0m: [1mLine 563, Column 26: @cast supports numeric types and pointer types only. Cannot cast 'int64[3]' to 'int64'[0m

[1mtest_all.npk:0:0: [0m[1;31merror[0m: [1mLine 574, Column 26: @cast supports numeric types and pointer types only. Cannot cast 'int64[3]' to 'int64'[0m

[1mtest_all.npk:0:0: [0m[1;31merror[0m: [1mLine 585, Column 26: @cast supports numeric types and pointer types only. Cannot cast 'int64[3]' to 'int64'[0m

[1mtest_all.npk:0:0: [0m[1;31merror[0m: [1mLine 593, Column 24: Unused result from NIL-returning function. Even NIL functions can fail (bad args, internal error), so the Result<NIL> must be handled. Use drop(func(...)) to discard, or check .is_error to handle failures.[0m

[1mtest_all.npk:0:0: [0m[1;31merror[0m: [1mLine 598, Column 24: Unused result from NIL-returning function. Even NIL functions can fail (bad args, internal error), so the Result<NIL> must be handled. Use drop(func(...)) to discard, or check .is_error to handle failures.[0m

[1mtest_all.npk:0:0: [0m[1;31merror[0m: [1mLine 603, Column 24: Unused result from NIL-returning function. Even NIL functions can fail (bad args, internal error), so the Result<NIL> must be handled. Use drop(func(...)) to discard, or check .is_error to handle failures.[0m

[1mtest_all.npk:0:0: [0m[1;31merror[0m: [1mLine 608, Column 24: Unused result from NIL-returning function. Even NIL functions can fail (bad args, internal error), so the Result<NIL> must be handled. Use drop(func(...)) to discard, or check .is_error to handle failures.[0m

[1mtest_all.npk:0:0: [0m[1;31merror[0m: [1mLine 613, Column 24: Unused result from NIL-returning function. Even NIL functions can fail (bad args, internal error), so the Result<NIL> must be handled. Use drop(func(...)) to discard, or check .is_error to handle failures.[0m

[1mtest_all.npk:0:0: [0m[1;31merror[0m: [1mLine 618, Column 24: Unused result from NIL-returning function. Even NIL functions can fail (bad args, internal error), so the Result<NIL> must be handled. Use drop(func(...)) to discard, or check .is_error to handle failures.[0m

[1mtest_all.npk:0:0: [0m[1;31merror[0m: [1mLine 624, Column 24: Unused result from NIL-returning function. Even NIL functions can fail (bad args, internal error), so the Result<NIL> must be handled. Use drop(func(...)) to discard, or check .is_error to handle failures.[0m

[1mtest_all.npk:0:0: [0m[1;31merror[0m: [1mLine 630, Column 24: Unused result from NIL-returning function. Even NIL functions can fail (bad args, internal error), so the Result<NIL> must be handled. Use drop(func(...)) to discard, or check .is_error to handle failures.[0m

[1mtest_all.npk:0:0: [0m[1;31merror[0m: [1mLine 636, Column 24: Unused result from NIL-returning function. Even NIL functions can fail (bad args, internal error), so the Result<NIL> must be handled. Use drop(func(...)) to discard, or check .is_error to handle failures.[0m

[1mtest_all.npk:0:0: [0m[1;31merror[0m: [1mLine 131, Column 23: Unused result from NIL-returning function. Even NIL functions can fail (bad args, internal error), so the Result<NIL> must be handled. Use drop(func(...)) to discard, or check .is_error to handle failures.[0m

[1mtest_all.npk:0:0: [0m[1;31merror[0m: [1mLine 135, Column 5: Cannot silently unwrap Result<int64> into 'tmpl_len' of type 'int64'. Declare as Result<int64> and check .is_error, or use 'raw expr' to explicitly assert the call cannot fail.[0m

[1mtest_all.npk:0:0: [0m[1;31merror[0m: [1mLine 136, Column 17: Cannot compare incompatible types: 'func() -> Result<int64>' and 'int64'[0m

[1mtest_all.npk:0:0: [0m[1;31merror[0m: [1mLine 142, Column 29: Arithmetic operators require numeric types (int*, uint*, flt*, tbb*), got 'func() -> Result<int64>'[0m

[1mtest_all.npk:0:0: [0m[1;31merror[0m: [1mLine 146, Column 16: Undefined identifier: 'x_start'[0m

[1mtest_all.npk:0:0: [0m[1;31merror[0m: [1mLine 159, Column 9: Cannot silently unwrap Result<int64> into 'entropy' of type 'int64'. Declare as Result<int64> and check .is_error, or use 'raw expr' to explicitly assert the call cannot fail.[0m

[1mtest_all.npk:0:0: [0m[1;31merror[0m: [1mLine 160, Column 33: Undefined identifier: 'x_start'[0m

[1mtest_all.npk:0:0: [0m[1;31merror[0m: [1mLine 163, Column 9: Cannot silently unwrap Result<int64> into 'r' of type 'int64'. Declare as Result<int64> and check .is_error, or use 'raw expr' to explicitly assert the call cannot fail.[0m

[1mtest_all.npk:0:0: [0m[1;31merror[0m: [1mLine 164, Column 15: Member access (.) requires struct, object, or union type, got 'int64'. Use -> for pointer member access.[0m

[1mtest_all.npk:0:0: [0m[1;31merror[0m: [1mLine 168, Column 43: Member access (.) requires struct, object, or union type, got 'int64'. Use -> for pointer member access.[0m

[1mtest_all.npk:0:0: [0m[1;31merror[0m: [1mLine 171, Column 27: Unused result from NIL-returning function. Even NIL functions can fail (bad args, internal error), so the Result<NIL> must be handled. Use drop(func(...)) to discard, or check .is_error to handle failures.[0m

[1mtest_all.npk:0:0: [0m[1;31merror[0m: [1mLine 180, Column 19: Unused result from NIL-returning function. Even NIL functions can fail (bad args, internal error), so the Result<NIL> must be handled. Use drop(func(...)) to discard, or check .is_error to handle failures.[0m

[1mtest_all.npk:0:0: [0m[1;31merror[0m: [1mLine 195, Column 23: Unused result from NIL-returning function. Even NIL functions can fail (bad args, internal error), so the Result<NIL> must be handled. Use drop(func(...)) to discard, or check .is_error to handle failures.[0m

[1mtest_all.npk:0:0: [0m[1;31merror[0m: [1mLine 199, Column 5: Cannot silently unwrap Result<int64> into 'tmpl_len' of type 'int64'. Declare as Result<int64> and check .is_error, or use 'raw expr' to explicitly assert the call cannot fail.[0m

[1mtest_all.npk:0:0: [0m[1;31merror[0m: [1mLine 200, Column 17: Cannot compare incompatible types: 'func() -> Result<int64>' and 'int64'[0m

[1mtest_all.npk:0:0: [0m[1;31merror[0m: [1mLine 205, Column 29: Arithmetic operators require numeric types (int*, uint*, flt*, tbb*), got 'func() -> Result<int64>'[0m

[1mtest_all.npk:0:0: [0m[1;31merror[0m: [1mLine 209, Column 16: Undefined identifier: 'x_start'[0m

[1mtest_all.npk:0:0: [0m[1;31merror[0m: [1mLine 218, Column 9: Cannot silently unwrap Result<int64> into 'entropy' of type 'int64'. Declare as Result<int64> and check .is_error, or use 'raw expr' to explicitly assert the call cannot fail.[0m

[1mtest_all.npk:0:0: [0m[1;31merror[0m: [1mLine 219, Column 33: Undefined identifier: 'x_start'[0m

[1mtest_all.npk:0:0: [0m[1;31merror[0m: [1mLine 223, Column 5: Undefined identifier: 'es_r'[0m

[1mtest_all.npk:0:0: [0m[1;31merror[0m: [1mLine 226, Column 15: Member access (.) requires struct, object, or union type, got 'int64'. Use -> for pointer member access.[0m

[1mtest_all.npk:0:0: [0m[1;31merror[0m: [1mLine 230, Column 43: Member access (.) requires struct, object, or union type, got 'int64'. Use -> for pointer member access.[0m

[1mtest_all.npk:0:0: [0m[1;31merror[0m: [1mLine 232, Column 27: Unused result from NIL-returning function. Even NIL functions can fail (bad args, internal error), so the Result<NIL> must be handled. Use drop(func(...)) to discard, or check .is_error to handle failures.[0m

[1mtest_all.npk:0:0: [0m[1;31merror[0m: [1mLine 239, Column 19: Unused result from NIL-returning function. Even NIL functions can fail (bad args, internal error), so the Result<NIL> must be handled. Use drop(func(...)) to discard, or check .is_error to handle failures.[0m

[1mtest_all.npk:0:0: [0m[1;31merror[0m: [1mLine 254, Column 24: Unused result from NIL-returning function. Even NIL functions can fail (bad args, internal error), so the Result<NIL> must be handled. Use drop(func(...)) to discard, or check .is_error to handle failures.[0m

[1mtest_all.npk:0:0: [0m[1;31merror[0m: [1mLine 258, Column 18: @cast supports numeric types and pointer types only. Cannot cast 'byte[32]' to 'uint8@'[0m

[1mtest_all.npk:0:0: [0m[1;31merror[0m: [1mLine 261, Column 17: Cannot cast between non-numeric types 'string' and 'int64'[0m

[1mtest_all.npk:0:0: [0m[1;31merror[0m: [1mLine 262, Column 32: Undefined identifier: 'pfx'[0m

[1mtest_all.npk:0:0: [0m[1;31merror[0m: [1mLine 263, Column 21: @cast supports numeric types and pointer types only. Cannot cast 'byte[32]' to 'int64'[0m

[1mtest_all.npk:0:0: [0m[1;31merror[0m: [1mLine 266, Column 24: @cast supports numeric types and pointer types only. Cannot cast 'byte[32]' to 'int64'[0m

[1mtest_all.npk:0:0: [0m[1;31merror[0m: [1mLine 267, Column 9: Undefined identifier: 'fd'[0m

[1mtest_all.npk:0:0: [0m[1;31merror[0m: [1mLine 272, Column 22: @cast supports numeric types and pointer types only. Cannot cast 'byte[32]' to 'int64'[0m

[1mtest_all.npk:0:0: [0m[1;31merror[0m: [1mLine 275, Column 23: Undefined identifier: 'fd'[0m

[1mtest_all.npk:0:0: [0m[1;31merror[0m: [1mLine 276, Column 14: Cannot compare incompatible types: 'byte[32]' and 'int64'[0m

[1mtest_all.npk:0:0: [0m[1;31merror[0m: [1mLine 280, Column 5: Pass value type 'byte[32]' does not match function value type 'int64'[0m

[1mtest_all.npk:0:0: [0m[1;31merror[0m: [1mLine 302, Column 33: @cast supports numeric types and pointer types only. Cannot cast 'byte[256]' to 'int64'[0m

[1mtest_all.npk:0:0: [0m[1;31merror[0m: [1mLine 305, Column 17: Cannot cast between non-numeric types 'string' and 'int64'[0m

[1mtest_all.npk:0:0: [0m[1;31merror[0m: [1mLine 306, Column 5: Cannot silently unwrap Result<int64> into 'pfx_len' of type 'int64'. Declare as Result<int64> and check .is_error, or use 'raw expr' to explicitly assert the call cannot fail.[0m

[1mtest_all.npk:0:0: [0m[1;31merror[0m: [1mLine 307, Column 31: Undefined identifier: 'pfx_len'[0m

[1mtest_all.npk:0:0: [0m[1;31merror[0m: [1mLine 309, Column 5: Cannot silently unwrap Result<int64> into 'entropy' of type 'int64'. Declare as Result<int64> and check .is_error, or use 'raw expr' to explicitly assert the call cannot fail.[0m

[1mtest_all.npk:0:0: [0m[1;31merror[0m: [1mLine 310, Column 28: Undefined identifier: 'pfx_len'[0m

[1mtest_all.npk:0:0: [0m[1;31merror[0m: [1mLine 311, Column 37: Undefined identifier: 'pfx_len'[0m

[1mtest_all.npk:0:0: [0m[1;31merror[0m: [1mLine 167, Column 5: Cannot silently unwrap Result<int64> into 'abs_a' of type 'int64'. Declare as Result<int64> and check .is_error, or use 'raw expr' to explicitly assert the call cannot fail.[0m

[1mtest_all.npk:0:0: [0m[1;31merror[0m: [1mLine 168, Column 5: Cannot silently unwrap Result<int64> into 'abs_b' of type 'int64'. Declare as Result<int64> and check .is_error, or use 'raw expr' to explicitly assert the call cannot fail.[0m

[1mtest_all.npk:0:0: [0m[1;31merror[0m: [1mLine 169, Column 35: Undefined identifier: 'abs_b'[0m

[1mtest_all.npk:0:0: [0m[1;31merror[0m: [1mLine 170, Column 9: Undefined identifier: 'abs_a'[0m

[1mtest_all.npk:0:0: [0m[1;31merror[0m: [1mLine 170, Column 17: Undefined identifier: 'limit_val'[0m

[1mtest_all.npk:0:0: [0m[1;31merror[0m: [1mLine 184, Column 28: Cannot compare Result<int64> to int64 directly. Use 'raw' to unwrap: raw expr op int64[0m

[1mtest_all.npk:0:0: [0m[1;31merror[0m: [1mLine 202, Column 28: Cannot compare Result<int64> to int64 directly. Use 'raw' to unwrap: raw expr op int64[0m

[1mtest_all.npk:0:0: [0m[1;31merror[0m: [1mLine 247, Column 15: Cannot use Result<int64> as int64 in arithmetic
  Help: Unwrap first with '?!' (e.g., expr ?! default_val) or 'raw' keyword[0m

[1mtest_all.npk:0:0: [0m[1;31merror[0m: [1mLine 287, Column 21: if condition must be 'bool' type, got 'Result<bool>'. Use explicit comparison (e.g., x != 0) instead of truthiness.[0m

[1mtest_all.npk:0:0: [0m[1;31merror[0m: [1mLine 290, Column 25: Cannot use Result<int64> as int64 in arithmetic
  Help: Unwrap first with '?!' (e.g., expr ?! default_val) or 'raw' keyword[0m

[1mtest_all.npk:0:0: [0m[1;31merror[0m: [1mLine 291, Column 18: Undefined identifier: 'shift'[0m

[1mtest_all.npk:0:0: [0m[1;31merror[0m: [1mLine 298, Column 21: if condition must be 'bool' type, got 'Result<bool>'. Use explicit comparison (e.g., x != 0) instead of truthiness.[0m

[1mtest_all.npk:0:0: [0m[1;31merror[0m: [1mLine 300, Column 15: Bitwise operators require integer types (int8-64, uint8-64), got 'int64' and 'Result<int64>'[0m

[1mtest_all.npk:0:0: [0m[1;31merror[0m: [1mLine 308, Column 16: Cannot use Result<int64> as int64 in arithmetic
  Help: Unwrap first with '?!' (e.g., expr ?! default_val) or 'raw' keyword[0m

[1mtest_all.npk:0:0: [0m[1;31merror[0m: [1mLine 317, Column 5: Cannot silently unwrap Result<int64> into 'f' of type 'int64'. Declare as Result<int64> and check .is_error, or use 'raw expr' to explicitly assert the call cannot fail.[0m

[1mtest_all.npk:0:0: [0m[1;31merror[0m: [1mLine 318, Column 21: if condition must be 'bool' type, got 'Result<bool>'. Use explicit comparison (e.g., x != 0) instead of truthiness.[0m

[1mtest_all.npk:0:0: [0m[1;31merror[0m: [1mLine 426, Column 24: Cannot use Result<int64> as int64 in arithmetic
  Help: Unwrap first with '?!' (e.g., expr ?! default_val) or 'raw' keyword[0m

[1mtest_all.npk:0:0: [0m[1;31merror[0m: [1mLine 427, Column 25: Undefined identifier: 'bits'[0m

[1mtest_all.npk:0:0: [0m[1;31merror[0m: [1mLine 445, Column 5: Cannot silently unwrap Result<int64> into 'r' of type 'int64'. Declare as Result<int64> and check .is_error, or use 'raw expr' to explicitly assert the call cannot fail.[0m

[1mtest_all.npk:0:0: [0m[1;31merror[0m: [1mLine 458, Column 7: Cannot assign value of type 'Result<int64>' to variable of type 'int64'[0m

[1mtest_all.npk:0:0: [0m[1;31merror[0m: [1mLine 459, Column 7: Cannot assign value of type 'Result<int64>' to variable of type 'int64'[0m

[1mtest_all.npk:0:0: [0m[1;31merror[0m: [1mLine 465, Column 5: Cannot silently unwrap Result<int64> into 'shift' of type 'int64'. Declare as Result<int64> and check .is_error, or use 'raw expr' to explicitly assert the call cannot fail.[0m

[1mtest_all.npk:0:0: [0m[1;31merror[0m: [1mLine 466, Column 11: Bitwise operators require integer types (int8-64, uint8-64), got 'int64' and 'Result<int64>'[0m

[1mtest_all.npk:0:0: [0m[1;31merror[0m: [1mLine 469, Column 15: Bitwise operators require integer types (int8-64, uint8-64), got 'int64' and 'Result<int64>'[0m

[1mtest_all.npk:0:0: [0m[1;31merror[0m: [1mLine 479, Column 15: Undefined identifier: 'shift'[0m

[1mtest_all.npk:0:0: [0m[1;31merror[0m: [1mLine 487, Column 5: Cannot silently unwrap Result<int64> into 'g' of type 'int64'. Declare as Result<int64> and check .is_error, or use 'raw expr' to explicitly assert the call cannot fail.[0m

[1mtest_all.npk:0:0: [0m[1;31merror[0m: [1mLine 488, Column 5: Cannot silently unwrap Result<int64> into 'abs_a' of type 'int64'. Declare as Result<int64> and check .is_error, or use 'raw expr' to explicitly assert the call cannot fail.[0m

[1mtest_all.npk:0:0: [0m[1;31merror[0m: [1mLine 490, Column 19: Undefined identifier: 'abs_a'[0m

[1mtest_all.npk:0:0: [0m[1;31merror[0m: [1mLine 491, Column 27: Undefined identifier: 'div_a'[0m

[1mtest_all.npk:0:0: [0m[1;31merror[0m: [1mLine 149, Column 5: Cannot silently unwrap Result<int64> into 'r' of type 'int64'. Declare as Result<int64> and check .is_error, or use 'raw expr' to explicitly assert the call cannot fail.[0m

[1mtest_all.npk:0:0: [0m[1;31merror[0m: [1mLine 197, Column 19: Cannot cast between non-numeric types 'int64' and 'byte'[0m

[1mtest_all.npk:0:0: [0m[1;31merror[0m: [1mLine 198, Column 5: Cannot silently unwrap Result<int64> into 'tword' of type 'int64'. Declare as Result<int64> and check .is_error, or use 'raw expr' to explicitly assert the call cannot fail.[0m

[1mtest_all.npk:0:0: [0m[1;31merror[0m: [1mLine 203, Column 21: Undefined identifier: 'target'[0m

[1mtest_all.npk:0:0: [0m[1;31merror[0m: [1mLine 215, Column 28: Undefined identifier: 'tword'[0m

[1mtest_all.npk:0:0: [0m[1;31merror[0m: [1mLine 216, Column 26: if condition must be 'bool' type, got 'Result<bool>'. Use explicit comparison (e.g., x != 0) instead of truthiness.[0m

[1mtest_all.npk:0:0: [0m[1;31merror[0m: [1mLine 222, Column 30: Undefined identifier: 'target'[0m

[1mtest_all.npk:0:0: [0m[1;31merror[0m: [1mLine 234, Column 21: Undefined identifier: 'target'[0m

[1mtest_all.npk:0:0: [0m[1;31merror[0m: [1mLine 255, Column 19: Cannot cast between non-numeric types 'int64' and 'byte'[0m

[1mtest_all.npk:0:0: [0m[1;31merror[0m: [1mLine 260, Column 21: Undefined identifier: 'target'[0m

[1mtest_all.npk:0:0: [0m[1;31merror[0m: [1mLine 298, Column 5: Cannot initialize variable 'first' of type 'byte' with value of type 'uint8'[0m

[1mtest_all.npk:0:0: [0m[1;31merror[0m: [1mLine 304, Column 75: Undefined identifier: 'first'[0m

[1mtest_all.npk:0:0: [0m[1;31merror[0m: [1mLine 305, Column 13: Undefined identifier: 'candidate'[0m

[1mtest_all.npk:0:0: [0m[1;31merror[0m: [1mLine 308, Column 24: Undefined identifier: 'candidate'[0m

[1mtest_all.npk:0:0: [0m[1;31merror[0m: [1mLine 309, Column 13: Undefined identifier: 'offset'[0m

[1mtest_all.npk:0:0: [0m[1;31merror[0m: [1mLine 314, Column 24: Undefined identifier: 'candidate'[0m

[1mtest_all.npk:0:0: [0m[1;31merror[0m: [1mLine 317, Column 13: Undefined identifier: 'offset'[0m

[1mtest_all.npk:0:0: [0m[1;31merror[0m: [1mLine 389, Column 9: Cannot initialize variable 'tmp' of type 'byte' with value of type 'uint8'[0m

[1mtest_all.npk:0:0: [0m[1;31merror[0m: [1mLine 391, Column 15: Cannot assign value of type 'int64' to variable of type 'uint8'[0m

[1mtest_all.npk:0:0: [0m[1;31merror[0m: [1mLine 408, Column 9: Cannot initialize variable 'tmp' of type 'byte' with value of type 'uint8'[0m

[1mtest_all.npk:0:0: [0m[1;31merror[0m: [1mLine 410, Column 15: Cannot assign value of type 'int64' to variable of type 'uint8'[0m

[1mtest_all.npk:0:0: [0m[1;31merror[0m: [1mLine 431, Column 9: Cannot initialize variable 'tmp' of type 'byte' with value of type 'uint8'[0m

[1mtest_all.npk:0:0: [0m[1;31merror[0m: [1mLine 433, Column 15: Cannot assign value of type 'uint8@' to variable of type 'uint8'[0m

[1mtest_all.npk:0:0: [0m[1;31merror[0m: [1mLine 108, Column 10: Unused result from NIL-returning function. Even NIL functions can fail (bad args, internal error), so the Result<NIL> must be handled. Use drop(func(...)) to discard, or check .is_error to handle failures.[0m

[1mtest_all.npk:0:0: [0m[1;31merror[0m: [1mLine 121, Column 21: Unused result from NIL-returning function. Even NIL functions can fail (bad args, internal error), so the Result<NIL> must be handled. Use drop(func(...)) to discard, or check .is_error to handle failures.[0m

[1mtest_all.npk:0:0: [0m[1;31merror[0m: [1mLine 122, Column 18: Unused result value. This function returns a result that must be checked. Use drop(func(...)) to discard, raw func(...) to extract the value, or check .is_error to handle failures.[0m

[1mtest_all.npk:0:0: [0m[1;31merror[0m: [1mLine 123, Column 10: Unused result from NIL-returning function. Even NIL functions can fail (bad args, internal error), so the Result<NIL> must be handled. Use drop(func(...)) to discard, or check .is_error to handle failures.[0m

[1mtest_all.npk:0:0: [0m[1;31merror[0m: [1mLine 128, Column 22: Unused result from NIL-returning function. Even NIL functions can fail (bad args, internal error), so the Result<NIL> must be handled. Use drop(func(...)) to discard, or check .is_error to handle failures.[0m

[1mtest_all.npk:0:0: [0m[1;31merror[0m: [1mLine 129, Column 10: Unused result from NIL-returning function. Even NIL functions can fail (bad args, internal error), so the Result<NIL> must be handled. Use drop(func(...)) to discard, or check .is_error to handle failures.[0m

[1mtest_all.npk:0:0: [0m[1;31merror[0m: [1mLine 146, Column 10: Unused result from NIL-returning function. Even NIL functions can fail (bad args, internal error), so the Result<NIL> must be handled. Use drop(func(...)) to discard, or check .is_error to handle failures.[0m

[1mtest_all.npk:0:0: [0m[1;31merror[0m: [1mLine 45, Column 5: Cannot silently unwrap Result<int64> into 'r' of type 'int64'. Declare as Result<int64> and check .is_error, or use 'raw expr' to explicitly assert the call cannot fail.[0m

[1mtest_all.npk:0:0: [0m[1;31merror[0m: [1mLine 46, Column 13: Member access (.) requires struct, object, or union type, got 'func() -> Result<int64>'. Use -> for pointer member access.[0m

[1mtest_all.npk:0:0: [0m[1;31merror[0m: [1mLine 50, Column 14: Member access (.) requires struct, object, or union type, got 'func() -> Result<int64>'. Use -> for pointer member access.[0m

[1mtest_all.npk:0:0: [0m[1;31merror[0m: [1mLine 61, Column 5: Cannot silently unwrap Result<int64> into 'r' of type 'int64'. Declare as Result<int64> and check .is_error, or use 'raw expr' to explicitly assert the call cannot fail.[0m

[1mtest_all.npk:0:0: [0m[1;31merror[0m: [1mLine 62, Column 13: Member access (.) requires struct, object, or union type, got 'func() -> Result<int64>'. Use -> for pointer member access.[0m

[1mtest_all.npk:0:0: [0m[1;31merror[0m: [1mLine 66, Column 14: Member access (.) requires struct, object, or union type, got 'func() -> Result<int64>'. Use -> for pointer member access.[0m

[1mtest_all.npk:0:0: [0m[1;31merror[0m: [1mLine 77, Column 5: Undefined identifier: 'es_r'[0m

[1mtest_all.npk:0:0: [0m[1;31merror[0m: [1mLine 80, Column 13: Member access (.) requires struct, object, or union type, got 'func() -> Result<int64>'. Use -> for pointer member access.[0m

[1mtest_all.npk:0:0: [0m[1;31merror[0m: [1mLine 81, Column 14: Member access (.) requires struct, object, or union type, got 'func() -> Result<int64>'. Use -> for pointer member access.[0m

[1mtest_all.npk:0:0: [0m[1;31merror[0m: [1mLine 88, Column 5: Undefined identifier: 'es_r'[0m

[1mtest_all.npk:0:0: [0m[1;31merror[0m: [1mLine 91, Column 13: Member access (.) requires struct, object, or union type, got 'func() -> Result<int64>'. Use -> for pointer member access.[0m

[1mtest_all.npk:0:0: [0m[1;31merror[0m: [1mLine 92, Column 14: Member access (.) requires struct, object, or union type, got 'func() -> Result<int64>'. Use -> for pointer member access.[0m

[1mtest_all.npk:0:0: [0m[1;31merror[0m: [1mLine 99, Column 5: Undefined identifier: 'es_r'[0m

[1mtest_all.npk:0:0: [0m[1;31merror[0m: [1mLine 102, Column 13: Member access (.) requires struct, object, or union type, got 'func() -> Result<int64>'. Use -> for pointer member access.[0m

[1mtest_all.npk:0:0: [0m[1;31merror[0m: [1mLine 103, Column 14: Member access (.) requires struct, object, or union type, got 'func() -> Result<int64>'. Use -> for pointer member access.[0m

[1mtest_all.npk:0:0: [0m[1;31merror[0m: [1mLine 110, Column 5: Undefined identifier: 'es_r'[0m

[1mtest_all.npk:0:0: [0m[1;31merror[0m: [1mLine 113, Column 13: Member access (.) requires struct, object, or union type, got 'func() -> Result<int64>'. Use -> for pointer member access.[0m

[1mtest_all.npk:0:0: [0m[1;31merror[0m: [1mLine 114, Column 14: Member access (.) requires struct, object, or union type, got 'func() -> Result<int64>'. Use -> for pointer member access.[0m

[1mtest_all.npk:0:0: [0m[1;31merror[0m: [1mLine 121, Column 5: Undefined identifier: 'es_r'[0m

[1mtest_all.npk:0:0: [0m[1;31merror[0m: [1mLine 124, Column 13: Member access (.) requires struct, object, or union type, got 'func() -> Result<int64>'. Use -> for pointer member access.[0m

[1mtest_all.npk:0:0: [0m[1;31merror[0m: [1mLine 125, Column 14: Member access (.) requires struct, object, or union type, got 'func() -> Result<int64>'. Use -> for pointer member access.[0m

[1mtest_all.npk:0:0: [0m[1;31merror[0m: [1mLine 132, Column 5: Undefined identifier: 'es_r'[0m

[1mtest_all.npk:0:0: [0m[1;31merror[0m: [1mLine 135, Column 13: Member access (.) requires struct, object, or union type, got 'func() -> Result<int64>'. Use -> for pointer member access.[0m

[1mtest_all.npk:0:0: [0m[1;31merror[0m: [1mLine 136, Column 14: Member access (.) requires struct, object, or union type, got 'func() -> Result<int64>'. Use -> for pointer member access.[0m

[1mtest_all.npk:0:0: [0m[1;31merror[0m: [1mLine 147, Column 5: Cannot silently unwrap Result<int64> into 'r' of type 'int64'. Declare as Result<int64> and check .is_error, or use 'raw expr' to explicitly assert the call cannot fail.[0m

[1mtest_all.npk:0:0: [0m[1;31merror[0m: [1mLine 148, Column 12: Member access (.) requires struct, object, or union type, got 'int64'. Use -> for pointer member access.[0m

[1mtest_all.npk:0:0: [0m[1;31merror[0m: [1mLine 157, Column 5: Cannot silently unwrap Result<int64> into 'r' of type 'int64'. Declare as Result<int64> and check .is_error, or use 'raw expr' to explicitly assert the call cannot fail.[0m

[1mtest_all.npk:0:0: [0m[1;31merror[0m: [1mLine 158, Column 12: Member access (.) requires struct, object, or union type, got 'int64'. Use -> for pointer member access.[0m

[1mtest_all.npk:0:0: [0m[1;31merror[0m: [1mLine 162, Column 13: Member access (.) requires struct, object, or union type, got 'int64'. Use -> for pointer member access.[0m

[1mtest_all.npk:0:0: [0m[1;31merror[0m: [1mLine 173, Column 5: Cannot silently unwrap Result<int64> into 'r' of type 'int64'. Declare as Result<int64> and check .is_error, or use 'raw expr' to explicitly assert the call cannot fail.[0m

[1mtest_all.npk:0:0: [0m[1;31merror[0m: [1mLine 174, Column 13: Member access (.) requires struct, object, or union type, got 'func() -> Result<int64>'. Use -> for pointer member access.[0m

[1mtest_all.npk:0:0: [0m[1;31merror[0m: [1mLine 178, Column 14: Member access (.) requires struct, object, or union type, got 'func() -> Result<int64>'. Use -> for pointer member access.[0m

[1mtest_all.npk:0:0: [0m[1;31merror[0m: [1mLine 183, Column 5: Cannot silently unwrap Result<int64> into 'r' of type 'int64'. Declare as Result<int64> and check .is_error, or use 'raw expr' to explicitly assert the call cannot fail.[0m

[1mtest_all.npk:0:0: [0m[1;31merror[0m: [1mLine 184, Column 12: Member access (.) requires struct, object, or union type, got 'int64'. Use -> for pointer member access.[0m

[1mtest_all.npk:0:0: [0m[1;31merror[0m: [1mLine 188, Column 13: Member access (.) requires struct, object, or union type, got 'int64'. Use -> for pointer member access.[0m

[1mtest_all.npk:0:0: [0m[1;31merror[0m: [1mLine 59, Column 15: Unknown syscall constant 'SYS_EXECVE' in sys(). See stdlib/sys.npk for available syscall names.[0m

[1mtest_all.npk:0:0: [0m[1;31merror[0m: [1mLine 61, Column 25: Undefined identifier: 'r'. Did you mean 'argv'?[0m

[1mtest_all.npk:0:0: [0m[1;31merror[0m: [1mLine 94, Column 23: Unused result from NIL-returning function. Even NIL functions can fail (bad args, internal error), so the Result<NIL> must be handled. Use drop(func(...)) to discard, or check .is_error to handle failures.[0m

[1mtest_all.npk:0:0: [0m[1;31merror[0m: [1mLine 98, Column 5: Cannot silently unwrap Result<int64> into 'name_len' of type 'int64'. Declare as Result<int64> and check .is_error, or use 'raw expr' to explicitly assert the call cannot fail.[0m

[1mtest_all.npk:0:0: [0m[1;31merror[0m: [1mLine 99, Column 9: Undefined identifier: 'name_len'[0m

[1mtest_all.npk:0:0: [0m[1;31merror[0m: [1mLine 107, Column 16: Undefined identifier: 'name_len'[0m

[1mtest_all.npk:0:0: [0m[1;31merror[0m: [1mLine 115, Column 45: Cannot cast between non-numeric types 'string' and 'int64'[0m

[1mtest_all.npk:0:0: [0m[1;31merror[0m: [1mLine 116, Column 18: Cannot compare incompatible types: 'func(int64) -> Result<int64>' and 'int64'[0m

[1mtest_all.npk:0:0: [0m[1;31merror[0m: [1mLine 123, Column 18: @cast supports numeric types and pointer types only. Cannot cast 'func(int64) -> Result<int64>' to 'uint8@'[0m

[1mtest_all.npk:0:0: [0m[1;31merror[0m: [1mLine 125, Column 5: Cannot silently unwrap Result<int64> into 'p_len' of type 'int64'. Declare as Result<int64> and check .is_error, or use 'raw expr' to explicitly assert the call cannot fail.[0m

[1mtest_all.npk:0:0: [0m[1;31merror[0m: [1mLine 128, Column 23: Undefined identifier: 'p_len'[0m

[1mtest_all.npk:0:0: [0m[1;31merror[0m: [1mLine 174, Column 19: Unused result from NIL-returning function. Even NIL functions can fail (bad args, internal error), so the Result<NIL> must be handled. Use drop(func(...)) to discard, or check .is_error to handle failures.[0m

[1mtest_all.npk:0:0: [0m[1;31merror[0m: [1mLine 187, Column 5: Cannot silently unwrap Result<int64> into 'klen' of type 'int64'. Declare as Result<int64> and check .is_error, or use 'raw expr' to explicitly assert the call cannot fail.[0m

[1mtest_all.npk:0:0: [0m[1;31merror[0m: [1mLine 221, Column 23: @cast supports numeric types and pointer types only. Cannot cast 'int64[1]' to 'int64'[0m

[1mtest_all.npk:0:0: [0m[1;31merror[0m: [1mLine 228, Column 23: @cast supports numeric types and pointer types only. Cannot cast 'int64[2]' to 'int64'[0m

[1mtest_all.npk:0:0: [0m[1;31merror[0m: [1mLine 234, Column 23: @cast supports numeric types and pointer types only. Cannot cast 'int64[3]' to 'int64'[0m

[1mtest_all.npk:0:0: [0m[1;31merror[0m: [1mLine 240, Column 23: @cast supports numeric types and pointer types only. Cannot cast 'int64[4]' to 'int64'[0m

[1mtest_all.npk:0:0: [0m[1;31merror[0m: [1mLine 246, Column 23: @cast supports numeric types and pointer types only. Cannot cast 'int64[5]' to 'int64'[0m

[1mtest_all.npk:0:0: [0m[1;31merror[0m: [1mLine 254, Column 23: @cast supports numeric types and pointer types only. Cannot cast 'int64[6]' to 'int64'[0m

[1mtest_all.npk:0:0: [0m[1;31merror[0m: [1mLine 262, Column 23: @cast supports numeric types and pointer types only. Cannot cast 'int64[7]' to 'int64'[0m

[1mtest_all.npk:0:0: [0m[1;31merror[0m: [1mLine 270, Column 23: @cast supports numeric types and pointer types only. Cannot cast 'int64[8]' to 'int64'[0m

[1mtest_all.npk:0:0: [0m[1;31merror[0m: [1mLine 278, Column 23: @cast supports numeric types and pointer types only. Cannot cast 'int64[9]' to 'int64'[0m

[1mtest_all.npk:0:0: [0m[1;31merror[0m: [1mLine 285, Column 23: @cast supports numeric types and pointer types only. Cannot cast 'int64[2]' to 'int64'[0m

[1mtest_all.npk:0:0: [0m[1;31merror[0m: [1mLine 291, Column 23: @cast supports numeric types and pointer types only. Cannot cast 'int64[3]' to 'int64'[0m

[1mtest_all.npk:0:0: [0m[1;31merror[0m: [1mLine 297, Column 23: @cast supports numeric types and pointer types only. Cannot cast 'int64[4]' to 'int64'[0m

[1mtest_all.npk:0:0: [0m[1;31merror[0m: [1mLine 303, Column 23: @cast supports numeric types and pointer types only. Cannot cast 'int64[5]' to 'int64'[0m

[1mtest_all.npk:0:0: [0m[1;31merror[0m: [1mLine 104, Column 15: Unknown syscall constant 'SYS_WAIT4' in sys(). See stdlib/sys.npk for available syscall names.[0m

[1mtest_all.npk:0:0: [0m[1;31merror[0m: [1mLine 105, Column 12: Member access (.) requires struct, object, or union type, got 'int64'. Use -> for pointer member access.[0m

[1mtest_all.npk:0:0: [0m[1;31merror[0m: [1mLine 109, Column 13: Member access (.) requires struct, object, or union type, got 'int64'. Use -> for pointer member access.[0m

[1mtest_all.npk:0:0: [0m[1;31merror[0m: [1mLine 134, Column 9: Cannot silently unwrap Result<int64> into 'r' of type 'int64'. Declare as Result<int64> and check .is_error, or use 'raw expr' to explicitly assert the call cannot fail.[0m

[1mtest_all.npk:0:0: [0m[1;31merror[0m: [1mLine 135, Column 13: Undefined identifier: 'r'[0m

[1mtest_all.npk:0:0: [0m[1;31merror[0m: [1mLine 158, Column 5: Cannot silently unwrap Result<int64> into 'pid' of type 'int64'. Declare as Result<int64> and check .is_error, or use 'raw expr' to explicitly assert the call cannot fail.[0m

[1mtest_all.npk:0:0: [0m[1;31merror[0m: [1mLine 168, Column 13: Unused result value. This function returns a result that must be checked. Use drop(func(...)) to discard, raw func(...) to extract the value, or check .is_error to handle failures.[0m

[1mtest_all.npk:0:0: [0m[1;31merror[0m: [1mLine 174, Column 29: @cast supports numeric types and pointer types only. Cannot cast 'int64[1]' to 'int64'[0m

[1mtest_all.npk:0:0: [0m[1;31merror[0m: [1mLine 175, Column 14: Cannot compare incompatible types: 'func(int64) -> Result<int64>' and 'int64'[0m

[1mtest_all.npk:0:0: [0m[1;31merror[0m: [1mLine 178, Column 20: if condition must be 'bool' type, got 'Result<bool>'. Use explicit comparison (e.g., x != 0) instead of truthiness.[0m

[1mtest_all.npk:0:0: [0m[1;31merror[0m: [1mLine 181, Column 22: if condition must be 'bool' type, got 'Result<bool>'. Use explicit comparison (e.g., x != 0) instead of truthiness.[0m

[1mtest_all.npk:0:0: [0m[1;31merror[0m: [1mLine 183, Column 21: Cannot use Result<int64> as int64 in arithmetic
  Help: Unwrap first with '?!' (e.g., expr ?! default_val) or 'raw' keyword[0m

[1mtest_all.npk:0:0: [0m[1;31merror[0m: [1mLine 94, Column 18: Unused result from NIL-returning function. Even NIL functions can fail (bad args, internal error), so the Result<NIL> must be handled. Use drop(func(...)) to discard, or check .is_error to handle failures.[0m

[1mtest_all.npk:0:0: [0m[1;31merror[0m: [1mLine 129, Column 18: Unused result from NIL-returning function. Even NIL functions can fail (bad args, internal error), so the Result<NIL> must be handled. Use drop(func(...)) to discard, or check .is_error to handle failures.[0m

[1mtest_all.npk:0:0: [0m[1;31merror[0m: [1mLine 166, Column 25: Function expects 2 argument(s), but 1 provided[0m

[1mtest_all.npk:0:0: [0m[1;31merror[0m: [1mLine 171, Column 12: Member access (.) requires struct, object, or union type, got 'int64'. Use -> for pointer member access.[0m

[1mtest_all.npk:0:0: [0m[1;31merror[0m: [1mLine 176, Column 22: Member access (.) requires struct, object, or union type, got 'int64'. Use -> for pointer member access.[0m

[1mtest_all.npk:0:0: [0m[1;31merror[0m: [1mLine 178, Column 13: Member access (.) requires struct, object, or union type, got 'int64'. Use -> for pointer member access.[0m

[1mtest_all.npk:0:0: [0m[1;31merror[0m: [1mLine 200, Column 5: Cannot silently unwrap Result<int64> into 'actual_len' of type 'int64'. Declare as Result<int64> and check .is_error, or use 'raw expr' to explicitly assert the call cannot fail.[0m

[1mtest_all.npk:0:0: [0m[1;31merror[0m: [1mLine 201, Column 24: Undefined identifier: 'actual_len'[0m

[1mtest_all.npk:0:0: [0m[1;31merror[0m: [1mLine 203, Column 26: Undefined identifier: 'alloc_size'[0m

[1mtest_all.npk:0:0: [0m[1;31merror[0m: [1mLine 204, Column 10: Member access (.) requires struct, object, or union type, got 'int64'. Use -> for pointer member access.[0m

[1mtest_all.npk:0:0: [0m[1;31merror[0m: [1mLine 209, Column 21: Undefined identifier: 'r'. Did you mean 'n'?[0m

[1mtest_all.npk:0:0: [0m[1;31merror[0m: [1mLine 210, Column 32: Member access (.) requires struct, object, or union type, got 'int64'. Use -> for pointer member access.[0m

[1mtest_all.npk:0:0: [0m[1;31merror[0m: [1mLine 212, Column 11: Member access (.) requires struct, object, or union type, got 'int64'. Use -> for pointer member access.[0m

[1mtest_all.npk:0:0: [0m[1;31merror[0m: [1mLine 73, Column 5: Cannot silently unwrap Result<int64> into 'r' of type 'int64'. Declare as Result<int64> and check .is_error, or use 'raw expr' to explicitly assert the call cannot fail.[0m

[1mtest_all.npk:0:0: [0m[1;31merror[0m: [1mLine 74, Column 10: Member access (.) requires struct, object, or union type, got 'int64'. Use -> for pointer member access.[0m

[1mtest_all.npk:0:0: [0m[1;31merror[0m: [1mLine 79, Column 24: Member access (.) requires struct, object, or union type, got 'int64'. Use -> for pointer member access.[0m

[1mtest_all.npk:0:0: [0m[1;31merror[0m: [1mLine 105, Column 5: Cannot silently unwrap Result<int64> into 'nlen' of type 'int64'. Declare as Result<int64> and check .is_error, or use 'raw expr' to explicitly assert the call cannot fail.[0m

[1mtest_all.npk:0:0: [0m[1;31merror[0m: [1mLine 122, Column 18: Cannot compare incompatible types: 'int64' and 'uint8@'[0m

[1mtest_all.npk:0:0: [0m[1;31merror[0m: [1mLine 126, Column 24: Array index must be integer type (int8-64, uint8-64), got 'uint8@'[0m

[1mtest_all.npk:0:0: [0m[1;31merror[0m: [1mLine 171, Column 56: Unused result from NIL-returning function. Even NIL functions can fail (bad args, internal error), so the Result<NIL> must be handled. Use drop(func(...)) to discard, or check .is_error to handle failures.[0m

[1mtest_all.npk:0:0: [0m[1;31merror[0m: [1mLine 172, Column 5: Cannot silently unwrap Result<int64> into 'nlen' of type 'int64'. Declare as Result<int64> and check .is_error, or use 'raw expr' to explicitly assert the call cannot fail.[0m

[1mtest_all.npk:0:0: [0m[1;31merror[0m: [1mLine 173, Column 39: Unused result from NIL-returning function. Even NIL functions can fail (bad args, internal error), so the Result<NIL> must be handled. Use drop(func(...)) to discard, or check .is_error to handle failures.[0m

[1mtest_all.npk:0:0: [0m[1;31merror[0m: [1mLine 178, Column 15: Cannot compare incompatible types: 'int64' and 'uint8@'[0m

[1mtest_all.npk:0:0: [0m[1;31merror[0m: [1mLine 183, Column 9: Logical NOT requires 'bool' type, got 'Result<bool>'. Use explicit comparison (e.g., x == 0) instead of truthiness.[0m

[1mtest_all.npk:0:0: [0m[1;31merror[0m: [1mLine 186, Column 43: Cannot compare Result<int64> to int64 directly. Use 'raw' to unwrap: raw expr op int64[0m

[1mtest_all.npk:0:0: [0m[1;31merror[0m: [1mLine 189, Column 5: Cannot silently unwrap Result<int64> into 'vlen' of type 'int64'. Declare as Result<int64> and check .is_error, or use 'raw expr' to explicitly assert the call cannot fail.[0m

[1mtest_all.npk:0:0: [0m[1;31merror[0m: [1mLine 190, Column 22: Arithmetic operators require numeric types (int*, uint*, flt*, tbb*), got 'uint8@'[0m

[1mtest_all.npk:0:0: [0m[1;31merror[0m: [1mLine 191, Column 27: Undefined identifier: 'total'[0m

[1mtest_all.npk:0:0: [0m[1;31merror[0m: [1mLine 192, Column 11: Member access (.) requires struct, object, or union type, got 'int64'. Use -> for pointer member access.[0m

[1mtest_all.npk:0:0: [0m[1;31merror[0m: [1mLine 193, Column 21: Member access (.) requires struct, object, or union type, got 'int64'. Use -> for pointer member access.[0m

[1mtest_all.npk:0:0: [0m[1;31merror[0m: [1mLine 194, Column 21: Undefined identifier: 'entry'[0m

[1mtest_all.npk:0:0: [0m[1;31merror[0m: [1mLine 195, Column 31: Undefined identifier: 'entry'[0m

[1mtest_all.npk:0:0: [0m[1;31merror[0m: [1mLine 196, Column 21: Undefined identifier: 'entry'[0m

[1mtest_all.npk:0:0: [0m[1;31merror[0m: [1mLine 206, Column 18: Cannot compare incompatible types: 'int64' and 'uint8@'[0m

[1mtest_all.npk:0:0: [0m[1;31merror[0m: [1mLine 210, Column 24: Array index must be integer type (int8-64, uint8-64), got 'uint8@'[0m

[1mtest_all.npk:0:0: [0m[1;31merror[0m: [1mLine 219, Column 9: Logical NOT requires 'bool' type, got 'Result<bool>'. Use explicit comparison (e.g., x == 0) instead of truthiness.[0m

[1mtest_all.npk:0:0: [0m[1;31merror[0m: [1mLine 224, Column 13: Undefined identifier: 'entry'[0m

[1mtest_all.npk:0:0: [0m[1;31merror[0m: [1mLine 239, Column 39: Unused result from NIL-returning function. Even NIL functions can fail (bad args, internal error), so the Result<NIL> must be handled. Use drop(func(...)) to discard, or check .is_error to handle failures.[0m

[1mtest_all.npk:0:0: [0m[1;31merror[0m: [1mLine 240, Column 5: Cannot silently unwrap Result<int64> into 'nlen' of type 'int64'. Declare as Result<int64> and check .is_error, or use 'raw expr' to explicitly assert the call cannot fail.[0m

[1mtest_all.npk:0:0: [0m[1;31merror[0m: [1mLine 241, Column 39: Unused result from NIL-returning function. Even NIL functions can fail (bad args, internal error), so the Result<NIL> must be handled. Use drop(func(...)) to discard, or check .is_error to handle failures.[0m

[1mtest_all.npk:0:0: [0m[1;31merror[0m: [1mLine 244, Column 15: Cannot compare incompatible types: 'int64' and 'uint8@'[0m

[1mtest_all.npk:0:0: [0m[1;31merror[0m: [1mLine 249, Column 9: Logical NOT requires 'bool' type, got 'Result<bool>'. Use explicit comparison (e.g., x == 0) instead of truthiness.[0m

[1mtest_all.npk:0:0: [0m[1;31merror[0m: [1mLine 261, Column 18: Cannot compare incompatible types: 'int64' and 'uint8@'[0m

[1mtest_all.npk:0:0: [0m[1;31merror[0m: [1mLine 265, Column 24: Array index must be integer type (int8-64, uint8-64), got 'uint8@'[0m

[1mtest_all.npk:0:0: [0m[1;31merror[0m: [1mLine 295, Column 40: Unused result from NIL-returning function. Even NIL functions can fail (bad args, internal error), so the Result<NIL> must be handled. Use drop(func(...)) to discard, or check .is_error to handle failures.[0m

[1mtest_all.npk:0:0: [0m[1;31merror[0m: [1mLine 310, Column 9: Logical NOT requires 'bool' type, got 'Result<bool>'. Use explicit comparison (e.g., x == 0) instead of truthiness.[0m

[1mtest_all.npk:0:0: [0m[1;31merror[0m: [1mLine 335, Column 9: Logical NOT requires 'bool' type, got 'Result<bool>'. Use explicit comparison (e.g., x == 0) instead of truthiness.[0m

[1mtest_all.npk:0:0: [0m[1;31merror[0m: [1mLine 355, Column 13: Logical NOT requires 'bool' type, got 'Result<bool>'. Use explicit comparison (e.g., x == 0) instead of truthiness.[0m

[1mtest_all.npk:0:0: [0m[1;31merror[0m: [1mLine 71, Column 17: Logical NOT requires 'bool' type, got 'int64'. Use explicit comparison (e.g., x == 0) instead of truthiness.[0m

[1mtest_all.npk:0:0: [0m[1;31merror[0m: [1mLine 102, Column 10: Unknown syscall constant 'SYS_RT_SIGRETURN' in sys(). See stdlib/sys.npk for available syscall names.[0m

[1mtest_all.npk:0:0: [0m[1;31merror[0m: [1mLine 135, Column 20: @cast supports numeric types and pointer types only. Cannot cast 'byte[32]' to 'int64'[0m

[1mtest_all.npk:0:0: [0m[1;31merror[0m: [1mLine 139, Column 21: @cast supports numeric types and pointer types only. Cannot cast 'byte[32]' to 'int64'[0m

[1mtest_all.npk:0:0: [0m[1;31merror[0m: [1mLine 140, Column 39: Cannot assign value of type 'int64' to variable of type 'byte[32]'[0m

[1mtest_all.npk:0:0: [0m[1;31merror[0m: [1mLine 144, Column 15: Unknown syscall constant 'SYS_RT_SIGACTION' in sys(). See stdlib/sys.npk for available syscall names.[0m

[1mtest_all.npk:0:0: [0m[1;31merror[0m: [1mLine 150, Column 9: Undefined identifier: 'r'[0m

[1mtest_all.npk:0:0: [0m[1;31merror[0m: [1mLine 157, Column 22: @cast supports numeric types and pointer types only. Cannot cast 'byte[32]' to 'int64@'[0m

[1mtest_all.npk:0:0: [0m[1;31merror[0m: [1mLine 174, Column 63: @cast supports numeric types and pointer types only. Cannot cast 'byte[32]' to 'int64'[0m

[1mtest_all.npk:0:0: [0m[1;31merror[0m: [1mLine 175, Column 9: Undefined identifier: 'r'[0m

[1mtest_all.npk:0:0: [0m[1;31merror[0m: [1mLine 176, Column 26: @cast supports numeric types and pointer types only. Cannot cast 'byte[32]' to 'int64'[0m

[1mtest_all.npk:0:0: [0m[1;31merror[0m: [1mLine 209, Column 19: @cast supports numeric types and pointer types only. Cannot cast 'int64[1]' to 'int64'[0m

[1mtest_all.npk:0:0: [0m[1;31merror[0m: [1mLine 212, Column 15: Unknown syscall constant 'SYS_RT_SIGPROCMASK' in sys(). See stdlib/sys.npk for available syscall names.[0m

[1mtest_all.npk:0:0: [0m[1;31merror[0m: [1mLine 219, Column 23: Unused result from NIL-returning function. Even NIL functions can fail (bad args, internal error), so the Result<NIL> must be handled. Use drop(func(...)) to discard, or check .is_error to handle failures.[0m

[1mtest_all.npk:0:0: [0m[1;31merror[0m: [1mLine 243, Column 15: Unknown syscall constant 'SYS_KILL' in sys(). See stdlib/sys.npk for available syscall names.[0m

[1mtest_all.npk:0:0: [0m[1;31merror[0m: [1mLine 245, Column 25: Undefined identifier: 'r'. Did you mean 'pid'?[0m

[1mtest_all.npk:0:0: [0m[1;31merror[0m: [1mLine 254, Column 19: Unknown syscall constant 'SYS_GETPID' in sys(). See stdlib/sys.npk for available syscall names.[0m

[1mtest_all.npk:0:0: [0m[1;31merror[0m: [1mLine 255, Column 17: Undefined identifier: 'pid_r'[0m

[1mtest_all.npk:0:0: [0m[1;31merror[0m: [1mLine 256, Column 15: Unknown syscall constant 'SYS_TKILL' in sys(). See stdlib/sys.npk for available syscall names.[0m

[1mtest_all.npk:0:0: [0m[1;31merror[0m: [1mLine 257, Column 9: Undefined identifier: 'r'[0m

[1mtest_all.npk:0:0: [0m[1;31merror[0m: [1mLine 45, Column 32: Function expects 3 argument(s), but 1 provided[0m

[1mtest_all.npk:0:0: [0m[1;31merror[0m: [1mLine 48, Column 14: Undefined identifier: 'src_len'[0m

[1mtest_all.npk:0:0: [0m[1;31merror[0m: [1mLine 52, Column 22: Undefined identifier: 'src_len'[0m

[1mtest_all.npk:0:0: [0m[1;31merror[0m: [1mLine 53, Column 9: Undefined identifier: 'copy_len'[0m

[1mtest_all.npk:0:0: [0m[1;31merror[0m: [1mLine 58, Column 31: Undefined identifier: 'copy_len'[0m

[1mtest_all.npk:0:0: [0m[1;31merror[0m: [1mLine 59, Column 37: Undefined identifier: 'copy_len'[0m

[1mtest_all.npk:0:0: [0m[1;31merror[0m: [1mLine 61, Column 10: Undefined identifier: 'src_len'[0m

[1mtest_all.npk:0:0: [0m[1;31merror[0m: [1mLine 82, Column 32: Function expects 3 argument(s), but 2 provided[0m

[1mtest_all.npk:0:0: [0m[1;31merror[0m: [1mLine 83, Column 32: Function expects 3 argument(s), but 1 provided[0m

[1mtest_all.npk:0:0: [0m[1;31merror[0m: [1mLine 86, Column 14: Undefined identifier: 'dst_len'[0m

[1mtest_all.npk:0:0: [0m[1;31merror[0m: [1mLine 86, Column 24: Undefined identifier: 'src_len'[0m

[1mtest_all.npk:0:0: [0m[1;31merror[0m: [1mLine 90, Column 34: Undefined identifier: 'dst_len'[0m

[1mtest_all.npk:0:0: [0m[1;31merror[0m: [1mLine 91, Column 9: Undefined identifier: 'remaining'[0m

[1mtest_all.npk:0:0: [0m[1;31merror[0m: [1mLine 97, Column 24: Undefined identifier: 'src_len'[0m

[1mtest_all.npk:0:0: [0m[1;31merror[0m: [1mLine 98, Column 9: Undefined identifier: 'append_len'[0m

[1mtest_all.npk:0:0: [0m[1;31merror[0m: [1mLine 98, Column 22: Undefined identifier: 'remaining'[0m

[1mtest_all.npk:0:0: [0m[1;31merror[0m: [1mLine 102, Column 27: Undefined identifier: 'dst_len'[0m

[1mtest_all.npk:0:0: [0m[1;31merror[0m: [1mLine 103, Column 37: Undefined identifier: 'dst_len'[0m

[1mtest_all.npk:0:0: [0m[1;31merror[0m: [1mLine 103, Column 47: Undefined identifier: 'append_len'[0m

[1mtest_all.npk:0:0: [0m[1;31merror[0m: [1mLine 105, Column 10: Undefined identifier: 'dst_len'[0m

[1mtest_all.npk:0:0: [0m[1;31merror[0m: [1mLine 105, Column 20: Undefined identifier: 'src_len'[0m

[1mtest_all.npk:0:0: [0m[1;31merror[0m: [1mLine 156, Column 5: Cannot silently unwrap Result<int64> into 'r' of type 'int64'. Declare as Result<int64> and check .is_error, or use 'raw expr' to explicitly assert the call cannot fail.[0m

[1mtest_all.npk:0:0: [0m[1;31merror[0m: [1mLine 169, Column 18: Unused result from NIL-returning function. Even NIL functions can fail (bad args, internal error), so the Result<NIL> must be handled. Use drop(func(...)) to discard, or check .is_error to handle failures.[0m

[1mtest_all.npk:0:0: [0m[1;31merror[0m: [1mLine 30, Column 19: Cannot cast between non-numeric types 'int64' and 'byte'[0m

[1mtest_all.npk:0:0: [0m[1;31merror[0m: [1mLine 34, Column 20: Bitwise operators require same integer type on both sides. Got 'int64' and 'bool'.[0m

[1mtest_all.npk:0:0: [0m[1;31merror[0m: [1mLine 45, Column 42: Undefined identifier: 'target'[0m

[1mtest_all.npk:0:0: [0m[1;31merror[0m: [1mLine 46, Column 5: Undefined identifier: 'tword'[0m

[1mtest_all.npk:0:0: [0m[1;31merror[0m: [1mLine 47, Column 5: Undefined identifier: 'tword'[0m

[1mtest_all.npk:0:0: [0m[1;31merror[0m: [1mLine 48, Column 5: Undefined identifier: 'tword'[0m

[1mtest_all.npk:0:0: [0m[1;31merror[0m: [1mLine 61, Column 23: Undefined identifier: 'tword'[0m

[1mtest_all.npk:0:0: [0m[1;31merror[0m: [1mLine 72, Column 21: Undefined identifier: 'target'[0m

[1mtest_all.npk:0:0: [0m[1;31merror[0m: [1mLine 99, Column 19: Cannot cast between non-numeric types 'int64' and 'byte'[0m

[1mtest_all.npk:0:0: [0m[1;31merror[0m: [1mLine 102, Column 35: Undefined identifier: 'target'[0m

[1mtest_all.npk:0:0: [0m[1;31merror[0m: [1mLine 119, Column 19: Cannot cast between non-numeric types 'int64' and 'byte'[0m

[1mtest_all.npk:0:0: [0m[1;31merror[0m: [1mLine 125, Column 21: Undefined identifier: 'target'[0m

[1mtest_all.npk:0:0: [0m[1;31merror[0m: [1mLine 164, Column 5: Cannot initialize variable 'first' of type 'byte' with value of type 'uint8'[0m

[1mtest_all.npk:0:0: [0m[1;31merror[0m: [1mLine 168, Column 21: Undefined identifier: 'first'[0m

[1mtest_all.npk:0:0: [0m[1;31merror[0m: [1mLine 203, Column 21: Undefined identifier: 'to_lower_ascii'[0m

[1mtest_all.npk:0:0: [0m[1;31merror[0m: [1mLine 207, Column 13: Undefined identifier: 'to_lower_ascii'[0m

[1mtest_all.npk:0:0: [0m[1;31merror[0m: [1mLine 207, Column 37: Undefined identifier: 'first_lo'[0m

[1mtest_all.npk:0:0: [0m[1;31merror[0m: [1mLine 267, Column 19: @cast supports numeric types and pointer types only. Cannot cast 'byte[32]' to 'uint8@'[0m

[1mtest_all.npk:0:0: [0m[1;31merror[0m: [1mLine 273, Column 26: @cast supports numeric types and pointer types only. Cannot cast 'byte[32]' to 'uint8@'[0m

[1mtest_all.npk:0:0: [0m[1;31merror[0m: [1mLine 300, Column 19: @cast supports numeric types and pointer types only. Cannot cast 'byte[32]' to 'uint8@'[0m

[1mtest_all.npk:0:0: [0m[1;31merror[0m: [1mLine 305, Column 40: @cast supports numeric types and pointer types only. Cannot cast 'byte[32]' to 'uint8@'[0m

[1mtest_all.npk:0:0: [0m[1;31merror[0m: [1mLine 324, Column 24: Function expects 2 argument(s), but 1 provided[0m

[1mtest_all.npk:0:0: [0m[1;31merror[0m: [1mLine 328, Column 19: @cast supports numeric types and pointer types only. Cannot cast 'byte[32]' to 'uint8@'[0m

[1mtest_all.npk:0:0: [0m[1;31merror[0m: [1mLine 333, Column 41: @cast supports numeric types and pointer types only. Cannot cast 'byte[32]' to 'uint8@'[0m

[1mtest_all.npk:0:0: [0m[1;31merror[0m: [1mLine 54, Column 21: Cannot compare incompatible types: 'int64@' and 'int64'[0m

[1mtest_all.npk:0:0: [0m[1;31merror[0m: [1mLine 61, Column 21: Cannot compare incompatible types: 'int64@' and 'int64'[0m

[1mtest_all.npk:0:0: [0m[1;31merror[0m: [1mLine 67, Column 5: Undefined identifier: 'charset_build'[0m

[1mtest_all.npk:0:0: [0m[1;31merror[0m: [1mLine 73, Column 27: Undefined identifier: 'charset_test'[0m

[1mtest_all.npk:0:0: [0m[1;31merror[0m: [1mLine 79, Column 21: Cannot compare incompatible types: 'int64@' and 'int64'[0m

[1mtest_all.npk:0:0: [0m[1;31merror[0m: [1mLine 87, Column 28: Undefined identifier: 'charset_test'[0m

[1mtest_all.npk:0:0: [0m[1;31merror[0m: [1mLine 94, Column 21: Cannot compare incompatible types: 'int64@' and 'int64'[0m

[1mtest_all.npk:0:0: [0m[1;31merror[0m: [1mLine 96, Column 21: Cannot compare incompatible types: 'int64@' and 'int64'[0m

[1mtest_all.npk:0:0: [0m[1;31merror[0m: [1mLine 118, Column 17: Cannot compare incompatible types: 'int64@' and 'int64'[0m

[1mtest_all.npk:0:0: [0m[1;31merror[0m: [1mLine 130, Column 5: Undefined identifier: 'charset_build'[0m

[1mtest_all.npk:0:0: [0m[1;31merror[0m: [1mLine 133, Column 28: Undefined identifier: 'charset_test'[0m

[1mtest_all.npk:0:0: [0m[1;31merror[0m: [1mLine 163, Column 29: Function expects 2 argument(s), but 1 provided[0m

[1mtest_all.npk:0:0: [0m[1;31merror[0m: [1mLine 209, Column 48: Cannot compare incompatible types: 'uint8' and 'byte'[0m

[1mtest_all.npk:0:0: [0m[1;31merror[0m: [1mLogical operator requires 'bool' type on left side, got 'byte'. Use explicit comparison (e.g., x != 0) instead of truthiness.[0m

[1mtest_all.npk:0:0: [0m[1;31merror[0m: [1mLine 270, Column 22: Cannot index non-array type '*StrField'[0m

[1mtest_all.npk:0:0: [0m[1;31merror[0m: [1mLine 271, Column 22: Cannot index non-array type '*StrField'[0m

[1mtest_all.npk:0:0: [0m[1;31merror[0m: [1mLine 115, Column 5: Cannot silently unwrap Result<int64> into 'sr' of type 'int64'. Declare as Result<int64> and check .is_error, or use 'raw expr' to explicitly assert the call cannot fail.[0m

[1mtest_all.npk:0:0: [0m[1;31merror[0m: [1mLine 116, Column 12: Member access (.) requires struct, object, or union type, got 'int64'. Use -> for pointer member access.[0m

[1mtest_all.npk:0:0: [0m[1;31merror[0m: [1mLine 117, Column 19: Member access (.) requires struct, object, or union type, got 'int64'. Use -> for pointer member access.[0m

[1mtest_all.npk:0:0: [0m[1;31merror[0m: [1mLine 120, Column 5: Cannot silently unwrap Result<int64> into 'br' of type 'int64'. Declare as Result<int64> and check .is_error, or use 'raw expr' to explicitly assert the call cannot fail.[0m

[1mtest_all.npk:0:0: [0m[1;31merror[0m: [1mLine 121, Column 12: Member access (.) requires struct, object, or union type, got 'int64'. Use -> for pointer member access.[0m

[1mtest_all.npk:0:0: [0m[1;31merror[0m: [1mLine 127, Column 8: Member access (.) requires struct, object, or union type, got 'int64'. Use -> for pointer member access.[0m

[1mtest_all.npk:0:0: [0m[1;31merror[0m: [1mLine 128, Column 8: Member access (.) requires struct, object, or union type, got 'int64'. Use -> for pointer member access.[0m

[1mtest_all.npk:0:0: [0m[1;31merror[0m: [1mLine 129, Column 8: Member access (.) requires struct, object, or union type, got 'int64'. Use -> for pointer member access.[0m

[1mtest_all.npk:0:0: [0m[1;31merror[0m: [1mLine 132, Column 34: Member access (.) requires struct, object, or union type, got 'int64'. Use -> for pointer member access.[0m

[1mtest_all.npk:0:0: [0m[1;31merror[0m: [1mLine 142, Column 10: Member access (.) requires struct, object, or union type, got '*StrBuf'. Use -> for pointer member access.[0m

[1mtest_all.npk:0:0: [0m[1;31merror[0m: [1mLine 153, Column 6: Member access (.) requires struct, object, or union type, got '*StrBuf'. Use -> for pointer member access.[0m

[1mtest_all.npk:0:0: [0m[1;31merror[0m: [1mLine 154, Column 10: Member access (.) requires struct, object, or union type, got '*StrBuf'. Use -> for pointer member access.[0m

[1mtest_all.npk:0:0: [0m[1;31merror[0m: [1mLine 167, Column 18: Member access (.) requires struct, object, or union type, got '*StrBuf'. Use -> for pointer member access.[0m

[1mtest_all.npk:0:0: [0m[1;31merror[0m: [1mLine 168, Column 6: Member access (.) requires struct, object, or union type, got '*StrBuf'. Use -> for pointer member access.[0m

[1mtest_all.npk:0:0: [0m[1;31merror[0m: [1mLine 170, Column 5: Pass value type '*StrBuf' does not match function value type 'int64'[0m

[1mtest_all.npk:0:0: [0m[1;31merror[0m: [1mLine 181, Column 16: Member access (.) requires struct, object, or union type, got '*StrBuf'. Use -> for pointer member access.[0m

[1mtest_all.npk:0:0: [0m[1;31merror[0m: [1mLine 182, Column 26: Undefined identifier: 'n'. Did you mean 's'?[0m

[1mtest_all.npk:0:0: [0m[1;31merror[0m: [1mLine 183, Column 10: Member access (.) requires struct, object, or union type, got '*StrBuf'. Use -> for pointer member access.[0m

[1mtest_all.npk:0:0: [0m[1;31merror[0m: [1mLine 188, Column 21: Undefined identifier: 'r'. Did you mean 's'?[0m

[1mtest_all.npk:0:0: [0m[1;31merror[0m: [1mLine 189, Column 16: Unused result from NIL-returning function. Even NIL functions can fail (bad args, internal error), so the Result<NIL> must be handled. Use drop(func(...)) to discard, or check .is_error to handle failures.[0m

[1mtest_all.npk:0:0: [0m[1;31merror[0m: [1mLine 190, Column 11: Member access (.) requires struct, object, or union type, got '*StrBuf'. Use -> for pointer member access.[0m

[1mtest_all.npk:0:0: [0m[1;31merror[0m: [1mLine 200, Column 40: Member access (.) requires struct, object, or union type, got '*StrBuf'. Use -> for pointer member access.[0m

[1mtest_all.npk:0:0: [0m[1;31merror[0m: [1mLine 206, Column 40: Member access (.) requires struct, object, or union type, got '*StrBuf'. Use -> for pointer member access.[0m

[1mtest_all.npk:0:0: [0m[1;31merror[0m: [1mLine 213, Column 40: Member access (.) requires struct, object, or union type, got '*StrBuf'. Use -> for pointer member access.[0m

[1mtest_all.npk:0:0: [0m[1;31merror[0m: [1mLine 219, Column 40: Member access (.) requires struct, object, or union type, got '*StrBuf'. Use -> for pointer member access.[0m

[1mtest_all.npk:0:0: [0m[1;31merror[0m: [1mLine 230, Column 9: Logical NOT requires 'bool' type, got 'Result<bool>'. Use explicit comparison (e.g., x == 0) instead of truthiness.[0m

[1mtest_all.npk:0:0: [0m[1;31merror[0m: [1mLine 233, Column 43: Member access (.) requires struct, object, or union type, got '*StrBuf'. Use -> for pointer member access.[0m

[1mtest_all.npk:0:0: [0m[1;31merror[0m: [1mLine 234, Column 8: Member access (.) requires struct, object, or union type, got '*StrBuf'. Use -> for pointer member access.[0m

[1mtest_all.npk:0:0: [0m[1;31merror[0m: [1mLine 235, Column 6: Member access (.) requires struct, object, or union type, got '*StrBuf'. Use -> for pointer member access.[0m

[1mtest_all.npk:0:0: [0m[1;31merror[0m: [1mLine 236, Column 8: Member access (.) requires struct, object, or union type, got '*StrBuf'. Use -> for pointer member access.[0m

[1mtest_all.npk:0:0: [0m[1;31merror[0m: [1mLine 244, Column 9: Logical NOT requires 'bool' type, got 'Result<bool>'. Use explicit comparison (e.g., x == 0) instead of truthiness.[0m

[1mtest_all.npk:0:0: [0m[1;31merror[0m: [1mLine 247, Column 22: Member access (.) requires struct, object, or union type, got '*StrBuf'. Use -> for pointer member access.[0m

[1mtest_all.npk:0:0: [0m[1;31merror[0m: [1mLine 247, Column 31: Member access (.) requires struct, object, or union type, got '*StrBuf'. Use -> for pointer member access.[0m

[1mtest_all.npk:0:0: [0m[1;31merror[0m: [1mLine 248, Column 6: Member access (.) requires struct, object, or union type, got '*StrBuf'. Use -> for pointer member access.[0m

[1mtest_all.npk:0:0: [0m[1;31merror[0m: [1mLine 249, Column 32: Member access (.) requires struct, object, or union type, got '*StrBuf'. Use -> for pointer member access.[0m

[1mtest_all.npk:0:0: [0m[1;31merror[0m: [1mLine 257, Column 5: Cannot silently unwrap Result<int64> into 'n' of type 'int64'. Declare as Result<int64> and check .is_error, or use 'raw expr' to explicitly assert the call cannot fail.[0m

[1mtest_all.npk:0:0: [0m[1;31merror[0m: [1mLine 266, Column 10: Member access (.) requires struct, object, or union type, got '*StrBuf'. Use -> for pointer member access.[0m

[1mtest_all.npk:0:0: [0m[1;31merror[0m: [1mLine 267, Column 35: Member access (.) requires struct, object, or union type, got '*StrBuf'. Use -> for pointer member access.[0m

[1mtest_all.npk:0:0: [0m[1;31merror[0m: [1mLine 273, Column 9: Logical NOT requires 'bool' type, got 'Result<bool>'. Use explicit comparison (e.g., x == 0) instead of truthiness.[0m

[1mtest_all.npk:0:0: [0m[1;31merror[0m: [1mLine 275, Column 22: Member access (.) requires struct, object, or union type, got '*StrBuf'. Use -> for pointer member access.[0m

[1mtest_all.npk:0:0: [0m[1;31merror[0m: [1mLine 275, Column 31: Member access (.) requires struct, object, or union type, got '*StrBuf'. Use -> for pointer member access.[0m

[1mtest_all.npk:0:0: [0m[1;31merror[0m: [1mLine 276, Column 6: Member access (.) requires struct, object, or union type, got '*StrBuf'. Use -> for pointer member access.[0m

[1mtest_all.npk:0:0: [0m[1;31merror[0m: [1mLine 277, Column 32: Member access (.) requires struct, object, or union type, got '*StrBuf'. Use -> for pointer member access.[0m

[1mtest_all.npk:0:0: [0m[1;31merror[0m: [1mLine 294, Column 21: @cast supports numeric types and pointer types only. Cannot cast 'byte[4096]' to 'int64'[0m

[1mtest_all.npk:0:0: [0m[1;31merror[0m: [1mLine 295, Column 24: Undefined identifier: 'tmp_ptr'[0m

[1mtest_all.npk:0:0: [0m[1;31merror[0m: [1mLine 296, Column 26: Undefined identifier: 'tmp_ptr'[0m

[1mtest_all.npk:0:0: [0m[1;31merror[0m: [1mLine 298, Column 34: Undefined identifier: 'tmp_ptr'[0m

[1mtest_all.npk:0:0: [0m[1;31merror[0m: [1mLine 305, Column 21: @cast supports numeric types and pointer types only. Cannot cast 'byte[4096]' to 'int64'[0m

[1mtest_all.npk:0:0: [0m[1;31merror[0m: [1mLine 306, Column 24: Undefined identifier: 'tmp_ptr'[0m

[1mtest_all.npk:0:0: [0m[1;31merror[0m: [1mLine 307, Column 26: Undefined identifier: 'tmp_ptr'[0m

[1mtest_all.npk:0:0: [0m[1;31merror[0m: [1mLine 309, Column 34: Undefined identifier: 'tmp_ptr'[0m

[1mtest_all.npk:0:0: [0m[1;31merror[0m: [1mLine 316, Column 21: @cast supports numeric types and pointer types only. Cannot cast 'byte[4096]' to 'int64'[0m

[1mtest_all.npk:0:0: [0m[1;31merror[0m: [1mLine 317, Column 24: Undefined identifier: 'tmp_ptr'[0m

[1mtest_all.npk:0:0: [0m[1;31merror[0m: [1mLine 318, Column 26: Undefined identifier: 'tmp_ptr'[0m

[1mtest_all.npk:0:0: [0m[1;31merror[0m: [1mLine 320, Column 34: Undefined identifier: 'tmp_ptr'[0m

[1mtest_all.npk:0:0: [0m[1;31merror[0m: [1mLine 328, Column 21: @cast supports numeric types and pointer types only. Cannot cast 'byte[4096]' to 'int64'[0m

[1mtest_all.npk:0:0: [0m[1;31merror[0m: [1mLine 329, Column 24: Undefined identifier: 'tmp_ptr'[0m

[1mtest_all.npk:0:0: [0m[1;31merror[0m: [1mLine 330, Column 26: Undefined identifier: 'tmp_ptr'[0m

[1mtest_all.npk:0:0: [0m[1;31merror[0m: [1mLine 332, Column 34: Undefined identifier: 'tmp_ptr'[0m

[1mtest_all.npk:0:0: [0m[1;31merror[0m: [1mLine 340, Column 21: @cast supports numeric types and pointer types only. Cannot cast 'byte[4096]' to 'int64'[0m

[1mtest_all.npk:0:0: [0m[1;31merror[0m: [1mLine 341, Column 24: Undefined identifier: 'tmp_ptr'[0m

[1mtest_all.npk:0:0: [0m[1;31merror[0m: [1mLine 342, Column 26: Undefined identifier: 'tmp_ptr'[0m

[1mtest_all.npk:0:0: [0m[1;31merror[0m: [1mLine 344, Column 34: Undefined identifier: 'tmp_ptr'[0m

[1mtest_all.npk:0:0: [0m[1;31merror[0m: [1mLine 352, Column 21: @cast supports numeric types and pointer types only. Cannot cast 'byte[4096]' to 'int64'[0m

[1mtest_all.npk:0:0: [0m[1;31merror[0m: [1mLine 353, Column 10: Undefined identifier: 'str_snprintf5'[0m

[1mtest_all.npk:0:0: [0m[1;31merror[0m: [1mLine 354, Column 26: Undefined identifier: 'tmp_ptr'[0m

[1mtest_all.npk:0:0: [0m[1;31merror[0m: [1mLine 356, Column 34: Undefined identifier: 'tmp_ptr'[0m

[1mtest_all.npk:0:0: [0m[1;31merror[0m: [1mLine 365, Column 21: @cast supports numeric types and pointer types only. Cannot cast 'byte[4096]' to 'int64'[0m

[1mtest_all.npk:0:0: [0m[1;31merror[0m: [1mLine 366, Column 24: Undefined identifier: 'tmp_ptr'[0m

[1mtest_all.npk:0:0: [0m[1;31merror[0m: [1mLine 367, Column 26: Undefined identifier: 'tmp_ptr'[0m

[1mtest_all.npk:0:0: [0m[1;31merror[0m: [1mLine 369, Column 34: Undefined identifier: 'tmp_ptr'[0m

[1mtest_all.npk:0:0: [0m[1;31merror[0m: [1mLine 378, Column 21: @cast supports numeric types and pointer types only. Cannot cast 'byte[4096]' to 'int64'[0m

[1mtest_all.npk:0:0: [0m[1;31merror[0m: [1mLine 379, Column 10: Undefined identifier: 'str_snprintf7'[0m

[1mtest_all.npk:0:0: [0m[1;31merror[0m: [1mLine 380, Column 26: Undefined identifier: 'tmp_ptr'[0m

[1mtest_all.npk:0:0: [0m[1;31merror[0m: [1mLine 382, Column 34: Undefined identifier: 'tmp_ptr'[0m

[1mtest_all.npk:0:0: [0m[1;31merror[0m: [1mLine 391, Column 21: @cast supports numeric types and pointer types only. Cannot cast 'byte[4096]' to 'int64'[0m

[1mtest_all.npk:0:0: [0m[1;31merror[0m: [1mLine 392, Column 24: Undefined identifier: 'tmp_ptr'[0m

[1mtest_all.npk:0:0: [0m[1;31merror[0m: [1mLine 393, Column 26: Undefined identifier: 'tmp_ptr'[0m

[1mtest_all.npk:0:0: [0m[1;31merror[0m: [1mLine 395, Column 34: Undefined identifier: 'tmp_ptr'[0m

[1mtest_all.npk:0:0: [0m[1;31merror[0m: [1mLine 408, Column 15: Member access (.) requires struct, object, or union type, got '*StrBuf'. Use -> for pointer member access.[0m

[1mtest_all.npk:0:0: [0m[1;31merror[0m: [1mLine 410, Column 6: Member access (.) requires struct, object, or union type, got '*StrBuf'. Use -> for pointer member access.[0m

[1mtest_all.npk:0:0: [0m[1;31merror[0m: [1mLine 411, Column 32: Member access (.) requires struct, object, or union type, got '*StrBuf'. Use -> for pointer member access.[0m

[1mtest_all.npk:0:0: [0m[1;31merror[0m: [1mLine 419, Column 43: Member access (.) requires struct, object, or union type, got '*StrBuf'. Use -> for pointer member access.[0m

[1mtest_all.npk:0:0: [0m[1;31merror[0m: [1mLine 420, Column 10: Member access (.) requires struct, object, or union type, got '*StrBuf'. Use -> for pointer member access.[0m

[1mtest_all.npk:0:0: [0m[1;31merror[0m: [1mLine 420, Column 29: Member access (.) requires struct, object, or union type, got '*StrBuf'. Use -> for pointer member access.[0m

[1mtest_all.npk:0:0: [0m[1;31merror[0m: [1mLine 424, Column 10: Member access (.) requires struct, object, or union type, got '*StrBuf'. Use -> for pointer member access.[0m

[1mtest_all.npk:0:0: [0m[1;31merror[0m: [1mLine 424, Column 29: Member access (.) requires struct, object, or union type, got '*StrBuf'. Use -> for pointer member access.[0m

[1mtest_all.npk:0:0: [0m[1;31merror[0m: [1mLine 440, Column 10: Member access (.) requires struct, object, or union type, got '*StrBuf'. Use -> for pointer member access.[0m

[1mtest_all.npk:0:0: [0m[1;31merror[0m: [1mLine 441, Column 15: Undefined identifier: 'libn_write_all'[0m

[1mtest_all.npk:0:0: [0m[1;31merror[0m: [1mLine 442, Column 10: Member access (.) requires struct, object, or union type, got '*StrBuf'. Use -> for pointer member access.[0m

[1mtest_all.npk:0:0: [0m[1;31merror[0m: [1mLine 443, Column 11: Member access (.) requires struct, object, or union type, got '*StrBuf'. Use -> for pointer member access.[0m

[1mtest_all.npk:0:0: [0m[1;31merror[0m: [1mLine 71, Column 11: Member access (.) requires struct, object, or union type, got '*StrView'. Use -> for pointer member access.[0m

[1mtest_all.npk:0:0: [0m[1;31merror[0m: [1mLine 72, Column 11: Member access (.) requires struct, object, or union type, got '*StrView'. Use -> for pointer member access.[0m

[1mtest_all.npk:0:0: [0m[1;31merror[0m: [1mLine 75, Column 7: Member access (.) requires struct, object, or union type, got '*StrView'. Use -> for pointer member access.[0m

[1mtest_all.npk:0:0: [0m[1;31merror[0m: [1mLine 76, Column 7: Member access (.) requires struct, object, or union type, got '*StrView'. Use -> for pointer member access.[0m

[1mtest_all.npk:0:0: [0m[1;31merror[0m: [1mLine 83, Column 7: Member access (.) requires struct, object, or union type, got '*StrView'. Use -> for pointer member access.[0m

[1mtest_all.npk:0:0: [0m[1;31merror[0m: [1mLine 84, Column 7: Member access (.) requires struct, object, or union type, got '*StrView'. Use -> for pointer member access.[0m

[1mtest_all.npk:0:0: [0m[1;31merror[0m: [1mLine 85, Column 28: Member access (.) requires struct, object, or union type, got '*StrView'. Use -> for pointer member access.[0m

[1mtest_all.npk:0:0: [0m[1;31merror[0m: [1mLine 93, Column 11: Member access (.) requires struct, object, or union type, got '*StrView'. Use -> for pointer member access.[0m

[1mtest_all.npk:0:0: [0m[1;31merror[0m: [1mLine 94, Column 11: Member access (.) requires struct, object, or union type, got '*StrView'. Use -> for pointer member access.[0m

[1mtest_all.npk:0:0: [0m[1;31merror[0m: [1mLine 98, Column 7: Member access (.) requires struct, object, or union type, got '*StrView'. Use -> for pointer member access.[0m

[1mtest_all.npk:0:0: [0m[1;31merror[0m: [1mLine 99, Column 7: Member access (.) requires struct, object, or union type, got '*StrView'. Use -> for pointer member access.[0m

[1mtest_all.npk:0:0: [0m[1;31merror[0m: [1mLine 105, Column 7: Member access (.) requires struct, object, or union type, got '*StrView'. Use -> for pointer member access.[0m

[1mtest_all.npk:0:0: [0m[1;31merror[0m: [1mLine 106, Column 7: Member access (.) requires struct, object, or union type, got '*StrView'. Use -> for pointer member access.[0m

[1mtest_all.npk:0:0: [0m[1;31merror[0m: [1mLine 117, Column 18: Member access (.) requires struct, object, or union type, got '*StrView'. Use -> for pointer member access.[0m

[1mtest_all.npk:0:0: [0m[1;31merror[0m: [1mLine 122, Column 20: Member access (.) requires struct, object, or union type, got '*StrView'. Use -> for pointer member access.[0m

[1mtest_all.npk:0:0: [0m[1;31merror[0m: [1mLine 123, Column 27: Cannot compare incompatible types: 'int64' and 'func() -> Result<int32>'[0m

[1mtest_all.npk:0:0: [0m[1;31merror[0m: [1mLine 124, Column 6: Member access (.) requires struct, object, or union type, got '*StrView'. Use -> for pointer member access.[0m

[1mtest_all.npk:0:0: [0m[1;31merror[0m: [1mLine 125, Column 6: Member access (.) requires struct, object, or union type, got '*StrView'. Use -> for pointer member access.[0m

[1mtest_all.npk:0:0: [0m[1;31merror[0m: [1mLine 135, Column 41: Member access (.) requires struct, object, or union type, got '*StrView'. Use -> for pointer member access.[0m

[1mtest_all.npk:0:0: [0m[1;31merror[0m: [1mLine 141, Column 41: Member access (.) requires struct, object, or union type, got '*StrView'. Use -> for pointer member access.[0m

[1mtest_all.npk:0:0: [0m[1;31merror[0m: [1mLine 147, Column 41: Member access (.) requires struct, object, or union type, got '*StrView'. Use -> for pointer member access.[0m

[1mtest_all.npk:0:0: [0m[1;31merror[0m: [1mLine 155, Column 27: Member access (.) requires struct, object, or union type, got '*StrView'. Use -> for pointer member access.[0m

[1mtest_all.npk:0:0: [0m[1;31merror[0m: [1mLine 156, Column 60: Member access (.) requires struct, object, or union type, got '*StrView'. Use -> for pointer member access.[0m

[1mtest_all.npk:0:0: [0m[1;31merror[0m: [1mLine 167, Column 10: Member access (.) requires struct, object, or union type, got '*StrView'. Use -> for pointer member access.[0m

[1mtest_all.npk:0:0: [0m[1;31merror[0m: [1mLine 168, Column 60: Member access (.) requires struct, object, or union type, got '*StrView'. Use -> for pointer member access.[0m

[1mtest_all.npk:0:0: [0m[1;31merror[0m: [1mLine 179, Column 11: Member access (.) requires struct, object, or union type, got '*StrView'. Use -> for pointer member access.[0m

[1mtest_all.npk:0:0: [0m[1;31merror[0m: [1mLine 179, Column 22: Member access (.) requires struct, object, or union type, got '*StrView'. Use -> for pointer member access.[0m

[1mtest_all.npk:0:0: [0m[1;31merror[0m: [1mLine 180, Column 11: Member access (.) requires struct, object, or union type, got '*StrView'. Use -> for pointer member access.[0m

[1mtest_all.npk:0:0: [0m[1;31merror[0m: [1mLine 181, Column 11: Member access (.) requires struct, object, or union type, got '*StrView'. Use -> for pointer member access.[0m

[1mtest_all.npk:0:0: [0m[1;31merror[0m: [1mLine 181, Column 22: Member access (.) requires struct, object, or union type, got '*StrView'. Use -> for pointer member access.[0m

[1mtest_all.npk:0:0: [0m[1;31merror[0m: [1mLine 182, Column 22: Member access (.) requires struct, object, or union type, got '*StrView'. Use -> for pointer member access.[0m

[1mtest_all.npk:0:0: [0m[1;31merror[0m: [1mLine 189, Column 5: Cannot silently unwrap Result<int64> into 'slen' of type 'int64'. Declare as Result<int64> and check .is_error, or use 'raw expr' to explicitly assert the call cannot fail.[0m

[1mtest_all.npk:0:0: [0m[1;31merror[0m: [1mLine 190, Column 10: Member access (.) requires struct, object, or union type, got '*StrView'. Use -> for pointer member access.[0m

[1mtest_all.npk:0:0: [0m[1;31merror[0m: [1mLine 191, Column 10: Member access (.) requires struct, object, or union type, got '*StrView'. Use -> for pointer member access.[0m

[1mtest_all.npk:0:0: [0m[1;31merror[0m: [1mLine 192, Column 21: Member access (.) requires struct, object, or union type, got '*StrView'. Use -> for pointer member access.[0m

[1mtest_all.npk:0:0: [0m[1;31merror[0m: [1mLine 200, Column 23: Member access (.) requires struct, object, or union type, got '*StrView'. Use -> for pointer member access.[0m

[1mtest_all.npk:0:0: [0m[1;31merror[0m: [1mLine 201, Column 13: Member access (.) requires struct, object, or union type, got '*StrView'. Use -> for pointer member access.[0m

[1mtest_all.npk:0:0: [0m[1;31merror[0m: [1mLine 201, Column 23: Member access (.) requires struct, object, or union type, got '*StrView'. Use -> for pointer member access.[0m

[1mtest_all.npk:0:0: [0m[1;31merror[0m: [1mLine 202, Column 28: Member access (.) requires struct, object, or union type, got '*StrView'. Use -> for pointer member access.[0m

[1mtest_all.npk:0:0: [0m[1;31merror[0m: [1mLine 204, Column 11: Member access (.) requires struct, object, or union type, got '*StrView'. Use -> for pointer member access.[0m

[1mtest_all.npk:0:0: [0m[1;31merror[0m: [1mLine 204, Column 21: Member access (.) requires struct, object, or union type, got '*StrView'. Use -> for pointer member access.[0m

[1mtest_all.npk:0:0: [0m[1;31merror[0m: [1mLine 205, Column 11: Member access (.) requires struct, object, or union type, got '*StrView'. Use -> for pointer member access.[0m

[1mtest_all.npk:0:0: [0m[1;31merror[0m: [1mLine 205, Column 21: Member access (.) requires struct, object, or union type, got '*StrView'. Use -> for pointer member access.[0m

[1mtest_all.npk:0:0: [0m[1;31merror[0m: [1mLine 213, Column 14: Member access (.) requires struct, object, or union type, got '*StrView'. Use -> for pointer member access.[0m

[1mtest_all.npk:0:0: [0m[1;31merror[0m: [1mLine 217, Column 19: @cast supports numeric types and pointer types only. Cannot cast 'StrView' to 'int64'[0m

[1mtest_all.npk:0:0: [0m[1;31merror[0m: [1mLine 218, Column 26: @cast supports numeric types and pointer types only. Cannot cast 'StrView' to 'int64'[0m

[1mtest_all.npk:0:0: [0m[1;31merror[0m: [1mLine 229, Column 10: Member access (.) requires struct, object, or union type, got '*StrView'. Use -> for pointer member access.[0m

[1mtest_all.npk:0:0: [0m[1;31merror[0m: [1mLine 230, Column 10: Member access (.) requires struct, object, or union type, got '*StrView'. Use -> for pointer member access.[0m

[1mtest_all.npk:0:0: [0m[1;31merror[0m: [1mLine 230, Column 19: Member access (.) requires struct, object, or union type, got '*StrView'. Use -> for pointer member access.[0m

[1mtest_all.npk:0:0: [0m[1;31merror[0m: [1mLine 231, Column 21: Member access (.) requires struct, object, or union type, got '*StrView'. Use -> for pointer member access.[0m

[1mtest_all.npk:0:0: [0m[1;31merror[0m: [1mLine 238, Column 5: Cannot silently unwrap Result<int64> into 'plen' of type 'int64'. Declare as Result<int64> and check .is_error, or use 'raw expr' to explicitly assert the call cannot fail.[0m

[1mtest_all.npk:0:0: [0m[1;31merror[0m: [1mLine 239, Column 14: Cannot compare incompatible types: 'func() -> Result<int32>' and 'int64'[0m

[1mtest_all.npk:0:0: [0m[1;31merror[0m: [1mLine 240, Column 17: Member access (.) requires struct, object, or union type, got '*StrView'. Use -> for pointer member access.[0m

[1mtest_all.npk:0:0: [0m[1;31merror[0m: [1mLine 241, Column 21: Member access (.) requires struct, object, or union type, got '*StrView'. Use -> for pointer member access.[0m

[1mtest_all.npk:0:0: [0m[1;31merror[0m: [1mLine 248, Column 10: Member access (.) requires struct, object, or union type, got '*StrView'. Use -> for pointer member access.[0m

[1mtest_all.npk:0:0: [0m[1;31merror[0m: [1mLine 249, Column 10: Member access (.) requires struct, object, or union type, got '*StrView'. Use -> for pointer member access.[0m

[1mtest_all.npk:0:0: [0m[1;31merror[0m: [1mLine 249, Column 19: Member access (.) requires struct, object, or union type, got '*StrView'. Use -> for pointer member access.[0m

[1mtest_all.npk:0:0: [0m[1;31merror[0m: [1mLine 250, Column 21: Member access (.) requires struct, object, or union type, got '*StrView'. Use -> for pointer member access.[0m

[1mtest_all.npk:0:0: [0m[1;31merror[0m: [1mLine 250, Column 30: Member access (.) requires struct, object, or union type, got '*StrView'. Use -> for pointer member access.[0m

[1mtest_all.npk:0:0: [0m[1;31merror[0m: [1mLine 250, Column 39: Member access (.) requires struct, object, or union type, got '*StrView'. Use -> for pointer member access.[0m

[1mtest_all.npk:0:0: [0m[1;31merror[0m: [1mLine 257, Column 5: Cannot silently unwrap Result<int64> into 'xlen' of type 'int64'. Declare as Result<int64> and check .is_error, or use 'raw expr' to explicitly assert the call cannot fail.[0m

[1mtest_all.npk:0:0: [0m[1;31merror[0m: [1mLine 258, Column 14: Cannot compare incompatible types: 'func() -> Result<int32>' and 'int64'[0m

[1mtest_all.npk:0:0: [0m[1;31merror[0m: [1mLine 259, Column 17: Member access (.) requires struct, object, or union type, got '*StrView'. Use -> for pointer member access.[0m

[1mtest_all.npk:0:0: [0m[1;31merror[0m: [1mLine 260, Column 21: Member access (.) requires struct, object, or union type, got '*StrView'. Use -> for pointer member access.[0m

[1mtest_all.npk:0:0: [0m[1;31merror[0m: [1mLine 260, Column 30: Member access (.) requires struct, object, or union type, got '*StrView'. Use -> for pointer member access.[0m

[1mtest_all.npk:0:0: [0m[1;31merror[0m: [1mLine 266, Column 28: if condition must be 'bool' type, got 'Result<bool>'. Use explicit comparison (e.g., x != 0) instead of truthiness.[0m

[1mtest_all.npk:0:0: [0m[1;31merror[0m: [1mLine 268, Column 29: Member access (.) requires struct, object, or union type, got '*StrView'. Use -> for pointer member access.[0m

[1mtest_all.npk:0:0: [0m[1;31merror[0m: [1mLine 272, Column 10: Member access (.) requires struct, object, or union type, got '*StrView'. Use -> for pointer member access.[0m

[1mtest_all.npk:0:0: [0m[1;31merror[0m: [1mLine 273, Column 10: Member access (.) requires struct, object, or union type, got '*StrView'. Use -> for pointer member access.[0m

[1mtest_all.npk:0:0: [0m[1;31merror[0m: [1mLine 280, Column 32: if condition must be 'bool' type, got 'Result<bool>'. Use explicit comparison (e.g., x != 0) instead of truthiness.[0m

[1mtest_all.npk:0:0: [0m[1;31merror[0m: [1mLine 281, Column 9: Cannot silently unwrap Result<int64> into 'plen' of type 'int64'. Declare as Result<int64> and check .is_error, or use 'raw expr' to explicitly assert the call cannot fail.[0m

[1mtest_all.npk:0:0: [0m[1;31merror[0m: [1mLine 282, Column 39: Cannot assign value of type 'int64' to variable of type 'func() -> Result<int32>'[0m

[1mtest_all.npk:0:0: [0m[1;31merror[0m: [1mLine 283, Column 23: Unused result from NIL-returning function. Even NIL functions can fail (bad args, internal error), so the Result<NIL> must be handled. Use drop(func(...)) to discard, or check .is_error to handle failures.[0m

[1mtest_all.npk:0:0: [0m[1;31merror[0m: [1mLine 287, Column 10: Member access (.) requires struct, object, or union type, got '*StrView'. Use -> for pointer member access.[0m

[1mtest_all.npk:0:0: [0m[1;31merror[0m: [1mLine 288, Column 10: Member access (.) requires struct, object, or union type, got '*StrView'. Use -> for pointer member access.[0m

[1mtest_all.npk:0:0: [0m[1;31merror[0m: [1mLine 296, Column 26: if condition must be 'bool' type, got 'Result<bool>'. Use explicit comparison (e.g., x != 0) instead of truthiness.[0m

[1mtest_all.npk:0:0: [0m[1;31merror[0m: [1mLine 298, Column 10: Member access (.) requires struct, object, or union type, got '*StrView'. Use -> for pointer member access.[0m

[1mtest_all.npk:0:0: [0m[1;31merror[0m: [1mLine 299, Column 10: Member access (.) requires struct, object, or union type, got '*StrView'. Use -> for pointer member access.[0m

[1mtest_all.npk:0:0: [0m[1;31merror[0m: [1mLine 301, Column 10: Member access (.) requires struct, object, or union type, got '*StrView'. Use -> for pointer member access.[0m

[1mtest_all.npk:0:0: [0m[1;31merror[0m: [1mLine 302, Column 10: Member access (.) requires struct, object, or union type, got '*StrView'. Use -> for pointer member access.[0m

[1mtest_all.npk:0:0: [0m[1;31merror[0m: [1mLine 310, Column 30: if condition must be 'bool' type, got 'Result<bool>'. Use explicit comparison (e.g., x != 0) instead of truthiness.[0m

[1mtest_all.npk:0:0: [0m[1;31merror[0m: [1mLine 311, Column 9: Cannot silently unwrap Result<int64> into 'xlen' of type 'int64'. Declare as Result<int64> and check .is_error, or use 'raw expr' to explicitly assert the call cannot fail.[0m

[1mtest_all.npk:0:0: [0m[1;31merror[0m: [1mLine 312, Column 39: Cannot assign value of type 'int64' to variable of type 'func() -> Result<int32>'[0m

[1mtest_all.npk:0:0: [0m[1;31merror[0m: [1mLine 313, Column 10: Member access (.) requires struct, object, or union type, got '*StrView'. Use -> for pointer member access.[0m

[1mtest_all.npk:0:0: [0m[1;31merror[0m: [1mLine 314, Column 10: Member access (.) requires struct, object, or union type, got '*StrView'. Use -> for pointer member access.[0m

[1mtest_all.npk:0:0: [0m[1;31merror[0m: [1mLine 316, Column 10: Member access (.) requires struct, object, or union type, got '*StrView'. Use -> for pointer member access.[0m

[1mtest_all.npk:0:0: [0m[1;31merror[0m: [1mLine 317, Column 10: Member access (.) requires struct, object, or union type, got '*StrView'. Use -> for pointer member access.[0m

[1mtest_all.npk:0:0: [0m[1;31merror[0m: [1mLine 330, Column 10: Member access (.) requires struct, object, or union type, got '*StrView'. Use -> for pointer member access.[0m

[1mtest_all.npk:0:0: [0m[1;31merror[0m: [1mLine 331, Column 31: Member access (.) requires struct, object, or union type, got '*StrView'. Use -> for pointer member access.[0m

[1mtest_all.npk:0:0: [0m[1;31merror[0m: [1mLine 332, Column 9: Undefined identifier: 'found'[0m

[1mtest_all.npk:0:0: [0m[1;31merror[0m: [1mLine 333, Column 10: Undefined identifier: 'found'[0m

[1mtest_all.npk:0:0: [0m[1;31merror[0m: [1mLine 333, Column 19: Member access (.) requires struct, object, or union type, got '*StrView'. Use -> for pointer member access.[0m

[1mtest_all.npk:0:0: [0m[1;31merror[0m: [1mLine 341, Column 10: Member access (.) requires struct, object, or union type, got '*StrView'. Use -> for pointer member access.[0m

[1mtest_all.npk:0:0: [0m[1;31merror[0m: [1mLine 342, Column 32: Member access (.) requires struct, object, or union type, got '*StrView'. Use -> for pointer member access.[0m

[1mtest_all.npk:0:0: [0m[1;31merror[0m: [1mLine 343, Column 9: Undefined identifier: 'found'[0m

[1mtest_all.npk:0:0: [0m[1;31merror[0m: [1mLine 344, Column 10: Undefined identifier: 'found'[0m

[1mtest_all.npk:0:0: [0m[1;31merror[0m: [1mLine 344, Column 19: Member access (.) requires struct, object, or union type, got '*StrView'. Use -> for pointer member access.[0m

[1mtest_all.npk:0:0: [0m[1;31merror[0m: [1mLine 352, Column 5: Cannot silently unwrap Result<int64> into 'nlen' of type 'int64'. Declare as Result<int64> and check .is_error, or use 'raw expr' to explicitly assert the call cannot fail.[0m

[1mtest_all.npk:0:0: [0m[1;31merror[0m: [1mLine 353, Column 14: Cannot compare incompatible types: 'func() -> Result<int32>' and 'int64'[0m

[1mtest_all.npk:0:0: [0m[1;31merror[0m: [1mLine 354, Column 17: Member access (.) requires struct, object, or union type, got '*StrView'. Use -> for pointer member access.[0m

[1mtest_all.npk:0:0: [0m[1;31merror[0m: [1mLine 355, Column 31: Member access (.) requires struct, object, or union type, got '*StrView'. Use -> for pointer member access.[0m

[1mtest_all.npk:0:0: [0m[1;31merror[0m: [1mLine 356, Column 9: Undefined identifier: 'found'[0m

[1mtest_all.npk:0:0: [0m[1;31merror[0m: [1mLine 357, Column 10: Undefined identifier: 'found'[0m

[1mtest_all.npk:0:0: [0m[1;31merror[0m: [1mLine 357, Column 19: Member access (.) requires struct, object, or union type, got '*StrView'. Use -> for pointer member access.[0m

[1mtest_all.npk:0:0: [0m[1;31merror[0m: [1mLine 366, Column 10: Member access (.) requires struct, object, or union type, got '*StrView'. Use -> for pointer member access.[0m

[1mtest_all.npk:0:0: [0m[1;31merror[0m: [1mLine 367, Column 10: Member access (.) requires struct, object, or union type, got '*StrView'. Use -> for pointer member access.[0m

[1mtest_all.npk:0:0: [0m[1;31merror[0m: [1mLine 367, Column 19: Member access (.) requires struct, object, or union type, got '*StrView'. Use -> for pointer member access.[0m

[1mtest_all.npk:0:0: [0m[1;31merror[0m: [1mLine 368, Column 31: Member access (.) requires struct, object, or union type, got '*StrView'. Use -> for pointer member access.[0m

[1mtest_all.npk:0:0: [0m[1;31merror[0m: [1mLine 369, Column 9: Undefined identifier: 'found'[0m

[1mtest_all.npk:0:0: [0m[1;31merror[0m: [1mLine 370, Column 10: Undefined identifier: 'found'[0m

[1mtest_all.npk:0:0: [0m[1;31merror[0m: [1mLine 370, Column 19: Member access (.) requires struct, object, or union type, got '*StrView'. Use -> for pointer member access.[0m

[1mtest_all.npk:0:0: [0m[1;31merror[0m: [1mLine 375, Column 35: Cannot compare Result<int64> to int64 directly. Use 'raw' to unwrap: raw expr op int64[0m

[1mtest_all.npk:0:0: [0m[1;31merror[0m: [1mLine 380, Column 39: Cannot compare Result<int64> to int64 directly. Use 'raw' to unwrap: raw expr op int64[0m

[1mtest_all.npk:0:0: [0m[1;31merror[0m: [1mLine 385, Column 35: Cannot compare Result<int64> to int64 directly. Use 'raw' to unwrap: raw expr op int64[0m

[1mtest_all.npk:0:0: [0m[1;31merror[0m: [1mLine 398, Column 38: Member access (.) requires struct, object, or union type, got '*StrView'. Use -> for pointer member access.[0m

[1mtest_all.npk:0:0: [0m[1;31merror[0m: [1mLine 400, Column 6: Member access (.) requires struct, object, or union type, got '*StrView'. Use -> for pointer member access.[0m

[1mtest_all.npk:0:0: [0m[1;31merror[0m: [1mLine 401, Column 6: Member access (.) requires struct, object, or union type, got '*StrView'. Use -> for pointer member access.[0m

[1mtest_all.npk:0:0: [0m[1;31merror[0m: [1mLine 409, Column 14: Member access (.) requires struct, object, or union type, got '*StrView'. Use -> for pointer member access.[0m

[1mtest_all.npk:0:0: [0m[1;31merror[0m: [1mLine 410, Column 6: Member access (.) requires struct, object, or union type, got '*StrView'. Use -> for pointer member access.[0m

[1mtest_all.npk:0:0: [0m[1;31merror[0m: [1mLine 411, Column 6: Member access (.) requires struct, object, or union type, got '*StrView'. Use -> for pointer member access.[0m

[1mtest_all.npk:0:0: [0m[1;31merror[0m: [1mLine 419, Column 14: Member access (.) requires struct, object, or union type, got '*StrView'. Use -> for pointer member access.[0m

[1mtest_all.npk:0:0: [0m[1;31merror[0m: [1mLine 420, Column 6: Member access (.) requires struct, object, or union type, got '*StrView'. Use -> for pointer member access.[0m

[1mtest_all.npk:0:0: [0m[1;31merror[0m: [1mLine 421, Column 6: Member access (.) requires struct, object, or union type, got '*StrView'. Use -> for pointer member access.[0m

[1mtest_all.npk:0:0: [0m[1;31merror[0m: [1mLine 429, Column 43: Member access (.) requires struct, object, or union type, got '*StrView'. Use -> for pointer member access.[0m

[1mtest_all.npk:0:0: [0m[1;31merror[0m: [1mLine 430, Column 17: Member access (.) requires struct, object, or union type, got '*StrView'. Use -> for pointer member access.[0m

[1mtest_all.npk:0:0: [0m[1;31merror[0m: [1mLine 438, Column 6: Member access (.) requires struct, object, or union type, got '*StrView'. Use -> for pointer member access.[0m

[1mtest_all.npk:0:0: [0m[1;31merror[0m: [1mLine 439, Column 6: Member access (.) requires struct, object, or union type, got '*StrView'. Use -> for pointer member access.[0m

[1mtest_all.npk:0:0: [0m[1;31merror[0m: [1mLine 446, Column 16: Member access (.) requires struct, object, or union type, got '*StrView'. Use -> for pointer member access.[0m

[1mtest_all.npk:0:0: [0m[1;31merror[0m: [1mLine 447, Column 43: Member access (.) requires struct, object, or union type, got '*StrView'. Use -> for pointer member access.[0m

[1mtest_all.npk:0:0: [0m[1;31merror[0m: [1mLine 448, Column 14: Cannot compare incompatible types: '*StrView' and 'int64'[0m

[1mtest_all.npk:0:0: [0m[1;31merror[0m: [1mLine 456, Column 6: Member access (.) requires struct, object, or union type, got '*StrView'. Use -> for pointer member access.[0m

[1mtest_all.npk:0:0: [0m[1;31merror[0m: [1mLine 457, Column 6: Member access (.) requires struct, object, or union type, got '*StrView'. Use -> for pointer member access.[0m

[1mtest_all.npk:0:0: [0m[1;31merror[0m: [1mLine 463, Column 27: @cast supports numeric types and pointer types only. Cannot cast 'StrView' to 'int64'[0m

[1mtest_all.npk:0:0: [0m[1;31merror[0m: [1mLine 464, Column 24: @cast supports numeric types and pointer types only. Cannot cast 'StrView' to 'int64'[0m

[1mtest_all.npk:0:0: [0m[1;31merror[0m: [1mLine 481, Column 5: Cannot silently unwrap Result<int64> into 'pos' of type 'int64'. Declare as Result<int64> and check .is_error, or use 'raw expr' to explicitly assert the call cannot fail.[0m

[1mtest_all.npk:0:0: [0m[1;31merror[0m: [1mLine 485, Column 12: Cannot compare incompatible types: '*StrView' and 'int64'[0m

[1mtest_all.npk:0:0: [0m[1;31merror[0m: [1mLine 493, Column 7: Member access (.) requires struct, object, or union type, got '*StrView'. Use -> for pointer member access.[0m

[1mtest_all.npk:0:0: [0m[1;31merror[0m: [1mLine 494, Column 7: Member access (.) requires struct, object, or union type, got '*StrView'. Use -> for pointer member access.[0m

[1mtest_all.npk:0:0: [0m[1;31merror[0m: [1mLine 495, Column 7: Member access (.) requires struct, object, or union type, got '*StrView'. Use -> for pointer member access.[0m

[1mtest_all.npk:0:0: [0m[1;31merror[0m: [1mLine 496, Column 7: Member access (.) requires struct, object, or union type, got '*StrView'. Use -> for pointer member access.[0m

[1mtest_all.npk:0:0: [0m[1;31merror[0m: [1mLine 509, Column 5: Cannot silently unwrap Result<int64> into 'pos' of type 'int64'. Declare as Result<int64> and check .is_error, or use 'raw expr' to explicitly assert the call cannot fail.[0m

[1mtest_all.npk:0:0: [0m[1;31merror[0m: [1mLine 511, Column 12: Cannot compare incompatible types: '*StrView' and 'int64'[0m

[1mtest_all.npk:0:0: [0m[1;31merror[0m: [1mLine 519, Column 7: Member access (.) requires struct, object, or union type, got '*StrView'. Use -> for pointer member access.[0m

[1mtest_all.npk:0:0: [0m[1;31merror[0m: [1mLine 520, Column 7: Member access (.) requires struct, object, or union type, got '*StrView'. Use -> for pointer member access.[0m

[1mtest_all.npk:0:0: [0m[1;31merror[0m: [1mLine 521, Column 7: Member access (.) requires struct, object, or union type, got '*StrView'. Use -> for pointer member access.[0m

[1mtest_all.npk:0:0: [0m[1;31merror[0m: [1mLine 522, Column 7: Member access (.) requires struct, object, or union type, got '*StrView'. Use -> for pointer member access.[0m

[1mtest_all.npk:0:0: [0m[1;31merror[0m: [1mLine 541, Column 11: Member access (.) requires struct, object, or union type, got '*StrView'. Use -> for pointer member access.[0m

[1mtest_all.npk:0:0: [0m[1;31merror[0m: [1mLine 545, Column 57: @cast supports numeric types and pointer types only. Cannot cast 'StrView' to 'int64'[0m

[1mtest_all.npk:0:0: [0m[1;31merror[0m: [1mLine 548, Column 7: Member access (.) requires struct, object, or union type, got '*StrView'. Use -> for pointer member access.[0m

[1mtest_all.npk:0:0: [0m[1;31merror[0m: [1mLine 549, Column 7: Member access (.) requires struct, object, or union type, got '*StrView'. Use -> for pointer member access.[0m

[1mtest_all.npk:0:0: [0m[1;31merror[0m: [1mLine 551, Column 9: Undefined identifier: 'found'[0m

[1mtest_all.npk:0:0: [0m[1;31merror[0m: [1mLine 568, Column 11: Member access (.) requires struct, object, or union type, got '*StrView'. Use -> for pointer member access.[0m

[1mtest_all.npk:0:0: [0m[1;31merror[0m: [1mLine 570, Column 44: Member access (.) requires struct, object, or union type, got '*StrView'. Use -> for pointer member access.[0m

[1mtest_all.npk:0:0: [0m[1;31merror[0m: [1mLine 572, Column 18: Member access (.) requires struct, object, or union type, got '*StrView'. Use -> for pointer member access.[0m

[1mtest_all.npk:0:0: [0m[1;31merror[0m: [1mLine 581, Column 7: Member access (.) requires struct, object, or union type, got '*StrView'. Use -> for pointer member access.[0m

[1mtest_all.npk:0:0: [0m[1;31merror[0m: [1mLine 582, Column 7: Member access (.) requires struct, object, or union type, got '*StrView'. Use -> for pointer member access.[0m

[1mtest_all.npk:0:0: [0m[1;31merror[0m: [1mLine 585, Column 11: Member access (.) requires struct, object, or union type, got '*StrView'. Use -> for pointer member access.[0m

[1mtest_all.npk:0:0: [0m[1;31merror[0m: [1mLine 585, Column 31: Member access (.) requires struct, object, or union type, got '*StrView'. Use -> for pointer member access.[0m

[1mtest_all.npk:0:0: [0m[1;31merror[0m: [1mLine 590, Column 15: Member access (.) requires struct, object, or union type, got '*StrView'. Use -> for pointer member access.[0m

[1mtest_all.npk:0:0: [0m[1;31merror[0m: [1mLine 611, Column 10: Member access (.) requires struct, object, or union type, got '*StrView'. Use -> for pointer member access.[0m

[1mtest_all.npk:0:0: [0m[1;31merror[0m: [1mLine 616, Column 10: Member access (.) requires struct, object, or union type, got '*StrView'. Use -> for pointer member access.[0m

[1mtest_all.npk:0:0: [0m[1;31merror[0m: [1mLine 637, Column 10: Member access (.) requires struct, object, or union type, got '*StrView'. Use -> for pointer member access.[0m

[1mtest_all.npk:0:0: [0m[1;31merror[0m: [1mLine 639, Column 10: Member access (.) requires struct, object, or union type, got '*StrView'. Use -> for pointer member access.[0m

[1mtest_all.npk:0:0: [0m[1;31merror[0m: [1mLine 665, Column 27: Member access (.) requires struct, object, or union type, got '*StrView'. Use -> for pointer member access.[0m

[1mtest_all.npk:0:0: [0m[1;31merror[0m: [1mLine 666, Column 10: Member access (.) requires struct, object, or union type, got '*StrView'. Use -> for pointer member access.[0m

[1mtest_all.npk:0:0: [0m[1;31merror[0m: [1mLine 667, Column 10: Member access (.) requires struct, object, or union type, got '*StrView'. Use -> for pointer member access.[0m

[1mtest_all.npk:0:0: [0m[1;31merror[0m: [1mLine 670, Column 32: Member access (.) requires struct, object, or union type, got '*StrView'. Use -> for pointer member access.[0m

[1mtest_all.npk:0:0: [0m[1;31merror[0m: [1mLine 671, Column 11: Member access (.) requires struct, object, or union type, got '*StrView'. Use -> for pointer member access.[0m

[1mtest_all.npk:0:0: [0m[1;31merror[0m: [1mLine 678, Column 32: Member access (.) requires struct, object, or union type, got '*StrView'. Use -> for pointer member access.[0m

[1mtest_all.npk:0:0: [0m[1;31merror[0m: [1mLine 679, Column 11: Cannot compare incompatible types: '*StrView' and 'int64'[0m

[1mtest_all.npk:0:0: [0m[1;31merror[0m: [1mLine 680, Column 10: Member access (.) requires struct, object, or union type, got '*StrView'. Use -> for pointer member access.[0m

[1mtest_all.npk:0:0: [0m[1;31merror[0m: [1mLine 683, Column 5: Pass value type '*StrView' does not match function value type 'int64'[0m

[1mtest_all.npk:0:0: [0m[1;31merror[0m: [1mLine 691, Column 16: Member access (.) requires struct, object, or union type, got '*StrView'. Use -> for pointer member access.[0m

[1mtest_all.npk:0:0: [0m[1;31merror[0m: [1mLine 692, Column 12: Member access (.) requires struct, object, or union type, got '*StrView'. Use -> for pointer member access.[0m

[1mtest_all.npk:0:0: [0m[1;31merror[0m: [1mLine 693, Column 11: Cannot compare incompatible types: '*StrView' and 'int64'[0m

[1mtest_all.npk:0:0: [0m[1;31merror[0m: [1mLine 694, Column 5: Pass value type '*StrView' does not match function value type 'int64'[0m

[1mtest_all.npk:0:0: [0m[1;31merror[0m: [1mLine 707, Column 16: Member access (.) requires struct, object, or union type, got '*StrView'. Use -> for pointer member access.[0m

[1mtest_all.npk:0:0: [0m[1;31merror[0m: [1mLine 708, Column 12: Member access (.) requires struct, object, or union type, got '*StrView'. Use -> for pointer member access.[0m

[1mtest_all.npk:0:0: [0m[1;31merror[0m: [1mLine 709, Column 11: Cannot compare incompatible types: '*StrView' and 'int64'[0m

[1mtest_all.npk:0:0: [0m[1;31merror[0m: [1mLine 710, Column 36: Array index must be integer type (int8-64, uint8-64), got '*StrView'[0m

[1mtest_all.npk:0:0: [0m[1;31merror[0m: [1mLine 711, Column 5: Pass value type '*StrView' does not match function value type 'int64'[0m

[1mtest_all.npk:0:0: [0m[1;31merror[0m: [1mLine 719, Column 10: Member access (.) requires struct, object, or union type, got '*StrView'. Use -> for pointer member access.[0m

[1mtest_all.npk:0:0: [0m[1;31merror[0m: [1mLine 720, Column 15: Undefined identifier: 'libn_write_all'[0m

[1mtest_all.npk:0:0: [0m[1;31merror[0m: [1mLine 721, Column 10: Member access (.) requires struct, object, or union type, got '*StrView'. Use -> for pointer member access.[0m

[1mtest_all.npk:0:0: [0m[1;31merror[0m: [1mLine 722, Column 11: Member access (.) requires struct, object, or union type, got '*StrView'. Use -> for pointer member access.[0m

[1mtest_all.npk:0:0: [0m[1;31merror[0m: [1mLine 730, Column 10: Member access (.) requires struct, object, or union type, got '*StrView'. Use -> for pointer member access.[0m

[1mtest_all.npk:0:0: [0m[1;31merror[0m: [1mLine 731, Column 23: Member access (.) requires struct, object, or union type, got '*StrView'. Use -> for pointer member access.[0m

[1mtest_all.npk:0:0: [0m[1;31merror[0m: [1mLine 732, Column 14: Member access (.) requires struct, object, or union type, got '*StrView'. Use -> for pointer member access.[0m

[1mtest_all.npk:0:0: [0m[1;31merror[0m: [1mLine 733, Column 5: Pass value type '*StrView' does not match function value type 'int64'[0m

[1mtest_all.npk:0:0: [0m[1;31merror[0m: [1mLine 761, Column 6: Member access (.) requires struct, object, or union type, got '*StrViewIter'. Use -> for pointer member access.[0m

[1mtest_all.npk:0:0: [0m[1;31merror[0m: [1mLine 762, Column 6: Member access (.) requires struct, object, or union type, got '*StrViewIter'. Use -> for pointer member access.[0m

[1mtest_all.npk:0:0: [0m[1;31merror[0m: [1mLine 769, Column 10: Member access (.) requires struct, object, or union type, got '*StrViewIter'. Use -> for pointer member access.[0m

[1mtest_all.npk:0:0: [0m[1;31merror[0m: [1mLine 770, Column 10: Member access (.) requires struct, object, or union type, got '*StrViewIter'. Use -> for pointer member access.[0m

[1mtest_all.npk:0:0: [0m[1;31merror[0m: [1mLine 773, Column 6: Member access (.) requires struct, object, or union type, got '*StrViewIter'. Use -> for pointer member access.[0m

[1mtest_all.npk:0:0: [0m[1;31merror[0m: [1mLine 774, Column 6: Member access (.) requires struct, object, or union type, got '*StrViewIter'. Use -> for pointer member access.[0m

[1mtest_all.npk:0:0: [0m[1;31merror[0m: [1mLine 795, Column 45: Member access (.) requires struct, object, or union type, got '*StrViewIter'. Use -> for pointer member access.[0m

[1mSummary: [0m[1;31m1285 errors[0m
